[0.000000] (-) TimerEvent: {}
[0.000184] (custom_interfaces) JobQueued: {'identifier': 'custom_interfaces', 'dependencies': OrderedDict()}
[0.000389] (lab1_pkg) JobQueued: {'identifier': 'lab1_pkg', 'dependencies': OrderedDict()}
[0.000509] (lab2_pkg) JobQueued: {'identifier': 'lab2_pkg', 'dependencies': OrderedDict()}
[0.000650] (lab3_pkg) JobQueued: {'identifier': 'lab3_pkg', 'dependencies': OrderedDict({'custom_interfaces': '/home/nhu.nguyen/turtlebot4_ws/install/custom_interfaces'})}
[0.000684] (custom_interfaces) JobStarted: {'identifier': 'custom_interfaces'}
[0.006662] (lab1_pkg) JobStarted: {'identifier': 'lab1_pkg'}
[0.012054] (lab2_pkg) JobStarted: {'identifier': 'lab2_pkg'}
[0.018146] (custom_interfaces) JobProgress: {'identifier': 'custom_interfaces', 'progress': 'cmake'}
[0.018769] (custom_interfaces) JobProgress: {'identifier': 'custom_interfaces', 'progress': 'build'}
[0.019223] (custom_interfaces) Command: {'cmd': ['/usr/bin/cmake', '--build', '/home/nhu.nguyen/turtlebot4_ws/build/custom_interfaces', '--', '-j16', '-l16'], 'cwd': '/home/nhu.nguyen/turtlebot4_ws/build/custom_interfaces', 'env': OrderedDict({'USER': 'nhu.nguyen@plu.edu', 'GZ_SIM_RESOURCE_PATH': '/opt/ros/jazzy/share', 'GZ_CONFIG_PATH': '/opt/ros/jazzy/opt/gz_sim_vendor/share/gz:/opt/ros/jazzy/opt/sdformat_vendor/share/gz:/opt/ros/jazzy/opt/gz_gui_vendor/share/gz:/opt/ros/jazzy/opt/gz_transport_vendor/share/gz:/opt/ros/jazzy/opt/gz_rendering_vendor/share/gz:/opt/ros/jazzy/opt/gz_plugin_vendor/share/gz:/opt/ros/jazzy/opt/gz_fuel_tools_vendor/share/gz:/opt/ros/jazzy/opt/gz_msgs_vendor/share/gz:/opt/ros/jazzy/opt/gz_common_vendor/share/gz', 'XDG_SESSION_TYPE': 'wayland', 'CLUTTER_DISABLE_MIPMAPPED_TEXT': '1', 'SHLVL': '1', 'LD_LIBRARY_PATH': '/home/nhu.nguyen/turtlebot4_ws/install/custom_interfaces/lib:/opt/ros/jazzy/opt/gz_sim_vendor/lib:/opt/ros/jazzy/opt/gz_sensors_vendor/lib:/opt/ros/jazzy/opt/gz_physics_vendor/lib:/opt/ros/jazzy/opt/sdformat_vendor/lib:/opt/ros/jazzy/opt/rviz_ogre_vendor/lib:/opt/ros/jazzy/lib/x86_64-linux-gnu:/opt/ros/jazzy/opt/gz_gui_vendor/lib:/opt/ros/jazzy/opt/gz_transport_vendor/lib:/opt/ros/jazzy/opt/gz_rendering_vendor/lib:/opt/ros/jazzy/opt/gz_plugin_vendor/lib:/opt/ros/jazzy/opt/gz_fuel_tools_vendor/lib:/opt/ros/jazzy/opt/gz_msgs_vendor/lib:/opt/ros/jazzy/opt/gz_common_vendor/lib:/opt/ros/jazzy/opt/gz_math_vendor/lib:/opt/ros/jazzy/opt/gz_utils_vendor/lib:/opt/ros/jazzy/opt/gz_tools_vendor/lib:/opt/ros/jazzy/opt/gz_ogre_next_vendor/lib:/opt/ros/jazzy/opt/gz_dartsim_vendor/lib:/opt/ros/jazzy/opt/gz_cmake_vendor/lib:/opt/ros/jazzy/lib', 'OLDPWD': '/home/nhu.nguyen', 'HOME': '/home/nhu.nguyen', 'DESKTOP_SESSION': 'ubuntu', 'GTK_MODULES': 'gail:atk-bridge', 'GNOME_SHELL_SESSION_MODE': 'ubuntu', 'ROS_PYTHON_VERSION': '3', 'SYSTEMD_EXEC_PID': '15418', 'DBUS_SESSION_BUS_ADDRESS': 'unix:path=/run/user/481856793/bus', 'GSM_SKIP_SSH_AGENT_WORKAROUND': 'true', 'COLORTERM': 'truecolor', 'CONDA_CHANGEPS1': 'no', 'WAYLAND_DISPLAY': 'wayland-0', 'ROS_DISTRO': 'jazzy', 'COLCON_PREFIX_PATH': '/home/nhu.nguyen/turtlebot4_ws/install', 'LOGNAME': 'nhu.nguyen@plu.edu', '_': '/usr/bin/colcon', 'MEMORY_PRESSURE_WATCH': '/sys/fs/cgroup/user.slice/user-481856793.slice/user@481856793.service/session.slice/org.gnome.Shell@wayland.service/memory.pressure', 'XDG_SESSION_CLASS': 'user', 'ROS_VERSION': '2', 'USERNAME': 'nhu.nguyen@plu.edu', 'TERM': 'xterm-256color', 'PROMPT_EOL_MARK': '', 'ROS_SUPER_CLIENT': 'True', 'GNOME_DESKTOP_SESSION_ID': 'this-is-deprecated', 'PATH': '/opt/ros/jazzy/opt/gz_msgs_vendor/bin:/opt/ros/jazzy/opt/gz_tools_vendor/bin:/opt/ros/jazzy/opt/gz_ogre_next_vendor/bin:/opt/ros/jazzy/bin:/usr/local/sbin:/usr/local/bin:/usr/sbin:/usr/bin:/sbin:/bin:/usr/games:/usr/local/games:/snap/bin:/snap/bin', 'SESSION_MANAGER': 'local/csci20141:@/tmp/.ICE-unix/15386,unix/csci20141:/tmp/.ICE-unix/15386', 'GNOME_TERMINAL_SCREEN': '/org/gnome/Terminal/screen/8c452b6f_7fd9_4622_9e2f_990e2fc9936f', 'XDG_MENU_PREFIX': 'gnome-', 'GNOME_SETUP_DISPLAY': ':1', 'XDG_RUNTIME_DIR': '/run/user/481856793', 'DISPLAY': ':0', 'XDG_CURRENT_DESKTOP': 'ubuntu:GNOME', 'LANG': 'en_US.UTF-8', 'RMW_IMPLEMENTATION': 'rmw_fastrtps_cpp', 'XDG_SESSION_DESKTOP': 'ubuntu', 'GNOME_TERMINAL_SERVICE': ':1.120', 'XMODIFIERS': '@im=ibus', 'XAUTHORITY': '/run/user/481856793/.mutter-Xwaylandauth.WD8FL3', 'SSH_AUTH_SOCK': '/run/user/481856793/keyring/ssh', 'AMENT_PREFIX_PATH': '/home/nhu.nguyen/turtlebot4_ws/install/lab3_pkg:/home/nhu.nguyen/turtlebot4_ws/install/lab2_pkg:/home/nhu.nguyen/turtlebot4_ws/install/lab1_pkg:/home/nhu.nguyen/turtlebot4_ws/install/custom_interfaces:/opt/ros/jazzy', 'ROS_DOMAIN_ID': '0', 'KRB5CCNAME': 'FILE:/tmp/krb5cc_481856793_nMXivC', 'SHELL': '/bin/zsh', 'ROS_DISCOVERY_SERVER': '10.5.113.101:11811', 'QT_ACCESSIBILITY': '1', 'GDMSESSION': 'ubuntu', 'QT_IM_MODULE': 'ibus', 'ROS_AUTOMATIC_DISCOVERY_RANGE': 'SUBNET', 'PWD': '/home/nhu.nguyen/turtlebot4_ws/build/custom_interfaces', 'XDG_DATA_DIRS': '/usr/local/share/:/usr/share/:/var/lib/snapd/desktop', 'VIRTUAL_ENV_DISABLE_PROMPT': '12', 'PYTHONPATH': '/home/nhu.nguyen/turtlebot4_ws/install/lab3_pkg/lib/python3.12/site-packages:/home/nhu.nguyen/turtlebot4_ws/install/lab2_pkg/lib/python3.12/site-packages:/home/nhu.nguyen/turtlebot4_ws/install/lab1_pkg/lib/python3.12/site-packages:/home/nhu.nguyen/turtlebot4_ws/install/custom_interfaces/lib/python3.12/site-packages:/opt/ros/jazzy/lib/python3.12/site-packages', 'COLCON': '1', 'VTE_VERSION': '7600', 'MEMORY_PRESSURE_WRITE': 'c29tZSAyMDAwMDAgMjAwMDAwMAA=', 'CMAKE_PREFIX_PATH': '/home/nhu.nguyen/turtlebot4_ws/install/custom_interfaces:/opt/ros/jazzy/opt/gz_sim_vendor:/opt/ros/jazzy/opt/gz_sensors_vendor:/opt/ros/jazzy/opt/gz_physics_vendor:/opt/ros/jazzy/opt/sdformat_vendor:/opt/ros/jazzy/opt/gz_gui_vendor:/opt/ros/jazzy/opt/gz_transport_vendor:/opt/ros/jazzy/opt/gz_rendering_vendor:/opt/ros/jazzy/opt/gz_plugin_vendor:/opt/ros/jazzy/opt/gz_fuel_tools_vendor:/opt/ros/jazzy/opt/gz_msgs_vendor:/opt/ros/jazzy/opt/gz_common_vendor:/opt/ros/jazzy/opt/gz_math_vendor:/opt/ros/jazzy/opt/gz_utils_vendor:/opt/ros/jazzy/opt/gz_tools_vendor:/opt/ros/jazzy/opt/gz_ogre_next_vendor:/opt/ros/jazzy/opt/gz_dartsim_vendor:/opt/ros/jazzy/opt/gz_cmake_vendor:/home/nhu.nguyen/turtlebot4_ws/install/lab3_pkg:/home/nhu.nguyen/turtlebot4_ws/install/lab2_pkg:/home/nhu.nguyen/turtlebot4_ws/install/lab1_pkg:/opt/ros/jazzy'}), 'shell': False}
[0.099902] (-) TimerEvent: {}
[0.200188] (-) TimerEvent: {}
[0.253340] (custom_interfaces) StdoutLine: {'line': b'[  2%] Built target custom_interfaces__rosidl_generator_type_description\n'}
[0.253806] (custom_interfaces) StdoutLine: {'line': b'[  2%] Built target ament_cmake_python_copy_custom_interfaces\n'}
[0.253923] (custom_interfaces) StdoutLine: {'line': b'[ 14%] Built target custom_interfaces__cpp\n'}
[0.254031] (custom_interfaces) StdoutLine: {'line': b'[ 20%] Built target custom_interfaces__rosidl_generator_c\n'}
[0.254149] (custom_interfaces) StdoutLine: {'line': b'[ 55%] Built target custom_interfaces__rosidl_typesupport_c\n'}
[0.254253] (custom_interfaces) StdoutLine: {'line': b'[ 55%] Built target custom_interfaces__rosidl_typesupport_fastrtps_cpp\n'}
[0.254324] (custom_interfaces) StdoutLine: {'line': b'[ 55%] Built target custom_interfaces__rosidl_typesupport_fastrtps_c\n'}
[0.254393] (custom_interfaces) StdoutLine: {'line': b'[ 55%] Built target custom_interfaces__rosidl_typesupport_cpp\n'}
[0.254473] (custom_interfaces) StdoutLine: {'line': b'[ 64%] Built target custom_interfaces__rosidl_typesupport_introspection_cpp\n'}
[0.254573] (custom_interfaces) StdoutLine: {'line': b'[ 73%] Built target custom_interfaces__rosidl_typesupport_introspection_c\n'}
[0.254641] (custom_interfaces) StdoutLine: {'line': b'[ 73%] Built target custom_interfaces\n'}
[0.254707] (custom_interfaces) StdoutLine: {'line': b'[ 76%] Built target custom_interfaces__py\n'}
[0.254801] (custom_interfaces) StdoutLine: {'line': b'[ 82%] Built target custom_interfaces__rosidl_generator_py\n'}
[0.254907] (custom_interfaces) StdoutLine: {'line': b'[ 88%] Built target custom_interfaces_s__rosidl_typesupport_c\n'}
[0.255014] (custom_interfaces) StdoutLine: {'line': b'[ 94%] Built target custom_interfaces_s__rosidl_typesupport_fastrtps_c\n'}
[0.255094] (custom_interfaces) StdoutLine: {'line': b'[100%] Built target custom_interfaces_s__rosidl_typesupport_introspection_c\n'}
[0.300269] (-) TimerEvent: {}
[0.336791] (custom_interfaces) StdoutLine: {'line': b'running egg_info\n'}
[0.361092] (custom_interfaces) StdoutLine: {'line': b'writing custom_interfaces.egg-info/PKG-INFO\n'}
[0.361301] (custom_interfaces) StdoutLine: {'line': b'writing dependency_links to custom_interfaces.egg-info/dependency_links.txt\n'}
[0.361498] (custom_interfaces) StdoutLine: {'line': b'writing top-level names to custom_interfaces.egg-info/top_level.txt\n'}
[0.400377] (-) TimerEvent: {}
[0.432080] (custom_interfaces) StdoutLine: {'line': b"reading manifest file 'custom_interfaces.egg-info/SOURCES.txt'\n"}
[0.432534] (custom_interfaces) StdoutLine: {'line': b"writing manifest file 'custom_interfaces.egg-info/SOURCES.txt'\n"}
[0.453145] (custom_interfaces) StdoutLine: {'line': b'[100%] Built target ament_cmake_python_build_custom_interfaces_egg\n'}
[0.496908] (custom_interfaces) CommandEnded: {'returncode': 0}
[0.497520] (custom_interfaces) JobProgress: {'identifier': 'custom_interfaces', 'progress': 'install'}
[0.500478] (-) TimerEvent: {}
[0.507346] (custom_interfaces) Command: {'cmd': ['/usr/bin/cmake', '--install', '/home/nhu.nguyen/turtlebot4_ws/build/custom_interfaces'], 'cwd': '/home/nhu.nguyen/turtlebot4_ws/build/custom_interfaces', 'env': OrderedDict({'USER': 'nhu.nguyen@plu.edu', 'GZ_SIM_RESOURCE_PATH': '/opt/ros/jazzy/share', 'GZ_CONFIG_PATH': '/opt/ros/jazzy/opt/gz_sim_vendor/share/gz:/opt/ros/jazzy/opt/sdformat_vendor/share/gz:/opt/ros/jazzy/opt/gz_gui_vendor/share/gz:/opt/ros/jazzy/opt/gz_transport_vendor/share/gz:/opt/ros/jazzy/opt/gz_rendering_vendor/share/gz:/opt/ros/jazzy/opt/gz_plugin_vendor/share/gz:/opt/ros/jazzy/opt/gz_fuel_tools_vendor/share/gz:/opt/ros/jazzy/opt/gz_msgs_vendor/share/gz:/opt/ros/jazzy/opt/gz_common_vendor/share/gz', 'XDG_SESSION_TYPE': 'wayland', 'CLUTTER_DISABLE_MIPMAPPED_TEXT': '1', 'SHLVL': '1', 'LD_LIBRARY_PATH': '/home/nhu.nguyen/turtlebot4_ws/install/custom_interfaces/lib:/opt/ros/jazzy/opt/gz_sim_vendor/lib:/opt/ros/jazzy/opt/gz_sensors_vendor/lib:/opt/ros/jazzy/opt/gz_physics_vendor/lib:/opt/ros/jazzy/opt/sdformat_vendor/lib:/opt/ros/jazzy/opt/rviz_ogre_vendor/lib:/opt/ros/jazzy/lib/x86_64-linux-gnu:/opt/ros/jazzy/opt/gz_gui_vendor/lib:/opt/ros/jazzy/opt/gz_transport_vendor/lib:/opt/ros/jazzy/opt/gz_rendering_vendor/lib:/opt/ros/jazzy/opt/gz_plugin_vendor/lib:/opt/ros/jazzy/opt/gz_fuel_tools_vendor/lib:/opt/ros/jazzy/opt/gz_msgs_vendor/lib:/opt/ros/jazzy/opt/gz_common_vendor/lib:/opt/ros/jazzy/opt/gz_math_vendor/lib:/opt/ros/jazzy/opt/gz_utils_vendor/lib:/opt/ros/jazzy/opt/gz_tools_vendor/lib:/opt/ros/jazzy/opt/gz_ogre_next_vendor/lib:/opt/ros/jazzy/opt/gz_dartsim_vendor/lib:/opt/ros/jazzy/opt/gz_cmake_vendor/lib:/opt/ros/jazzy/lib', 'OLDPWD': '/home/nhu.nguyen', 'HOME': '/home/nhu.nguyen', 'DESKTOP_SESSION': 'ubuntu', 'GTK_MODULES': 'gail:atk-bridge', 'GNOME_SHELL_SESSION_MODE': 'ubuntu', 'ROS_PYTHON_VERSION': '3', 'SYSTEMD_EXEC_PID': '15418', 'DBUS_SESSION_BUS_ADDRESS': 'unix:path=/run/user/481856793/bus', 'GSM_SKIP_SSH_AGENT_WORKAROUND': 'true', 'COLORTERM': 'truecolor', 'CONDA_CHANGEPS1': 'no', 'WAYLAND_DISPLAY': 'wayland-0', 'ROS_DISTRO': 'jazzy', 'COLCON_PREFIX_PATH': '/home/nhu.nguyen/turtlebot4_ws/install', 'LOGNAME': 'nhu.nguyen@plu.edu', '_': '/usr/bin/colcon', 'MEMORY_PRESSURE_WATCH': '/sys/fs/cgroup/user.slice/user-481856793.slice/user@481856793.service/session.slice/org.gnome.Shell@wayland.service/memory.pressure', 'XDG_SESSION_CLASS': 'user', 'ROS_VERSION': '2', 'USERNAME': 'nhu.nguyen@plu.edu', 'TERM': 'xterm-256color', 'PROMPT_EOL_MARK': '', 'ROS_SUPER_CLIENT': 'True', 'GNOME_DESKTOP_SESSION_ID': 'this-is-deprecated', 'PATH': '/opt/ros/jazzy/opt/gz_msgs_vendor/bin:/opt/ros/jazzy/opt/gz_tools_vendor/bin:/opt/ros/jazzy/opt/gz_ogre_next_vendor/bin:/opt/ros/jazzy/bin:/usr/local/sbin:/usr/local/bin:/usr/sbin:/usr/bin:/sbin:/bin:/usr/games:/usr/local/games:/snap/bin:/snap/bin', 'SESSION_MANAGER': 'local/csci20141:@/tmp/.ICE-unix/15386,unix/csci20141:/tmp/.ICE-unix/15386', 'GNOME_TERMINAL_SCREEN': '/org/gnome/Terminal/screen/8c452b6f_7fd9_4622_9e2f_990e2fc9936f', 'XDG_MENU_PREFIX': 'gnome-', 'GNOME_SETUP_DISPLAY': ':1', 'XDG_RUNTIME_DIR': '/run/user/481856793', 'DISPLAY': ':0', 'XDG_CURRENT_DESKTOP': 'ubuntu:GNOME', 'LANG': 'en_US.UTF-8', 'RMW_IMPLEMENTATION': 'rmw_fastrtps_cpp', 'XDG_SESSION_DESKTOP': 'ubuntu', 'GNOME_TERMINAL_SERVICE': ':1.120', 'XMODIFIERS': '@im=ibus', 'XAUTHORITY': '/run/user/481856793/.mutter-Xwaylandauth.WD8FL3', 'SSH_AUTH_SOCK': '/run/user/481856793/keyring/ssh', 'AMENT_PREFIX_PATH': '/home/nhu.nguyen/turtlebot4_ws/install/lab3_pkg:/home/nhu.nguyen/turtlebot4_ws/install/lab2_pkg:/home/nhu.nguyen/turtlebot4_ws/install/lab1_pkg:/home/nhu.nguyen/turtlebot4_ws/install/custom_interfaces:/opt/ros/jazzy', 'ROS_DOMAIN_ID': '0', 'KRB5CCNAME': 'FILE:/tmp/krb5cc_481856793_nMXivC', 'SHELL': '/bin/zsh', 'ROS_DISCOVERY_SERVER': '10.5.113.101:11811', 'QT_ACCESSIBILITY': '1', 'GDMSESSION': 'ubuntu', 'QT_IM_MODULE': 'ibus', 'ROS_AUTOMATIC_DISCOVERY_RANGE': 'SUBNET', 'PWD': '/home/nhu.nguyen/turtlebot4_ws/build/custom_interfaces', 'XDG_DATA_DIRS': '/usr/local/share/:/usr/share/:/var/lib/snapd/desktop', 'VIRTUAL_ENV_DISABLE_PROMPT': '12', 'PYTHONPATH': '/home/nhu.nguyen/turtlebot4_ws/install/lab3_pkg/lib/python3.12/site-packages:/home/nhu.nguyen/turtlebot4_ws/install/lab2_pkg/lib/python3.12/site-packages:/home/nhu.nguyen/turtlebot4_ws/install/lab1_pkg/lib/python3.12/site-packages:/home/nhu.nguyen/turtlebot4_ws/install/custom_interfaces/lib/python3.12/site-packages:/opt/ros/jazzy/lib/python3.12/site-packages', 'COLCON': '1', 'VTE_VERSION': '7600', 'MEMORY_PRESSURE_WRITE': 'c29tZSAyMDAwMDAgMjAwMDAwMAA=', 'CMAKE_PREFIX_PATH': '/home/nhu.nguyen/turtlebot4_ws/install/custom_interfaces:/opt/ros/jazzy/opt/gz_sim_vendor:/opt/ros/jazzy/opt/gz_sensors_vendor:/opt/ros/jazzy/opt/gz_physics_vendor:/opt/ros/jazzy/opt/sdformat_vendor:/opt/ros/jazzy/opt/gz_gui_vendor:/opt/ros/jazzy/opt/gz_transport_vendor:/opt/ros/jazzy/opt/gz_rendering_vendor:/opt/ros/jazzy/opt/gz_plugin_vendor:/opt/ros/jazzy/opt/gz_fuel_tools_vendor:/opt/ros/jazzy/opt/gz_msgs_vendor:/opt/ros/jazzy/opt/gz_common_vendor:/opt/ros/jazzy/opt/gz_math_vendor:/opt/ros/jazzy/opt/gz_utils_vendor:/opt/ros/jazzy/opt/gz_tools_vendor:/opt/ros/jazzy/opt/gz_ogre_next_vendor:/opt/ros/jazzy/opt/gz_dartsim_vendor:/opt/ros/jazzy/opt/gz_cmake_vendor:/home/nhu.nguyen/turtlebot4_ws/install/lab3_pkg:/home/nhu.nguyen/turtlebot4_ws/install/lab2_pkg:/home/nhu.nguyen/turtlebot4_ws/install/lab1_pkg:/opt/ros/jazzy'}), 'shell': False}
[0.515836] (custom_interfaces) StdoutLine: {'line': b'-- Install configuration: ""\n'}
[0.516016] (custom_interfaces) StdoutLine: {'line': b'-- Up-to-date: /home/nhu.nguyen/turtlebot4_ws/install/custom_interfaces/share/ament_index/resource_index/rosidl_interfaces/custom_interfaces\n'}
[0.516164] (custom_interfaces) StdoutLine: {'line': b'-- Up-to-date: /home/nhu.nguyen/turtlebot4_ws/install/custom_interfaces/share/custom_interfaces/srv/SetCap.json\n'}
[0.516275] (custom_interfaces) StdoutLine: {'line': b'-- Up-to-date: /home/nhu.nguyen/turtlebot4_ws/install/custom_interfaces/include/custom_interfaces/custom_interfaces\n'}
[0.516349] (custom_interfaces) StdoutLine: {'line': b'-- Up-to-date: /home/nhu.nguyen/turtlebot4_ws/install/custom_interfaces/include/custom_interfaces/custom_interfaces/srv\n'}
[0.516415] (custom_interfaces) StdoutLine: {'line': b'-- Up-to-date: /home/nhu.nguyen/turtlebot4_ws/install/custom_interfaces/include/custom_interfaces/custom_interfaces/srv/set_cap.h\n'}
[0.516482] (custom_interfaces) StdoutLine: {'line': b'-- Up-to-date: /home/nhu.nguyen/turtlebot4_ws/install/custom_interfaces/include/custom_interfaces/custom_interfaces/srv/detail\n'}
[0.516572] (custom_interfaces) StdoutLine: {'line': b'-- Up-to-date: /home/nhu.nguyen/turtlebot4_ws/install/custom_interfaces/include/custom_interfaces/custom_interfaces/srv/detail/set_cap__struct.h\n'}
[0.516680] (custom_interfaces) StdoutLine: {'line': b'-- Up-to-date: /home/nhu.nguyen/turtlebot4_ws/install/custom_interfaces/include/custom_interfaces/custom_interfaces/srv/detail/set_cap__type_support.c\n'}
[0.516753] (custom_interfaces) StdoutLine: {'line': b'-- Up-to-date: /home/nhu.nguyen/turtlebot4_ws/install/custom_interfaces/include/custom_interfaces/custom_interfaces/srv/detail/set_cap__description.c\n'}
[0.516818] (custom_interfaces) StdoutLine: {'line': b'-- Up-to-date: /home/nhu.nguyen/turtlebot4_ws/install/custom_interfaces/include/custom_interfaces/custom_interfaces/srv/detail/set_cap__functions.h\n'}
[0.516908] (custom_interfaces) StdoutLine: {'line': b'-- Up-to-date: /home/nhu.nguyen/turtlebot4_ws/install/custom_interfaces/include/custom_interfaces/custom_interfaces/srv/detail/set_cap__type_support.h\n'}
[0.516985] (custom_interfaces) StdoutLine: {'line': b'-- Up-to-date: /home/nhu.nguyen/turtlebot4_ws/install/custom_interfaces/include/custom_interfaces/custom_interfaces/srv/detail/set_cap__functions.c\n'}
[0.517095] (custom_interfaces) StdoutLine: {'line': b'-- Up-to-date: /home/nhu.nguyen/turtlebot4_ws/install/custom_interfaces/include/custom_interfaces/custom_interfaces/msg\n'}
[0.517197] (custom_interfaces) StdoutLine: {'line': b'-- Up-to-date: /home/nhu.nguyen/turtlebot4_ws/install/custom_interfaces/include/custom_interfaces/custom_interfaces/msg/rosidl_generator_c__visibility_control.h\n'}
[0.517273] (custom_interfaces) StdoutLine: {'line': b'-- Up-to-date: /home/nhu.nguyen/turtlebot4_ws/install/custom_interfaces/share/custom_interfaces/environment/library_path.sh\n'}
[0.517356] (custom_interfaces) StdoutLine: {'line': b'-- Up-to-date: /home/nhu.nguyen/turtlebot4_ws/install/custom_interfaces/share/custom_interfaces/environment/library_path.dsv\n'}
[0.517420] (custom_interfaces) StdoutLine: {'line': b'-- Up-to-date: /home/nhu.nguyen/turtlebot4_ws/install/custom_interfaces/lib/libcustom_interfaces__rosidl_generator_c.so\n'}
[0.517484] (custom_interfaces) StdoutLine: {'line': b'-- Up-to-date: /home/nhu.nguyen/turtlebot4_ws/install/custom_interfaces/include/custom_interfaces/custom_interfaces\n'}
[0.517571] (custom_interfaces) StdoutLine: {'line': b'-- Up-to-date: /home/nhu.nguyen/turtlebot4_ws/install/custom_interfaces/include/custom_interfaces/custom_interfaces/srv\n'}
[0.517640] (custom_interfaces) StdoutLine: {'line': b'-- Up-to-date: /home/nhu.nguyen/turtlebot4_ws/install/custom_interfaces/include/custom_interfaces/custom_interfaces/srv/detail\n'}
[0.517746] (custom_interfaces) StdoutLine: {'line': b'-- Up-to-date: /home/nhu.nguyen/turtlebot4_ws/install/custom_interfaces/include/custom_interfaces/custom_interfaces/srv/detail/set_cap__rosidl_typesupport_fastrtps_c.h\n'}
[0.517868] (custom_interfaces) StdoutLine: {'line': b'-- Up-to-date: /home/nhu.nguyen/turtlebot4_ws/install/custom_interfaces/include/custom_interfaces/custom_interfaces/msg\n'}
[0.518023] (custom_interfaces) StdoutLine: {'line': b'-- Up-to-date: /home/nhu.nguyen/turtlebot4_ws/install/custom_interfaces/include/custom_interfaces/custom_interfaces/msg/rosidl_typesupport_fastrtps_c__visibility_control.h\n'}
[0.518109] (custom_interfaces) StdoutLine: {'line': b'-- Up-to-date: /home/nhu.nguyen/turtlebot4_ws/install/custom_interfaces/lib/libcustom_interfaces__rosidl_typesupport_fastrtps_c.so\n'}
[0.518174] (custom_interfaces) StdoutLine: {'line': b'-- Up-to-date: /home/nhu.nguyen/turtlebot4_ws/install/custom_interfaces/include/custom_interfaces/custom_interfaces\n'}
[0.518240] (custom_interfaces) StdoutLine: {'line': b'-- Up-to-date: /home/nhu.nguyen/turtlebot4_ws/install/custom_interfaces/include/custom_interfaces/custom_interfaces/srv\n'}
[0.518335] (custom_interfaces) StdoutLine: {'line': b'-- Up-to-date: /home/nhu.nguyen/turtlebot4_ws/install/custom_interfaces/include/custom_interfaces/custom_interfaces/srv/detail\n'}
[0.518465] (custom_interfaces) StdoutLine: {'line': b'-- Up-to-date: /home/nhu.nguyen/turtlebot4_ws/install/custom_interfaces/include/custom_interfaces/custom_interfaces/srv/detail/set_cap__type_support.c\n'}
[0.518531] (custom_interfaces) StdoutLine: {'line': b'-- Up-to-date: /home/nhu.nguyen/turtlebot4_ws/install/custom_interfaces/include/custom_interfaces/custom_interfaces/srv/detail/set_cap__rosidl_typesupport_introspection_c.h\n'}
[0.518602] (custom_interfaces) StdoutLine: {'line': b'-- Up-to-date: /home/nhu.nguyen/turtlebot4_ws/install/custom_interfaces/include/custom_interfaces/custom_interfaces/msg\n'}
[0.518690] (custom_interfaces) StdoutLine: {'line': b'-- Up-to-date: /home/nhu.nguyen/turtlebot4_ws/install/custom_interfaces/include/custom_interfaces/custom_interfaces/msg/rosidl_typesupport_introspection_c__visibility_control.h\n'}
[0.518760] (custom_interfaces) StdoutLine: {'line': b'-- Up-to-date: /home/nhu.nguyen/turtlebot4_ws/install/custom_interfaces/lib/libcustom_interfaces__rosidl_typesupport_introspection_c.so\n'}
[0.518826] (custom_interfaces) StdoutLine: {'line': b'-- Up-to-date: /home/nhu.nguyen/turtlebot4_ws/install/custom_interfaces/lib/libcustom_interfaces__rosidl_typesupport_c.so\n'}
[0.518891] (custom_interfaces) StdoutLine: {'line': b'-- Up-to-date: /home/nhu.nguyen/turtlebot4_ws/install/custom_interfaces/include/custom_interfaces/custom_interfaces\n'}
[0.518991] (custom_interfaces) StdoutLine: {'line': b'-- Up-to-date: /home/nhu.nguyen/turtlebot4_ws/install/custom_interfaces/include/custom_interfaces/custom_interfaces/srv\n'}
[0.519112] (custom_interfaces) StdoutLine: {'line': b'-- Up-to-date: /home/nhu.nguyen/turtlebot4_ws/install/custom_interfaces/include/custom_interfaces/custom_interfaces/srv/set_cap.hpp\n'}
[0.519177] (custom_interfaces) StdoutLine: {'line': b'-- Up-to-date: /home/nhu.nguyen/turtlebot4_ws/install/custom_interfaces/include/custom_interfaces/custom_interfaces/srv/detail\n'}
[0.519241] (custom_interfaces) StdoutLine: {'line': b'-- Up-to-date: /home/nhu.nguyen/turtlebot4_ws/install/custom_interfaces/include/custom_interfaces/custom_interfaces/srv/detail/set_cap__traits.hpp\n'}
[0.519319] (custom_interfaces) StdoutLine: {'line': b'-- Up-to-date: /home/nhu.nguyen/turtlebot4_ws/install/custom_interfaces/include/custom_interfaces/custom_interfaces/srv/detail/set_cap__builder.hpp\n'}
[0.519389] (custom_interfaces) StdoutLine: {'line': b'-- Up-to-date: /home/nhu.nguyen/turtlebot4_ws/install/custom_interfaces/include/custom_interfaces/custom_interfaces/srv/detail/set_cap__type_support.hpp\n'}
[0.519454] (custom_interfaces) StdoutLine: {'line': b'-- Up-to-date: /home/nhu.nguyen/turtlebot4_ws/install/custom_interfaces/include/custom_interfaces/custom_interfaces/srv/detail/set_cap__struct.hpp\n'}
[0.519538] (custom_interfaces) StdoutLine: {'line': b'-- Up-to-date: /home/nhu.nguyen/turtlebot4_ws/install/custom_interfaces/include/custom_interfaces/custom_interfaces/msg\n'}
[0.519617] (custom_interfaces) StdoutLine: {'line': b'-- Up-to-date: /home/nhu.nguyen/turtlebot4_ws/install/custom_interfaces/include/custom_interfaces/custom_interfaces/msg/rosidl_generator_cpp__visibility_control.hpp\n'}
[0.519684] (custom_interfaces) StdoutLine: {'line': b'-- Up-to-date: /home/nhu.nguyen/turtlebot4_ws/install/custom_interfaces/include/custom_interfaces/custom_interfaces\n'}
[0.519799] (custom_interfaces) StdoutLine: {'line': b'-- Up-to-date: /home/nhu.nguyen/turtlebot4_ws/install/custom_interfaces/include/custom_interfaces/custom_interfaces/srv\n'}
[0.519887] (custom_interfaces) StdoutLine: {'line': b'-- Up-to-date: /home/nhu.nguyen/turtlebot4_ws/install/custom_interfaces/include/custom_interfaces/custom_interfaces/srv/detail\n'}
[0.519957] (custom_interfaces) StdoutLine: {'line': b'-- Up-to-date: /home/nhu.nguyen/turtlebot4_ws/install/custom_interfaces/include/custom_interfaces/custom_interfaces/srv/detail/dds_fastrtps\n'}
[0.520078] (custom_interfaces) StdoutLine: {'line': b'-- Up-to-date: /home/nhu.nguyen/turtlebot4_ws/install/custom_interfaces/include/custom_interfaces/custom_interfaces/srv/detail/set_cap__rosidl_typesupport_fastrtps_cpp.hpp\n'}
[0.520193] (custom_interfaces) StdoutLine: {'line': b'-- Up-to-date: /home/nhu.nguyen/turtlebot4_ws/install/custom_interfaces/include/custom_interfaces/custom_interfaces/msg\n'}
[0.520276] (custom_interfaces) StdoutLine: {'line': b'-- Up-to-date: /home/nhu.nguyen/turtlebot4_ws/install/custom_interfaces/include/custom_interfaces/custom_interfaces/msg/rosidl_typesupport_fastrtps_cpp__visibility_control.h\n'}
[0.520410] (custom_interfaces) StdoutLine: {'line': b'-- Up-to-date: /home/nhu.nguyen/turtlebot4_ws/install/custom_interfaces/lib/libcustom_interfaces__rosidl_typesupport_fastrtps_cpp.so\n'}
[0.520575] (custom_interfaces) StdoutLine: {'line': b'-- Up-to-date: /home/nhu.nguyen/turtlebot4_ws/install/custom_interfaces/include/custom_interfaces/custom_interfaces\n'}
[0.520656] (custom_interfaces) StdoutLine: {'line': b'-- Up-to-date: /home/nhu.nguyen/turtlebot4_ws/install/custom_interfaces/include/custom_interfaces/custom_interfaces/srv\n'}
[0.520745] (custom_interfaces) StdoutLine: {'line': b'-- Up-to-date: /home/nhu.nguyen/turtlebot4_ws/install/custom_interfaces/include/custom_interfaces/custom_interfaces/srv/detail\n'}
[0.520811] (custom_interfaces) StdoutLine: {'line': b'-- Up-to-date: /home/nhu.nguyen/turtlebot4_ws/install/custom_interfaces/include/custom_interfaces/custom_interfaces/srv/detail/set_cap__rosidl_typesupport_introspection_cpp.hpp\n'}
[0.520883] (custom_interfaces) StdoutLine: {'line': b'-- Up-to-date: /home/nhu.nguyen/turtlebot4_ws/install/custom_interfaces/include/custom_interfaces/custom_interfaces/srv/detail/set_cap__type_support.cpp\n'}
[0.520947] (custom_interfaces) StdoutLine: {'line': b'-- Up-to-date: /home/nhu.nguyen/turtlebot4_ws/install/custom_interfaces/lib/libcustom_interfaces__rosidl_typesupport_introspection_cpp.so\n'}
[0.521020] (custom_interfaces) StdoutLine: {'line': b'-- Up-to-date: /home/nhu.nguyen/turtlebot4_ws/install/custom_interfaces/lib/libcustom_interfaces__rosidl_typesupport_cpp.so\n'}
[0.521084] (custom_interfaces) StdoutLine: {'line': b'-- Up-to-date: /home/nhu.nguyen/turtlebot4_ws/install/custom_interfaces/share/custom_interfaces/environment/pythonpath.sh\n'}
[0.521155] (custom_interfaces) StdoutLine: {'line': b'-- Up-to-date: /home/nhu.nguyen/turtlebot4_ws/install/custom_interfaces/share/custom_interfaces/environment/pythonpath.dsv\n'}
[0.521219] (custom_interfaces) StdoutLine: {'line': b'-- Up-to-date: /home/nhu.nguyen/turtlebot4_ws/install/custom_interfaces/lib/python3.12/site-packages/custom_interfaces-0.0.0-py3.12.egg-info\n'}
[0.521282] (custom_interfaces) StdoutLine: {'line': b'-- Installing: /home/nhu.nguyen/turtlebot4_ws/install/custom_interfaces/lib/python3.12/site-packages/custom_interfaces-0.0.0-py3.12.egg-info/SOURCES.txt\n'}
[0.521351] (custom_interfaces) StdoutLine: {'line': b'-- Installing: /home/nhu.nguyen/turtlebot4_ws/install/custom_interfaces/lib/python3.12/site-packages/custom_interfaces-0.0.0-py3.12.egg-info/top_level.txt\n'}
[0.521443] (custom_interfaces) StdoutLine: {'line': b'-- Installing: /home/nhu.nguyen/turtlebot4_ws/install/custom_interfaces/lib/python3.12/site-packages/custom_interfaces-0.0.0-py3.12.egg-info/dependency_links.txt\n'}
[0.521550] (custom_interfaces) StdoutLine: {'line': b'-- Installing: /home/nhu.nguyen/turtlebot4_ws/install/custom_interfaces/lib/python3.12/site-packages/custom_interfaces-0.0.0-py3.12.egg-info/PKG-INFO\n'}
[0.521637] (custom_interfaces) StdoutLine: {'line': b'-- Up-to-date: /home/nhu.nguyen/turtlebot4_ws/install/custom_interfaces/lib/python3.12/site-packages/custom_interfaces\n'}
[0.521714] (custom_interfaces) StdoutLine: {'line': b'-- Up-to-date: /home/nhu.nguyen/turtlebot4_ws/install/custom_interfaces/lib/python3.12/site-packages/custom_interfaces/srv\n'}
[0.521781] (custom_interfaces) StdoutLine: {'line': b'-- Up-to-date: /home/nhu.nguyen/turtlebot4_ws/install/custom_interfaces/lib/python3.12/site-packages/custom_interfaces/srv/_set_cap.py\n'}
[0.521848] (custom_interfaces) StdoutLine: {'line': b'-- Up-to-date: /home/nhu.nguyen/turtlebot4_ws/install/custom_interfaces/lib/python3.12/site-packages/custom_interfaces/srv/__init__.py\n'}
[0.521913] (custom_interfaces) StdoutLine: {'line': b'-- Up-to-date: /home/nhu.nguyen/turtlebot4_ws/install/custom_interfaces/lib/python3.12/site-packages/custom_interfaces/srv/_set_cap_s.c\n'}
[0.521991] (custom_interfaces) StdoutLine: {'line': b'-- Up-to-date: /home/nhu.nguyen/turtlebot4_ws/install/custom_interfaces/lib/python3.12/site-packages/custom_interfaces/custom_interfaces_s__rosidl_typesupport_introspection_c.so\n'}
[0.522062] (custom_interfaces) StdoutLine: {'line': b'-- Up-to-date: /home/nhu.nguyen/turtlebot4_ws/install/custom_interfaces/lib/python3.12/site-packages/custom_interfaces/custom_interfaces_s__rosidl_typesupport_c.so\n'}
[0.522126] (custom_interfaces) StdoutLine: {'line': b'-- Up-to-date: /home/nhu.nguyen/turtlebot4_ws/install/custom_interfaces/lib/python3.12/site-packages/custom_interfaces/custom_interfaces_s__rosidl_typesupport_fastrtps_c.so\n'}
[0.522190] (custom_interfaces) StdoutLine: {'line': b'-- Up-to-date: /home/nhu.nguyen/turtlebot4_ws/install/custom_interfaces/lib/python3.12/site-packages/custom_interfaces/__init__.py\n'}
[0.522263] (custom_interfaces) StdoutLine: {'line': b'-- Up-to-date: /home/nhu.nguyen/turtlebot4_ws/install/custom_interfaces/lib/python3.12/site-packages/custom_interfaces/_custom_interfaces_s.ep.rosidl_typesupport_c.c\n'}
[0.522330] (custom_interfaces) StdoutLine: {'line': b'-- Up-to-date: /home/nhu.nguyen/turtlebot4_ws/install/custom_interfaces/lib/python3.12/site-packages/custom_interfaces/_custom_interfaces_s.ep.rosidl_typesupport_introspection_c.c\n'}
[0.522396] (custom_interfaces) StdoutLine: {'line': b'-- Up-to-date: /home/nhu.nguyen/turtlebot4_ws/install/custom_interfaces/lib/python3.12/site-packages/custom_interfaces/_custom_interfaces_s.ep.rosidl_typesupport_fastrtps_c.c\n'}
[0.550539] (custom_interfaces) StdoutLine: {'line': b"Listing '/home/nhu.nguyen/turtlebot4_ws/install/custom_interfaces/lib/python3.12/site-packages/custom_interfaces'...\n"}
[0.550712] (custom_interfaces) StdoutLine: {'line': b"Listing '/home/nhu.nguyen/turtlebot4_ws/install/custom_interfaces/lib/python3.12/site-packages/custom_interfaces/srv'...\n"}
[0.554671] (custom_interfaces) StdoutLine: {'line': b'-- Up-to-date: /home/nhu.nguyen/turtlebot4_ws/install/custom_interfaces/lib/python3.12/site-packages/custom_interfaces/custom_interfaces_s__rosidl_typesupport_fastrtps_c.so\n'}
[0.554981] (custom_interfaces) StdoutLine: {'line': b'-- Up-to-date: /home/nhu.nguyen/turtlebot4_ws/install/custom_interfaces/lib/python3.12/site-packages/custom_interfaces/custom_interfaces_s__rosidl_typesupport_introspection_c.so\n'}
[0.555298] (custom_interfaces) StdoutLine: {'line': b'-- Up-to-date: /home/nhu.nguyen/turtlebot4_ws/install/custom_interfaces/lib/python3.12/site-packages/custom_interfaces/custom_interfaces_s__rosidl_typesupport_c.so\n'}
[0.555593] (custom_interfaces) StdoutLine: {'line': b'-- Up-to-date: /home/nhu.nguyen/turtlebot4_ws/install/custom_interfaces/lib/libcustom_interfaces__rosidl_generator_py.so\n'}
[0.555717] (custom_interfaces) StdoutLine: {'line': b'-- Up-to-date: /home/nhu.nguyen/turtlebot4_ws/install/custom_interfaces/share/custom_interfaces/srv/SetCap.idl\n'}
[0.555823] (custom_interfaces) StdoutLine: {'line': b'-- Up-to-date: /home/nhu.nguyen/turtlebot4_ws/install/custom_interfaces/share/custom_interfaces/srv/SetCap.srv\n'}
[0.555935] (custom_interfaces) StdoutLine: {'line': b'-- Up-to-date: /home/nhu.nguyen/turtlebot4_ws/install/custom_interfaces/share/ament_index/resource_index/package_run_dependencies/custom_interfaces\n'}
[0.556038] (custom_interfaces) StdoutLine: {'line': b'-- Up-to-date: /home/nhu.nguyen/turtlebot4_ws/install/custom_interfaces/share/ament_index/resource_index/parent_prefix_path/custom_interfaces\n'}
[0.556136] (custom_interfaces) StdoutLine: {'line': b'-- Up-to-date: /home/nhu.nguyen/turtlebot4_ws/install/custom_interfaces/share/custom_interfaces/environment/ament_prefix_path.sh\n'}
[0.556251] (custom_interfaces) StdoutLine: {'line': b'-- Up-to-date: /home/nhu.nguyen/turtlebot4_ws/install/custom_interfaces/share/custom_interfaces/environment/ament_prefix_path.dsv\n'}
[0.556369] (custom_interfaces) StdoutLine: {'line': b'-- Up-to-date: /home/nhu.nguyen/turtlebot4_ws/install/custom_interfaces/share/custom_interfaces/environment/path.sh\n'}
[0.556470] (custom_interfaces) StdoutLine: {'line': b'-- Up-to-date: /home/nhu.nguyen/turtlebot4_ws/install/custom_interfaces/share/custom_interfaces/environment/path.dsv\n'}
[0.556587] (custom_interfaces) StdoutLine: {'line': b'-- Up-to-date: /home/nhu.nguyen/turtlebot4_ws/install/custom_interfaces/share/custom_interfaces/local_setup.bash\n'}
[0.556712] (custom_interfaces) StdoutLine: {'line': b'-- Up-to-date: /home/nhu.nguyen/turtlebot4_ws/install/custom_interfaces/share/custom_interfaces/local_setup.sh\n'}
[0.556833] (custom_interfaces) StdoutLine: {'line': b'-- Up-to-date: /home/nhu.nguyen/turtlebot4_ws/install/custom_interfaces/share/custom_interfaces/local_setup.zsh\n'}
[0.556961] (custom_interfaces) StdoutLine: {'line': b'-- Up-to-date: /home/nhu.nguyen/turtlebot4_ws/install/custom_interfaces/share/custom_interfaces/local_setup.dsv\n'}
[0.557074] (custom_interfaces) StdoutLine: {'line': b'-- Installing: /home/nhu.nguyen/turtlebot4_ws/install/custom_interfaces/share/custom_interfaces/package.dsv\n'}
[0.557190] (custom_interfaces) StdoutLine: {'line': b'-- Up-to-date: /home/nhu.nguyen/turtlebot4_ws/install/custom_interfaces/share/ament_index/resource_index/packages/custom_interfaces\n'}
[0.557318] (custom_interfaces) StdoutLine: {'line': b'-- Up-to-date: /home/nhu.nguyen/turtlebot4_ws/install/custom_interfaces/share/custom_interfaces/cmake/export_custom_interfaces__rosidl_generator_cExport.cmake\n'}
[0.557435] (custom_interfaces) StdoutLine: {'line': b'-- Up-to-date: /home/nhu.nguyen/turtlebot4_ws/install/custom_interfaces/share/custom_interfaces/cmake/export_custom_interfaces__rosidl_generator_cExport-noconfig.cmake\n'}
[0.557557] (custom_interfaces) StdoutLine: {'line': b'-- Up-to-date: /home/nhu.nguyen/turtlebot4_ws/install/custom_interfaces/share/custom_interfaces/cmake/export_custom_interfaces__rosidl_typesupport_fastrtps_cExport.cmake\n'}
[0.557649] (custom_interfaces) StdoutLine: {'line': b'-- Up-to-date: /home/nhu.nguyen/turtlebot4_ws/install/custom_interfaces/share/custom_interfaces/cmake/export_custom_interfaces__rosidl_typesupport_fastrtps_cExport-noconfig.cmake\n'}
[0.557751] (custom_interfaces) StdoutLine: {'line': b'-- Up-to-date: /home/nhu.nguyen/turtlebot4_ws/install/custom_interfaces/share/custom_interfaces/cmake/custom_interfaces__rosidl_typesupport_introspection_cExport.cmake\n'}
[0.557852] (custom_interfaces) StdoutLine: {'line': b'-- Up-to-date: /home/nhu.nguyen/turtlebot4_ws/install/custom_interfaces/share/custom_interfaces/cmake/custom_interfaces__rosidl_typesupport_introspection_cExport-noconfig.cmake\n'}
[0.557960] (custom_interfaces) StdoutLine: {'line': b'-- Up-to-date: /home/nhu.nguyen/turtlebot4_ws/install/custom_interfaces/share/custom_interfaces/cmake/custom_interfaces__rosidl_typesupport_cExport.cmake\n'}
[0.558101] (custom_interfaces) StdoutLine: {'line': b'-- Up-to-date: /home/nhu.nguyen/turtlebot4_ws/install/custom_interfaces/share/custom_interfaces/cmake/custom_interfaces__rosidl_typesupport_cExport-noconfig.cmake\n'}
[0.558194] (custom_interfaces) StdoutLine: {'line': b'-- Up-to-date: /home/nhu.nguyen/turtlebot4_ws/install/custom_interfaces/share/custom_interfaces/cmake/export_custom_interfaces__rosidl_generator_cppExport.cmake\n'}
[0.558298] (custom_interfaces) StdoutLine: {'line': b'-- Up-to-date: /home/nhu.nguyen/turtlebot4_ws/install/custom_interfaces/share/custom_interfaces/cmake/export_custom_interfaces__rosidl_typesupport_fastrtps_cppExport.cmake\n'}
[0.558396] (custom_interfaces) StdoutLine: {'line': b'-- Up-to-date: /home/nhu.nguyen/turtlebot4_ws/install/custom_interfaces/share/custom_interfaces/cmake/export_custom_interfaces__rosidl_typesupport_fastrtps_cppExport-noconfig.cmake\n'}
[0.558549] (custom_interfaces) StdoutLine: {'line': b'-- Up-to-date: /home/nhu.nguyen/turtlebot4_ws/install/custom_interfaces/share/custom_interfaces/cmake/custom_interfaces__rosidl_typesupport_introspection_cppExport.cmake\n'}
[0.558627] (custom_interfaces) StdoutLine: {'line': b'-- Up-to-date: /home/nhu.nguyen/turtlebot4_ws/install/custom_interfaces/share/custom_interfaces/cmake/custom_interfaces__rosidl_typesupport_introspection_cppExport-noconfig.cmake\n'}
[0.558703] (custom_interfaces) StdoutLine: {'line': b'-- Up-to-date: /home/nhu.nguyen/turtlebot4_ws/install/custom_interfaces/share/custom_interfaces/cmake/custom_interfaces__rosidl_typesupport_cppExport.cmake\n'}
[0.558790] (custom_interfaces) StdoutLine: {'line': b'-- Up-to-date: /home/nhu.nguyen/turtlebot4_ws/install/custom_interfaces/share/custom_interfaces/cmake/custom_interfaces__rosidl_typesupport_cppExport-noconfig.cmake\n'}
[0.558864] (custom_interfaces) StdoutLine: {'line': b'-- Up-to-date: /home/nhu.nguyen/turtlebot4_ws/install/custom_interfaces/share/custom_interfaces/cmake/export_custom_interfaces__rosidl_generator_pyExport.cmake\n'}
[0.558985] (custom_interfaces) StdoutLine: {'line': b'-- Up-to-date: /home/nhu.nguyen/turtlebot4_ws/install/custom_interfaces/share/custom_interfaces/cmake/export_custom_interfaces__rosidl_generator_pyExport-noconfig.cmake\n'}
[0.559097] (custom_interfaces) StdoutLine: {'line': b'-- Up-to-date: /home/nhu.nguyen/turtlebot4_ws/install/custom_interfaces/share/custom_interfaces/cmake/rosidl_cmake-extras.cmake\n'}
[0.559203] (custom_interfaces) StdoutLine: {'line': b'-- Up-to-date: /home/nhu.nguyen/turtlebot4_ws/install/custom_interfaces/share/custom_interfaces/cmake/ament_cmake_export_dependencies-extras.cmake\n'}
[0.559307] (custom_interfaces) StdoutLine: {'line': b'-- Up-to-date: /home/nhu.nguyen/turtlebot4_ws/install/custom_interfaces/share/custom_interfaces/cmake/ament_cmake_export_include_directories-extras.cmake\n'}
[0.559410] (custom_interfaces) StdoutLine: {'line': b'-- Up-to-date: /home/nhu.nguyen/turtlebot4_ws/install/custom_interfaces/share/custom_interfaces/cmake/ament_cmake_export_libraries-extras.cmake\n'}
[0.559511] (custom_interfaces) StdoutLine: {'line': b'-- Up-to-date: /home/nhu.nguyen/turtlebot4_ws/install/custom_interfaces/share/custom_interfaces/cmake/ament_cmake_export_targets-extras.cmake\n'}
[0.559605] (custom_interfaces) StdoutLine: {'line': b'-- Up-to-date: /home/nhu.nguyen/turtlebot4_ws/install/custom_interfaces/share/custom_interfaces/cmake/rosidl_cmake_export_typesupport_targets-extras.cmake\n'}
[0.559736] (custom_interfaces) StdoutLine: {'line': b'-- Up-to-date: /home/nhu.nguyen/turtlebot4_ws/install/custom_interfaces/share/custom_interfaces/cmake/rosidl_cmake_export_typesupport_libraries-extras.cmake\n'}
[0.560030] (custom_interfaces) StdoutLine: {'line': b'-- Up-to-date: /home/nhu.nguyen/turtlebot4_ws/install/custom_interfaces/share/custom_interfaces/cmake/custom_interfacesConfig.cmake\n'}
[0.560559] (custom_interfaces) StdoutLine: {'line': b'-- Up-to-date: /home/nhu.nguyen/turtlebot4_ws/install/custom_interfaces/share/custom_interfaces/cmake/custom_interfacesConfig-version.cmake\n'}
[0.560661] (custom_interfaces) StdoutLine: {'line': b'-- Up-to-date: /home/nhu.nguyen/turtlebot4_ws/install/custom_interfaces/share/custom_interfaces/package.xml\n'}
[0.560805] (custom_interfaces) CommandEnded: {'returncode': 0}
[0.600559] (-) TimerEvent: {}
[0.661297] (custom_interfaces) JobEnded: {'identifier': 'custom_interfaces', 'rc': 0}
[0.662559] (lab3_pkg) JobStarted: {'identifier': 'lab3_pkg'}
[0.700654] (-) TimerEvent: {}
[0.800867] (-) TimerEvent: {}
[0.901099] (-) TimerEvent: {}
[1.001307] (-) TimerEvent: {}
[1.101549] (-) TimerEvent: {}
[1.156725] (lab1_pkg) Command: {'cmd': ['/usr/bin/python3', '-W', 'ignore:setup.py install is deprecated', '-W', 'ignore:easy_install command is deprecated', 'setup.py', 'egg_info', '--egg-base', '../../build/lab1_pkg', 'build', '--build-base', '/home/nhu.nguyen/turtlebot4_ws/build/lab1_pkg/build', 'install', '--record', '/home/nhu.nguyen/turtlebot4_ws/build/lab1_pkg/install.log', '--single-version-externally-managed', 'install_data'], 'cwd': '/home/nhu.nguyen/turtlebot4_ws/src/lab1_pkg', 'env': {'USER': 'nhu.nguyen@plu.edu', 'GZ_SIM_RESOURCE_PATH': '/opt/ros/jazzy/share', 'GZ_CONFIG_PATH': '/opt/ros/jazzy/opt/gz_sim_vendor/share/gz:/opt/ros/jazzy/opt/sdformat_vendor/share/gz:/opt/ros/jazzy/opt/gz_gui_vendor/share/gz:/opt/ros/jazzy/opt/gz_transport_vendor/share/gz:/opt/ros/jazzy/opt/gz_rendering_vendor/share/gz:/opt/ros/jazzy/opt/gz_plugin_vendor/share/gz:/opt/ros/jazzy/opt/gz_fuel_tools_vendor/share/gz:/opt/ros/jazzy/opt/gz_msgs_vendor/share/gz:/opt/ros/jazzy/opt/gz_common_vendor/share/gz', 'XDG_SESSION_TYPE': 'wayland', 'CLUTTER_DISABLE_MIPMAPPED_TEXT': '1', 'SHLVL': '1', 'LD_LIBRARY_PATH': '/home/nhu.nguyen/turtlebot4_ws/install/custom_interfaces/lib:/opt/ros/jazzy/opt/gz_sim_vendor/lib:/opt/ros/jazzy/opt/gz_sensors_vendor/lib:/opt/ros/jazzy/opt/gz_physics_vendor/lib:/opt/ros/jazzy/opt/sdformat_vendor/lib:/opt/ros/jazzy/opt/rviz_ogre_vendor/lib:/opt/ros/jazzy/lib/x86_64-linux-gnu:/opt/ros/jazzy/opt/gz_gui_vendor/lib:/opt/ros/jazzy/opt/gz_transport_vendor/lib:/opt/ros/jazzy/opt/gz_rendering_vendor/lib:/opt/ros/jazzy/opt/gz_plugin_vendor/lib:/opt/ros/jazzy/opt/gz_fuel_tools_vendor/lib:/opt/ros/jazzy/opt/gz_msgs_vendor/lib:/opt/ros/jazzy/opt/gz_common_vendor/lib:/opt/ros/jazzy/opt/gz_math_vendor/lib:/opt/ros/jazzy/opt/gz_utils_vendor/lib:/opt/ros/jazzy/opt/gz_tools_vendor/lib:/opt/ros/jazzy/opt/gz_ogre_next_vendor/lib:/opt/ros/jazzy/opt/gz_dartsim_vendor/lib:/opt/ros/jazzy/opt/gz_cmake_vendor/lib:/opt/ros/jazzy/lib', 'OLDPWD': '/home/nhu.nguyen', 'HOME': '/home/nhu.nguyen', 'DESKTOP_SESSION': 'ubuntu', 'GTK_MODULES': 'gail:atk-bridge', 'GNOME_SHELL_SESSION_MODE': 'ubuntu', 'ROS_PYTHON_VERSION': '3', 'SYSTEMD_EXEC_PID': '15418', 'DBUS_SESSION_BUS_ADDRESS': 'unix:path=/run/user/481856793/bus', 'GSM_SKIP_SSH_AGENT_WORKAROUND': 'true', 'COLORTERM': 'truecolor', 'CONDA_CHANGEPS1': 'no', 'WAYLAND_DISPLAY': 'wayland-0', 'ROS_DISTRO': 'jazzy', 'COLCON_PREFIX_PATH': '/home/nhu.nguyen/turtlebot4_ws/install', 'LOGNAME': 'nhu.nguyen@plu.edu', '_': '/usr/bin/colcon', 'MEMORY_PRESSURE_WATCH': '/sys/fs/cgroup/user.slice/user-481856793.slice/user@481856793.service/session.slice/org.gnome.Shell@wayland.service/memory.pressure', 'XDG_SESSION_CLASS': 'user', 'ROS_VERSION': '2', 'USERNAME': 'nhu.nguyen@plu.edu', 'TERM': 'xterm-256color', 'PROMPT_EOL_MARK': '', 'ROS_SUPER_CLIENT': 'True', 'GNOME_DESKTOP_SESSION_ID': 'this-is-deprecated', 'PATH': '/opt/ros/jazzy/opt/gz_msgs_vendor/bin:/opt/ros/jazzy/opt/gz_tools_vendor/bin:/opt/ros/jazzy/opt/gz_ogre_next_vendor/bin:/opt/ros/jazzy/bin:/usr/local/sbin:/usr/local/bin:/usr/sbin:/usr/bin:/sbin:/bin:/usr/games:/usr/local/games:/snap/bin:/snap/bin', 'SESSION_MANAGER': 'local/csci20141:@/tmp/.ICE-unix/15386,unix/csci20141:/tmp/.ICE-unix/15386', 'GNOME_TERMINAL_SCREEN': '/org/gnome/Terminal/screen/8c452b6f_7fd9_4622_9e2f_990e2fc9936f', 'XDG_MENU_PREFIX': 'gnome-', 'GNOME_SETUP_DISPLAY': ':1', 'XDG_RUNTIME_DIR': '/run/user/481856793', 'DISPLAY': ':0', 'XDG_CURRENT_DESKTOP': 'ubuntu:GNOME', 'LANG': 'en_US.UTF-8', 'RMW_IMPLEMENTATION': 'rmw_fastrtps_cpp', 'XDG_SESSION_DESKTOP': 'ubuntu', 'GNOME_TERMINAL_SERVICE': ':1.120', 'XMODIFIERS': '@im=ibus', 'XAUTHORITY': '/run/user/481856793/.mutter-Xwaylandauth.WD8FL3', 'SSH_AUTH_SOCK': '/run/user/481856793/keyring/ssh', 'AMENT_PREFIX_PATH': '/home/nhu.nguyen/turtlebot4_ws/install/lab3_pkg:/home/nhu.nguyen/turtlebot4_ws/install/lab2_pkg:/home/nhu.nguyen/turtlebot4_ws/install/lab1_pkg:/home/nhu.nguyen/turtlebot4_ws/install/custom_interfaces:/opt/ros/jazzy', 'ROS_DOMAIN_ID': '0', 'KRB5CCNAME': 'FILE:/tmp/krb5cc_481856793_nMXivC', 'SHELL': '/bin/zsh', 'ROS_DISCOVERY_SERVER': '10.5.113.101:11811', 'QT_ACCESSIBILITY': '1', 'GDMSESSION': 'ubuntu', 'QT_IM_MODULE': 'ibus', 'ROS_AUTOMATIC_DISCOVERY_RANGE': 'SUBNET', 'PWD': '/home/nhu.nguyen/turtlebot4_ws/build/lab1_pkg', 'XDG_DATA_DIRS': '/usr/local/share/:/usr/share/:/var/lib/snapd/desktop', 'VIRTUAL_ENV_DISABLE_PROMPT': '12', 'PYTHONPATH': '/home/nhu.nguyen/turtlebot4_ws/build/lab1_pkg/prefix_override:/usr/lib/python3/dist-packages/colcon_core/task/python/colcon_distutils_commands:/home/nhu.nguyen/turtlebot4_ws/install/lab1_pkg/lib/python3.12/site-packages:/home/nhu.nguyen/turtlebot4_ws/install/lab3_pkg/lib/python3.12/site-packages:/home/nhu.nguyen/turtlebot4_ws/install/lab2_pkg/lib/python3.12/site-packages:/home/nhu.nguyen/turtlebot4_ws/install/lab1_pkg/lib/python3.12/site-packages:/home/nhu.nguyen/turtlebot4_ws/install/custom_interfaces/lib/python3.12/site-packages:/opt/ros/jazzy/lib/python3.12/site-packages', 'COLCON': '1', 'VTE_VERSION': '7600', 'MEMORY_PRESSURE_WRITE': 'c29tZSAyMDAwMDAgMjAwMDAwMAA=', 'CMAKE_PREFIX_PATH': '/home/nhu.nguyen/turtlebot4_ws/install/custom_interfaces:/opt/ros/jazzy/opt/gz_sim_vendor:/opt/ros/jazzy/opt/gz_sensors_vendor:/opt/ros/jazzy/opt/gz_physics_vendor:/opt/ros/jazzy/opt/sdformat_vendor:/opt/ros/jazzy/opt/gz_gui_vendor:/opt/ros/jazzy/opt/gz_transport_vendor:/opt/ros/jazzy/opt/gz_rendering_vendor:/opt/ros/jazzy/opt/gz_plugin_vendor:/opt/ros/jazzy/opt/gz_fuel_tools_vendor:/opt/ros/jazzy/opt/gz_msgs_vendor:/opt/ros/jazzy/opt/gz_common_vendor:/opt/ros/jazzy/opt/gz_math_vendor:/opt/ros/jazzy/opt/gz_utils_vendor:/opt/ros/jazzy/opt/gz_tools_vendor:/opt/ros/jazzy/opt/gz_ogre_next_vendor:/opt/ros/jazzy/opt/gz_dartsim_vendor:/opt/ros/jazzy/opt/gz_cmake_vendor'}, 'shell': False}
[1.172642] (lab2_pkg) Command: {'cmd': ['/usr/bin/python3', '-W', 'ignore:setup.py install is deprecated', '-W', 'ignore:easy_install command is deprecated', 'setup.py', 'egg_info', '--egg-base', '../../build/lab2_pkg', 'build', '--build-base', '/home/nhu.nguyen/turtlebot4_ws/build/lab2_pkg/build', 'install', '--record', '/home/nhu.nguyen/turtlebot4_ws/build/lab2_pkg/install.log', '--single-version-externally-managed', 'install_data'], 'cwd': '/home/nhu.nguyen/turtlebot4_ws/src/lab2_pkg', 'env': {'USER': 'nhu.nguyen@plu.edu', 'GZ_SIM_RESOURCE_PATH': '/opt/ros/jazzy/share', 'GZ_CONFIG_PATH': '/opt/ros/jazzy/opt/gz_sim_vendor/share/gz:/opt/ros/jazzy/opt/sdformat_vendor/share/gz:/opt/ros/jazzy/opt/gz_gui_vendor/share/gz:/opt/ros/jazzy/opt/gz_transport_vendor/share/gz:/opt/ros/jazzy/opt/gz_rendering_vendor/share/gz:/opt/ros/jazzy/opt/gz_plugin_vendor/share/gz:/opt/ros/jazzy/opt/gz_fuel_tools_vendor/share/gz:/opt/ros/jazzy/opt/gz_msgs_vendor/share/gz:/opt/ros/jazzy/opt/gz_common_vendor/share/gz', 'XDG_SESSION_TYPE': 'wayland', 'CLUTTER_DISABLE_MIPMAPPED_TEXT': '1', 'SHLVL': '1', 'LD_LIBRARY_PATH': '/home/nhu.nguyen/turtlebot4_ws/install/custom_interfaces/lib:/opt/ros/jazzy/opt/gz_sim_vendor/lib:/opt/ros/jazzy/opt/gz_sensors_vendor/lib:/opt/ros/jazzy/opt/gz_physics_vendor/lib:/opt/ros/jazzy/opt/sdformat_vendor/lib:/opt/ros/jazzy/opt/rviz_ogre_vendor/lib:/opt/ros/jazzy/lib/x86_64-linux-gnu:/opt/ros/jazzy/opt/gz_gui_vendor/lib:/opt/ros/jazzy/opt/gz_transport_vendor/lib:/opt/ros/jazzy/opt/gz_rendering_vendor/lib:/opt/ros/jazzy/opt/gz_plugin_vendor/lib:/opt/ros/jazzy/opt/gz_fuel_tools_vendor/lib:/opt/ros/jazzy/opt/gz_msgs_vendor/lib:/opt/ros/jazzy/opt/gz_common_vendor/lib:/opt/ros/jazzy/opt/gz_math_vendor/lib:/opt/ros/jazzy/opt/gz_utils_vendor/lib:/opt/ros/jazzy/opt/gz_tools_vendor/lib:/opt/ros/jazzy/opt/gz_ogre_next_vendor/lib:/opt/ros/jazzy/opt/gz_dartsim_vendor/lib:/opt/ros/jazzy/opt/gz_cmake_vendor/lib:/opt/ros/jazzy/lib', 'OLDPWD': '/home/nhu.nguyen', 'HOME': '/home/nhu.nguyen', 'DESKTOP_SESSION': 'ubuntu', 'GTK_MODULES': 'gail:atk-bridge', 'GNOME_SHELL_SESSION_MODE': 'ubuntu', 'ROS_PYTHON_VERSION': '3', 'SYSTEMD_EXEC_PID': '15418', 'DBUS_SESSION_BUS_ADDRESS': 'unix:path=/run/user/481856793/bus', 'GSM_SKIP_SSH_AGENT_WORKAROUND': 'true', 'COLORTERM': 'truecolor', 'CONDA_CHANGEPS1': 'no', 'WAYLAND_DISPLAY': 'wayland-0', 'ROS_DISTRO': 'jazzy', 'COLCON_PREFIX_PATH': '/home/nhu.nguyen/turtlebot4_ws/install', 'LOGNAME': 'nhu.nguyen@plu.edu', '_': '/usr/bin/colcon', 'MEMORY_PRESSURE_WATCH': '/sys/fs/cgroup/user.slice/user-481856793.slice/user@481856793.service/session.slice/org.gnome.Shell@wayland.service/memory.pressure', 'XDG_SESSION_CLASS': 'user', 'ROS_VERSION': '2', 'USERNAME': 'nhu.nguyen@plu.edu', 'TERM': 'xterm-256color', 'PROMPT_EOL_MARK': '', 'ROS_SUPER_CLIENT': 'True', 'GNOME_DESKTOP_SESSION_ID': 'this-is-deprecated', 'PATH': '/opt/ros/jazzy/opt/gz_msgs_vendor/bin:/opt/ros/jazzy/opt/gz_tools_vendor/bin:/opt/ros/jazzy/opt/gz_ogre_next_vendor/bin:/opt/ros/jazzy/bin:/usr/local/sbin:/usr/local/bin:/usr/sbin:/usr/bin:/sbin:/bin:/usr/games:/usr/local/games:/snap/bin:/snap/bin', 'SESSION_MANAGER': 'local/csci20141:@/tmp/.ICE-unix/15386,unix/csci20141:/tmp/.ICE-unix/15386', 'GNOME_TERMINAL_SCREEN': '/org/gnome/Terminal/screen/8c452b6f_7fd9_4622_9e2f_990e2fc9936f', 'XDG_MENU_PREFIX': 'gnome-', 'GNOME_SETUP_DISPLAY': ':1', 'XDG_RUNTIME_DIR': '/run/user/481856793', 'DISPLAY': ':0', 'XDG_CURRENT_DESKTOP': 'ubuntu:GNOME', 'LANG': 'en_US.UTF-8', 'RMW_IMPLEMENTATION': 'rmw_fastrtps_cpp', 'XDG_SESSION_DESKTOP': 'ubuntu', 'GNOME_TERMINAL_SERVICE': ':1.120', 'XMODIFIERS': '@im=ibus', 'XAUTHORITY': '/run/user/481856793/.mutter-Xwaylandauth.WD8FL3', 'SSH_AUTH_SOCK': '/run/user/481856793/keyring/ssh', 'AMENT_PREFIX_PATH': '/home/nhu.nguyen/turtlebot4_ws/install/lab3_pkg:/home/nhu.nguyen/turtlebot4_ws/install/lab2_pkg:/home/nhu.nguyen/turtlebot4_ws/install/lab1_pkg:/home/nhu.nguyen/turtlebot4_ws/install/custom_interfaces:/opt/ros/jazzy', 'ROS_DOMAIN_ID': '0', 'KRB5CCNAME': 'FILE:/tmp/krb5cc_481856793_nMXivC', 'SHELL': '/bin/zsh', 'ROS_DISCOVERY_SERVER': '10.5.113.101:11811', 'QT_ACCESSIBILITY': '1', 'GDMSESSION': 'ubuntu', 'QT_IM_MODULE': 'ibus', 'ROS_AUTOMATIC_DISCOVERY_RANGE': 'SUBNET', 'PWD': '/home/nhu.nguyen/turtlebot4_ws/build/lab2_pkg', 'XDG_DATA_DIRS': '/usr/local/share/:/usr/share/:/var/lib/snapd/desktop', 'VIRTUAL_ENV_DISABLE_PROMPT': '12', 'PYTHONPATH': '/home/nhu.nguyen/turtlebot4_ws/build/lab2_pkg/prefix_override:/usr/lib/python3/dist-packages/colcon_core/task/python/colcon_distutils_commands:/home/nhu.nguyen/turtlebot4_ws/install/lab2_pkg/lib/python3.12/site-packages:/home/nhu.nguyen/turtlebot4_ws/install/lab3_pkg/lib/python3.12/site-packages:/home/nhu.nguyen/turtlebot4_ws/install/lab2_pkg/lib/python3.12/site-packages:/home/nhu.nguyen/turtlebot4_ws/install/lab1_pkg/lib/python3.12/site-packages:/home/nhu.nguyen/turtlebot4_ws/install/custom_interfaces/lib/python3.12/site-packages:/opt/ros/jazzy/lib/python3.12/site-packages', 'COLCON': '1', 'VTE_VERSION': '7600', 'MEMORY_PRESSURE_WRITE': 'c29tZSAyMDAwMDAgMjAwMDAwMAA=', 'CMAKE_PREFIX_PATH': '/home/nhu.nguyen/turtlebot4_ws/install/custom_interfaces:/opt/ros/jazzy/opt/gz_sim_vendor:/opt/ros/jazzy/opt/gz_sensors_vendor:/opt/ros/jazzy/opt/gz_physics_vendor:/opt/ros/jazzy/opt/sdformat_vendor:/opt/ros/jazzy/opt/gz_gui_vendor:/opt/ros/jazzy/opt/gz_transport_vendor:/opt/ros/jazzy/opt/gz_rendering_vendor:/opt/ros/jazzy/opt/gz_plugin_vendor:/opt/ros/jazzy/opt/gz_fuel_tools_vendor:/opt/ros/jazzy/opt/gz_msgs_vendor:/opt/ros/jazzy/opt/gz_common_vendor:/opt/ros/jazzy/opt/gz_math_vendor:/opt/ros/jazzy/opt/gz_utils_vendor:/opt/ros/jazzy/opt/gz_tools_vendor:/opt/ros/jazzy/opt/gz_ogre_next_vendor:/opt/ros/jazzy/opt/gz_dartsim_vendor:/opt/ros/jazzy/opt/gz_cmake_vendor'}, 'shell': False}
[1.201641] (-) TimerEvent: {}
[1.301875] (-) TimerEvent: {}
[1.402112] (-) TimerEvent: {}
[1.445807] (lab1_pkg) StdoutLine: {'line': b'running egg_info\n'}
[1.460006] (lab2_pkg) StdoutLine: {'line': b'running egg_info\n'}
[1.469837] (lab1_pkg) StdoutLine: {'line': b'writing ../../build/lab1_pkg/lab1_pkg.egg-info/PKG-INFO\n'}
[1.470082] (lab1_pkg) StdoutLine: {'line': b'writing dependency_links to ../../build/lab1_pkg/lab1_pkg.egg-info/dependency_links.txt\n'}
[1.470265] (lab1_pkg) StdoutLine: {'line': b'writing entry points to ../../build/lab1_pkg/lab1_pkg.egg-info/entry_points.txt\n'}
[1.470424] (lab1_pkg) StdoutLine: {'line': b'writing requirements to ../../build/lab1_pkg/lab1_pkg.egg-info/requires.txt\n'}
[1.470561] (lab1_pkg) StdoutLine: {'line': b'writing top-level names to ../../build/lab1_pkg/lab1_pkg.egg-info/top_level.txt\n'}
[1.485011] (lab2_pkg) StdoutLine: {'line': b'writing ../../build/lab2_pkg/lab2_pkg.egg-info/PKG-INFO\n'}
[1.485239] (lab2_pkg) StdoutLine: {'line': b'writing dependency_links to ../../build/lab2_pkg/lab2_pkg.egg-info/dependency_links.txt\n'}
[1.485443] (lab2_pkg) StdoutLine: {'line': b'writing entry points to ../../build/lab2_pkg/lab2_pkg.egg-info/entry_points.txt\n'}
[1.485597] (lab2_pkg) StdoutLine: {'line': b'writing requirements to ../../build/lab2_pkg/lab2_pkg.egg-info/requires.txt\n'}
[1.485738] (lab2_pkg) StdoutLine: {'line': b'writing top-level names to ../../build/lab2_pkg/lab2_pkg.egg-info/top_level.txt\n'}
[1.502194] (-) TimerEvent: {}
[1.520704] (lab1_pkg) StdoutLine: {'line': b"reading manifest file '../../build/lab1_pkg/lab1_pkg.egg-info/SOURCES.txt'\n"}
[1.521308] (lab1_pkg) StdoutLine: {'line': b"writing manifest file '../../build/lab1_pkg/lab1_pkg.egg-info/SOURCES.txt'\n"}
[1.521472] (lab1_pkg) StdoutLine: {'line': b'running build\n'}
[1.521580] (lab1_pkg) StdoutLine: {'line': b'running build_py\n'}
[1.521772] (lab1_pkg) StdoutLine: {'line': b'running install\n'}
[1.527539] (lab1_pkg) StdoutLine: {'line': b'running install_lib\n'}
[1.529162] (lab3_pkg) Command: {'cmd': ['/usr/bin/python3', '-W', 'ignore:setup.py install is deprecated', '-W', 'ignore:easy_install command is deprecated', 'setup.py', 'egg_info', '--egg-base', '../../build/lab3_pkg', 'build', '--build-base', '/home/nhu.nguyen/turtlebot4_ws/build/lab3_pkg/build', 'install', '--record', '/home/nhu.nguyen/turtlebot4_ws/build/lab3_pkg/install.log', '--single-version-externally-managed', 'install_data'], 'cwd': '/home/nhu.nguyen/turtlebot4_ws/src/lab3_pkg', 'env': {'USER': 'nhu.nguyen@plu.edu', 'GZ_SIM_RESOURCE_PATH': '/opt/ros/jazzy/share', 'GZ_CONFIG_PATH': '/opt/ros/jazzy/opt/gz_sim_vendor/share/gz:/opt/ros/jazzy/opt/sdformat_vendor/share/gz:/opt/ros/jazzy/opt/gz_gui_vendor/share/gz:/opt/ros/jazzy/opt/gz_transport_vendor/share/gz:/opt/ros/jazzy/opt/gz_rendering_vendor/share/gz:/opt/ros/jazzy/opt/gz_plugin_vendor/share/gz:/opt/ros/jazzy/opt/gz_fuel_tools_vendor/share/gz:/opt/ros/jazzy/opt/gz_msgs_vendor/share/gz:/opt/ros/jazzy/opt/gz_common_vendor/share/gz', 'XDG_SESSION_TYPE': 'wayland', 'CLUTTER_DISABLE_MIPMAPPED_TEXT': '1', 'SHLVL': '1', 'LD_LIBRARY_PATH': '/home/nhu.nguyen/turtlebot4_ws/install/custom_interfaces/lib:/opt/ros/jazzy/opt/gz_sim_vendor/lib:/opt/ros/jazzy/opt/gz_sensors_vendor/lib:/opt/ros/jazzy/opt/gz_physics_vendor/lib:/opt/ros/jazzy/opt/sdformat_vendor/lib:/opt/ros/jazzy/opt/rviz_ogre_vendor/lib:/opt/ros/jazzy/lib/x86_64-linux-gnu:/opt/ros/jazzy/opt/gz_gui_vendor/lib:/opt/ros/jazzy/opt/gz_transport_vendor/lib:/opt/ros/jazzy/opt/gz_rendering_vendor/lib:/opt/ros/jazzy/opt/gz_plugin_vendor/lib:/opt/ros/jazzy/opt/gz_fuel_tools_vendor/lib:/opt/ros/jazzy/opt/gz_msgs_vendor/lib:/opt/ros/jazzy/opt/gz_common_vendor/lib:/opt/ros/jazzy/opt/gz_math_vendor/lib:/opt/ros/jazzy/opt/gz_utils_vendor/lib:/opt/ros/jazzy/opt/gz_tools_vendor/lib:/opt/ros/jazzy/opt/gz_ogre_next_vendor/lib:/opt/ros/jazzy/opt/gz_dartsim_vendor/lib:/opt/ros/jazzy/opt/gz_cmake_vendor/lib:/opt/ros/jazzy/lib', 'OLDPWD': '/home/nhu.nguyen', 'HOME': '/home/nhu.nguyen', 'DESKTOP_SESSION': 'ubuntu', 'GTK_MODULES': 'gail:atk-bridge', 'GNOME_SHELL_SESSION_MODE': 'ubuntu', 'ROS_PYTHON_VERSION': '3', 'SYSTEMD_EXEC_PID': '15418', 'DBUS_SESSION_BUS_ADDRESS': 'unix:path=/run/user/481856793/bus', 'GSM_SKIP_SSH_AGENT_WORKAROUND': 'true', 'COLORTERM': 'truecolor', 'CONDA_CHANGEPS1': 'no', 'WAYLAND_DISPLAY': 'wayland-0', 'ROS_DISTRO': 'jazzy', 'COLCON_PREFIX_PATH': '/home/nhu.nguyen/turtlebot4_ws/install', 'LOGNAME': 'nhu.nguyen@plu.edu', '_': '/usr/bin/colcon', 'MEMORY_PRESSURE_WATCH': '/sys/fs/cgroup/user.slice/user-481856793.slice/user@481856793.service/session.slice/org.gnome.Shell@wayland.service/memory.pressure', 'XDG_SESSION_CLASS': 'user', 'ROS_VERSION': '2', 'USERNAME': 'nhu.nguyen@plu.edu', 'TERM': 'xterm-256color', 'PROMPT_EOL_MARK': '', 'ROS_SUPER_CLIENT': 'True', 'GNOME_DESKTOP_SESSION_ID': 'this-is-deprecated', 'PATH': '/opt/ros/jazzy/opt/gz_msgs_vendor/bin:/opt/ros/jazzy/opt/gz_tools_vendor/bin:/opt/ros/jazzy/opt/gz_ogre_next_vendor/bin:/opt/ros/jazzy/bin:/usr/local/sbin:/usr/local/bin:/usr/sbin:/usr/bin:/sbin:/bin:/usr/games:/usr/local/games:/snap/bin:/snap/bin', 'SESSION_MANAGER': 'local/csci20141:@/tmp/.ICE-unix/15386,unix/csci20141:/tmp/.ICE-unix/15386', 'GNOME_TERMINAL_SCREEN': '/org/gnome/Terminal/screen/8c452b6f_7fd9_4622_9e2f_990e2fc9936f', 'XDG_MENU_PREFIX': 'gnome-', 'GNOME_SETUP_DISPLAY': ':1', 'XDG_RUNTIME_DIR': '/run/user/481856793', 'DISPLAY': ':0', 'XDG_CURRENT_DESKTOP': 'ubuntu:GNOME', 'LANG': 'en_US.UTF-8', 'RMW_IMPLEMENTATION': 'rmw_fastrtps_cpp', 'XDG_SESSION_DESKTOP': 'ubuntu', 'GNOME_TERMINAL_SERVICE': ':1.120', 'XMODIFIERS': '@im=ibus', 'XAUTHORITY': '/run/user/481856793/.mutter-Xwaylandauth.WD8FL3', 'SSH_AUTH_SOCK': '/run/user/481856793/keyring/ssh', 'AMENT_PREFIX_PATH': '/home/nhu.nguyen/turtlebot4_ws/install/lab3_pkg:/home/nhu.nguyen/turtlebot4_ws/install/lab2_pkg:/home/nhu.nguyen/turtlebot4_ws/install/lab1_pkg:/home/nhu.nguyen/turtlebot4_ws/install/custom_interfaces:/opt/ros/jazzy', 'ROS_DOMAIN_ID': '0', 'KRB5CCNAME': 'FILE:/tmp/krb5cc_481856793_nMXivC', 'SHELL': '/bin/zsh', 'ROS_DISCOVERY_SERVER': '10.5.113.101:11811', 'QT_ACCESSIBILITY': '1', 'GDMSESSION': 'ubuntu', 'QT_IM_MODULE': 'ibus', 'ROS_AUTOMATIC_DISCOVERY_RANGE': 'SUBNET', 'PWD': '/home/nhu.nguyen/turtlebot4_ws/build/lab3_pkg', 'XDG_DATA_DIRS': '/usr/local/share/:/usr/share/:/var/lib/snapd/desktop', 'VIRTUAL_ENV_DISABLE_PROMPT': '12', 'PYTHONPATH': '/home/nhu.nguyen/turtlebot4_ws/build/lab3_pkg/prefix_override:/usr/lib/python3/dist-packages/colcon_core/task/python/colcon_distutils_commands:/home/nhu.nguyen/turtlebot4_ws/install/lab3_pkg/lib/python3.12/site-packages:/home/nhu.nguyen/turtlebot4_ws/install/custom_interfaces/lib/python3.12/site-packages:/home/nhu.nguyen/turtlebot4_ws/install/lab3_pkg/lib/python3.12/site-packages:/home/nhu.nguyen/turtlebot4_ws/install/lab2_pkg/lib/python3.12/site-packages:/home/nhu.nguyen/turtlebot4_ws/install/lab1_pkg/lib/python3.12/site-packages:/opt/ros/jazzy/lib/python3.12/site-packages', 'COLCON': '1', 'VTE_VERSION': '7600', 'MEMORY_PRESSURE_WRITE': 'c29tZSAyMDAwMDAgMjAwMDAwMAA=', 'CMAKE_PREFIX_PATH': '/home/nhu.nguyen/turtlebot4_ws/install/custom_interfaces:/opt/ros/jazzy/opt/gz_sim_vendor:/opt/ros/jazzy/opt/gz_sensors_vendor:/opt/ros/jazzy/opt/gz_physics_vendor:/opt/ros/jazzy/opt/sdformat_vendor:/opt/ros/jazzy/opt/gz_gui_vendor:/opt/ros/jazzy/opt/gz_transport_vendor:/opt/ros/jazzy/opt/gz_rendering_vendor:/opt/ros/jazzy/opt/gz_plugin_vendor:/opt/ros/jazzy/opt/gz_fuel_tools_vendor:/opt/ros/jazzy/opt/gz_msgs_vendor:/opt/ros/jazzy/opt/gz_common_vendor:/opt/ros/jazzy/opt/gz_math_vendor:/opt/ros/jazzy/opt/gz_utils_vendor:/opt/ros/jazzy/opt/gz_tools_vendor:/opt/ros/jazzy/opt/gz_ogre_next_vendor:/opt/ros/jazzy/opt/gz_dartsim_vendor:/opt/ros/jazzy/opt/gz_cmake_vendor'}, 'shell': False}
[1.537770] (lab2_pkg) StdoutLine: {'line': b"reading manifest file '../../build/lab2_pkg/lab2_pkg.egg-info/SOURCES.txt'\n"}
[1.538377] (lab2_pkg) StdoutLine: {'line': b"writing manifest file '../../build/lab2_pkg/lab2_pkg.egg-info/SOURCES.txt'\n"}
[1.538508] (lab2_pkg) StdoutLine: {'line': b'running build\n'}
[1.538599] (lab2_pkg) StdoutLine: {'line': b'running build_py\n'}
[1.538834] (lab2_pkg) StdoutLine: {'line': b'running install\n'}
[1.543944] (lab2_pkg) StdoutLine: {'line': b'running install_lib\n'}
[1.554509] (lab1_pkg) StdoutLine: {'line': b'running install_data\n'}
[1.554644] (lab1_pkg) StdoutLine: {'line': b'running install_egg_info\n'}
[1.570044] (lab2_pkg) StdoutLine: {'line': b'running install_data\n'}
[1.570229] (lab2_pkg) StdoutLine: {'line': b'running install_egg_info\n'}
[1.580109] (lab1_pkg) StdoutLine: {'line': b"removing '/home/nhu.nguyen/turtlebot4_ws/install/lab1_pkg/lib/python3.12/site-packages/lab1_pkg-0.0.0-py3.12.egg-info' (and everything under it)\n"}
[1.580322] (lab1_pkg) StdoutLine: {'line': b'Copying ../../build/lab1_pkg/lab1_pkg.egg-info to /home/nhu.nguyen/turtlebot4_ws/install/lab1_pkg/lib/python3.12/site-packages/lab1_pkg-0.0.0-py3.12.egg-info\n'}
[1.581784] (lab1_pkg) StdoutLine: {'line': b'running install_scripts\n'}
[1.597083] (lab2_pkg) StdoutLine: {'line': b"removing '/home/nhu.nguyen/turtlebot4_ws/install/lab2_pkg/lib/python3.12/site-packages/lab2_pkg-0.0.0-py3.12.egg-info' (and everything under it)\n"}
[1.597254] (lab2_pkg) StdoutLine: {'line': b'Copying ../../build/lab2_pkg/lab2_pkg.egg-info to /home/nhu.nguyen/turtlebot4_ws/install/lab2_pkg/lib/python3.12/site-packages/lab2_pkg-0.0.0-py3.12.egg-info\n'}
[1.598708] (lab2_pkg) StdoutLine: {'line': b'running install_scripts\n'}
[1.602259] (-) TimerEvent: {}
[1.702471] (-) TimerEvent: {}
[1.742770] (lab1_pkg) StdoutLine: {'line': b'Installing speed_behavior_node script to /home/nhu.nguyen/turtlebot4_ws/install/lab1_pkg/lib/lab1_pkg\n'}
[1.743115] (lab1_pkg) StdoutLine: {'line': b"writing list of installed files to '/home/nhu.nguyen/turtlebot4_ws/build/lab1_pkg/install.log'\n"}
[1.761075] (lab2_pkg) StdoutLine: {'line': b'Installing SCOD script to /home/nhu.nguyen/turtlebot4_ws/install/lab2_pkg/lib/lab2_pkg\n'}
[1.761439] (lab2_pkg) StdoutLine: {'line': b"writing list of installed files to '/home/nhu.nguyen/turtlebot4_ws/build/lab2_pkg/install.log'\n"}
[1.762164] (lab1_pkg) CommandEnded: {'returncode': 0}
[1.767701] (lab1_pkg) JobEnded: {'identifier': 'lab1_pkg', 'rc': 0}
[1.786796] (lab2_pkg) CommandEnded: {'returncode': 0}
[1.792276] (lab2_pkg) JobEnded: {'identifier': 'lab2_pkg', 'rc': 0}
[1.802564] (-) TimerEvent: {}
[1.831334] (lab3_pkg) StdoutLine: {'line': b'running egg_info\n'}
[1.855111] (lab3_pkg) StdoutLine: {'line': b'writing ../../build/lab3_pkg/lab3_pkg.egg-info/PKG-INFO\n'}
[1.855361] (lab3_pkg) StdoutLine: {'line': b'writing dependency_links to ../../build/lab3_pkg/lab3_pkg.egg-info/dependency_links.txt\n'}
[1.855570] (lab3_pkg) StdoutLine: {'line': b'writing entry points to ../../build/lab3_pkg/lab3_pkg.egg-info/entry_points.txt\n'}
[1.855784] (lab3_pkg) StdoutLine: {'line': b'writing requirements to ../../build/lab3_pkg/lab3_pkg.egg-info/requires.txt\n'}
[1.855919] (lab3_pkg) StdoutLine: {'line': b'writing top-level names to ../../build/lab3_pkg/lab3_pkg.egg-info/top_level.txt\n'}
[1.902658] (-) TimerEvent: {}
[1.903596] (lab3_pkg) StdoutLine: {'line': b"reading manifest file '../../build/lab3_pkg/lab3_pkg.egg-info/SOURCES.txt'\n"}
[1.904526] (lab3_pkg) StdoutLine: {'line': b"writing manifest file '../../build/lab3_pkg/lab3_pkg.egg-info/SOURCES.txt'\n"}
[1.904707] (lab3_pkg) StdoutLine: {'line': b'running build\n'}
[1.904797] (lab3_pkg) StdoutLine: {'line': b'running build_py\n'}
[1.905099] (lab3_pkg) StdoutLine: {'line': b'copying lab3_pkg/lab3_server.py -> /home/nhu.nguyen/turtlebot4_ws/build/lab3_pkg/build/lib/lab3_pkg\n'}
[1.905454] (lab3_pkg) StdoutLine: {'line': b'running install\n'}
[1.910772] (lab3_pkg) StdoutLine: {'line': b'running install_lib\n'}
[1.935193] (lab3_pkg) StdoutLine: {'line': b'copying /home/nhu.nguyen/turtlebot4_ws/build/lab3_pkg/build/lib/lab3_pkg/lab3_server.py -> /home/nhu.nguyen/turtlebot4_ws/install/lab3_pkg/lib/python3.12/site-packages/lab3_pkg\n'}
[1.935801] (lab3_pkg) StdoutLine: {'line': b'byte-compiling /home/nhu.nguyen/turtlebot4_ws/install/lab3_pkg/lib/python3.12/site-packages/lab3_pkg/lab3_server.py to lab3_server.cpython-312.pyc\n'}
[1.939076] (lab3_pkg) StdoutLine: {'line': b'running install_data\n'}
[1.939205] (lab3_pkg) StdoutLine: {'line': b'running install_egg_info\n'}
[1.964457] (lab3_pkg) StdoutLine: {'line': b"removing '/home/nhu.nguyen/turtlebot4_ws/install/lab3_pkg/lib/python3.12/site-packages/lab3_pkg-0.0.0-py3.12.egg-info' (and everything under it)\n"}
[1.964629] (lab3_pkg) StdoutLine: {'line': b'Copying ../../build/lab3_pkg/lab3_pkg.egg-info to /home/nhu.nguyen/turtlebot4_ws/install/lab3_pkg/lib/python3.12/site-packages/lab3_pkg-0.0.0-py3.12.egg-info\n'}
[1.965994] (lab3_pkg) StdoutLine: {'line': b'running install_scripts\n'}
[2.002760] (-) TimerEvent: {}
[2.102952] (-) TimerEvent: {}
[2.118144] (lab3_pkg) StdoutLine: {'line': b'Installing SCOD_server script to /home/nhu.nguyen/turtlebot4_ws/install/lab3_pkg/lib/lab3_pkg\n'}
[2.118310] (lab3_pkg) StdoutLine: {'line': b'Installing set_cap_client_node script to /home/nhu.nguyen/turtlebot4_ws/install/lab3_pkg/lib/lab3_pkg\n'}
[2.118658] (lab3_pkg) StdoutLine: {'line': b"writing list of installed files to '/home/nhu.nguyen/turtlebot4_ws/build/lab3_pkg/install.log'\n"}
[2.136624] (lab3_pkg) CommandEnded: {'returncode': 0}
[2.142337] (lab3_pkg) JobEnded: {'identifier': 'lab3_pkg', 'rc': 0}
[2.143122] (-) EventReactorShutdown: {}
