running egg_info
writing ../../build/final/final.egg-info/PKG-INFO
writing dependency_links to ../../build/final/final.egg-info/dependency_links.txt
writing entry points to ../../build/final/final.egg-info/entry_points.txt
writing requirements to ../../build/final/final.egg-info/requires.txt
writing top-level names to ../../build/final/final.egg-info/top_level.txt
reading manifest file '../../build/final/final.egg-info/SOURCES.txt'
writing manifest file '../../build/final/final.egg-info/SOURCES.txt'
running build
running build_py
copying final/color_vision.py -> /home/cnutter/turtlebot4_ws/build/final/build/lib/final
running install
running install_lib
copying /home/cnutter/turtlebot4_ws/build/final/build/lib/final/color_vision.py -> /home/cnutter/turtlebot4_ws/install/final/lib/python3.12/site-packages/final
byte-compiling /home/cnutter/turtlebot4_ws/install/final/lib/python3.12/site-packages/final/color_vision.py to color_vision.cpython-312.pyc
running install_data
running install_egg_info
removing '/home/cnutter/turtlebot4_ws/install/final/lib/python3.12/site-packages/final-0.0.0-py3.12.egg-info' (and everything under it)
Copying ../../build/final/final.egg-info to /home/cnutter/turtlebot4_ws/install/final/lib/python3.12/site-packages/final-0.0.0-py3.12.egg-info
running install_scripts
Installing color_vision script to /home/cnutter/turtlebot4_ws/install/final/lib/final
Installing get_obs script to /home/cnutter/turtlebot4_ws/install/final/lib/final
Installing go_to_goal script to /home/cnutter/turtlebot4_ws/install/final/lib/final
Installing goal_client script to /home/cnutter/turtlebot4_ws/install/final/lib/final
writing list of installed files to '/home/cnutter/turtlebot4_ws/build/final/install.log'
