[1.405s] Invoking command in '/home/cnutter/turtlebot4_ws/src/final': CMAKE_PREFIX_PATH=/home/cnutter/turtlebot4_ws/install/custom_interfaces:/home/cnutter/turtlebot4_ws/install/lab_bringup:/home/cnutter/turtlebot4_ws/install/final_bringup:/opt/ros/jazzy/opt/gz_sim_vendor:/opt/ros/jazzy/opt/gz_sensors_vendor:/opt/ros/jazzy/opt/gz_physics_vendor:/opt/ros/jazzy/opt/sdformat_vendor:/opt/ros/jazzy/opt/gz_gui_vendor:/opt/ros/jazzy/opt/gz_transport_vendor:/opt/ros/jazzy/opt/gz_rendering_vendor:/opt/ros/jazzy/opt/gz_plugin_vendor:/opt/ros/jazzy/opt/gz_fuel_tools_vendor:/opt/ros/jazzy/opt/gz_msgs_vendor:/opt/ros/jazzy/opt/gz_common_vendor:/opt/ros/jazzy/opt/gz_math_vendor:/opt/ros/jazzy/opt/gz_utils_vendor:/opt/ros/jazzy/opt/gz_tools_vendor:/opt/ros/jazzy/opt/gz_ogre_next_vendor:/opt/ros/jazzy/opt/gz_dartsim_vendor:/opt/ros/jazzy/opt/gz_cmake_vendor PYTHONPATH=/home/cnutter/turtlebot4_ws/build/final/prefix_override:/usr/lib/python3/dist-packages/colcon_core/task/python/colcon_distutils_commands:/home/cnutter/turtlebot4_ws/install/final/lib/python3.12/site-packages:/home/cnutter/turtlebot4_ws/install/custom_interfaces/lib/python3.12/site-packages:/home/cnutter/turtlebot4_ws/install/lab5_pkg/lib/python3.12/site-packages:/home/cnutter/turtlebot4_ws/install/lab3_pkg/lib/python3.12/site-packages:/home/cnutter/turtlebot4_ws/install/lab2_pkg/lib/python3.12/site-packages:/home/cnutter/turtlebot4_ws/install/lab1_pkg/lib/python3.12/site-packages:/home/cnutter/turtlebot4_ws/install/final/lib/python3.12/site-packages:/opt/ros/jazzy/lib/python3.12/site-packages /usr/bin/python3 -W ignore:setup.py install is deprecated -W ignore:easy_install command is deprecated setup.py egg_info --egg-base ../../build/final build --build-base /home/cnutter/turtlebot4_ws/build/final/build install --record /home/cnutter/turtlebot4_ws/build/final/install.log --single-version-externally-managed install_data
[1.696s] running egg_info
[1.720s] writing ../../build/final/final.egg-info/PKG-INFO
[1.720s] writing dependency_links to ../../build/final/final.egg-info/dependency_links.txt
[1.721s] writing entry points to ../../build/final/final.egg-info/entry_points.txt
[1.721s] writing requirements to ../../build/final/final.egg-info/requires.txt
[1.721s] writing top-level names to ../../build/final/final.egg-info/top_level.txt
[1.770s] reading manifest file '../../build/final/final.egg-info/SOURCES.txt'
[1.771s] writing manifest file '../../build/final/final.egg-info/SOURCES.txt'
[1.771s] running build
[1.771s] running build_py
[1.772s] copying final/color_vision.py -> /home/cnutter/turtlebot4_ws/build/final/build/lib/final
[1.772s] running install
[1.778s] running install_lib
[1.803s] copying /home/cnutter/turtlebot4_ws/build/final/build/lib/final/color_vision.py -> /home/cnutter/turtlebot4_ws/install/final/lib/python3.12/site-packages/final
[1.804s] byte-compiling /home/cnutter/turtlebot4_ws/install/final/lib/python3.12/site-packages/final/color_vision.py to color_vision.cpython-312.pyc
[1.807s] running install_data
[1.807s] running install_egg_info
[1.833s] removing '/home/cnutter/turtlebot4_ws/install/final/lib/python3.12/site-packages/final-0.0.0-py3.12.egg-info' (and everything under it)
[1.833s] Copying ../../build/final/final.egg-info to /home/cnutter/turtlebot4_ws/install/final/lib/python3.12/site-packages/final-0.0.0-py3.12.egg-info
[1.835s] running install_scripts
[1.992s] Installing color_vision script to /home/cnutter/turtlebot4_ws/install/final/lib/final
[1.992s] Installing get_obs script to /home/cnutter/turtlebot4_ws/install/final/lib/final
[1.992s] Installing go_to_goal script to /home/cnutter/turtlebot4_ws/install/final/lib/final
[1.993s] Installing goal_client script to /home/cnutter/turtlebot4_ws/install/final/lib/final
[1.993s] writing list of installed files to '/home/cnutter/turtlebot4_ws/build/final/install.log'
[2.019s] Invoked command in '/home/cnutter/turtlebot4_ws/src/final' returned '0': CMAKE_PREFIX_PATH=/home/cnutter/turtlebot4_ws/install/custom_interfaces:/home/cnutter/turtlebot4_ws/install/lab_bringup:/home/cnutter/turtlebot4_ws/install/final_bringup:/opt/ros/jazzy/opt/gz_sim_vendor:/opt/ros/jazzy/opt/gz_sensors_vendor:/opt/ros/jazzy/opt/gz_physics_vendor:/opt/ros/jazzy/opt/sdformat_vendor:/opt/ros/jazzy/opt/gz_gui_vendor:/opt/ros/jazzy/opt/gz_transport_vendor:/opt/ros/jazzy/opt/gz_rendering_vendor:/opt/ros/jazzy/opt/gz_plugin_vendor:/opt/ros/jazzy/opt/gz_fuel_tools_vendor:/opt/ros/jazzy/opt/gz_msgs_vendor:/opt/ros/jazzy/opt/gz_common_vendor:/opt/ros/jazzy/opt/gz_math_vendor:/opt/ros/jazzy/opt/gz_utils_vendor:/opt/ros/jazzy/opt/gz_tools_vendor:/opt/ros/jazzy/opt/gz_ogre_next_vendor:/opt/ros/jazzy/opt/gz_dartsim_vendor:/opt/ros/jazzy/opt/gz_cmake_vendor PYTHONPATH=/home/cnutter/turtlebot4_ws/build/final/prefix_override:/usr/lib/python3/dist-packages/colcon_core/task/python/colcon_distutils_commands:/home/cnutter/turtlebot4_ws/install/final/lib/python3.12/site-packages:/home/cnutter/turtlebot4_ws/install/custom_interfaces/lib/python3.12/site-packages:/home/cnutter/turtlebot4_ws/install/lab5_pkg/lib/python3.12/site-packages:/home/cnutter/turtlebot4_ws/install/lab3_pkg/lib/python3.12/site-packages:/home/cnutter/turtlebot4_ws/install/lab2_pkg/lib/python3.12/site-packages:/home/cnutter/turtlebot4_ws/install/lab1_pkg/lib/python3.12/site-packages:/home/cnutter/turtlebot4_ws/install/final/lib/python3.12/site-packages:/opt/ros/jazzy/lib/python3.12/site-packages /usr/bin/python3 -W ignore:setup.py install is deprecated -W ignore:easy_install command is deprecated setup.py egg_info --egg-base ../../build/final build --build-base /home/cnutter/turtlebot4_ws/build/final/build install --record /home/cnutter/turtlebot4_ws/build/final/install.log --single-version-externally-managed install_data
