[0.000000] (-) TimerEvent: {}
[0.000173] (custom_interfaces) JobQueued: {'identifier': 'custom_interfaces', 'dependencies': OrderedDict()}
[0.000384] (lab1_pkg) JobQueued: {'identifier': 'lab1_pkg', 'dependencies': OrderedDict()}
[0.000486] (lab2_pkg) JobQueued: {'identifier': 'lab2_pkg', 'dependencies': OrderedDict()}
[0.000588] (lab3_pkg) JobQueued: {'identifier': 'lab3_pkg', 'dependencies': OrderedDict({'custom_interfaces': '/home/buenr/CS488/install/custom_interfaces'})}
[0.000623] (lab5_pkg) JobQueued: {'identifier': 'lab5_pkg', 'dependencies': OrderedDict({'custom_interfaces': '/home/buenr/CS488/install/custom_interfaces'})}
[0.000657] (lab_bringup) JobQueued: {'identifier': 'lab_bringup', 'dependencies': OrderedDict({'custom_interfaces': '/home/buenr/CS488/install/custom_interfaces', 'lab3_pkg': '/home/buenr/CS488/install/lab3_pkg'})}
[0.000697] (custom_interfaces) JobStarted: {'identifier': 'custom_interfaces'}
[0.006947] (lab1_pkg) JobStarted: {'identifier': 'lab1_pkg'}
[0.014379] (lab2_pkg) JobStarted: {'identifier': 'lab2_pkg'}
[0.023228] (custom_interfaces) JobProgress: {'identifier': 'custom_interfaces', 'progress': 'cmake'}
[0.023874] (custom_interfaces) JobProgress: {'identifier': 'custom_interfaces', 'progress': 'build'}
[0.024567] (custom_interfaces) Command: {'cmd': ['/usr/bin/cmake', '--build', '/home/buenr/CS488/build/custom_interfaces', '--', '-j16', '-l16'], 'cwd': '/home/buenr/CS488/build/custom_interfaces', 'env': OrderedDict({'USER': 'buenr', 'GZ_SIM_RESOURCE_PATH': '/opt/ros/jazzy/share', 'GZ_CONFIG_PATH': '/opt/ros/jazzy/opt/gz_sim_vendor/share/gz:/opt/ros/jazzy/opt/sdformat_vendor/share/gz:/opt/ros/jazzy/opt/gz_gui_vendor/share/gz:/opt/ros/jazzy/opt/gz_transport_vendor/share/gz:/opt/ros/jazzy/opt/gz_rendering_vendor/share/gz:/opt/ros/jazzy/opt/gz_plugin_vendor/share/gz:/opt/ros/jazzy/opt/gz_fuel_tools_vendor/share/gz:/opt/ros/jazzy/opt/gz_msgs_vendor/share/gz:/opt/ros/jazzy/opt/gz_common_vendor/share/gz', 'XDG_SESSION_TYPE': 'wayland', 'CLUTTER_DISABLE_MIPMAPPED_TEXT': '1', 'SHLVL': '1', 'LD_LIBRARY_PATH': '/home/buenr/CS488/install/custom_interfaces/lib:/opt/ros/jazzy/opt/gz_sim_vendor/lib:/opt/ros/jazzy/opt/gz_sensors_vendor/lib:/opt/ros/jazzy/opt/gz_physics_vendor/lib:/opt/ros/jazzy/opt/sdformat_vendor/lib:/opt/ros/jazzy/opt/rviz_ogre_vendor/lib:/opt/ros/jazzy/lib/x86_64-linux-gnu:/opt/ros/jazzy/opt/gz_gui_vendor/lib:/opt/ros/jazzy/opt/gz_transport_vendor/lib:/opt/ros/jazzy/opt/gz_rendering_vendor/lib:/opt/ros/jazzy/opt/gz_plugin_vendor/lib:/opt/ros/jazzy/opt/gz_fuel_tools_vendor/lib:/opt/ros/jazzy/opt/gz_msgs_vendor/lib:/opt/ros/jazzy/opt/gz_common_vendor/lib:/opt/ros/jazzy/opt/gz_math_vendor/lib:/opt/ros/jazzy/opt/gz_utils_vendor/lib:/opt/ros/jazzy/opt/gz_tools_vendor/lib:/opt/ros/jazzy/opt/gz_ogre_next_vendor/lib:/opt/ros/jazzy/opt/gz_dartsim_vendor/lib:/opt/ros/jazzy/opt/gz_cmake_vendor/lib:/opt/ros/jazzy/lib', 'OLDPWD': '/home/buenr', 'HOME': '/home/buenr', 'DESKTOP_SESSION': 'ubuntu', 'GTK_MODULES': 'gail:atk-bridge', 'GNOME_SHELL_SESSION_MODE': 'ubuntu', 'ROS_PYTHON_VERSION': '3', 'SYSTEMD_EXEC_PID': '30152', 'DBUS_SESSION_BUS_ADDRESS': 'unix:path=/run/user/481846386/bus', 'GSM_SKIP_SSH_AGENT_WORKAROUND': 'true', 'COLORTERM': 'truecolor', 'CONDA_CHANGEPS1': 'no', 'WAYLAND_DISPLAY': 'wayland-0', 'ROS_DISTRO': 'jazzy', 'COLCON_PREFIX_PATH': '/home/buenr/CS488/install', 'LOGNAME': 'buenr', '_': '/usr/bin/colcon', 'MEMORY_PRESSURE_WATCH': '/sys/fs/cgroup/user.slice/user-481846386.slice/user@481846386.service/session.slice/org.gnome.Shell@wayland.service/memory.pressure', 'XDG_SESSION_CLASS': 'user', 'ROS_VERSION': '2', 'USERNAME': 'buenr', 'TERM': 'xterm-256color', 'PROMPT_EOL_MARK': '', 'ROS_SUPER_CLIENT': 'True', 'GNOME_DESKTOP_SESSION_ID': 'this-is-deprecated', 'PATH': '/opt/ros/jazzy/opt/gz_msgs_vendor/bin:/opt/ros/jazzy/opt/gz_tools_vendor/bin:/opt/ros/jazzy/opt/gz_ogre_next_vendor/bin:/opt/ros/jazzy/bin:/usr/local/sbin:/usr/local/bin:/usr/sbin:/usr/bin:/sbin:/bin:/usr/games:/usr/local/games:/snap/bin:/snap/bin', 'SESSION_MANAGER': 'local/csci20122:@/tmp/.ICE-unix/30099,unix/csci20122:/tmp/.ICE-unix/30099', 'GNOME_TERMINAL_SCREEN': '/org/gnome/Terminal/screen/7d6d0661_eb5b_4e50_84b1_79b4a45519ac', 'XDG_MENU_PREFIX': 'gnome-', 'GNOME_SETUP_DISPLAY': ':1', 'XDG_RUNTIME_DIR': '/run/user/481846386', 'DISPLAY': ':0', 'XDG_CURRENT_DESKTOP': 'ubuntu:GNOME', 'LANG': 'en_US.UTF-8', 'RMW_IMPLEMENTATION': 'rmw_fastrtps_cpp', 'XDG_SESSION_DESKTOP': 'ubuntu', 'GNOME_TERMINAL_SERVICE': ':1.194', 'XMODIFIERS': '@im=ibus', 'XAUTHORITY': '/run/user/481846386/.mutter-Xwaylandauth.1MMGN3', 'SSH_AUTH_SOCK': '/run/user/481846386/keyring/ssh', 'AMENT_PREFIX_PATH': '/home/buenr/CS488/install/lab_bringup:/home/buenr/CS488/install/lab5_pkg:/home/buenr/CS488/install/lab3_pkg:/home/buenr/CS488/install/lab2_pkg:/home/buenr/CS488/install/lab1_pkg:/home/buenr/CS488/install/custom_interfaces:/opt/ros/jazzy', 'ROS_DOMAIN_ID': '0', 'KRB5CCNAME': 'FILE:/tmp/krb5cc_481846386_s7E0DV', 'SHELL': '/bin/zsh', 'ROS_DISCOVERY_SERVER': '10.5.113.101:11811', 'QT_ACCESSIBILITY': '1', 'GDMSESSION': 'ubuntu', 'QT_IM_MODULE': 'ibus', 'ROS_AUTOMATIC_DISCOVERY_RANGE': 'SUBNET', 'PWD': '/home/buenr/CS488/build/custom_interfaces', 'XDG_DATA_DIRS': '/usr/local/share/:/usr/share/:/var/lib/snapd/desktop', 'VIRTUAL_ENV_DISABLE_PROMPT': '12', 'PYTHONPATH': '/home/buenr/CS488/install/lab5_pkg/lib/python3.12/site-packages:/home/buenr/CS488/install/lab3_pkg/lib/python3.12/site-packages:/home/buenr/CS488/install/lab2_pkg/lib/python3.12/site-packages:/home/buenr/CS488/install/lab1_pkg/lib/python3.12/site-packages:/home/buenr/CS488/install/custom_interfaces/lib/python3.12/site-packages:/opt/ros/jazzy/lib/python3.12/site-packages', 'COLCON': '1', 'VTE_VERSION': '7600', 'MEMORY_PRESSURE_WRITE': 'c29tZSAyMDAwMDAgMjAwMDAwMAA=', 'CMAKE_PREFIX_PATH': '/home/buenr/CS488/install/lab_bringup:/home/buenr/CS488/install/custom_interfaces:/opt/ros/jazzy/opt/gz_sim_vendor:/opt/ros/jazzy/opt/gz_sensors_vendor:/opt/ros/jazzy/opt/gz_physics_vendor:/opt/ros/jazzy/opt/sdformat_vendor:/opt/ros/jazzy/opt/gz_gui_vendor:/opt/ros/jazzy/opt/gz_transport_vendor:/opt/ros/jazzy/opt/gz_rendering_vendor:/opt/ros/jazzy/opt/gz_plugin_vendor:/opt/ros/jazzy/opt/gz_fuel_tools_vendor:/opt/ros/jazzy/opt/gz_msgs_vendor:/opt/ros/jazzy/opt/gz_common_vendor:/opt/ros/jazzy/opt/gz_math_vendor:/opt/ros/jazzy/opt/gz_utils_vendor:/opt/ros/jazzy/opt/gz_tools_vendor:/opt/ros/jazzy/opt/gz_ogre_next_vendor:/opt/ros/jazzy/opt/gz_dartsim_vendor:/opt/ros/jazzy/opt/gz_cmake_vendor:/home/buenr/CS488/install/lab5_pkg:/home/buenr/CS488/install/lab3_pkg:/home/buenr/CS488/install/lab2_pkg:/home/buenr/CS488/install/lab1_pkg:/opt/ros/jazzy'}), 'shell': False}
[0.099886] (-) TimerEvent: {}
[0.200127] (-) TimerEvent: {}
[0.261011] (custom_interfaces) StdoutLine: {'line': b'[  2%] Built target custom_interfaces__rosidl_generator_type_description\n'}
[0.261399] (custom_interfaces) StdoutLine: {'line': b'[  2%] Built target ament_cmake_python_copy_custom_interfaces\n'}
[0.261505] (custom_interfaces) StdoutLine: {'line': b'[  4%] Built target custom_interfaces__cpp\n'}
[0.261582] (custom_interfaces) StdoutLine: {'line': b'[ 22%] Built target custom_interfaces__rosidl_generator_c\n'}
[0.261713] (custom_interfaces) StdoutLine: {'line': b'[ 31%] Built target custom_interfaces__rosidl_typesupport_c\n'}
[0.261788] (custom_interfaces) StdoutLine: {'line': b'[ 40%] Built target custom_interfaces__rosidl_typesupport_introspection_c\n'}
[0.261861] (custom_interfaces) StdoutLine: {'line': b'[ 63%] Built target custom_interfaces__rosidl_typesupport_fastrtps_c\n'}
[0.261931] (custom_interfaces) StdoutLine: {'line': b'[ 63%] Built target custom_interfaces__rosidl_typesupport_cpp\n'}
[0.262003] (custom_interfaces) StdoutLine: {'line': b'[ 75%] Built target custom_interfaces__rosidl_typesupport_introspection_cpp\n'}
[0.262083] (custom_interfaces) StdoutLine: {'line': b'[ 77%] Built target custom_interfaces__rosidl_typesupport_fastrtps_cpp\n'}
[0.262154] (custom_interfaces) StdoutLine: {'line': b'[ 77%] Built target custom_interfaces\n'}
[0.262225] (custom_interfaces) StdoutLine: {'line': b'[ 79%] Built target custom_interfaces__py\n'}
[0.262320] (custom_interfaces) StdoutLine: {'line': b'[ 86%] Built target custom_interfaces__rosidl_generator_py\n'}
[0.262447] (custom_interfaces) StdoutLine: {'line': b'[100%] Built target custom_interfaces_s__rosidl_typesupport_c\n'}
[0.262528] (custom_interfaces) StdoutLine: {'line': b'[100%] Built target custom_interfaces_s__rosidl_typesupport_fastrtps_c\n'}
[0.262649] (custom_interfaces) StdoutLine: {'line': b'[100%] Built target custom_interfaces_s__rosidl_typesupport_introspection_c\n'}
[0.300211] (-) TimerEvent: {}
[0.374110] (custom_interfaces) StdoutLine: {'line': b'running egg_info\n'}
[0.399274] (custom_interfaces) StdoutLine: {'line': b'writing custom_interfaces.egg-info/PKG-INFO\n'}
[0.399497] (custom_interfaces) StdoutLine: {'line': b'writing dependency_links to custom_interfaces.egg-info/dependency_links.txt\n'}
[0.399662] (custom_interfaces) StdoutLine: {'line': b'writing top-level names to custom_interfaces.egg-info/top_level.txt\n'}
[0.400271] (-) TimerEvent: {}
[0.472715] (custom_interfaces) StdoutLine: {'line': b"reading manifest file 'custom_interfaces.egg-info/SOURCES.txt'\n"}
[0.473225] (custom_interfaces) StdoutLine: {'line': b"writing manifest file 'custom_interfaces.egg-info/SOURCES.txt'\n"}
[0.499704] (custom_interfaces) StdoutLine: {'line': b'[100%] Built target ament_cmake_python_build_custom_interfaces_egg\n'}
[0.500341] (-) TimerEvent: {}
[0.510400] (custom_interfaces) CommandEnded: {'returncode': 0}
[0.511007] (custom_interfaces) JobProgress: {'identifier': 'custom_interfaces', 'progress': 'install'}
[0.519770] (custom_interfaces) Command: {'cmd': ['/usr/bin/cmake', '--install', '/home/buenr/CS488/build/custom_interfaces'], 'cwd': '/home/buenr/CS488/build/custom_interfaces', 'env': OrderedDict({'USER': 'buenr', 'GZ_SIM_RESOURCE_PATH': '/opt/ros/jazzy/share', 'GZ_CONFIG_PATH': '/opt/ros/jazzy/opt/gz_sim_vendor/share/gz:/opt/ros/jazzy/opt/sdformat_vendor/share/gz:/opt/ros/jazzy/opt/gz_gui_vendor/share/gz:/opt/ros/jazzy/opt/gz_transport_vendor/share/gz:/opt/ros/jazzy/opt/gz_rendering_vendor/share/gz:/opt/ros/jazzy/opt/gz_plugin_vendor/share/gz:/opt/ros/jazzy/opt/gz_fuel_tools_vendor/share/gz:/opt/ros/jazzy/opt/gz_msgs_vendor/share/gz:/opt/ros/jazzy/opt/gz_common_vendor/share/gz', 'XDG_SESSION_TYPE': 'wayland', 'CLUTTER_DISABLE_MIPMAPPED_TEXT': '1', 'SHLVL': '1', 'LD_LIBRARY_PATH': '/home/buenr/CS488/install/custom_interfaces/lib:/opt/ros/jazzy/opt/gz_sim_vendor/lib:/opt/ros/jazzy/opt/gz_sensors_vendor/lib:/opt/ros/jazzy/opt/gz_physics_vendor/lib:/opt/ros/jazzy/opt/sdformat_vendor/lib:/opt/ros/jazzy/opt/rviz_ogre_vendor/lib:/opt/ros/jazzy/lib/x86_64-linux-gnu:/opt/ros/jazzy/opt/gz_gui_vendor/lib:/opt/ros/jazzy/opt/gz_transport_vendor/lib:/opt/ros/jazzy/opt/gz_rendering_vendor/lib:/opt/ros/jazzy/opt/gz_plugin_vendor/lib:/opt/ros/jazzy/opt/gz_fuel_tools_vendor/lib:/opt/ros/jazzy/opt/gz_msgs_vendor/lib:/opt/ros/jazzy/opt/gz_common_vendor/lib:/opt/ros/jazzy/opt/gz_math_vendor/lib:/opt/ros/jazzy/opt/gz_utils_vendor/lib:/opt/ros/jazzy/opt/gz_tools_vendor/lib:/opt/ros/jazzy/opt/gz_ogre_next_vendor/lib:/opt/ros/jazzy/opt/gz_dartsim_vendor/lib:/opt/ros/jazzy/opt/gz_cmake_vendor/lib:/opt/ros/jazzy/lib', 'OLDPWD': '/home/buenr', 'HOME': '/home/buenr', 'DESKTOP_SESSION': 'ubuntu', 'GTK_MODULES': 'gail:atk-bridge', 'GNOME_SHELL_SESSION_MODE': 'ubuntu', 'ROS_PYTHON_VERSION': '3', 'SYSTEMD_EXEC_PID': '30152', 'DBUS_SESSION_BUS_ADDRESS': 'unix:path=/run/user/481846386/bus', 'GSM_SKIP_SSH_AGENT_WORKAROUND': 'true', 'COLORTERM': 'truecolor', 'CONDA_CHANGEPS1': 'no', 'WAYLAND_DISPLAY': 'wayland-0', 'ROS_DISTRO': 'jazzy', 'COLCON_PREFIX_PATH': '/home/buenr/CS488/install', 'LOGNAME': 'buenr', '_': '/usr/bin/colcon', 'MEMORY_PRESSURE_WATCH': '/sys/fs/cgroup/user.slice/user-481846386.slice/user@481846386.service/session.slice/org.gnome.Shell@wayland.service/memory.pressure', 'XDG_SESSION_CLASS': 'user', 'ROS_VERSION': '2', 'USERNAME': 'buenr', 'TERM': 'xterm-256color', 'PROMPT_EOL_MARK': '', 'ROS_SUPER_CLIENT': 'True', 'GNOME_DESKTOP_SESSION_ID': 'this-is-deprecated', 'PATH': '/opt/ros/jazzy/opt/gz_msgs_vendor/bin:/opt/ros/jazzy/opt/gz_tools_vendor/bin:/opt/ros/jazzy/opt/gz_ogre_next_vendor/bin:/opt/ros/jazzy/bin:/usr/local/sbin:/usr/local/bin:/usr/sbin:/usr/bin:/sbin:/bin:/usr/games:/usr/local/games:/snap/bin:/snap/bin', 'SESSION_MANAGER': 'local/csci20122:@/tmp/.ICE-unix/30099,unix/csci20122:/tmp/.ICE-unix/30099', 'GNOME_TERMINAL_SCREEN': '/org/gnome/Terminal/screen/7d6d0661_eb5b_4e50_84b1_79b4a45519ac', 'XDG_MENU_PREFIX': 'gnome-', 'GNOME_SETUP_DISPLAY': ':1', 'XDG_RUNTIME_DIR': '/run/user/481846386', 'DISPLAY': ':0', 'XDG_CURRENT_DESKTOP': 'ubuntu:GNOME', 'LANG': 'en_US.UTF-8', 'RMW_IMPLEMENTATION': 'rmw_fastrtps_cpp', 'XDG_SESSION_DESKTOP': 'ubuntu', 'GNOME_TERMINAL_SERVICE': ':1.194', 'XMODIFIERS': '@im=ibus', 'XAUTHORITY': '/run/user/481846386/.mutter-Xwaylandauth.1MMGN3', 'SSH_AUTH_SOCK': '/run/user/481846386/keyring/ssh', 'AMENT_PREFIX_PATH': '/home/buenr/CS488/install/lab_bringup:/home/buenr/CS488/install/lab5_pkg:/home/buenr/CS488/install/lab3_pkg:/home/buenr/CS488/install/lab2_pkg:/home/buenr/CS488/install/lab1_pkg:/home/buenr/CS488/install/custom_interfaces:/opt/ros/jazzy', 'ROS_DOMAIN_ID': '0', 'KRB5CCNAME': 'FILE:/tmp/krb5cc_481846386_s7E0DV', 'SHELL': '/bin/zsh', 'ROS_DISCOVERY_SERVER': '10.5.113.101:11811', 'QT_ACCESSIBILITY': '1', 'GDMSESSION': 'ubuntu', 'QT_IM_MODULE': 'ibus', 'ROS_AUTOMATIC_DISCOVERY_RANGE': 'SUBNET', 'PWD': '/home/buenr/CS488/build/custom_interfaces', 'XDG_DATA_DIRS': '/usr/local/share/:/usr/share/:/var/lib/snapd/desktop', 'VIRTUAL_ENV_DISABLE_PROMPT': '12', 'PYTHONPATH': '/home/buenr/CS488/install/lab5_pkg/lib/python3.12/site-packages:/home/buenr/CS488/install/lab3_pkg/lib/python3.12/site-packages:/home/buenr/CS488/install/lab2_pkg/lib/python3.12/site-packages:/home/buenr/CS488/install/lab1_pkg/lib/python3.12/site-packages:/home/buenr/CS488/install/custom_interfaces/lib/python3.12/site-packages:/opt/ros/jazzy/lib/python3.12/site-packages', 'COLCON': '1', 'VTE_VERSION': '7600', 'MEMORY_PRESSURE_WRITE': 'c29tZSAyMDAwMDAgMjAwMDAwMAA=', 'CMAKE_PREFIX_PATH': '/home/buenr/CS488/install/lab_bringup:/home/buenr/CS488/install/custom_interfaces:/opt/ros/jazzy/opt/gz_sim_vendor:/opt/ros/jazzy/opt/gz_sensors_vendor:/opt/ros/jazzy/opt/gz_physics_vendor:/opt/ros/jazzy/opt/sdformat_vendor:/opt/ros/jazzy/opt/gz_gui_vendor:/opt/ros/jazzy/opt/gz_transport_vendor:/opt/ros/jazzy/opt/gz_rendering_vendor:/opt/ros/jazzy/opt/gz_plugin_vendor:/opt/ros/jazzy/opt/gz_fuel_tools_vendor:/opt/ros/jazzy/opt/gz_msgs_vendor:/opt/ros/jazzy/opt/gz_common_vendor:/opt/ros/jazzy/opt/gz_math_vendor:/opt/ros/jazzy/opt/gz_utils_vendor:/opt/ros/jazzy/opt/gz_tools_vendor:/opt/ros/jazzy/opt/gz_ogre_next_vendor:/opt/ros/jazzy/opt/gz_dartsim_vendor:/opt/ros/jazzy/opt/gz_cmake_vendor:/home/buenr/CS488/install/lab5_pkg:/home/buenr/CS488/install/lab3_pkg:/home/buenr/CS488/install/lab2_pkg:/home/buenr/CS488/install/lab1_pkg:/opt/ros/jazzy'}), 'shell': False}
[0.527991] (custom_interfaces) StdoutLine: {'line': b'-- Install configuration: ""\n'}
[0.528201] (custom_interfaces) StdoutLine: {'line': b'-- Up-to-date: /home/buenr/CS488/install/custom_interfaces/share/ament_index/resource_index/rosidl_interfaces/custom_interfaces\n'}
[0.528376] (custom_interfaces) StdoutLine: {'line': b'-- Up-to-date: /home/buenr/CS488/install/custom_interfaces/share/custom_interfaces/srv/SetCap.json\n'}
[0.528537] (custom_interfaces) StdoutLine: {'line': b'-- Up-to-date: /home/buenr/CS488/install/custom_interfaces/share/custom_interfaces/action/RobotGoal.json\n'}
[0.528680] (custom_interfaces) StdoutLine: {'line': b'-- Up-to-date: /home/buenr/CS488/install/custom_interfaces/include/custom_interfaces/custom_interfaces\n'}
[0.528799] (custom_interfaces) StdoutLine: {'line': b'-- Up-to-date: /home/buenr/CS488/install/custom_interfaces/include/custom_interfaces/custom_interfaces/srv\n'}
[0.528926] (custom_interfaces) StdoutLine: {'line': b'-- Up-to-date: /home/buenr/CS488/install/custom_interfaces/include/custom_interfaces/custom_interfaces/srv/detail\n'}
[0.529057] (custom_interfaces) StdoutLine: {'line': b'-- Up-to-date: /home/buenr/CS488/install/custom_interfaces/include/custom_interfaces/custom_interfaces/srv/detail/set_cap__type_support.h\n'}
[0.529210] (custom_interfaces) StdoutLine: {'line': b'-- Up-to-date: /home/buenr/CS488/install/custom_interfaces/include/custom_interfaces/custom_interfaces/srv/detail/set_cap__description.c\n'}
[0.529329] (custom_interfaces) StdoutLine: {'line': b'-- Up-to-date: /home/buenr/CS488/install/custom_interfaces/include/custom_interfaces/custom_interfaces/srv/detail/set_cap__type_support.c\n'}
[0.529460] (custom_interfaces) StdoutLine: {'line': b'-- Up-to-date: /home/buenr/CS488/install/custom_interfaces/include/custom_interfaces/custom_interfaces/srv/detail/set_cap__functions.c\n'}
[0.529593] (custom_interfaces) StdoutLine: {'line': b'-- Up-to-date: /home/buenr/CS488/install/custom_interfaces/include/custom_interfaces/custom_interfaces/srv/detail/set_cap__functions.h\n'}
[0.529746] (custom_interfaces) StdoutLine: {'line': b'-- Up-to-date: /home/buenr/CS488/install/custom_interfaces/include/custom_interfaces/custom_interfaces/srv/detail/set_cap__struct.h\n'}
[0.529873] (custom_interfaces) StdoutLine: {'line': b'-- Up-to-date: /home/buenr/CS488/install/custom_interfaces/include/custom_interfaces/custom_interfaces/srv/set_cap.h\n'}
[0.529999] (custom_interfaces) StdoutLine: {'line': b'-- Up-to-date: /home/buenr/CS488/install/custom_interfaces/include/custom_interfaces/custom_interfaces/action\n'}
[0.530113] (custom_interfaces) StdoutLine: {'line': b'-- Up-to-date: /home/buenr/CS488/install/custom_interfaces/include/custom_interfaces/custom_interfaces/action/detail\n'}
[0.530236] (custom_interfaces) StdoutLine: {'line': b'-- Up-to-date: /home/buenr/CS488/install/custom_interfaces/include/custom_interfaces/custom_interfaces/action/detail/robot_goal__struct.h\n'}
[0.530364] (custom_interfaces) StdoutLine: {'line': b'-- Up-to-date: /home/buenr/CS488/install/custom_interfaces/include/custom_interfaces/custom_interfaces/action/detail/robot_goal__functions.c\n'}
[0.530517] (custom_interfaces) StdoutLine: {'line': b'-- Up-to-date: /home/buenr/CS488/install/custom_interfaces/include/custom_interfaces/custom_interfaces/action/detail/robot_goal__description.c\n'}
[0.530666] (custom_interfaces) StdoutLine: {'line': b'-- Up-to-date: /home/buenr/CS488/install/custom_interfaces/include/custom_interfaces/custom_interfaces/action/detail/robot_goal__functions.h\n'}
[0.530814] (custom_interfaces) StdoutLine: {'line': b'-- Up-to-date: /home/buenr/CS488/install/custom_interfaces/include/custom_interfaces/custom_interfaces/action/detail/robot_goal__type_support.h\n'}
[0.530955] (custom_interfaces) StdoutLine: {'line': b'-- Up-to-date: /home/buenr/CS488/install/custom_interfaces/include/custom_interfaces/custom_interfaces/action/detail/robot_goal__type_support.c\n'}
[0.531084] (custom_interfaces) StdoutLine: {'line': b'-- Up-to-date: /home/buenr/CS488/install/custom_interfaces/include/custom_interfaces/custom_interfaces/action/robot_goal.h\n'}
[0.531227] (custom_interfaces) StdoutLine: {'line': b'-- Up-to-date: /home/buenr/CS488/install/custom_interfaces/include/custom_interfaces/custom_interfaces/msg\n'}
[0.531356] (custom_interfaces) StdoutLine: {'line': b'-- Up-to-date: /home/buenr/CS488/install/custom_interfaces/include/custom_interfaces/custom_interfaces/msg/rosidl_generator_c__visibility_control.h\n'}
[0.531518] (custom_interfaces) StdoutLine: {'line': b'-- Up-to-date: /home/buenr/CS488/install/custom_interfaces/share/custom_interfaces/environment/library_path.sh\n'}
[0.531643] (custom_interfaces) StdoutLine: {'line': b'-- Up-to-date: /home/buenr/CS488/install/custom_interfaces/share/custom_interfaces/environment/library_path.dsv\n'}
[0.531752] (custom_interfaces) StdoutLine: {'line': b'-- Up-to-date: /home/buenr/CS488/install/custom_interfaces/lib/libcustom_interfaces__rosidl_generator_c.so\n'}
[0.531867] (custom_interfaces) StdoutLine: {'line': b'-- Up-to-date: /home/buenr/CS488/install/custom_interfaces/include/custom_interfaces/custom_interfaces\n'}
[0.531979] (custom_interfaces) StdoutLine: {'line': b'-- Up-to-date: /home/buenr/CS488/install/custom_interfaces/include/custom_interfaces/custom_interfaces/srv\n'}
[0.532096] (custom_interfaces) StdoutLine: {'line': b'-- Up-to-date: /home/buenr/CS488/install/custom_interfaces/include/custom_interfaces/custom_interfaces/srv/detail\n'}
[0.532231] (custom_interfaces) StdoutLine: {'line': b'-- Up-to-date: /home/buenr/CS488/install/custom_interfaces/include/custom_interfaces/custom_interfaces/srv/detail/set_cap__rosidl_typesupport_fastrtps_c.h\n'}
[0.532358] (custom_interfaces) StdoutLine: {'line': b'-- Up-to-date: /home/buenr/CS488/install/custom_interfaces/include/custom_interfaces/custom_interfaces/action\n'}
[0.532492] (custom_interfaces) StdoutLine: {'line': b'-- Up-to-date: /home/buenr/CS488/install/custom_interfaces/include/custom_interfaces/custom_interfaces/action/detail\n'}
[0.532612] (custom_interfaces) StdoutLine: {'line': b'-- Up-to-date: /home/buenr/CS488/install/custom_interfaces/include/custom_interfaces/custom_interfaces/action/detail/robot_goal__rosidl_typesupport_fastrtps_c.h\n'}
[0.532734] (custom_interfaces) StdoutLine: {'line': b'-- Up-to-date: /home/buenr/CS488/install/custom_interfaces/include/custom_interfaces/custom_interfaces/msg\n'}
[0.532842] (custom_interfaces) StdoutLine: {'line': b'-- Up-to-date: /home/buenr/CS488/install/custom_interfaces/include/custom_interfaces/custom_interfaces/msg/rosidl_typesupport_fastrtps_c__visibility_control.h\n'}
[0.532959] (custom_interfaces) StdoutLine: {'line': b'-- Up-to-date: /home/buenr/CS488/install/custom_interfaces/lib/libcustom_interfaces__rosidl_typesupport_fastrtps_c.so\n'}
[0.533075] (custom_interfaces) StdoutLine: {'line': b'-- Up-to-date: /home/buenr/CS488/install/custom_interfaces/include/custom_interfaces/custom_interfaces\n'}
[0.533198] (custom_interfaces) StdoutLine: {'line': b'-- Up-to-date: /home/buenr/CS488/install/custom_interfaces/include/custom_interfaces/custom_interfaces/srv\n'}
[0.533316] (custom_interfaces) StdoutLine: {'line': b'-- Up-to-date: /home/buenr/CS488/install/custom_interfaces/include/custom_interfaces/custom_interfaces/srv/detail\n'}
[0.533442] (custom_interfaces) StdoutLine: {'line': b'-- Up-to-date: /home/buenr/CS488/install/custom_interfaces/include/custom_interfaces/custom_interfaces/srv/detail/set_cap__type_support.c\n'}
[0.533567] (custom_interfaces) StdoutLine: {'line': b'-- Up-to-date: /home/buenr/CS488/install/custom_interfaces/include/custom_interfaces/custom_interfaces/srv/detail/set_cap__rosidl_typesupport_introspection_c.h\n'}
[0.533696] (custom_interfaces) StdoutLine: {'line': b'-- Up-to-date: /home/buenr/CS488/install/custom_interfaces/include/custom_interfaces/custom_interfaces/action\n'}
[0.533815] (custom_interfaces) StdoutLine: {'line': b'-- Up-to-date: /home/buenr/CS488/install/custom_interfaces/include/custom_interfaces/custom_interfaces/action/detail\n'}
[0.533940] (custom_interfaces) StdoutLine: {'line': b'-- Up-to-date: /home/buenr/CS488/install/custom_interfaces/include/custom_interfaces/custom_interfaces/action/detail/robot_goal__rosidl_typesupport_introspection_c.h\n'}
[0.534062] (custom_interfaces) StdoutLine: {'line': b'-- Up-to-date: /home/buenr/CS488/install/custom_interfaces/include/custom_interfaces/custom_interfaces/action/detail/robot_goal__type_support.c\n'}
[0.534175] (custom_interfaces) StdoutLine: {'line': b'-- Up-to-date: /home/buenr/CS488/install/custom_interfaces/include/custom_interfaces/custom_interfaces/msg\n'}
[0.534321] (custom_interfaces) StdoutLine: {'line': b'-- Up-to-date: /home/buenr/CS488/install/custom_interfaces/include/custom_interfaces/custom_interfaces/msg/rosidl_typesupport_introspection_c__visibility_control.h\n'}
[0.534452] (custom_interfaces) StdoutLine: {'line': b'-- Up-to-date: /home/buenr/CS488/install/custom_interfaces/lib/libcustom_interfaces__rosidl_typesupport_introspection_c.so\n'}
[0.534593] (custom_interfaces) StdoutLine: {'line': b'-- Up-to-date: /home/buenr/CS488/install/custom_interfaces/lib/libcustom_interfaces__rosidl_typesupport_c.so\n'}
[0.534727] (custom_interfaces) StdoutLine: {'line': b'-- Up-to-date: /home/buenr/CS488/install/custom_interfaces/include/custom_interfaces/custom_interfaces\n'}
[0.534855] (custom_interfaces) StdoutLine: {'line': b'-- Up-to-date: /home/buenr/CS488/install/custom_interfaces/include/custom_interfaces/custom_interfaces/srv\n'}
[0.534978] (custom_interfaces) StdoutLine: {'line': b'-- Up-to-date: /home/buenr/CS488/install/custom_interfaces/include/custom_interfaces/custom_interfaces/srv/detail\n'}
[0.535206] (custom_interfaces) StdoutLine: {'line': b'-- Up-to-date: /home/buenr/CS488/install/custom_interfaces/include/custom_interfaces/custom_interfaces/srv/detail/set_cap__traits.hpp\n'}
[0.535379] (custom_interfaces) StdoutLine: {'line': b'-- Up-to-date: /home/buenr/CS488/install/custom_interfaces/include/custom_interfaces/custom_interfaces/srv/detail/set_cap__struct.hpp\n'}
[0.535509] (custom_interfaces) StdoutLine: {'line': b'-- Up-to-date: /home/buenr/CS488/install/custom_interfaces/include/custom_interfaces/custom_interfaces/srv/detail/set_cap__builder.hpp\n'}
[0.535631] (custom_interfaces) StdoutLine: {'line': b'-- Up-to-date: /home/buenr/CS488/install/custom_interfaces/include/custom_interfaces/custom_interfaces/srv/detail/set_cap__type_support.hpp\n'}
[0.535752] (custom_interfaces) StdoutLine: {'line': b'-- Up-to-date: /home/buenr/CS488/install/custom_interfaces/include/custom_interfaces/custom_interfaces/srv/set_cap.hpp\n'}
[0.535863] (custom_interfaces) StdoutLine: {'line': b'-- Up-to-date: /home/buenr/CS488/install/custom_interfaces/include/custom_interfaces/custom_interfaces/action\n'}
[0.535982] (custom_interfaces) StdoutLine: {'line': b'-- Up-to-date: /home/buenr/CS488/install/custom_interfaces/include/custom_interfaces/custom_interfaces/action/detail\n'}
[0.536103] (custom_interfaces) StdoutLine: {'line': b'-- Up-to-date: /home/buenr/CS488/install/custom_interfaces/include/custom_interfaces/custom_interfaces/action/detail/robot_goal__struct.hpp\n'}
[0.536219] (custom_interfaces) StdoutLine: {'line': b'-- Up-to-date: /home/buenr/CS488/install/custom_interfaces/include/custom_interfaces/custom_interfaces/action/detail/robot_goal__type_support.hpp\n'}
[0.536337] (custom_interfaces) StdoutLine: {'line': b'-- Up-to-date: /home/buenr/CS488/install/custom_interfaces/include/custom_interfaces/custom_interfaces/action/detail/robot_goal__traits.hpp\n'}
[0.536467] (custom_interfaces) StdoutLine: {'line': b'-- Up-to-date: /home/buenr/CS488/install/custom_interfaces/include/custom_interfaces/custom_interfaces/action/detail/robot_goal__builder.hpp\n'}
[0.536588] (custom_interfaces) StdoutLine: {'line': b'-- Up-to-date: /home/buenr/CS488/install/custom_interfaces/include/custom_interfaces/custom_interfaces/action/robot_goal.hpp\n'}
[0.536704] (custom_interfaces) StdoutLine: {'line': b'-- Up-to-date: /home/buenr/CS488/install/custom_interfaces/include/custom_interfaces/custom_interfaces/msg\n'}
[0.536817] (custom_interfaces) StdoutLine: {'line': b'-- Up-to-date: /home/buenr/CS488/install/custom_interfaces/include/custom_interfaces/custom_interfaces/msg/rosidl_generator_cpp__visibility_control.hpp\n'}
[0.536931] (custom_interfaces) StdoutLine: {'line': b'-- Up-to-date: /home/buenr/CS488/install/custom_interfaces/include/custom_interfaces/custom_interfaces\n'}
[0.537045] (custom_interfaces) StdoutLine: {'line': b'-- Up-to-date: /home/buenr/CS488/install/custom_interfaces/include/custom_interfaces/custom_interfaces/srv\n'}
[0.537156] (custom_interfaces) StdoutLine: {'line': b'-- Up-to-date: /home/buenr/CS488/install/custom_interfaces/include/custom_interfaces/custom_interfaces/srv/detail\n'}
[0.537273] (custom_interfaces) StdoutLine: {'line': b'-- Up-to-date: /home/buenr/CS488/install/custom_interfaces/include/custom_interfaces/custom_interfaces/srv/detail/set_cap__rosidl_typesupport_fastrtps_cpp.hpp\n'}
[0.537393] (custom_interfaces) StdoutLine: {'line': b'-- Up-to-date: /home/buenr/CS488/install/custom_interfaces/include/custom_interfaces/custom_interfaces/srv/detail/dds_fastrtps\n'}
[0.537519] (custom_interfaces) StdoutLine: {'line': b'-- Up-to-date: /home/buenr/CS488/install/custom_interfaces/include/custom_interfaces/custom_interfaces/action\n'}
[0.537644] (custom_interfaces) StdoutLine: {'line': b'-- Up-to-date: /home/buenr/CS488/install/custom_interfaces/include/custom_interfaces/custom_interfaces/action/detail\n'}
[0.537778] (custom_interfaces) StdoutLine: {'line': b'-- Up-to-date: /home/buenr/CS488/install/custom_interfaces/include/custom_interfaces/custom_interfaces/action/detail/robot_goal__rosidl_typesupport_fastrtps_cpp.hpp\n'}
[0.537899] (custom_interfaces) StdoutLine: {'line': b'-- Up-to-date: /home/buenr/CS488/install/custom_interfaces/include/custom_interfaces/custom_interfaces/action/detail/dds_fastrtps\n'}
[0.538017] (custom_interfaces) StdoutLine: {'line': b'-- Up-to-date: /home/buenr/CS488/install/custom_interfaces/include/custom_interfaces/custom_interfaces/msg\n'}
[0.538134] (custom_interfaces) StdoutLine: {'line': b'-- Up-to-date: /home/buenr/CS488/install/custom_interfaces/include/custom_interfaces/custom_interfaces/msg/rosidl_typesupport_fastrtps_cpp__visibility_control.h\n'}
[0.538256] (custom_interfaces) StdoutLine: {'line': b'-- Up-to-date: /home/buenr/CS488/install/custom_interfaces/lib/libcustom_interfaces__rosidl_typesupport_fastrtps_cpp.so\n'}
[0.538378] (custom_interfaces) StdoutLine: {'line': b'-- Up-to-date: /home/buenr/CS488/install/custom_interfaces/include/custom_interfaces/custom_interfaces\n'}
[0.538502] (custom_interfaces) StdoutLine: {'line': b'-- Up-to-date: /home/buenr/CS488/install/custom_interfaces/include/custom_interfaces/custom_interfaces/srv\n'}
[0.538625] (custom_interfaces) StdoutLine: {'line': b'-- Up-to-date: /home/buenr/CS488/install/custom_interfaces/include/custom_interfaces/custom_interfaces/srv/detail\n'}
[0.538751] (custom_interfaces) StdoutLine: {'line': b'-- Up-to-date: /home/buenr/CS488/install/custom_interfaces/include/custom_interfaces/custom_interfaces/srv/detail/set_cap__rosidl_typesupport_introspection_cpp.hpp\n'}
[0.538872] (custom_interfaces) StdoutLine: {'line': b'-- Up-to-date: /home/buenr/CS488/install/custom_interfaces/include/custom_interfaces/custom_interfaces/srv/detail/set_cap__type_support.cpp\n'}
[0.538989] (custom_interfaces) StdoutLine: {'line': b'-- Up-to-date: /home/buenr/CS488/install/custom_interfaces/include/custom_interfaces/custom_interfaces/action\n'}
[0.539113] (custom_interfaces) StdoutLine: {'line': b'-- Up-to-date: /home/buenr/CS488/install/custom_interfaces/include/custom_interfaces/custom_interfaces/action/detail\n'}
[0.539232] (custom_interfaces) StdoutLine: {'line': b'-- Up-to-date: /home/buenr/CS488/install/custom_interfaces/include/custom_interfaces/custom_interfaces/action/detail/robot_goal__rosidl_typesupport_introspection_cpp.hpp\n'}
[0.539358] (custom_interfaces) StdoutLine: {'line': b'-- Up-to-date: /home/buenr/CS488/install/custom_interfaces/include/custom_interfaces/custom_interfaces/action/detail/robot_goal__type_support.cpp\n'}
[0.539484] (custom_interfaces) StdoutLine: {'line': b'-- Up-to-date: /home/buenr/CS488/install/custom_interfaces/lib/libcustom_interfaces__rosidl_typesupport_introspection_cpp.so\n'}
[0.539600] (custom_interfaces) StdoutLine: {'line': b'-- Up-to-date: /home/buenr/CS488/install/custom_interfaces/lib/libcustom_interfaces__rosidl_typesupport_cpp.so\n'}
[0.539715] (custom_interfaces) StdoutLine: {'line': b'-- Up-to-date: /home/buenr/CS488/install/custom_interfaces/share/custom_interfaces/environment/pythonpath.sh\n'}
[0.539837] (custom_interfaces) StdoutLine: {'line': b'-- Up-to-date: /home/buenr/CS488/install/custom_interfaces/share/custom_interfaces/environment/pythonpath.dsv\n'}
[0.539961] (custom_interfaces) StdoutLine: {'line': b'-- Up-to-date: /home/buenr/CS488/install/custom_interfaces/lib/python3.12/site-packages/custom_interfaces-0.0.0-py3.12.egg-info\n'}
[0.540081] (custom_interfaces) StdoutLine: {'line': b'-- Installing: /home/buenr/CS488/install/custom_interfaces/lib/python3.12/site-packages/custom_interfaces-0.0.0-py3.12.egg-info/SOURCES.txt\n'}
[0.540199] (custom_interfaces) StdoutLine: {'line': b'-- Installing: /home/buenr/CS488/install/custom_interfaces/lib/python3.12/site-packages/custom_interfaces-0.0.0-py3.12.egg-info/dependency_links.txt\n'}
[0.540320] (custom_interfaces) StdoutLine: {'line': b'-- Installing: /home/buenr/CS488/install/custom_interfaces/lib/python3.12/site-packages/custom_interfaces-0.0.0-py3.12.egg-info/PKG-INFO\n'}
[0.540443] (custom_interfaces) StdoutLine: {'line': b'-- Installing: /home/buenr/CS488/install/custom_interfaces/lib/python3.12/site-packages/custom_interfaces-0.0.0-py3.12.egg-info/top_level.txt\n'}
[0.540561] (custom_interfaces) StdoutLine: {'line': b'-- Up-to-date: /home/buenr/CS488/install/custom_interfaces/lib/python3.12/site-packages/custom_interfaces\n'}
[0.540681] (custom_interfaces) StdoutLine: {'line': b'-- Up-to-date: /home/buenr/CS488/install/custom_interfaces/lib/python3.12/site-packages/custom_interfaces/custom_interfaces_s__rosidl_typesupport_c.so\n'}
[0.540798] (custom_interfaces) StdoutLine: {'line': b'-- Up-to-date: /home/buenr/CS488/install/custom_interfaces/lib/python3.12/site-packages/custom_interfaces/custom_interfaces_s__rosidl_typesupport_fastrtps_c.so\n'}
[0.540924] (custom_interfaces) StdoutLine: {'line': b'-- Up-to-date: /home/buenr/CS488/install/custom_interfaces/lib/python3.12/site-packages/custom_interfaces/__init__.py\n'}
[0.541055] (custom_interfaces) StdoutLine: {'line': b'-- Up-to-date: /home/buenr/CS488/install/custom_interfaces/lib/python3.12/site-packages/custom_interfaces/custom_interfaces_s__rosidl_typesupport_introspection_c.so\n'}
[0.541173] (custom_interfaces) StdoutLine: {'line': b'-- Up-to-date: /home/buenr/CS488/install/custom_interfaces/lib/python3.12/site-packages/custom_interfaces/srv\n'}
[0.541293] (custom_interfaces) StdoutLine: {'line': b'-- Up-to-date: /home/buenr/CS488/install/custom_interfaces/lib/python3.12/site-packages/custom_interfaces/srv/_set_cap.py\n'}
[0.541412] (custom_interfaces) StdoutLine: {'line': b'-- Up-to-date: /home/buenr/CS488/install/custom_interfaces/lib/python3.12/site-packages/custom_interfaces/srv/__init__.py\n'}
[0.541533] (custom_interfaces) StdoutLine: {'line': b'-- Up-to-date: /home/buenr/CS488/install/custom_interfaces/lib/python3.12/site-packages/custom_interfaces/srv/_set_cap_s.c\n'}
[0.541654] (custom_interfaces) StdoutLine: {'line': b'-- Up-to-date: /home/buenr/CS488/install/custom_interfaces/lib/python3.12/site-packages/custom_interfaces/_custom_interfaces_s.ep.rosidl_typesupport_introspection_c.c\n'}
[0.541769] (custom_interfaces) StdoutLine: {'line': b'-- Up-to-date: /home/buenr/CS488/install/custom_interfaces/lib/python3.12/site-packages/custom_interfaces/action\n'}
[0.541886] (custom_interfaces) StdoutLine: {'line': b'-- Up-to-date: /home/buenr/CS488/install/custom_interfaces/lib/python3.12/site-packages/custom_interfaces/action/_robot_goal.py\n'}
[0.542007] (custom_interfaces) StdoutLine: {'line': b'-- Up-to-date: /home/buenr/CS488/install/custom_interfaces/lib/python3.12/site-packages/custom_interfaces/action/__init__.py\n'}
[0.542128] (custom_interfaces) StdoutLine: {'line': b'-- Up-to-date: /home/buenr/CS488/install/custom_interfaces/lib/python3.12/site-packages/custom_interfaces/action/_robot_goal_s.c\n'}
[0.542244] (custom_interfaces) StdoutLine: {'line': b'-- Up-to-date: /home/buenr/CS488/install/custom_interfaces/lib/python3.12/site-packages/custom_interfaces/_custom_interfaces_s.ep.rosidl_typesupport_fastrtps_c.c\n'}
[0.542364] (custom_interfaces) StdoutLine: {'line': b'-- Up-to-date: /home/buenr/CS488/install/custom_interfaces/lib/python3.12/site-packages/custom_interfaces/_custom_interfaces_s.ep.rosidl_typesupport_c.c\n'}
[0.564800] (custom_interfaces) StdoutLine: {'line': b"Listing '/home/buenr/CS488/install/custom_interfaces/lib/python3.12/site-packages/custom_interfaces'...\n"}
[0.565025] (custom_interfaces) StdoutLine: {'line': b"Listing '/home/buenr/CS488/install/custom_interfaces/lib/python3.12/site-packages/custom_interfaces/action'...\n"}
[0.565158] (custom_interfaces) StdoutLine: {'line': b"Listing '/home/buenr/CS488/install/custom_interfaces/lib/python3.12/site-packages/custom_interfaces/srv'...\n"}
[0.568758] (custom_interfaces) StdoutLine: {'line': b'-- Up-to-date: /home/buenr/CS488/install/custom_interfaces/lib/python3.12/site-packages/custom_interfaces/custom_interfaces_s__rosidl_typesupport_fastrtps_c.so\n'}
[0.569097] (custom_interfaces) StdoutLine: {'line': b'-- Up-to-date: /home/buenr/CS488/install/custom_interfaces/lib/python3.12/site-packages/custom_interfaces/custom_interfaces_s__rosidl_typesupport_introspection_c.so\n'}
[0.569375] (custom_interfaces) StdoutLine: {'line': b'-- Up-to-date: /home/buenr/CS488/install/custom_interfaces/lib/python3.12/site-packages/custom_interfaces/custom_interfaces_s__rosidl_typesupport_c.so\n'}
[0.569658] (custom_interfaces) StdoutLine: {'line': b'-- Up-to-date: /home/buenr/CS488/install/custom_interfaces/lib/libcustom_interfaces__rosidl_generator_py.so\n'}
[0.569824] (custom_interfaces) StdoutLine: {'line': b'-- Up-to-date: /home/buenr/CS488/install/custom_interfaces/share/custom_interfaces/srv/SetCap.idl\n'}
[0.569959] (custom_interfaces) StdoutLine: {'line': b'-- Up-to-date: /home/buenr/CS488/install/custom_interfaces/share/custom_interfaces/action/RobotGoal.idl\n'}
[0.570136] (custom_interfaces) StdoutLine: {'line': b'-- Up-to-date: /home/buenr/CS488/install/custom_interfaces/share/custom_interfaces/srv/SetCap.srv\n'}
[0.570280] (custom_interfaces) StdoutLine: {'line': b'-- Up-to-date: /home/buenr/CS488/install/custom_interfaces/share/custom_interfaces/action/RobotGoal.action\n'}
[0.570408] (custom_interfaces) StdoutLine: {'line': b'-- Up-to-date: /home/buenr/CS488/install/custom_interfaces/share/ament_index/resource_index/package_run_dependencies/custom_interfaces\n'}
[0.570541] (custom_interfaces) StdoutLine: {'line': b'-- Up-to-date: /home/buenr/CS488/install/custom_interfaces/share/ament_index/resource_index/parent_prefix_path/custom_interfaces\n'}
[0.570671] (custom_interfaces) StdoutLine: {'line': b'-- Up-to-date: /home/buenr/CS488/install/custom_interfaces/share/custom_interfaces/environment/ament_prefix_path.sh\n'}
[0.570792] (custom_interfaces) StdoutLine: {'line': b'-- Up-to-date: /home/buenr/CS488/install/custom_interfaces/share/custom_interfaces/environment/ament_prefix_path.dsv\n'}
[0.570945] (custom_interfaces) StdoutLine: {'line': b'-- Up-to-date: /home/buenr/CS488/install/custom_interfaces/share/custom_interfaces/environment/path.sh\n'}
[0.571085] (custom_interfaces) StdoutLine: {'line': b'-- Up-to-date: /home/buenr/CS488/install/custom_interfaces/share/custom_interfaces/environment/path.dsv\n'}
[0.571231] (custom_interfaces) StdoutLine: {'line': b'-- Up-to-date: /home/buenr/CS488/install/custom_interfaces/share/custom_interfaces/local_setup.bash\n'}
[0.571372] (custom_interfaces) StdoutLine: {'line': b'-- Up-to-date: /home/buenr/CS488/install/custom_interfaces/share/custom_interfaces/local_setup.sh\n'}
[0.571521] (custom_interfaces) StdoutLine: {'line': b'-- Up-to-date: /home/buenr/CS488/install/custom_interfaces/share/custom_interfaces/local_setup.zsh\n'}
[0.571661] (custom_interfaces) StdoutLine: {'line': b'-- Up-to-date: /home/buenr/CS488/install/custom_interfaces/share/custom_interfaces/local_setup.dsv\n'}
[0.571809] (custom_interfaces) StdoutLine: {'line': b'-- Installing: /home/buenr/CS488/install/custom_interfaces/share/custom_interfaces/package.dsv\n'}
[0.571953] (custom_interfaces) StdoutLine: {'line': b'-- Up-to-date: /home/buenr/CS488/install/custom_interfaces/share/ament_index/resource_index/packages/custom_interfaces\n'}
[0.572098] (custom_interfaces) StdoutLine: {'line': b'-- Up-to-date: /home/buenr/CS488/install/custom_interfaces/share/custom_interfaces/cmake/export_custom_interfaces__rosidl_generator_cExport.cmake\n'}
[0.572240] (custom_interfaces) StdoutLine: {'line': b'-- Up-to-date: /home/buenr/CS488/install/custom_interfaces/share/custom_interfaces/cmake/export_custom_interfaces__rosidl_generator_cExport-noconfig.cmake\n'}
[0.572379] (custom_interfaces) StdoutLine: {'line': b'-- Up-to-date: /home/buenr/CS488/install/custom_interfaces/share/custom_interfaces/cmake/export_custom_interfaces__rosidl_typesupport_fastrtps_cExport.cmake\n'}
[0.572540] (custom_interfaces) StdoutLine: {'line': b'-- Up-to-date: /home/buenr/CS488/install/custom_interfaces/share/custom_interfaces/cmake/export_custom_interfaces__rosidl_typesupport_fastrtps_cExport-noconfig.cmake\n'}
[0.572662] (custom_interfaces) StdoutLine: {'line': b'-- Up-to-date: /home/buenr/CS488/install/custom_interfaces/share/custom_interfaces/cmake/custom_interfaces__rosidl_typesupport_introspection_cExport.cmake\n'}
[0.572781] (custom_interfaces) StdoutLine: {'line': b'-- Up-to-date: /home/buenr/CS488/install/custom_interfaces/share/custom_interfaces/cmake/custom_interfaces__rosidl_typesupport_introspection_cExport-noconfig.cmake\n'}
[0.572901] (custom_interfaces) StdoutLine: {'line': b'-- Up-to-date: /home/buenr/CS488/install/custom_interfaces/share/custom_interfaces/cmake/custom_interfaces__rosidl_typesupport_cExport.cmake\n'}
[0.573016] (custom_interfaces) StdoutLine: {'line': b'-- Up-to-date: /home/buenr/CS488/install/custom_interfaces/share/custom_interfaces/cmake/custom_interfaces__rosidl_typesupport_cExport-noconfig.cmake\n'}
[0.573125] (custom_interfaces) StdoutLine: {'line': b'-- Up-to-date: /home/buenr/CS488/install/custom_interfaces/share/custom_interfaces/cmake/export_custom_interfaces__rosidl_generator_cppExport.cmake\n'}
[0.573237] (custom_interfaces) StdoutLine: {'line': b'-- Up-to-date: /home/buenr/CS488/install/custom_interfaces/share/custom_interfaces/cmake/export_custom_interfaces__rosidl_typesupport_fastrtps_cppExport.cmake\n'}
[0.573353] (custom_interfaces) StdoutLine: {'line': b'-- Up-to-date: /home/buenr/CS488/install/custom_interfaces/share/custom_interfaces/cmake/export_custom_interfaces__rosidl_typesupport_fastrtps_cppExport-noconfig.cmake\n'}
[0.573473] (custom_interfaces) StdoutLine: {'line': b'-- Up-to-date: /home/buenr/CS488/install/custom_interfaces/share/custom_interfaces/cmake/custom_interfaces__rosidl_typesupport_introspection_cppExport.cmake\n'}
[0.573587] (custom_interfaces) StdoutLine: {'line': b'-- Up-to-date: /home/buenr/CS488/install/custom_interfaces/share/custom_interfaces/cmake/custom_interfaces__rosidl_typesupport_introspection_cppExport-noconfig.cmake\n'}
[0.573716] (custom_interfaces) StdoutLine: {'line': b'-- Up-to-date: /home/buenr/CS488/install/custom_interfaces/share/custom_interfaces/cmake/custom_interfaces__rosidl_typesupport_cppExport.cmake\n'}
[0.573948] (custom_interfaces) StdoutLine: {'line': b'-- Up-to-date: /home/buenr/CS488/install/custom_interfaces/share/custom_interfaces/cmake/custom_interfaces__rosidl_typesupport_cppExport-noconfig.cmake\n'}
[0.574240] (custom_interfaces) StdoutLine: {'line': b'-- Up-to-date: /home/buenr/CS488/install/custom_interfaces/share/custom_interfaces/cmake/export_custom_interfaces__rosidl_generator_pyExport.cmake\n'}
[0.574737] (custom_interfaces) StdoutLine: {'line': b'-- Up-to-date: /home/buenr/CS488/install/custom_interfaces/share/custom_interfaces/cmake/export_custom_interfaces__rosidl_generator_pyExport-noconfig.cmake\n'}
[0.574911] (custom_interfaces) StdoutLine: {'line': b'-- Up-to-date: /home/buenr/CS488/install/custom_interfaces/share/custom_interfaces/cmake/rosidl_cmake-extras.cmake\n'}
[0.575078] (custom_interfaces) StdoutLine: {'line': b'-- Up-to-date: /home/buenr/CS488/install/custom_interfaces/share/custom_interfaces/cmake/ament_cmake_export_dependencies-extras.cmake\n'}
[0.575249] (custom_interfaces) StdoutLine: {'line': b'-- Up-to-date: /home/buenr/CS488/install/custom_interfaces/share/custom_interfaces/cmake/ament_cmake_export_include_directories-extras.cmake\n'}
[0.575432] (custom_interfaces) StdoutLine: {'line': b'-- Up-to-date: /home/buenr/CS488/install/custom_interfaces/share/custom_interfaces/cmake/ament_cmake_export_libraries-extras.cmake\n'}
[0.575609] (custom_interfaces) StdoutLine: {'line': b'-- Up-to-date: /home/buenr/CS488/install/custom_interfaces/share/custom_interfaces/cmake/ament_cmake_export_targets-extras.cmake\n'}
[0.575979] (custom_interfaces) StdoutLine: {'line': b'-- Up-to-date: /home/buenr/CS488/install/custom_interfaces/share/custom_interfaces/cmake/rosidl_cmake_export_typesupport_targets-extras.cmake\n'}
[0.576220] (custom_interfaces) StdoutLine: {'line': b'-- Up-to-date: /home/buenr/CS488/install/custom_interfaces/share/custom_interfaces/cmake/rosidl_cmake_export_typesupport_libraries-extras.cmake\n'}
[0.576364] (custom_interfaces) StdoutLine: {'line': b'-- Up-to-date: /home/buenr/CS488/install/custom_interfaces/share/custom_interfaces/cmake/custom_interfacesConfig.cmake\n'}
[0.576599] (custom_interfaces) StdoutLine: {'line': b'-- Up-to-date: /home/buenr/CS488/install/custom_interfaces/share/custom_interfaces/cmake/custom_interfacesConfig-version.cmake\n'}
[0.576891] (custom_interfaces) StdoutLine: {'line': b'-- Up-to-date: /home/buenr/CS488/install/custom_interfaces/share/custom_interfaces/package.xml\n'}
[0.577076] (custom_interfaces) CommandEnded: {'returncode': 0}
[0.600424] (-) TimerEvent: {}
[0.630055] (custom_interfaces) JobEnded: {'identifier': 'custom_interfaces', 'rc': 0}
[0.633600] (lab3_pkg) JobStarted: {'identifier': 'lab3_pkg'}
[0.637634] (lab5_pkg) JobStarted: {'identifier': 'lab5_pkg'}
[0.700544] (-) TimerEvent: {}
[0.800777] (-) TimerEvent: {}
[0.901056] (-) TimerEvent: {}
[1.001245] (-) TimerEvent: {}
[1.101446] (-) TimerEvent: {}
[1.157189] (lab2_pkg) Command: {'cmd': ['/usr/bin/python3', '-W', 'ignore:setup.py install is deprecated', '-W', 'ignore:easy_install command is deprecated', 'setup.py', 'egg_info', '--egg-base', '../../build/lab2_pkg', 'build', '--build-base', '/home/buenr/CS488/build/lab2_pkg/build', 'install', '--record', '/home/buenr/CS488/build/lab2_pkg/install.log', '--single-version-externally-managed', 'install_data'], 'cwd': '/home/buenr/CS488/src/lab2_pkg', 'env': {'USER': 'buenr', 'GZ_SIM_RESOURCE_PATH': '/opt/ros/jazzy/share', 'GZ_CONFIG_PATH': '/opt/ros/jazzy/opt/gz_sim_vendor/share/gz:/opt/ros/jazzy/opt/sdformat_vendor/share/gz:/opt/ros/jazzy/opt/gz_gui_vendor/share/gz:/opt/ros/jazzy/opt/gz_transport_vendor/share/gz:/opt/ros/jazzy/opt/gz_rendering_vendor/share/gz:/opt/ros/jazzy/opt/gz_plugin_vendor/share/gz:/opt/ros/jazzy/opt/gz_fuel_tools_vendor/share/gz:/opt/ros/jazzy/opt/gz_msgs_vendor/share/gz:/opt/ros/jazzy/opt/gz_common_vendor/share/gz', 'XDG_SESSION_TYPE': 'wayland', 'CLUTTER_DISABLE_MIPMAPPED_TEXT': '1', 'SHLVL': '1', 'LD_LIBRARY_PATH': '/home/buenr/CS488/install/custom_interfaces/lib:/opt/ros/jazzy/opt/gz_sim_vendor/lib:/opt/ros/jazzy/opt/gz_sensors_vendor/lib:/opt/ros/jazzy/opt/gz_physics_vendor/lib:/opt/ros/jazzy/opt/sdformat_vendor/lib:/opt/ros/jazzy/opt/rviz_ogre_vendor/lib:/opt/ros/jazzy/lib/x86_64-linux-gnu:/opt/ros/jazzy/opt/gz_gui_vendor/lib:/opt/ros/jazzy/opt/gz_transport_vendor/lib:/opt/ros/jazzy/opt/gz_rendering_vendor/lib:/opt/ros/jazzy/opt/gz_plugin_vendor/lib:/opt/ros/jazzy/opt/gz_fuel_tools_vendor/lib:/opt/ros/jazzy/opt/gz_msgs_vendor/lib:/opt/ros/jazzy/opt/gz_common_vendor/lib:/opt/ros/jazzy/opt/gz_math_vendor/lib:/opt/ros/jazzy/opt/gz_utils_vendor/lib:/opt/ros/jazzy/opt/gz_tools_vendor/lib:/opt/ros/jazzy/opt/gz_ogre_next_vendor/lib:/opt/ros/jazzy/opt/gz_dartsim_vendor/lib:/opt/ros/jazzy/opt/gz_cmake_vendor/lib:/opt/ros/jazzy/lib', 'OLDPWD': '/home/buenr', 'HOME': '/home/buenr', 'DESKTOP_SESSION': 'ubuntu', 'GTK_MODULES': 'gail:atk-bridge', 'GNOME_SHELL_SESSION_MODE': 'ubuntu', 'ROS_PYTHON_VERSION': '3', 'SYSTEMD_EXEC_PID': '30152', 'DBUS_SESSION_BUS_ADDRESS': 'unix:path=/run/user/481846386/bus', 'GSM_SKIP_SSH_AGENT_WORKAROUND': 'true', 'COLORTERM': 'truecolor', 'CONDA_CHANGEPS1': 'no', 'WAYLAND_DISPLAY': 'wayland-0', 'ROS_DISTRO': 'jazzy', 'COLCON_PREFIX_PATH': '/home/buenr/CS488/install', 'LOGNAME': 'buenr', '_': '/usr/bin/colcon', 'MEMORY_PRESSURE_WATCH': '/sys/fs/cgroup/user.slice/user-481846386.slice/user@481846386.service/session.slice/org.gnome.Shell@wayland.service/memory.pressure', 'XDG_SESSION_CLASS': 'user', 'ROS_VERSION': '2', 'USERNAME': 'buenr', 'TERM': 'xterm-256color', 'PROMPT_EOL_MARK': '', 'ROS_SUPER_CLIENT': 'True', 'GNOME_DESKTOP_SESSION_ID': 'this-is-deprecated', 'PATH': '/opt/ros/jazzy/opt/gz_msgs_vendor/bin:/opt/ros/jazzy/opt/gz_tools_vendor/bin:/opt/ros/jazzy/opt/gz_ogre_next_vendor/bin:/opt/ros/jazzy/bin:/usr/local/sbin:/usr/local/bin:/usr/sbin:/usr/bin:/sbin:/bin:/usr/games:/usr/local/games:/snap/bin:/snap/bin', 'SESSION_MANAGER': 'local/csci20122:@/tmp/.ICE-unix/30099,unix/csci20122:/tmp/.ICE-unix/30099', 'GNOME_TERMINAL_SCREEN': '/org/gnome/Terminal/screen/7d6d0661_eb5b_4e50_84b1_79b4a45519ac', 'XDG_MENU_PREFIX': 'gnome-', 'GNOME_SETUP_DISPLAY': ':1', 'XDG_RUNTIME_DIR': '/run/user/481846386', 'DISPLAY': ':0', 'XDG_CURRENT_DESKTOP': 'ubuntu:GNOME', 'LANG': 'en_US.UTF-8', 'RMW_IMPLEMENTATION': 'rmw_fastrtps_cpp', 'XDG_SESSION_DESKTOP': 'ubuntu', 'GNOME_TERMINAL_SERVICE': ':1.194', 'XMODIFIERS': '@im=ibus', 'XAUTHORITY': '/run/user/481846386/.mutter-Xwaylandauth.1MMGN3', 'SSH_AUTH_SOCK': '/run/user/481846386/keyring/ssh', 'AMENT_PREFIX_PATH': '/home/buenr/CS488/install/lab_bringup:/home/buenr/CS488/install/lab5_pkg:/home/buenr/CS488/install/lab3_pkg:/home/buenr/CS488/install/lab2_pkg:/home/buenr/CS488/install/lab1_pkg:/home/buenr/CS488/install/custom_interfaces:/opt/ros/jazzy', 'ROS_DOMAIN_ID': '0', 'KRB5CCNAME': 'FILE:/tmp/krb5cc_481846386_s7E0DV', 'SHELL': '/bin/zsh', 'ROS_DISCOVERY_SERVER': '10.5.113.101:11811', 'QT_ACCESSIBILITY': '1', 'GDMSESSION': 'ubuntu', 'QT_IM_MODULE': 'ibus', 'ROS_AUTOMATIC_DISCOVERY_RANGE': 'SUBNET', 'PWD': '/home/buenr/CS488/build/lab2_pkg', 'XDG_DATA_DIRS': '/usr/local/share/:/usr/share/:/var/lib/snapd/desktop', 'VIRTUAL_ENV_DISABLE_PROMPT': '12', 'PYTHONPATH': '/home/buenr/CS488/build/lab2_pkg/prefix_override:/usr/lib/python3/dist-packages/colcon_core/task/python/colcon_distutils_commands:/home/buenr/CS488/install/lab2_pkg/lib/python3.12/site-packages:/home/buenr/CS488/install/lab5_pkg/lib/python3.12/site-packages:/home/buenr/CS488/install/lab3_pkg/lib/python3.12/site-packages:/home/buenr/CS488/install/lab2_pkg/lib/python3.12/site-packages:/home/buenr/CS488/install/lab1_pkg/lib/python3.12/site-packages:/home/buenr/CS488/install/custom_interfaces/lib/python3.12/site-packages:/opt/ros/jazzy/lib/python3.12/site-packages', 'COLCON': '1', 'VTE_VERSION': '7600', 'MEMORY_PRESSURE_WRITE': 'c29tZSAyMDAwMDAgMjAwMDAwMAA=', 'CMAKE_PREFIX_PATH': '/home/buenr/CS488/install/lab_bringup:/home/buenr/CS488/install/custom_interfaces:/opt/ros/jazzy/opt/gz_sim_vendor:/opt/ros/jazzy/opt/gz_sensors_vendor:/opt/ros/jazzy/opt/gz_physics_vendor:/opt/ros/jazzy/opt/sdformat_vendor:/opt/ros/jazzy/opt/gz_gui_vendor:/opt/ros/jazzy/opt/gz_transport_vendor:/opt/ros/jazzy/opt/gz_rendering_vendor:/opt/ros/jazzy/opt/gz_plugin_vendor:/opt/ros/jazzy/opt/gz_fuel_tools_vendor:/opt/ros/jazzy/opt/gz_msgs_vendor:/opt/ros/jazzy/opt/gz_common_vendor:/opt/ros/jazzy/opt/gz_math_vendor:/opt/ros/jazzy/opt/gz_utils_vendor:/opt/ros/jazzy/opt/gz_tools_vendor:/opt/ros/jazzy/opt/gz_ogre_next_vendor:/opt/ros/jazzy/opt/gz_dartsim_vendor:/opt/ros/jazzy/opt/gz_cmake_vendor'}, 'shell': False}
[1.172268] (lab1_pkg) Command: {'cmd': ['/usr/bin/python3', '-W', 'ignore:setup.py install is deprecated', '-W', 'ignore:easy_install command is deprecated', 'setup.py', 'egg_info', '--egg-base', '../../build/lab1_pkg', 'build', '--build-base', '/home/buenr/CS488/build/lab1_pkg/build', 'install', '--record', '/home/buenr/CS488/build/lab1_pkg/install.log', '--single-version-externally-managed', 'install_data'], 'cwd': '/home/buenr/CS488/src/lab1_pkg', 'env': {'USER': 'buenr', 'GZ_SIM_RESOURCE_PATH': '/opt/ros/jazzy/share', 'GZ_CONFIG_PATH': '/opt/ros/jazzy/opt/gz_sim_vendor/share/gz:/opt/ros/jazzy/opt/sdformat_vendor/share/gz:/opt/ros/jazzy/opt/gz_gui_vendor/share/gz:/opt/ros/jazzy/opt/gz_transport_vendor/share/gz:/opt/ros/jazzy/opt/gz_rendering_vendor/share/gz:/opt/ros/jazzy/opt/gz_plugin_vendor/share/gz:/opt/ros/jazzy/opt/gz_fuel_tools_vendor/share/gz:/opt/ros/jazzy/opt/gz_msgs_vendor/share/gz:/opt/ros/jazzy/opt/gz_common_vendor/share/gz', 'XDG_SESSION_TYPE': 'wayland', 'CLUTTER_DISABLE_MIPMAPPED_TEXT': '1', 'SHLVL': '1', 'LD_LIBRARY_PATH': '/home/buenr/CS488/install/custom_interfaces/lib:/opt/ros/jazzy/opt/gz_sim_vendor/lib:/opt/ros/jazzy/opt/gz_sensors_vendor/lib:/opt/ros/jazzy/opt/gz_physics_vendor/lib:/opt/ros/jazzy/opt/sdformat_vendor/lib:/opt/ros/jazzy/opt/rviz_ogre_vendor/lib:/opt/ros/jazzy/lib/x86_64-linux-gnu:/opt/ros/jazzy/opt/gz_gui_vendor/lib:/opt/ros/jazzy/opt/gz_transport_vendor/lib:/opt/ros/jazzy/opt/gz_rendering_vendor/lib:/opt/ros/jazzy/opt/gz_plugin_vendor/lib:/opt/ros/jazzy/opt/gz_fuel_tools_vendor/lib:/opt/ros/jazzy/opt/gz_msgs_vendor/lib:/opt/ros/jazzy/opt/gz_common_vendor/lib:/opt/ros/jazzy/opt/gz_math_vendor/lib:/opt/ros/jazzy/opt/gz_utils_vendor/lib:/opt/ros/jazzy/opt/gz_tools_vendor/lib:/opt/ros/jazzy/opt/gz_ogre_next_vendor/lib:/opt/ros/jazzy/opt/gz_dartsim_vendor/lib:/opt/ros/jazzy/opt/gz_cmake_vendor/lib:/opt/ros/jazzy/lib', 'OLDPWD': '/home/buenr', 'HOME': '/home/buenr', 'DESKTOP_SESSION': 'ubuntu', 'GTK_MODULES': 'gail:atk-bridge', 'GNOME_SHELL_SESSION_MODE': 'ubuntu', 'ROS_PYTHON_VERSION': '3', 'SYSTEMD_EXEC_PID': '30152', 'DBUS_SESSION_BUS_ADDRESS': 'unix:path=/run/user/481846386/bus', 'GSM_SKIP_SSH_AGENT_WORKAROUND': 'true', 'COLORTERM': 'truecolor', 'CONDA_CHANGEPS1': 'no', 'WAYLAND_DISPLAY': 'wayland-0', 'ROS_DISTRO': 'jazzy', 'COLCON_PREFIX_PATH': '/home/buenr/CS488/install', 'LOGNAME': 'buenr', '_': '/usr/bin/colcon', 'MEMORY_PRESSURE_WATCH': '/sys/fs/cgroup/user.slice/user-481846386.slice/user@481846386.service/session.slice/org.gnome.Shell@wayland.service/memory.pressure', 'XDG_SESSION_CLASS': 'user', 'ROS_VERSION': '2', 'USERNAME': 'buenr', 'TERM': 'xterm-256color', 'PROMPT_EOL_MARK': '', 'ROS_SUPER_CLIENT': 'True', 'GNOME_DESKTOP_SESSION_ID': 'this-is-deprecated', 'PATH': '/opt/ros/jazzy/opt/gz_msgs_vendor/bin:/opt/ros/jazzy/opt/gz_tools_vendor/bin:/opt/ros/jazzy/opt/gz_ogre_next_vendor/bin:/opt/ros/jazzy/bin:/usr/local/sbin:/usr/local/bin:/usr/sbin:/usr/bin:/sbin:/bin:/usr/games:/usr/local/games:/snap/bin:/snap/bin', 'SESSION_MANAGER': 'local/csci20122:@/tmp/.ICE-unix/30099,unix/csci20122:/tmp/.ICE-unix/30099', 'GNOME_TERMINAL_SCREEN': '/org/gnome/Terminal/screen/7d6d0661_eb5b_4e50_84b1_79b4a45519ac', 'XDG_MENU_PREFIX': 'gnome-', 'GNOME_SETUP_DISPLAY': ':1', 'XDG_RUNTIME_DIR': '/run/user/481846386', 'DISPLAY': ':0', 'XDG_CURRENT_DESKTOP': 'ubuntu:GNOME', 'LANG': 'en_US.UTF-8', 'RMW_IMPLEMENTATION': 'rmw_fastrtps_cpp', 'XDG_SESSION_DESKTOP': 'ubuntu', 'GNOME_TERMINAL_SERVICE': ':1.194', 'XMODIFIERS': '@im=ibus', 'XAUTHORITY': '/run/user/481846386/.mutter-Xwaylandauth.1MMGN3', 'SSH_AUTH_SOCK': '/run/user/481846386/keyring/ssh', 'AMENT_PREFIX_PATH': '/home/buenr/CS488/install/lab_bringup:/home/buenr/CS488/install/lab5_pkg:/home/buenr/CS488/install/lab3_pkg:/home/buenr/CS488/install/lab2_pkg:/home/buenr/CS488/install/lab1_pkg:/home/buenr/CS488/install/custom_interfaces:/opt/ros/jazzy', 'ROS_DOMAIN_ID': '0', 'KRB5CCNAME': 'FILE:/tmp/krb5cc_481846386_s7E0DV', 'SHELL': '/bin/zsh', 'ROS_DISCOVERY_SERVER': '10.5.113.101:11811', 'QT_ACCESSIBILITY': '1', 'GDMSESSION': 'ubuntu', 'QT_IM_MODULE': 'ibus', 'ROS_AUTOMATIC_DISCOVERY_RANGE': 'SUBNET', 'PWD': '/home/buenr/CS488/build/lab1_pkg', 'XDG_DATA_DIRS': '/usr/local/share/:/usr/share/:/var/lib/snapd/desktop', 'VIRTUAL_ENV_DISABLE_PROMPT': '12', 'PYTHONPATH': '/home/buenr/CS488/build/lab1_pkg/prefix_override:/usr/lib/python3/dist-packages/colcon_core/task/python/colcon_distutils_commands:/home/buenr/CS488/install/lab1_pkg/lib/python3.12/site-packages:/home/buenr/CS488/install/lab5_pkg/lib/python3.12/site-packages:/home/buenr/CS488/install/lab3_pkg/lib/python3.12/site-packages:/home/buenr/CS488/install/lab2_pkg/lib/python3.12/site-packages:/home/buenr/CS488/install/lab1_pkg/lib/python3.12/site-packages:/home/buenr/CS488/install/custom_interfaces/lib/python3.12/site-packages:/opt/ros/jazzy/lib/python3.12/site-packages', 'COLCON': '1', 'VTE_VERSION': '7600', 'MEMORY_PRESSURE_WRITE': 'c29tZSAyMDAwMDAgMjAwMDAwMAA=', 'CMAKE_PREFIX_PATH': '/home/buenr/CS488/install/lab_bringup:/home/buenr/CS488/install/custom_interfaces:/opt/ros/jazzy/opt/gz_sim_vendor:/opt/ros/jazzy/opt/gz_sensors_vendor:/opt/ros/jazzy/opt/gz_physics_vendor:/opt/ros/jazzy/opt/sdformat_vendor:/opt/ros/jazzy/opt/gz_gui_vendor:/opt/ros/jazzy/opt/gz_transport_vendor:/opt/ros/jazzy/opt/gz_rendering_vendor:/opt/ros/jazzy/opt/gz_plugin_vendor:/opt/ros/jazzy/opt/gz_fuel_tools_vendor:/opt/ros/jazzy/opt/gz_msgs_vendor:/opt/ros/jazzy/opt/gz_common_vendor:/opt/ros/jazzy/opt/gz_math_vendor:/opt/ros/jazzy/opt/gz_utils_vendor:/opt/ros/jazzy/opt/gz_tools_vendor:/opt/ros/jazzy/opt/gz_ogre_next_vendor:/opt/ros/jazzy/opt/gz_dartsim_vendor:/opt/ros/jazzy/opt/gz_cmake_vendor'}, 'shell': False}
[1.201530] (-) TimerEvent: {}
[1.301764] (-) TimerEvent: {}
[1.402001] (-) TimerEvent: {}
[1.459319] (lab1_pkg) StdoutLine: {'line': b'running egg_info\n'}
[1.469617] (lab2_pkg) StdoutLine: {'line': b'running egg_info\n'}
[1.483471] (lab1_pkg) StdoutLine: {'line': b'writing ../../build/lab1_pkg/lab1_pkg.egg-info/PKG-INFO\n'}
[1.483677] (lab1_pkg) StdoutLine: {'line': b'writing dependency_links to ../../build/lab1_pkg/lab1_pkg.egg-info/dependency_links.txt\n'}
[1.483901] (lab1_pkg) StdoutLine: {'line': b'writing entry points to ../../build/lab1_pkg/lab1_pkg.egg-info/entry_points.txt\n'}
[1.484101] (lab1_pkg) StdoutLine: {'line': b'writing requirements to ../../build/lab1_pkg/lab1_pkg.egg-info/requires.txt\n'}
[1.484264] (lab1_pkg) StdoutLine: {'line': b'writing top-level names to ../../build/lab1_pkg/lab1_pkg.egg-info/top_level.txt\n'}
[1.494729] (lab2_pkg) StdoutLine: {'line': b'writing ../../build/lab2_pkg/lab2_pkg.egg-info/PKG-INFO\n'}
[1.495124] (lab2_pkg) StdoutLine: {'line': b'writing dependency_links to ../../build/lab2_pkg/lab2_pkg.egg-info/dependency_links.txt\n'}
[1.495325] (lab2_pkg) StdoutLine: {'line': b'writing entry points to ../../build/lab2_pkg/lab2_pkg.egg-info/entry_points.txt\n'}
[1.495497] (lab2_pkg) StdoutLine: {'line': b'writing requirements to ../../build/lab2_pkg/lab2_pkg.egg-info/requires.txt\n'}
[1.495647] (lab2_pkg) StdoutLine: {'line': b'writing top-level names to ../../build/lab2_pkg/lab2_pkg.egg-info/top_level.txt\n'}
[1.502070] (-) TimerEvent: {}
[1.520437] (lab2_pkg) StdoutLine: {'line': b"reading manifest file '../../build/lab2_pkg/lab2_pkg.egg-info/SOURCES.txt'\n"}
[1.521021] (lab2_pkg) StdoutLine: {'line': b"writing manifest file '../../build/lab2_pkg/lab2_pkg.egg-info/SOURCES.txt'\n"}
[1.521181] (lab2_pkg) StdoutLine: {'line': b'running build\n'}
[1.521313] (lab2_pkg) StdoutLine: {'line': b'running install\n'}
[1.526297] (lab2_pkg) StdoutLine: {'line': b'running install_data\n'}
[1.526459] (lab2_pkg) StdoutLine: {'line': b'running install_egg_info\n'}
[1.533842] (lab1_pkg) StdoutLine: {'line': b"reading manifest file '../../build/lab1_pkg/lab1_pkg.egg-info/SOURCES.txt'\n"}
[1.534442] (lab1_pkg) StdoutLine: {'line': b"writing manifest file '../../build/lab1_pkg/lab1_pkg.egg-info/SOURCES.txt'\n"}
[1.534602] (lab1_pkg) StdoutLine: {'line': b'running build\n'}
[1.534730] (lab1_pkg) StdoutLine: {'line': b'running build_py\n'}
[1.534874] (lab1_pkg) StdoutLine: {'line': b'running install\n'}
[1.539738] (lab1_pkg) StdoutLine: {'line': b'running install_lib\n'}
[1.569346] (lab1_pkg) StdoutLine: {'line': b'running install_data\n'}
[1.569527] (lab1_pkg) StdoutLine: {'line': b'running install_egg_info\n'}
[1.576070] (lab2_pkg) StdoutLine: {'line': b"removing '/home/buenr/CS488/install/lab2_pkg/lib/python3.12/site-packages/lab2_pkg-0.0.0-py3.12.egg-info' (and everything under it)\n"}
[1.576310] (lab2_pkg) StdoutLine: {'line': b'Copying ../../build/lab2_pkg/lab2_pkg.egg-info to /home/buenr/CS488/install/lab2_pkg/lib/python3.12/site-packages/lab2_pkg-0.0.0-py3.12.egg-info\n'}
[1.578834] (lab2_pkg) StdoutLine: {'line': b'running install_scripts\n'}
[1.595233] (lab1_pkg) StdoutLine: {'line': b"removing '/home/buenr/CS488/install/lab1_pkg/lib/python3.12/site-packages/lab1_pkg-0.0.0-py3.12.egg-info' (and everything under it)\n"}
[1.595483] (lab1_pkg) StdoutLine: {'line': b'Copying ../../build/lab1_pkg/lab1_pkg.egg-info to /home/buenr/CS488/install/lab1_pkg/lib/python3.12/site-packages/lab1_pkg-0.0.0-py3.12.egg-info\n'}
[1.600059] (lab1_pkg) StdoutLine: {'line': b'running install_scripts\n'}
[1.602138] (-) TimerEvent: {}
[1.702317] (-) TimerEvent: {}
[1.724098] (lab3_pkg) Command: {'cmd': ['/usr/bin/python3', '-W', 'ignore:setup.py install is deprecated', '-W', 'ignore:easy_install command is deprecated', 'setup.py', 'egg_info', '--egg-base', '../../build/lab3_pkg', 'build', '--build-base', '/home/buenr/CS488/build/lab3_pkg/build', 'install', '--record', '/home/buenr/CS488/build/lab3_pkg/install.log', '--single-version-externally-managed', 'install_data'], 'cwd': '/home/buenr/CS488/src/lab3_pkg', 'env': {'USER': 'buenr', 'GZ_SIM_RESOURCE_PATH': '/opt/ros/jazzy/share', 'GZ_CONFIG_PATH': '/opt/ros/jazzy/opt/gz_sim_vendor/share/gz:/opt/ros/jazzy/opt/sdformat_vendor/share/gz:/opt/ros/jazzy/opt/gz_gui_vendor/share/gz:/opt/ros/jazzy/opt/gz_transport_vendor/share/gz:/opt/ros/jazzy/opt/gz_rendering_vendor/share/gz:/opt/ros/jazzy/opt/gz_plugin_vendor/share/gz:/opt/ros/jazzy/opt/gz_fuel_tools_vendor/share/gz:/opt/ros/jazzy/opt/gz_msgs_vendor/share/gz:/opt/ros/jazzy/opt/gz_common_vendor/share/gz', 'XDG_SESSION_TYPE': 'wayland', 'CLUTTER_DISABLE_MIPMAPPED_TEXT': '1', 'SHLVL': '1', 'LD_LIBRARY_PATH': '/home/buenr/CS488/install/custom_interfaces/lib:/opt/ros/jazzy/opt/gz_sim_vendor/lib:/opt/ros/jazzy/opt/gz_sensors_vendor/lib:/opt/ros/jazzy/opt/gz_physics_vendor/lib:/opt/ros/jazzy/opt/sdformat_vendor/lib:/opt/ros/jazzy/opt/rviz_ogre_vendor/lib:/opt/ros/jazzy/lib/x86_64-linux-gnu:/opt/ros/jazzy/opt/gz_gui_vendor/lib:/opt/ros/jazzy/opt/gz_transport_vendor/lib:/opt/ros/jazzy/opt/gz_rendering_vendor/lib:/opt/ros/jazzy/opt/gz_plugin_vendor/lib:/opt/ros/jazzy/opt/gz_fuel_tools_vendor/lib:/opt/ros/jazzy/opt/gz_msgs_vendor/lib:/opt/ros/jazzy/opt/gz_common_vendor/lib:/opt/ros/jazzy/opt/gz_math_vendor/lib:/opt/ros/jazzy/opt/gz_utils_vendor/lib:/opt/ros/jazzy/opt/gz_tools_vendor/lib:/opt/ros/jazzy/opt/gz_ogre_next_vendor/lib:/opt/ros/jazzy/opt/gz_dartsim_vendor/lib:/opt/ros/jazzy/opt/gz_cmake_vendor/lib:/opt/ros/jazzy/lib', 'OLDPWD': '/home/buenr', 'HOME': '/home/buenr', 'DESKTOP_SESSION': 'ubuntu', 'GTK_MODULES': 'gail:atk-bridge', 'GNOME_SHELL_SESSION_MODE': 'ubuntu', 'ROS_PYTHON_VERSION': '3', 'SYSTEMD_EXEC_PID': '30152', 'DBUS_SESSION_BUS_ADDRESS': 'unix:path=/run/user/481846386/bus', 'GSM_SKIP_SSH_AGENT_WORKAROUND': 'true', 'COLORTERM': 'truecolor', 'CONDA_CHANGEPS1': 'no', 'WAYLAND_DISPLAY': 'wayland-0', 'ROS_DISTRO': 'jazzy', 'COLCON_PREFIX_PATH': '/home/buenr/CS488/install', 'LOGNAME': 'buenr', '_': '/usr/bin/colcon', 'MEMORY_PRESSURE_WATCH': '/sys/fs/cgroup/user.slice/user-481846386.slice/user@481846386.service/session.slice/org.gnome.Shell@wayland.service/memory.pressure', 'XDG_SESSION_CLASS': 'user', 'ROS_VERSION': '2', 'USERNAME': 'buenr', 'TERM': 'xterm-256color', 'PROMPT_EOL_MARK': '', 'ROS_SUPER_CLIENT': 'True', 'GNOME_DESKTOP_SESSION_ID': 'this-is-deprecated', 'PATH': '/opt/ros/jazzy/opt/gz_msgs_vendor/bin:/opt/ros/jazzy/opt/gz_tools_vendor/bin:/opt/ros/jazzy/opt/gz_ogre_next_vendor/bin:/opt/ros/jazzy/bin:/usr/local/sbin:/usr/local/bin:/usr/sbin:/usr/bin:/sbin:/bin:/usr/games:/usr/local/games:/snap/bin:/snap/bin', 'SESSION_MANAGER': 'local/csci20122:@/tmp/.ICE-unix/30099,unix/csci20122:/tmp/.ICE-unix/30099', 'GNOME_TERMINAL_SCREEN': '/org/gnome/Terminal/screen/7d6d0661_eb5b_4e50_84b1_79b4a45519ac', 'XDG_MENU_PREFIX': 'gnome-', 'GNOME_SETUP_DISPLAY': ':1', 'XDG_RUNTIME_DIR': '/run/user/481846386', 'DISPLAY': ':0', 'XDG_CURRENT_DESKTOP': 'ubuntu:GNOME', 'LANG': 'en_US.UTF-8', 'RMW_IMPLEMENTATION': 'rmw_fastrtps_cpp', 'XDG_SESSION_DESKTOP': 'ubuntu', 'GNOME_TERMINAL_SERVICE': ':1.194', 'XMODIFIERS': '@im=ibus', 'XAUTHORITY': '/run/user/481846386/.mutter-Xwaylandauth.1MMGN3', 'SSH_AUTH_SOCK': '/run/user/481846386/keyring/ssh', 'AMENT_PREFIX_PATH': '/home/buenr/CS488/install/lab_bringup:/home/buenr/CS488/install/lab5_pkg:/home/buenr/CS488/install/lab3_pkg:/home/buenr/CS488/install/lab2_pkg:/home/buenr/CS488/install/lab1_pkg:/home/buenr/CS488/install/custom_interfaces:/opt/ros/jazzy', 'ROS_DOMAIN_ID': '0', 'KRB5CCNAME': 'FILE:/tmp/krb5cc_481846386_s7E0DV', 'SHELL': '/bin/zsh', 'ROS_DISCOVERY_SERVER': '10.5.113.101:11811', 'QT_ACCESSIBILITY': '1', 'GDMSESSION': 'ubuntu', 'QT_IM_MODULE': 'ibus', 'ROS_AUTOMATIC_DISCOVERY_RANGE': 'SUBNET', 'PWD': '/home/buenr/CS488/build/lab3_pkg', 'XDG_DATA_DIRS': '/usr/local/share/:/usr/share/:/var/lib/snapd/desktop', 'VIRTUAL_ENV_DISABLE_PROMPT': '12', 'PYTHONPATH': '/home/buenr/CS488/build/lab3_pkg/prefix_override:/usr/lib/python3/dist-packages/colcon_core/task/python/colcon_distutils_commands:/home/buenr/CS488/install/lab3_pkg/lib/python3.12/site-packages:/home/buenr/CS488/install/custom_interfaces/lib/python3.12/site-packages:/home/buenr/CS488/install/lab5_pkg/lib/python3.12/site-packages:/home/buenr/CS488/install/lab3_pkg/lib/python3.12/site-packages:/home/buenr/CS488/install/lab2_pkg/lib/python3.12/site-packages:/home/buenr/CS488/install/lab1_pkg/lib/python3.12/site-packages:/opt/ros/jazzy/lib/python3.12/site-packages', 'COLCON': '1', 'VTE_VERSION': '7600', 'MEMORY_PRESSURE_WRITE': 'c29tZSAyMDAwMDAgMjAwMDAwMAA=', 'CMAKE_PREFIX_PATH': '/home/buenr/CS488/install/custom_interfaces:/home/buenr/CS488/install/lab_bringup:/opt/ros/jazzy/opt/gz_sim_vendor:/opt/ros/jazzy/opt/gz_sensors_vendor:/opt/ros/jazzy/opt/gz_physics_vendor:/opt/ros/jazzy/opt/sdformat_vendor:/opt/ros/jazzy/opt/gz_gui_vendor:/opt/ros/jazzy/opt/gz_transport_vendor:/opt/ros/jazzy/opt/gz_rendering_vendor:/opt/ros/jazzy/opt/gz_plugin_vendor:/opt/ros/jazzy/opt/gz_fuel_tools_vendor:/opt/ros/jazzy/opt/gz_msgs_vendor:/opt/ros/jazzy/opt/gz_common_vendor:/opt/ros/jazzy/opt/gz_math_vendor:/opt/ros/jazzy/opt/gz_utils_vendor:/opt/ros/jazzy/opt/gz_tools_vendor:/opt/ros/jazzy/opt/gz_ogre_next_vendor:/opt/ros/jazzy/opt/gz_dartsim_vendor:/opt/ros/jazzy/opt/gz_cmake_vendor'}, 'shell': False}
[1.754899] (lab1_pkg) StdoutLine: {'line': b'Installing speed_behavior_node script to /home/buenr/CS488/install/lab1_pkg/lib/lab1_pkg\n'}
[1.755218] (lab1_pkg) StdoutLine: {'line': b"writing list of installed files to '/home/buenr/CS488/build/lab1_pkg/install.log'\n"}
[1.762211] (lab2_pkg) StdoutLine: {'line': b'Installing SCOD script to /home/buenr/CS488/install/lab2_pkg/lib/lab2_pkg\n'}
[1.762481] (lab2_pkg) StdoutLine: {'line': b"writing list of installed files to '/home/buenr/CS488/build/lab2_pkg/install.log'\n"}
[1.777334] (lab5_pkg) Command: {'cmd': ['/usr/bin/python3', '-W', 'ignore:setup.py install is deprecated', '-W', 'ignore:easy_install command is deprecated', 'setup.py', 'egg_info', '--egg-base', '../../build/lab5_pkg', 'build', '--build-base', '/home/buenr/CS488/build/lab5_pkg/build', 'install', '--record', '/home/buenr/CS488/build/lab5_pkg/install.log', '--single-version-externally-managed', 'install_data'], 'cwd': '/home/buenr/CS488/src/lab5_pkg', 'env': {'USER': 'buenr', 'GZ_SIM_RESOURCE_PATH': '/opt/ros/jazzy/share', 'GZ_CONFIG_PATH': '/opt/ros/jazzy/opt/gz_sim_vendor/share/gz:/opt/ros/jazzy/opt/sdformat_vendor/share/gz:/opt/ros/jazzy/opt/gz_gui_vendor/share/gz:/opt/ros/jazzy/opt/gz_transport_vendor/share/gz:/opt/ros/jazzy/opt/gz_rendering_vendor/share/gz:/opt/ros/jazzy/opt/gz_plugin_vendor/share/gz:/opt/ros/jazzy/opt/gz_fuel_tools_vendor/share/gz:/opt/ros/jazzy/opt/gz_msgs_vendor/share/gz:/opt/ros/jazzy/opt/gz_common_vendor/share/gz', 'XDG_SESSION_TYPE': 'wayland', 'CLUTTER_DISABLE_MIPMAPPED_TEXT': '1', 'SHLVL': '1', 'LD_LIBRARY_PATH': '/home/buenr/CS488/install/custom_interfaces/lib:/opt/ros/jazzy/opt/gz_sim_vendor/lib:/opt/ros/jazzy/opt/gz_sensors_vendor/lib:/opt/ros/jazzy/opt/gz_physics_vendor/lib:/opt/ros/jazzy/opt/sdformat_vendor/lib:/opt/ros/jazzy/opt/rviz_ogre_vendor/lib:/opt/ros/jazzy/lib/x86_64-linux-gnu:/opt/ros/jazzy/opt/gz_gui_vendor/lib:/opt/ros/jazzy/opt/gz_transport_vendor/lib:/opt/ros/jazzy/opt/gz_rendering_vendor/lib:/opt/ros/jazzy/opt/gz_plugin_vendor/lib:/opt/ros/jazzy/opt/gz_fuel_tools_vendor/lib:/opt/ros/jazzy/opt/gz_msgs_vendor/lib:/opt/ros/jazzy/opt/gz_common_vendor/lib:/opt/ros/jazzy/opt/gz_math_vendor/lib:/opt/ros/jazzy/opt/gz_utils_vendor/lib:/opt/ros/jazzy/opt/gz_tools_vendor/lib:/opt/ros/jazzy/opt/gz_ogre_next_vendor/lib:/opt/ros/jazzy/opt/gz_dartsim_vendor/lib:/opt/ros/jazzy/opt/gz_cmake_vendor/lib:/opt/ros/jazzy/lib', 'OLDPWD': '/home/buenr', 'HOME': '/home/buenr', 'DESKTOP_SESSION': 'ubuntu', 'GTK_MODULES': 'gail:atk-bridge', 'GNOME_SHELL_SESSION_MODE': 'ubuntu', 'ROS_PYTHON_VERSION': '3', 'SYSTEMD_EXEC_PID': '30152', 'DBUS_SESSION_BUS_ADDRESS': 'unix:path=/run/user/481846386/bus', 'GSM_SKIP_SSH_AGENT_WORKAROUND': 'true', 'COLORTERM': 'truecolor', 'CONDA_CHANGEPS1': 'no', 'WAYLAND_DISPLAY': 'wayland-0', 'ROS_DISTRO': 'jazzy', 'COLCON_PREFIX_PATH': '/home/buenr/CS488/install', 'LOGNAME': 'buenr', '_': '/usr/bin/colcon', 'MEMORY_PRESSURE_WATCH': '/sys/fs/cgroup/user.slice/user-481846386.slice/user@481846386.service/session.slice/org.gnome.Shell@wayland.service/memory.pressure', 'XDG_SESSION_CLASS': 'user', 'ROS_VERSION': '2', 'USERNAME': 'buenr', 'TERM': 'xterm-256color', 'PROMPT_EOL_MARK': '', 'ROS_SUPER_CLIENT': 'True', 'GNOME_DESKTOP_SESSION_ID': 'this-is-deprecated', 'PATH': '/opt/ros/jazzy/opt/gz_msgs_vendor/bin:/opt/ros/jazzy/opt/gz_tools_vendor/bin:/opt/ros/jazzy/opt/gz_ogre_next_vendor/bin:/opt/ros/jazzy/bin:/usr/local/sbin:/usr/local/bin:/usr/sbin:/usr/bin:/sbin:/bin:/usr/games:/usr/local/games:/snap/bin:/snap/bin', 'SESSION_MANAGER': 'local/csci20122:@/tmp/.ICE-unix/30099,unix/csci20122:/tmp/.ICE-unix/30099', 'GNOME_TERMINAL_SCREEN': '/org/gnome/Terminal/screen/7d6d0661_eb5b_4e50_84b1_79b4a45519ac', 'XDG_MENU_PREFIX': 'gnome-', 'GNOME_SETUP_DISPLAY': ':1', 'XDG_RUNTIME_DIR': '/run/user/481846386', 'DISPLAY': ':0', 'XDG_CURRENT_DESKTOP': 'ubuntu:GNOME', 'LANG': 'en_US.UTF-8', 'RMW_IMPLEMENTATION': 'rmw_fastrtps_cpp', 'XDG_SESSION_DESKTOP': 'ubuntu', 'GNOME_TERMINAL_SERVICE': ':1.194', 'XMODIFIERS': '@im=ibus', 'XAUTHORITY': '/run/user/481846386/.mutter-Xwaylandauth.1MMGN3', 'SSH_AUTH_SOCK': '/run/user/481846386/keyring/ssh', 'AMENT_PREFIX_PATH': '/home/buenr/CS488/install/lab_bringup:/home/buenr/CS488/install/lab5_pkg:/home/buenr/CS488/install/lab3_pkg:/home/buenr/CS488/install/lab2_pkg:/home/buenr/CS488/install/lab1_pkg:/home/buenr/CS488/install/custom_interfaces:/opt/ros/jazzy', 'ROS_DOMAIN_ID': '0', 'KRB5CCNAME': 'FILE:/tmp/krb5cc_481846386_s7E0DV', 'SHELL': '/bin/zsh', 'ROS_DISCOVERY_SERVER': '10.5.113.101:11811', 'QT_ACCESSIBILITY': '1', 'GDMSESSION': 'ubuntu', 'QT_IM_MODULE': 'ibus', 'ROS_AUTOMATIC_DISCOVERY_RANGE': 'SUBNET', 'PWD': '/home/buenr/CS488/build/lab5_pkg', 'XDG_DATA_DIRS': '/usr/local/share/:/usr/share/:/var/lib/snapd/desktop', 'VIRTUAL_ENV_DISABLE_PROMPT': '12', 'PYTHONPATH': '/home/buenr/CS488/build/lab5_pkg/prefix_override:/usr/lib/python3/dist-packages/colcon_core/task/python/colcon_distutils_commands:/home/buenr/CS488/install/lab5_pkg/lib/python3.12/site-packages:/home/buenr/CS488/install/custom_interfaces/lib/python3.12/site-packages:/home/buenr/CS488/install/lab5_pkg/lib/python3.12/site-packages:/home/buenr/CS488/install/lab3_pkg/lib/python3.12/site-packages:/home/buenr/CS488/install/lab2_pkg/lib/python3.12/site-packages:/home/buenr/CS488/install/lab1_pkg/lib/python3.12/site-packages:/opt/ros/jazzy/lib/python3.12/site-packages', 'COLCON': '1', 'VTE_VERSION': '7600', 'MEMORY_PRESSURE_WRITE': 'c29tZSAyMDAwMDAgMjAwMDAwMAA=', 'CMAKE_PREFIX_PATH': '/home/buenr/CS488/install/custom_interfaces:/home/buenr/CS488/install/lab_bringup:/opt/ros/jazzy/opt/gz_sim_vendor:/opt/ros/jazzy/opt/gz_sensors_vendor:/opt/ros/jazzy/opt/gz_physics_vendor:/opt/ros/jazzy/opt/sdformat_vendor:/opt/ros/jazzy/opt/gz_gui_vendor:/opt/ros/jazzy/opt/gz_transport_vendor:/opt/ros/jazzy/opt/gz_rendering_vendor:/opt/ros/jazzy/opt/gz_plugin_vendor:/opt/ros/jazzy/opt/gz_fuel_tools_vendor:/opt/ros/jazzy/opt/gz_msgs_vendor:/opt/ros/jazzy/opt/gz_common_vendor:/opt/ros/jazzy/opt/gz_math_vendor:/opt/ros/jazzy/opt/gz_utils_vendor:/opt/ros/jazzy/opt/gz_tools_vendor:/opt/ros/jazzy/opt/gz_ogre_next_vendor:/opt/ros/jazzy/opt/gz_dartsim_vendor:/opt/ros/jazzy/opt/gz_cmake_vendor'}, 'shell': False}
[1.790760] (lab1_pkg) CommandEnded: {'returncode': 0}
[1.798246] (lab1_pkg) JobEnded: {'identifier': 'lab1_pkg', 'rc': 0}
[1.799556] (lab2_pkg) CommandEnded: {'returncode': 0}
[1.802757] (-) TimerEvent: {}
[1.806588] (lab2_pkg) JobEnded: {'identifier': 'lab2_pkg', 'rc': 0}
[1.902836] (-) TimerEvent: {}
[2.003050] (-) TimerEvent: {}
[2.023749] (lab3_pkg) StdoutLine: {'line': b'running egg_info\n'}
[2.046739] (lab3_pkg) StdoutLine: {'line': b'writing ../../build/lab3_pkg/lab3_pkg.egg-info/PKG-INFO\n'}
[2.046930] (lab3_pkg) StdoutLine: {'line': b'writing dependency_links to ../../build/lab3_pkg/lab3_pkg.egg-info/dependency_links.txt\n'}
[2.047111] (lab3_pkg) StdoutLine: {'line': b'writing entry points to ../../build/lab3_pkg/lab3_pkg.egg-info/entry_points.txt\n'}
[2.047244] (lab3_pkg) StdoutLine: {'line': b'writing requirements to ../../build/lab3_pkg/lab3_pkg.egg-info/requires.txt\n'}
[2.047356] (lab3_pkg) StdoutLine: {'line': b'writing top-level names to ../../build/lab3_pkg/lab3_pkg.egg-info/top_level.txt\n'}
[2.070421] (lab5_pkg) StdoutLine: {'line': b'running egg_info\n'}
[2.094767] (lab5_pkg) StdoutLine: {'line': b'writing ../../build/lab5_pkg/lab5_pkg.egg-info/PKG-INFO\n'}
[2.094945] (lab5_pkg) StdoutLine: {'line': b'writing dependency_links to ../../build/lab5_pkg/lab5_pkg.egg-info/dependency_links.txt\n'}
[2.095119] (lab5_pkg) StdoutLine: {'line': b'writing entry points to ../../build/lab5_pkg/lab5_pkg.egg-info/entry_points.txt\n'}
[2.095293] (lab5_pkg) StdoutLine: {'line': b'writing requirements to ../../build/lab5_pkg/lab5_pkg.egg-info/requires.txt\n'}
[2.095451] (lab5_pkg) StdoutLine: {'line': b'writing top-level names to ../../build/lab5_pkg/lab5_pkg.egg-info/top_level.txt\n'}
[2.095832] (lab3_pkg) StdoutLine: {'line': b"reading manifest file '../../build/lab3_pkg/lab3_pkg.egg-info/SOURCES.txt'\n"}
[2.096529] (lab3_pkg) StdoutLine: {'line': b"writing manifest file '../../build/lab3_pkg/lab3_pkg.egg-info/SOURCES.txt'\n"}
[2.096684] (lab3_pkg) StdoutLine: {'line': b'running build\n'}
[2.096784] (lab3_pkg) StdoutLine: {'line': b'running build_py\n'}
[2.096991] (lab3_pkg) StdoutLine: {'line': b'running install\n'}
[2.102331] (lab3_pkg) StdoutLine: {'line': b'running install_lib\n'}
[2.103111] (-) TimerEvent: {}
[2.126377] (lab3_pkg) StdoutLine: {'line': b'running install_data\n'}
[2.126570] (lab3_pkg) StdoutLine: {'line': b'running install_egg_info\n'}
[2.144625] (lab5_pkg) StdoutLine: {'line': b"reading manifest file '../../build/lab5_pkg/lab5_pkg.egg-info/SOURCES.txt'\n"}
[2.145330] (lab5_pkg) StdoutLine: {'line': b"writing manifest file '../../build/lab5_pkg/lab5_pkg.egg-info/SOURCES.txt'\n"}
[2.145487] (lab5_pkg) StdoutLine: {'line': b'running build\n'}
[2.145580] (lab5_pkg) StdoutLine: {'line': b'running build_py\n'}
[2.145684] (lab5_pkg) StdoutLine: {'line': b'copying lab5_pkg/go_to_goal_server.py -> /home/buenr/CS488/build/lab5_pkg/build/lib/lab5_pkg\n'}
[2.145979] (lab5_pkg) StdoutLine: {'line': b'running install\n'}
[2.150959] (lab3_pkg) StdoutLine: {'line': b"removing '/home/buenr/CS488/install/lab3_pkg/lib/python3.12/site-packages/lab3_pkg-0.0.0-py3.12.egg-info' (and everything under it)\n"}
[2.151091] (lab5_pkg) StdoutLine: {'line': b'running install_lib\n'}
[2.151189] (lab3_pkg) StdoutLine: {'line': b'Copying ../../build/lab3_pkg/lab3_pkg.egg-info to /home/buenr/CS488/install/lab3_pkg/lib/python3.12/site-packages/lab3_pkg-0.0.0-py3.12.egg-info\n'}
[2.153524] (lab3_pkg) StdoutLine: {'line': b'running install_scripts\n'}
[2.175557] (lab5_pkg) StdoutLine: {'line': b'copying /home/buenr/CS488/build/lab5_pkg/build/lib/lab5_pkg/go_to_goal_server.py -> /home/buenr/CS488/install/lab5_pkg/lib/python3.12/site-packages/lab5_pkg\n'}
[2.176206] (lab5_pkg) StdoutLine: {'line': b'byte-compiling /home/buenr/CS488/install/lab5_pkg/lib/python3.12/site-packages/lab5_pkg/go_to_goal_server.py to go_to_goal_server.cpython-312.pyc\n'}
[2.179960] (lab5_pkg) StdoutLine: {'line': b'running install_data\n'}
[2.180082] (lab5_pkg) StdoutLine: {'line': b'running install_egg_info\n'}
[2.203213] (-) TimerEvent: {}
[2.206561] (lab5_pkg) StdoutLine: {'line': b"removing '/home/buenr/CS488/install/lab5_pkg/lib/python3.12/site-packages/lab5_pkg-0.0.0-py3.12.egg-info' (and everything under it)\n"}
[2.206863] (lab5_pkg) StdoutLine: {'line': b'Copying ../../build/lab5_pkg/lab5_pkg.egg-info to /home/buenr/CS488/install/lab5_pkg/lib/python3.12/site-packages/lab5_pkg-0.0.0-py3.12.egg-info\n'}
[2.210472] (lab5_pkg) StdoutLine: {'line': b'running install_scripts\n'}
[2.303321] (-) TimerEvent: {}
[2.317848] (lab3_pkg) StdoutLine: {'line': b'Installing SCOD_server script to /home/buenr/CS488/install/lab3_pkg/lib/lab3_pkg\n'}
[2.318062] (lab3_pkg) StdoutLine: {'line': b'Installing set_cap_client_node script to /home/buenr/CS488/install/lab3_pkg/lib/lab3_pkg\n'}
[2.318369] (lab3_pkg) StdoutLine: {'line': b"writing list of installed files to '/home/buenr/CS488/build/lab3_pkg/install.log'\n"}
[2.336375] (lab3_pkg) CommandEnded: {'returncode': 0}
[2.342001] (lab3_pkg) JobEnded: {'identifier': 'lab3_pkg', 'rc': 0}
[2.343289] (lab_bringup) JobStarted: {'identifier': 'lab_bringup'}
[2.354304] (lab_bringup) JobProgress: {'identifier': 'lab_bringup', 'progress': 'cmake'}
[2.354917] (lab_bringup) JobProgress: {'identifier': 'lab_bringup', 'progress': 'build'}
[2.355134] (lab_bringup) Command: {'cmd': ['/usr/bin/cmake', '--build', '/home/buenr/CS488/build/lab_bringup', '--', '-j16', '-l16'], 'cwd': '/home/buenr/CS488/build/lab_bringup', 'env': OrderedDict({'USER': 'buenr', 'GZ_SIM_RESOURCE_PATH': '/opt/ros/jazzy/share', 'GZ_CONFIG_PATH': '/opt/ros/jazzy/opt/gz_sim_vendor/share/gz:/opt/ros/jazzy/opt/sdformat_vendor/share/gz:/opt/ros/jazzy/opt/gz_gui_vendor/share/gz:/opt/ros/jazzy/opt/gz_transport_vendor/share/gz:/opt/ros/jazzy/opt/gz_rendering_vendor/share/gz:/opt/ros/jazzy/opt/gz_plugin_vendor/share/gz:/opt/ros/jazzy/opt/gz_fuel_tools_vendor/share/gz:/opt/ros/jazzy/opt/gz_msgs_vendor/share/gz:/opt/ros/jazzy/opt/gz_common_vendor/share/gz', 'XDG_SESSION_TYPE': 'wayland', 'CLUTTER_DISABLE_MIPMAPPED_TEXT': '1', 'SHLVL': '1', 'LD_LIBRARY_PATH': '/home/buenr/CS488/install/custom_interfaces/lib:/opt/ros/jazzy/opt/gz_sim_vendor/lib:/opt/ros/jazzy/opt/gz_sensors_vendor/lib:/opt/ros/jazzy/opt/gz_physics_vendor/lib:/opt/ros/jazzy/opt/sdformat_vendor/lib:/opt/ros/jazzy/opt/rviz_ogre_vendor/lib:/opt/ros/jazzy/lib/x86_64-linux-gnu:/opt/ros/jazzy/opt/gz_gui_vendor/lib:/opt/ros/jazzy/opt/gz_transport_vendor/lib:/opt/ros/jazzy/opt/gz_rendering_vendor/lib:/opt/ros/jazzy/opt/gz_plugin_vendor/lib:/opt/ros/jazzy/opt/gz_fuel_tools_vendor/lib:/opt/ros/jazzy/opt/gz_msgs_vendor/lib:/opt/ros/jazzy/opt/gz_common_vendor/lib:/opt/ros/jazzy/opt/gz_math_vendor/lib:/opt/ros/jazzy/opt/gz_utils_vendor/lib:/opt/ros/jazzy/opt/gz_tools_vendor/lib:/opt/ros/jazzy/opt/gz_ogre_next_vendor/lib:/opt/ros/jazzy/opt/gz_dartsim_vendor/lib:/opt/ros/jazzy/opt/gz_cmake_vendor/lib:/opt/ros/jazzy/lib', 'OLDPWD': '/home/buenr', 'HOME': '/home/buenr', 'DESKTOP_SESSION': 'ubuntu', 'GTK_MODULES': 'gail:atk-bridge', 'GNOME_SHELL_SESSION_MODE': 'ubuntu', 'ROS_PYTHON_VERSION': '3', 'SYSTEMD_EXEC_PID': '30152', 'DBUS_SESSION_BUS_ADDRESS': 'unix:path=/run/user/481846386/bus', 'GSM_SKIP_SSH_AGENT_WORKAROUND': 'true', 'COLORTERM': 'truecolor', 'CONDA_CHANGEPS1': 'no', 'WAYLAND_DISPLAY': 'wayland-0', 'ROS_DISTRO': 'jazzy', 'COLCON_PREFIX_PATH': '/home/buenr/CS488/install', 'LOGNAME': 'buenr', '_': '/usr/bin/colcon', 'MEMORY_PRESSURE_WATCH': '/sys/fs/cgroup/user.slice/user-481846386.slice/user@481846386.service/session.slice/org.gnome.Shell@wayland.service/memory.pressure', 'XDG_SESSION_CLASS': 'user', 'ROS_VERSION': '2', 'USERNAME': 'buenr', 'TERM': 'xterm-256color', 'PROMPT_EOL_MARK': '', 'ROS_SUPER_CLIENT': 'True', 'GNOME_DESKTOP_SESSION_ID': 'this-is-deprecated', 'PATH': '/opt/ros/jazzy/opt/gz_msgs_vendor/bin:/opt/ros/jazzy/opt/gz_tools_vendor/bin:/opt/ros/jazzy/opt/gz_ogre_next_vendor/bin:/opt/ros/jazzy/bin:/usr/local/sbin:/usr/local/bin:/usr/sbin:/usr/bin:/sbin:/bin:/usr/games:/usr/local/games:/snap/bin:/snap/bin', 'SESSION_MANAGER': 'local/csci20122:@/tmp/.ICE-unix/30099,unix/csci20122:/tmp/.ICE-unix/30099', 'GNOME_TERMINAL_SCREEN': '/org/gnome/Terminal/screen/7d6d0661_eb5b_4e50_84b1_79b4a45519ac', 'XDG_MENU_PREFIX': 'gnome-', 'GNOME_SETUP_DISPLAY': ':1', 'XDG_RUNTIME_DIR': '/run/user/481846386', 'DISPLAY': ':0', 'XDG_CURRENT_DESKTOP': 'ubuntu:GNOME', 'LANG': 'en_US.UTF-8', 'RMW_IMPLEMENTATION': 'rmw_fastrtps_cpp', 'XDG_SESSION_DESKTOP': 'ubuntu', 'GNOME_TERMINAL_SERVICE': ':1.194', 'XMODIFIERS': '@im=ibus', 'XAUTHORITY': '/run/user/481846386/.mutter-Xwaylandauth.1MMGN3', 'SSH_AUTH_SOCK': '/run/user/481846386/keyring/ssh', 'AMENT_PREFIX_PATH': '/home/buenr/CS488/install/lab3_pkg:/home/buenr/CS488/install/lab_bringup:/home/buenr/CS488/install/lab5_pkg:/home/buenr/CS488/install/lab2_pkg:/home/buenr/CS488/install/lab1_pkg:/home/buenr/CS488/install/custom_interfaces:/opt/ros/jazzy', 'ROS_DOMAIN_ID': '0', 'KRB5CCNAME': 'FILE:/tmp/krb5cc_481846386_s7E0DV', 'SHELL': '/bin/zsh', 'ROS_DISCOVERY_SERVER': '10.5.113.101:11811', 'QT_ACCESSIBILITY': '1', 'GDMSESSION': 'ubuntu', 'QT_IM_MODULE': 'ibus', 'ROS_AUTOMATIC_DISCOVERY_RANGE': 'SUBNET', 'PWD': '/home/buenr/CS488/build/lab_bringup', 'XDG_DATA_DIRS': '/usr/local/share/:/usr/share/:/var/lib/snapd/desktop', 'VIRTUAL_ENV_DISABLE_PROMPT': '12', 'PYTHONPATH': '/home/buenr/CS488/install/lab3_pkg/lib/python3.12/site-packages:/home/buenr/CS488/install/custom_interfaces/lib/python3.12/site-packages:/home/buenr/CS488/install/lab5_pkg/lib/python3.12/site-packages:/home/buenr/CS488/install/lab2_pkg/lib/python3.12/site-packages:/home/buenr/CS488/install/lab1_pkg/lib/python3.12/site-packages:/opt/ros/jazzy/lib/python3.12/site-packages', 'COLCON': '1', 'VTE_VERSION': '7600', 'MEMORY_PRESSURE_WRITE': 'c29tZSAyMDAwMDAgMjAwMDAwMAA=', 'CMAKE_PREFIX_PATH': '/home/buenr/CS488/install/custom_interfaces:/home/buenr/CS488/install/lab_bringup:/opt/ros/jazzy/opt/gz_sim_vendor:/opt/ros/jazzy/opt/gz_sensors_vendor:/opt/ros/jazzy/opt/gz_physics_vendor:/opt/ros/jazzy/opt/sdformat_vendor:/opt/ros/jazzy/opt/gz_gui_vendor:/opt/ros/jazzy/opt/gz_transport_vendor:/opt/ros/jazzy/opt/gz_rendering_vendor:/opt/ros/jazzy/opt/gz_plugin_vendor:/opt/ros/jazzy/opt/gz_fuel_tools_vendor:/opt/ros/jazzy/opt/gz_msgs_vendor:/opt/ros/jazzy/opt/gz_common_vendor:/opt/ros/jazzy/opt/gz_math_vendor:/opt/ros/jazzy/opt/gz_utils_vendor:/opt/ros/jazzy/opt/gz_tools_vendor:/opt/ros/jazzy/opt/gz_ogre_next_vendor:/opt/ros/jazzy/opt/gz_dartsim_vendor:/opt/ros/jazzy/opt/gz_cmake_vendor:/home/buenr/CS488/install/lab5_pkg:/home/buenr/CS488/install/lab3_pkg:/home/buenr/CS488/install/lab2_pkg:/home/buenr/CS488/install/lab1_pkg:/opt/ros/jazzy'}), 'shell': False}
[2.377521] (lab5_pkg) StdoutLine: {'line': b'Installing go_to_goal_client script to /home/buenr/CS488/install/lab5_pkg/lib/lab5_pkg\n'}
[2.377721] (lab5_pkg) StdoutLine: {'line': b'Installing go_to_goal_server script to /home/buenr/CS488/install/lab5_pkg/lib/lab5_pkg\n'}
[2.378031] (lab5_pkg) StdoutLine: {'line': b"writing list of installed files to '/home/buenr/CS488/build/lab5_pkg/install.log'\n"}
[2.391830] (lab_bringup) CommandEnded: {'returncode': 0}
[2.392343] (lab_bringup) JobProgress: {'identifier': 'lab_bringup', 'progress': 'install'}
[2.392507] (lab_bringup) Command: {'cmd': ['/usr/bin/cmake', '--install', '/home/buenr/CS488/build/lab_bringup'], 'cwd': '/home/buenr/CS488/build/lab_bringup', 'env': OrderedDict({'USER': 'buenr', 'GZ_SIM_RESOURCE_PATH': '/opt/ros/jazzy/share', 'GZ_CONFIG_PATH': '/opt/ros/jazzy/opt/gz_sim_vendor/share/gz:/opt/ros/jazzy/opt/sdformat_vendor/share/gz:/opt/ros/jazzy/opt/gz_gui_vendor/share/gz:/opt/ros/jazzy/opt/gz_transport_vendor/share/gz:/opt/ros/jazzy/opt/gz_rendering_vendor/share/gz:/opt/ros/jazzy/opt/gz_plugin_vendor/share/gz:/opt/ros/jazzy/opt/gz_fuel_tools_vendor/share/gz:/opt/ros/jazzy/opt/gz_msgs_vendor/share/gz:/opt/ros/jazzy/opt/gz_common_vendor/share/gz', 'XDG_SESSION_TYPE': 'wayland', 'CLUTTER_DISABLE_MIPMAPPED_TEXT': '1', 'SHLVL': '1', 'LD_LIBRARY_PATH': '/home/buenr/CS488/install/custom_interfaces/lib:/opt/ros/jazzy/opt/gz_sim_vendor/lib:/opt/ros/jazzy/opt/gz_sensors_vendor/lib:/opt/ros/jazzy/opt/gz_physics_vendor/lib:/opt/ros/jazzy/opt/sdformat_vendor/lib:/opt/ros/jazzy/opt/rviz_ogre_vendor/lib:/opt/ros/jazzy/lib/x86_64-linux-gnu:/opt/ros/jazzy/opt/gz_gui_vendor/lib:/opt/ros/jazzy/opt/gz_transport_vendor/lib:/opt/ros/jazzy/opt/gz_rendering_vendor/lib:/opt/ros/jazzy/opt/gz_plugin_vendor/lib:/opt/ros/jazzy/opt/gz_fuel_tools_vendor/lib:/opt/ros/jazzy/opt/gz_msgs_vendor/lib:/opt/ros/jazzy/opt/gz_common_vendor/lib:/opt/ros/jazzy/opt/gz_math_vendor/lib:/opt/ros/jazzy/opt/gz_utils_vendor/lib:/opt/ros/jazzy/opt/gz_tools_vendor/lib:/opt/ros/jazzy/opt/gz_ogre_next_vendor/lib:/opt/ros/jazzy/opt/gz_dartsim_vendor/lib:/opt/ros/jazzy/opt/gz_cmake_vendor/lib:/opt/ros/jazzy/lib', 'OLDPWD': '/home/buenr', 'HOME': '/home/buenr', 'DESKTOP_SESSION': 'ubuntu', 'GTK_MODULES': 'gail:atk-bridge', 'GNOME_SHELL_SESSION_MODE': 'ubuntu', 'ROS_PYTHON_VERSION': '3', 'SYSTEMD_EXEC_PID': '30152', 'DBUS_SESSION_BUS_ADDRESS': 'unix:path=/run/user/481846386/bus', 'GSM_SKIP_SSH_AGENT_WORKAROUND': 'true', 'COLORTERM': 'truecolor', 'CONDA_CHANGEPS1': 'no', 'WAYLAND_DISPLAY': 'wayland-0', 'ROS_DISTRO': 'jazzy', 'COLCON_PREFIX_PATH': '/home/buenr/CS488/install', 'LOGNAME': 'buenr', '_': '/usr/bin/colcon', 'MEMORY_PRESSURE_WATCH': '/sys/fs/cgroup/user.slice/user-481846386.slice/user@481846386.service/session.slice/org.gnome.Shell@wayland.service/memory.pressure', 'XDG_SESSION_CLASS': 'user', 'ROS_VERSION': '2', 'USERNAME': 'buenr', 'TERM': 'xterm-256color', 'PROMPT_EOL_MARK': '', 'ROS_SUPER_CLIENT': 'True', 'GNOME_DESKTOP_SESSION_ID': 'this-is-deprecated', 'PATH': '/opt/ros/jazzy/opt/gz_msgs_vendor/bin:/opt/ros/jazzy/opt/gz_tools_vendor/bin:/opt/ros/jazzy/opt/gz_ogre_next_vendor/bin:/opt/ros/jazzy/bin:/usr/local/sbin:/usr/local/bin:/usr/sbin:/usr/bin:/sbin:/bin:/usr/games:/usr/local/games:/snap/bin:/snap/bin', 'SESSION_MANAGER': 'local/csci20122:@/tmp/.ICE-unix/30099,unix/csci20122:/tmp/.ICE-unix/30099', 'GNOME_TERMINAL_SCREEN': '/org/gnome/Terminal/screen/7d6d0661_eb5b_4e50_84b1_79b4a45519ac', 'XDG_MENU_PREFIX': 'gnome-', 'GNOME_SETUP_DISPLAY': ':1', 'XDG_RUNTIME_DIR': '/run/user/481846386', 'DISPLAY': ':0', 'XDG_CURRENT_DESKTOP': 'ubuntu:GNOME', 'LANG': 'en_US.UTF-8', 'RMW_IMPLEMENTATION': 'rmw_fastrtps_cpp', 'XDG_SESSION_DESKTOP': 'ubuntu', 'GNOME_TERMINAL_SERVICE': ':1.194', 'XMODIFIERS': '@im=ibus', 'XAUTHORITY': '/run/user/481846386/.mutter-Xwaylandauth.1MMGN3', 'SSH_AUTH_SOCK': '/run/user/481846386/keyring/ssh', 'AMENT_PREFIX_PATH': '/home/buenr/CS488/install/lab3_pkg:/home/buenr/CS488/install/lab_bringup:/home/buenr/CS488/install/lab5_pkg:/home/buenr/CS488/install/lab2_pkg:/home/buenr/CS488/install/lab1_pkg:/home/buenr/CS488/install/custom_interfaces:/opt/ros/jazzy', 'ROS_DOMAIN_ID': '0', 'KRB5CCNAME': 'FILE:/tmp/krb5cc_481846386_s7E0DV', 'SHELL': '/bin/zsh', 'ROS_DISCOVERY_SERVER': '10.5.113.101:11811', 'QT_ACCESSIBILITY': '1', 'GDMSESSION': 'ubuntu', 'QT_IM_MODULE': 'ibus', 'ROS_AUTOMATIC_DISCOVERY_RANGE': 'SUBNET', 'PWD': '/home/buenr/CS488/build/lab_bringup', 'XDG_DATA_DIRS': '/usr/local/share/:/usr/share/:/var/lib/snapd/desktop', 'VIRTUAL_ENV_DISABLE_PROMPT': '12', 'PYTHONPATH': '/home/buenr/CS488/install/lab3_pkg/lib/python3.12/site-packages:/home/buenr/CS488/install/custom_interfaces/lib/python3.12/site-packages:/home/buenr/CS488/install/lab5_pkg/lib/python3.12/site-packages:/home/buenr/CS488/install/lab2_pkg/lib/python3.12/site-packages:/home/buenr/CS488/install/lab1_pkg/lib/python3.12/site-packages:/opt/ros/jazzy/lib/python3.12/site-packages', 'COLCON': '1', 'VTE_VERSION': '7600', 'MEMORY_PRESSURE_WRITE': 'c29tZSAyMDAwMDAgMjAwMDAwMAA=', 'CMAKE_PREFIX_PATH': '/home/buenr/CS488/install/custom_interfaces:/home/buenr/CS488/install/lab_bringup:/opt/ros/jazzy/opt/gz_sim_vendor:/opt/ros/jazzy/opt/gz_sensors_vendor:/opt/ros/jazzy/opt/gz_physics_vendor:/opt/ros/jazzy/opt/sdformat_vendor:/opt/ros/jazzy/opt/gz_gui_vendor:/opt/ros/jazzy/opt/gz_transport_vendor:/opt/ros/jazzy/opt/gz_rendering_vendor:/opt/ros/jazzy/opt/gz_plugin_vendor:/opt/ros/jazzy/opt/gz_fuel_tools_vendor:/opt/ros/jazzy/opt/gz_msgs_vendor:/opt/ros/jazzy/opt/gz_common_vendor:/opt/ros/jazzy/opt/gz_math_vendor:/opt/ros/jazzy/opt/gz_utils_vendor:/opt/ros/jazzy/opt/gz_tools_vendor:/opt/ros/jazzy/opt/gz_ogre_next_vendor:/opt/ros/jazzy/opt/gz_dartsim_vendor:/opt/ros/jazzy/opt/gz_cmake_vendor:/home/buenr/CS488/install/lab5_pkg:/home/buenr/CS488/install/lab3_pkg:/home/buenr/CS488/install/lab2_pkg:/home/buenr/CS488/install/lab1_pkg:/opt/ros/jazzy'}), 'shell': False}
[2.399674] (lab5_pkg) CommandEnded: {'returncode': 0}
[2.401320] (lab_bringup) StdoutLine: {'line': b'-- Install configuration: ""\n'}
[2.401714] (lab_bringup) StdoutLine: {'line': b'-- Up-to-date: /home/buenr/CS488/install/lab_bringup/share/lab_bringup//launch\n'}
[2.401809] (lab_bringup) StdoutLine: {'line': b'-- Up-to-date: /home/buenr/CS488/install/lab_bringup/share/lab_bringup//launch/lab4.launch.xml\n'}
[2.401886] (lab_bringup) StdoutLine: {'line': b'-- Up-to-date: /home/buenr/CS488/install/lab_bringup/share/lab_bringup//launch/lab3.launch.xml\n'}
[2.401996] (lab_bringup) StdoutLine: {'line': b'-- Up-to-date: /home/buenr/CS488/install/lab_bringup/share/ament_index/resource_index/package_run_dependencies/lab_bringup\n'}
[2.402255] (lab_bringup) StdoutLine: {'line': b'-- Up-to-date: /home/buenr/CS488/install/lab_bringup/share/ament_index/resource_index/parent_prefix_path/lab_bringup\n'}
[2.402480] (lab_bringup) StdoutLine: {'line': b'-- Up-to-date: /home/buenr/CS488/install/lab_bringup/share/lab_bringup/environment/ament_prefix_path.sh\n'}
[2.402569] (lab_bringup) StdoutLine: {'line': b'-- Up-to-date: /home/buenr/CS488/install/lab_bringup/share/lab_bringup/environment/ament_prefix_path.dsv\n'}
[2.402745] (lab_bringup) StdoutLine: {'line': b'-- Up-to-date: /home/buenr/CS488/install/lab_bringup/share/lab_bringup/environment/path.sh\n'}
[2.402883] (lab_bringup) StdoutLine: {'line': b'-- Up-to-date: /home/buenr/CS488/install/lab_bringup/share/lab_bringup/environment/path.dsv\n'}
[2.402968] (lab_bringup) StdoutLine: {'line': b'-- Up-to-date: /home/buenr/CS488/install/lab_bringup/share/lab_bringup/local_setup.bash\n'}
[2.403223] (lab_bringup) StdoutLine: {'line': b'-- Up-to-date: /home/buenr/CS488/install/lab_bringup/share/lab_bringup/local_setup.sh\n'}
[2.403294] (lab_bringup) StdoutLine: {'line': b'-- Up-to-date: /home/buenr/CS488/install/lab_bringup/share/lab_bringup/local_setup.zsh\n'}
[2.403820] (-) TimerEvent: {}
[2.404164] (lab_bringup) StdoutLine: {'line': b'-- Up-to-date: /home/buenr/CS488/install/lab_bringup/share/lab_bringup/local_setup.dsv\n'}
[2.404320] (lab_bringup) StdoutLine: {'line': b'-- Installing: /home/buenr/CS488/install/lab_bringup/share/lab_bringup/package.dsv\n'}
[2.404940] (lab_bringup) StdoutLine: {'line': b'-- Up-to-date: /home/buenr/CS488/install/lab_bringup/share/ament_index/resource_index/packages/lab_bringup\n'}
[2.405054] (lab_bringup) StdoutLine: {'line': b'-- Up-to-date: /home/buenr/CS488/install/lab_bringup/share/lab_bringup/cmake/lab_bringupConfig.cmake\n'}
[2.405253] (lab_bringup) StdoutLine: {'line': b'-- Up-to-date: /home/buenr/CS488/install/lab_bringup/share/lab_bringup/cmake/lab_bringupConfig-version.cmake\n'}
[2.405421] (lab_bringup) StdoutLine: {'line': b'-- Up-to-date: /home/buenr/CS488/install/lab_bringup/share/lab_bringup/package.xml\n'}
[2.409114] (lab5_pkg) JobEnded: {'identifier': 'lab5_pkg', 'rc': 0}
[2.409793] (lab_bringup) CommandEnded: {'returncode': 0}
[2.469295] (lab_bringup) JobEnded: {'identifier': 'lab_bringup', 'rc': 0}
[2.470075] (-) EventReactorShutdown: {}
