[1.323s] Invoking command in '/home/cnutter/turtlebot4_ws/src/lab1_pkg': PYTHONPATH=/home/cnutter/turtlebot4_ws/build/lab1_pkg/prefix_override:/usr/lib/python3/dist-packages/colcon_core/task/python/colcon_distutils_commands:/home/cnutter/turtlebot4_ws/install/lab1_pkg/lib/python3.12/site-packages:${PYTHONPATH} /usr/bin/python3 -W ignore:setup.py install is deprecated -W ignore:easy_install command is deprecated setup.py egg_info --egg-base ../../build/lab1_pkg build --build-base /home/cnutter/turtlebot4_ws/build/lab1_pkg/build install --record /home/cnutter/turtlebot4_ws/build/lab1_pkg/install.log --single-version-externally-managed install_data
[1.627s] running egg_info
[1.655s] writing ../../build/lab1_pkg/lab1_pkg.egg-info/PKG-INFO
[1.656s] writing dependency_links to ../../build/lab1_pkg/lab1_pkg.egg-info/dependency_links.txt
[1.656s] writing entry points to ../../build/lab1_pkg/lab1_pkg.egg-info/entry_points.txt
[1.656s] writing requirements to ../../build/lab1_pkg/lab1_pkg.egg-info/requires.txt
[1.656s] writing top-level names to ../../build/lab1_pkg/lab1_pkg.egg-info/top_level.txt
[1.718s] reading manifest file '../../build/lab1_pkg/lab1_pkg.egg-info/SOURCES.txt'
[1.719s] writing manifest file '../../build/lab1_pkg/lab1_pkg.egg-info/SOURCES.txt'
[1.719s] running build
[1.719s] running build_py
[1.720s] running install
[1.726s] running install_lib
[1.755s] running install_data
[1.755s] running install_egg_info
[1.782s] removing '/home/cnutter/turtlebot4_ws/install/lab1_pkg/lib/python3.12/site-packages/lab1_pkg-0.0.0-py3.12.egg-info' (and everything under it)
[1.782s] Copying ../../build/lab1_pkg/lab1_pkg.egg-info to /home/cnutter/turtlebot4_ws/install/lab1_pkg/lib/python3.12/site-packages/lab1_pkg-0.0.0-py3.12.egg-info
[1.785s] running install_scripts
[1.966s] Installing speed_behavior_node script to /home/cnutter/turtlebot4_ws/install/lab1_pkg/lib/lab1_pkg
[1.967s] writing list of installed files to '/home/cnutter/turtlebot4_ws/build/lab1_pkg/install.log'
[2.002s] Invoked command in '/home/cnutter/turtlebot4_ws/src/lab1_pkg' returned '0': PYTHONPATH=/home/cnutter/turtlebot4_ws/build/lab1_pkg/prefix_override:/usr/lib/python3/dist-packages/colcon_core/task/python/colcon_distutils_commands:/home/cnutter/turtlebot4_ws/install/lab1_pkg/lib/python3.12/site-packages:${PYTHONPATH} /usr/bin/python3 -W ignore:setup.py install is deprecated -W ignore:easy_install command is deprecated setup.py egg_info --egg-base ../../build/lab1_pkg build --build-base /home/cnutter/turtlebot4_ws/build/lab1_pkg/build install --record /home/cnutter/turtlebot4_ws/build/lab1_pkg/install.log --single-version-externally-managed install_data
