[1.378s] Invoking command in '/home/gbonham/turtlebot4_ws/src/lab5_pkg': AMENT_PREFIX_PATH=/home/gbonham/turtlebot4_ws/install/custom_interfaces:${AMENT_PREFIX_PATH} CMAKE_PREFIX_PATH=/home/gbonham/turtlebot4_ws/install/custom_interfaces:${CMAKE_PREFIX_PATH} LD_LIBRARY_PATH=/home/gbonham/turtlebot4_ws/install/custom_interfaces/lib:${LD_LIBRARY_PATH} PYTHONPATH=/home/gbonham/turtlebot4_ws/build/lab5_pkg/prefix_override:/usr/lib/python3/dist-packages/colcon_core/task/python/colcon_distutils_commands:/home/gbonham/turtlebot4_ws/install/lab5_pkg/lib/python3.12/site-packages:/home/gbonham/turtlebot4_ws/install/custom_interfaces/lib/python3.12/site-packages:${PYTHONPATH} /usr/bin/python3 -W ignore:setup.py install is deprecated -W ignore:easy_install command is deprecated setup.py egg_info --egg-base ../../build/lab5_pkg build --build-base /home/gbonham/turtlebot4_ws/build/lab5_pkg/build install --record /home/gbonham/turtlebot4_ws/build/lab5_pkg/install.log --single-version-externally-managed install_data
[1.678s] running egg_info
[1.678s] creating ../../build/lab5_pkg/lab5_pkg.egg-info
[1.705s] writing ../../build/lab5_pkg/lab5_pkg.egg-info/PKG-INFO
[1.706s] writing dependency_links to ../../build/lab5_pkg/lab5_pkg.egg-info/dependency_links.txt
[1.706s] writing entry points to ../../build/lab5_pkg/lab5_pkg.egg-info/entry_points.txt
[1.706s] writing requirements to ../../build/lab5_pkg/lab5_pkg.egg-info/requires.txt
[1.707s] writing top-level names to ../../build/lab5_pkg/lab5_pkg.egg-info/top_level.txt
[1.707s] writing manifest file '../../build/lab5_pkg/lab5_pkg.egg-info/SOURCES.txt'
[1.758s] reading manifest file '../../build/lab5_pkg/lab5_pkg.egg-info/SOURCES.txt'
[1.758s] writing manifest file '../../build/lab5_pkg/lab5_pkg.egg-info/SOURCES.txt'
[1.759s] running build
[1.759s] running build_py
[1.759s] creating /home/gbonham/turtlebot4_ws/build/lab5_pkg/build
[1.759s] creating /home/gbonham/turtlebot4_ws/build/lab5_pkg/build/lib
[1.759s] creating /home/gbonham/turtlebot4_ws/build/lab5_pkg/build/lib/lab5_pkg
[1.759s] copying lab5_pkg/go_to_goal_client.py -> /home/gbonham/turtlebot4_ws/build/lab5_pkg/build/lib/lab5_pkg
[1.762s] copying lab5_pkg/__init__.py -> /home/gbonham/turtlebot4_ws/build/lab5_pkg/build/lib/lab5_pkg
[1.762s] copying lab5_pkg/go_to_goal_server.py -> /home/gbonham/turtlebot4_ws/build/lab5_pkg/build/lib/lab5_pkg
[1.764s] running install
[1.769s] running install_lib
[1.802s] creating /home/gbonham/turtlebot4_ws/install/lab5_pkg/lib/python3.12/site-packages/lab5_pkg
[1.803s] copying /home/gbonham/turtlebot4_ws/build/lab5_pkg/build/lib/lab5_pkg/go_to_goal_client.py -> /home/gbonham/turtlebot4_ws/install/lab5_pkg/lib/python3.12/site-packages/lab5_pkg
[1.803s] copying /home/gbonham/turtlebot4_ws/build/lab5_pkg/build/lib/lab5_pkg/__init__.py -> /home/gbonham/turtlebot4_ws/install/lab5_pkg/lib/python3.12/site-packages/lab5_pkg
[1.803s] copying /home/gbonham/turtlebot4_ws/build/lab5_pkg/build/lib/lab5_pkg/go_to_goal_server.py -> /home/gbonham/turtlebot4_ws/install/lab5_pkg/lib/python3.12/site-packages/lab5_pkg
[1.804s] byte-compiling /home/gbonham/turtlebot4_ws/install/lab5_pkg/lib/python3.12/site-packages/lab5_pkg/go_to_goal_client.py to go_to_goal_client.cpython-312.pyc
[1.807s] byte-compiling /home/gbonham/turtlebot4_ws/install/lab5_pkg/lib/python3.12/site-packages/lab5_pkg/__init__.py to __init__.cpython-312.pyc
[1.807s] byte-compiling /home/gbonham/turtlebot4_ws/install/lab5_pkg/lib/python3.12/site-packages/lab5_pkg/go_to_goal_server.py to go_to_goal_server.cpython-312.pyc
[1.808s] running install_data
[1.808s] creating /home/gbonham/turtlebot4_ws/install/lab5_pkg/share/ament_index
[1.808s] creating /home/gbonham/turtlebot4_ws/install/lab5_pkg/share/ament_index/resource_index
[1.808s] creating /home/gbonham/turtlebot4_ws/install/lab5_pkg/share/ament_index/resource_index/packages
[1.808s] copying resource/lab5_pkg -> /home/gbonham/turtlebot4_ws/install/lab5_pkg/share/ament_index/resource_index/packages
[1.809s] copying package.xml -> /home/gbonham/turtlebot4_ws/install/lab5_pkg/share/lab5_pkg
[1.809s] running install_egg_info
[1.836s] Copying ../../build/lab5_pkg/lab5_pkg.egg-info to /home/gbonham/turtlebot4_ws/install/lab5_pkg/lib/python3.12/site-packages/lab5_pkg-0.0.0-py3.12.egg-info
[1.839s] running install_scripts
[2.019s] Installing go_to_goal_client script to /home/gbonham/turtlebot4_ws/install/lab5_pkg/lib/lab5_pkg
[2.020s] Installing go_to_goal_server script to /home/gbonham/turtlebot4_ws/install/lab5_pkg/lib/lab5_pkg
[2.020s] writing list of installed files to '/home/gbonham/turtlebot4_ws/build/lab5_pkg/install.log'
[2.062s] Invoked command in '/home/gbonham/turtlebot4_ws/src/lab5_pkg' returned '0': AMENT_PREFIX_PATH=/home/gbonham/turtlebot4_ws/install/custom_interfaces:${AMENT_PREFIX_PATH} CMAKE_PREFIX_PATH=/home/gbonham/turtlebot4_ws/install/custom_interfaces:${CMAKE_PREFIX_PATH} LD_LIBRARY_PATH=/home/gbonham/turtlebot4_ws/install/custom_interfaces/lib:${LD_LIBRARY_PATH} PYTHONPATH=/home/gbonham/turtlebot4_ws/build/lab5_pkg/prefix_override:/usr/lib/python3/dist-packages/colcon_core/task/python/colcon_distutils_commands:/home/gbonham/turtlebot4_ws/install/lab5_pkg/lib/python3.12/site-packages:/home/gbonham/turtlebot4_ws/install/custom_interfaces/lib/python3.12/site-packages:${PYTHONPATH} /usr/bin/python3 -W ignore:setup.py install is deprecated -W ignore:easy_install command is deprecated setup.py egg_info --egg-base ../../build/lab5_pkg build --build-base /home/gbonham/turtlebot4_ws/build/lab5_pkg/build install --record /home/gbonham/turtlebot4_ws/build/lab5_pkg/install.log --single-version-externally-managed install_data
