[0.087s] DEBUG:colcon:Command line arguments: ['/usr/bin/colcon', 'build']
[0.087s] DEBUG:colcon:Parsed command line arguments: Namespace(log_base=None, log_level=None, verb_name='build', build_base='build', install_base='install', merge_install=False, symlink_install=False, test_result_base=None, continue_on_error=False, executor='parallel', parallel_workers=16, event_handlers=None, ignore_user_meta=False, metas=['./colcon.meta'], base_paths=['.'], packages_ignore=None, packages_ignore_regex=None, paths=None, packages_up_to=None, packages_up_to_regex=None, packages_above=None, packages_above_and_dependencies=None, packages_above_depth=None, packages_select_by_dep=None, packages_skip_by_dep=None, packages_skip_up_to=None, packages_select_build_failed=False, packages_skip_build_finished=False, packages_select_test_failures=False, packages_skip_test_passed=False, packages_select=None, packages_skip=None, packages_select_regex=None, packages_skip_regex=None, packages_start=None, packages_end=None, allow_overriding=[], cmake_args=None, cmake_target=None, cmake_target_skip_unavailable=False, cmake_clean_cache=False, cmake_clean_first=False, cmake_force_configure=False, ament_cmake_args=None, catkin_cmake_args=None, catkin_skip_building_tests=False, mixin_files=None, mixin=None, verb_parser=<colcon_mixin.mixin.mixin_argument.MixinArgumentDecorator object at 0x7f0cf7a58710>, verb_extension=<colcon_core.verb.build.BuildVerb object at 0x7f0cf7a58440>, main=<bound method BuildVerb.main of <colcon_core.verb.build.BuildVerb object at 0x7f0cf7a58440>>, mixin_verb=('build',))
[0.122s] Level 1:colcon.colcon_core.package_discovery:discover_packages(colcon_meta) check parameters
[0.122s] Level 1:colcon.colcon_core.package_discovery:discover_packages(recursive) check parameters
[0.122s] Level 1:colcon.colcon_core.package_discovery:discover_packages(ignore) check parameters
[0.122s] Level 1:colcon.colcon_core.package_discovery:discover_packages(path) check parameters
[0.122s] Level 1:colcon.colcon_core.package_discovery:discover_packages(colcon_meta) discover
[0.122s] Level 1:colcon.colcon_core.package_discovery:discover_packages(recursive) discover
[0.122s] INFO:colcon.colcon_core.package_discovery:Crawling recursively for packages in '/home/gbonham/turtlebot4_ws'
[0.122s] Level 1:colcon.colcon_core.package_identification:_identify(.) by extensions ['ignore', 'ignore_ament_install']
[0.122s] Level 1:colcon.colcon_core.package_identification:_identify(.) by extension 'ignore'
[0.122s] Level 1:colcon.colcon_core.package_identification:_identify(.) by extension 'ignore_ament_install'
[0.122s] Level 1:colcon.colcon_core.package_identification:_identify(.) by extensions ['colcon_pkg']
[0.122s] Level 1:colcon.colcon_core.package_identification:_identify(.) by extension 'colcon_pkg'
[0.122s] Level 1:colcon.colcon_core.package_identification:_identify(.) by extensions ['colcon_meta']
[0.122s] Level 1:colcon.colcon_core.package_identification:_identify(.) by extension 'colcon_meta'
[0.122s] Level 1:colcon.colcon_core.package_identification:_identify(.) by extensions ['ros']
[0.123s] Level 1:colcon.colcon_core.package_identification:_identify(.) by extension 'ros'
[0.143s] Level 1:colcon.colcon_core.package_identification:_identify(.) by extensions ['cmake', 'python']
[0.143s] Level 1:colcon.colcon_core.package_identification:_identify(.) by extension 'cmake'
[0.143s] Level 1:colcon.colcon_core.package_identification:_identify(.) by extension 'python'
[0.143s] Level 1:colcon.colcon_core.package_identification:_identify(.) by extensions ['python_setup_py']
[0.143s] Level 1:colcon.colcon_core.package_identification:_identify(.) by extension 'python_setup_py'
[0.143s] Level 1:colcon.colcon_core.package_identification:_identify(build) by extensions ['ignore', 'ignore_ament_install']
[0.144s] Level 1:colcon.colcon_core.package_identification:_identify(build) by extension 'ignore'
[0.144s] Level 1:colcon.colcon_core.package_identification:_identify(build) ignored
[0.144s] Level 1:colcon.colcon_core.package_identification:_identify(install) by extensions ['ignore', 'ignore_ament_install']
[0.144s] Level 1:colcon.colcon_core.package_identification:_identify(install) by extension 'ignore'
[0.144s] Level 1:colcon.colcon_core.package_identification:_identify(install) ignored
[0.144s] Level 1:colcon.colcon_core.package_identification:_identify(log) by extensions ['ignore', 'ignore_ament_install']
[0.144s] Level 1:colcon.colcon_core.package_identification:_identify(log) by extension 'ignore'
[0.144s] Level 1:colcon.colcon_core.package_identification:_identify(log) ignored
[0.144s] Level 1:colcon.colcon_core.package_identification:_identify(src) by extensions ['ignore', 'ignore_ament_install']
[0.144s] Level 1:colcon.colcon_core.package_identification:_identify(src) by extension 'ignore'
[0.144s] Level 1:colcon.colcon_core.package_identification:_identify(src) by extension 'ignore_ament_install'
[0.144s] Level 1:colcon.colcon_core.package_identification:_identify(src) by extensions ['colcon_pkg']
[0.144s] Level 1:colcon.colcon_core.package_identification:_identify(src) by extension 'colcon_pkg'
[0.145s] Level 1:colcon.colcon_core.package_identification:_identify(src) by extensions ['colcon_meta']
[0.145s] Level 1:colcon.colcon_core.package_identification:_identify(src) by extension 'colcon_meta'
[0.145s] Level 1:colcon.colcon_core.package_identification:_identify(src) by extensions ['ros']
[0.145s] Level 1:colcon.colcon_core.package_identification:_identify(src) by extension 'ros'
[0.145s] Level 1:colcon.colcon_core.package_identification:_identify(src) by extensions ['cmake', 'python']
[0.145s] Level 1:colcon.colcon_core.package_identification:_identify(src) by extension 'cmake'
[0.145s] Level 1:colcon.colcon_core.package_identification:_identify(src) by extension 'python'
[0.145s] Level 1:colcon.colcon_core.package_identification:_identify(src) by extensions ['python_setup_py']
[0.145s] Level 1:colcon.colcon_core.package_identification:_identify(src) by extension 'python_setup_py'
[0.145s] Level 1:colcon.colcon_core.package_identification:_identify(src/custom_interfaces) by extensions ['ignore', 'ignore_ament_install']
[0.145s] Level 1:colcon.colcon_core.package_identification:_identify(src/custom_interfaces) by extension 'ignore'
[0.145s] Level 1:colcon.colcon_core.package_identification:_identify(src/custom_interfaces) by extension 'ignore_ament_install'
[0.145s] Level 1:colcon.colcon_core.package_identification:_identify(src/custom_interfaces) by extensions ['colcon_pkg']
[0.145s] Level 1:colcon.colcon_core.package_identification:_identify(src/custom_interfaces) by extension 'colcon_pkg'
[0.145s] Level 1:colcon.colcon_core.package_identification:_identify(src/custom_interfaces) by extensions ['colcon_meta']
[0.145s] Level 1:colcon.colcon_core.package_identification:_identify(src/custom_interfaces) by extension 'colcon_meta'
[0.145s] Level 1:colcon.colcon_core.package_identification:_identify(src/custom_interfaces) by extensions ['ros']
[0.146s] Level 1:colcon.colcon_core.package_identification:_identify(src/custom_interfaces) by extension 'ros'
[0.148s] DEBUG:colcon.colcon_core.package_identification:Package 'src/custom_interfaces' with type 'ros.ament_cmake' and name 'custom_interfaces'
[0.148s] Level 1:colcon.colcon_core.package_identification:_identify(src/final) by extensions ['ignore', 'ignore_ament_install']
[0.148s] Level 1:colcon.colcon_core.package_identification:_identify(src/final) by extension 'ignore'
[0.148s] Level 1:colcon.colcon_core.package_identification:_identify(src/final) by extension 'ignore_ament_install'
[0.148s] Level 1:colcon.colcon_core.package_identification:_identify(src/final) by extensions ['colcon_pkg']
[0.148s] Level 1:colcon.colcon_core.package_identification:_identify(src/final) by extension 'colcon_pkg'
[0.148s] Level 1:colcon.colcon_core.package_identification:_identify(src/final) by extensions ['colcon_meta']
[0.148s] Level 1:colcon.colcon_core.package_identification:_identify(src/final) by extension 'colcon_meta'
[0.148s] Level 1:colcon.colcon_core.package_identification:_identify(src/final) by extensions ['ros']
[0.148s] Level 1:colcon.colcon_core.package_identification:_identify(src/final) by extension 'ros'
[0.149s] DEBUG:colcon.colcon_core.package_identification:Package 'src/final' with type 'ros.ament_python' and name 'final'
[0.149s] Level 1:colcon.colcon_core.package_identification:_identify(src/final_bringup) by extensions ['ignore', 'ignore_ament_install']
[0.149s] Level 1:colcon.colcon_core.package_identification:_identify(src/final_bringup) by extension 'ignore'
[0.149s] Level 1:colcon.colcon_core.package_identification:_identify(src/final_bringup) by extension 'ignore_ament_install'
[0.149s] Level 1:colcon.colcon_core.package_identification:_identify(src/final_bringup) by extensions ['colcon_pkg']
[0.149s] Level 1:colcon.colcon_core.package_identification:_identify(src/final_bringup) by extension 'colcon_pkg'
[0.149s] Level 1:colcon.colcon_core.package_identification:_identify(src/final_bringup) by extensions ['colcon_meta']
[0.149s] Level 1:colcon.colcon_core.package_identification:_identify(src/final_bringup) by extension 'colcon_meta'
[0.149s] Level 1:colcon.colcon_core.package_identification:_identify(src/final_bringup) by extensions ['ros']
[0.150s] Level 1:colcon.colcon_core.package_identification:_identify(src/final_bringup) by extension 'ros'
[0.150s] DEBUG:colcon.colcon_core.package_identification:Package 'src/final_bringup' with type 'ros.ament_cmake' and name 'final_bringup'
[0.150s] Level 1:colcon.colcon_core.package_identification:_identify(src/lab1_pkg) by extensions ['ignore', 'ignore_ament_install']
[0.150s] Level 1:colcon.colcon_core.package_identification:_identify(src/lab1_pkg) by extension 'ignore'
[0.150s] Level 1:colcon.colcon_core.package_identification:_identify(src/lab1_pkg) by extension 'ignore_ament_install'
[0.150s] Level 1:colcon.colcon_core.package_identification:_identify(src/lab1_pkg) by extensions ['colcon_pkg']
[0.150s] Level 1:colcon.colcon_core.package_identification:_identify(src/lab1_pkg) by extension 'colcon_pkg'
[0.150s] Level 1:colcon.colcon_core.package_identification:_identify(src/lab1_pkg) by extensions ['colcon_meta']
[0.150s] Level 1:colcon.colcon_core.package_identification:_identify(src/lab1_pkg) by extension 'colcon_meta'
[0.150s] Level 1:colcon.colcon_core.package_identification:_identify(src/lab1_pkg) by extensions ['ros']
[0.150s] Level 1:colcon.colcon_core.package_identification:_identify(src/lab1_pkg) by extension 'ros'
[0.151s] DEBUG:colcon.colcon_core.package_identification:Package 'src/lab1_pkg' with type 'ros.ament_python' and name 'lab1_pkg'
[0.151s] Level 1:colcon.colcon_core.package_identification:_identify(src/lab2_pkg) by extensions ['ignore', 'ignore_ament_install']
[0.151s] Level 1:colcon.colcon_core.package_identification:_identify(src/lab2_pkg) by extension 'ignore'
[0.151s] Level 1:colcon.colcon_core.package_identification:_identify(src/lab2_pkg) by extension 'ignore_ament_install'
[0.151s] Level 1:colcon.colcon_core.package_identification:_identify(src/lab2_pkg) by extensions ['colcon_pkg']
[0.151s] Level 1:colcon.colcon_core.package_identification:_identify(src/lab2_pkg) by extension 'colcon_pkg'
[0.151s] Level 1:colcon.colcon_core.package_identification:_identify(src/lab2_pkg) by extensions ['colcon_meta']
[0.151s] Level 1:colcon.colcon_core.package_identification:_identify(src/lab2_pkg) by extension 'colcon_meta'
[0.152s] Level 1:colcon.colcon_core.package_identification:_identify(src/lab2_pkg) by extensions ['ros']
[0.152s] Level 1:colcon.colcon_core.package_identification:_identify(src/lab2_pkg) by extension 'ros'
[0.152s] DEBUG:colcon.colcon_core.package_identification:Package 'src/lab2_pkg' with type 'ros.ament_python' and name 'lab2_pkg'
[0.152s] Level 1:colcon.colcon_core.package_identification:_identify(src/lab3_pkg) by extensions ['ignore', 'ignore_ament_install']
[0.152s] Level 1:colcon.colcon_core.package_identification:_identify(src/lab3_pkg) by extension 'ignore'
[0.152s] Level 1:colcon.colcon_core.package_identification:_identify(src/lab3_pkg) by extension 'ignore_ament_install'
[0.152s] Level 1:colcon.colcon_core.package_identification:_identify(src/lab3_pkg) by extensions ['colcon_pkg']
[0.152s] Level 1:colcon.colcon_core.package_identification:_identify(src/lab3_pkg) by extension 'colcon_pkg'
[0.153s] Level 1:colcon.colcon_core.package_identification:_identify(src/lab3_pkg) by extensions ['colcon_meta']
[0.153s] Level 1:colcon.colcon_core.package_identification:_identify(src/lab3_pkg) by extension 'colcon_meta'
[0.153s] Level 1:colcon.colcon_core.package_identification:_identify(src/lab3_pkg) by extensions ['ros']
[0.153s] Level 1:colcon.colcon_core.package_identification:_identify(src/lab3_pkg) by extension 'ros'
[0.153s] DEBUG:colcon.colcon_core.package_identification:Package 'src/lab3_pkg' with type 'ros.ament_python' and name 'lab3_pkg'
[0.153s] Level 1:colcon.colcon_core.package_identification:_identify(src/lab4_pkg) by extensions ['ignore', 'ignore_ament_install']
[0.153s] Level 1:colcon.colcon_core.package_identification:_identify(src/lab4_pkg) by extension 'ignore'
[0.153s] Level 1:colcon.colcon_core.package_identification:_identify(src/lab4_pkg) by extension 'ignore_ament_install'
[0.154s] Level 1:colcon.colcon_core.package_identification:_identify(src/lab4_pkg) by extensions ['colcon_pkg']
[0.154s] Level 1:colcon.colcon_core.package_identification:_identify(src/lab4_pkg) by extension 'colcon_pkg'
[0.154s] Level 1:colcon.colcon_core.package_identification:_identify(src/lab4_pkg) by extensions ['colcon_meta']
[0.154s] Level 1:colcon.colcon_core.package_identification:_identify(src/lab4_pkg) by extension 'colcon_meta'
[0.154s] Level 1:colcon.colcon_core.package_identification:_identify(src/lab4_pkg) by extensions ['ros']
[0.154s] Level 1:colcon.colcon_core.package_identification:_identify(src/lab4_pkg) by extension 'ros'
[0.154s] Level 1:colcon.colcon_core.package_identification:_identify(src/lab4_pkg) by extensions ['cmake', 'python']
[0.154s] Level 1:colcon.colcon_core.package_identification:_identify(src/lab4_pkg) by extension 'cmake'
[0.154s] Level 1:colcon.colcon_core.package_identification:_identify(src/lab4_pkg) by extension 'python'
[0.154s] Level 1:colcon.colcon_core.package_identification:_identify(src/lab4_pkg) by extensions ['python_setup_py']
[0.154s] Level 1:colcon.colcon_core.package_identification:_identify(src/lab4_pkg) by extension 'python_setup_py'
[0.154s] Level 1:colcon.colcon_core.package_identification:_identify(src/lab5_pkg) by extensions ['ignore', 'ignore_ament_install']
[0.154s] Level 1:colcon.colcon_core.package_identification:_identify(src/lab5_pkg) by extension 'ignore'
[0.154s] Level 1:colcon.colcon_core.package_identification:_identify(src/lab5_pkg) by extension 'ignore_ament_install'
[0.154s] Level 1:colcon.colcon_core.package_identification:_identify(src/lab5_pkg) by extensions ['colcon_pkg']
[0.154s] Level 1:colcon.colcon_core.package_identification:_identify(src/lab5_pkg) by extension 'colcon_pkg'
[0.154s] Level 1:colcon.colcon_core.package_identification:_identify(src/lab5_pkg) by extensions ['colcon_meta']
[0.154s] Level 1:colcon.colcon_core.package_identification:_identify(src/lab5_pkg) by extension 'colcon_meta'
[0.155s] Level 1:colcon.colcon_core.package_identification:_identify(src/lab5_pkg) by extensions ['ros']
[0.155s] Level 1:colcon.colcon_core.package_identification:_identify(src/lab5_pkg) by extension 'ros'
[0.155s] DEBUG:colcon.colcon_core.package_identification:Package 'src/lab5_pkg' with type 'ros.ament_python' and name 'lab5_pkg'
[0.155s] Level 1:colcon.colcon_core.package_identification:_identify(src/lab_bringup) by extensions ['ignore', 'ignore_ament_install']
[0.155s] Level 1:colcon.colcon_core.package_identification:_identify(src/lab_bringup) by extension 'ignore'
[0.155s] Level 1:colcon.colcon_core.package_identification:_identify(src/lab_bringup) by extension 'ignore_ament_install'
[0.155s] Level 1:colcon.colcon_core.package_identification:_identify(src/lab_bringup) by extensions ['colcon_pkg']
[0.155s] Level 1:colcon.colcon_core.package_identification:_identify(src/lab_bringup) by extension 'colcon_pkg'
[0.156s] Level 1:colcon.colcon_core.package_identification:_identify(src/lab_bringup) by extensions ['colcon_meta']
[0.156s] Level 1:colcon.colcon_core.package_identification:_identify(src/lab_bringup) by extension 'colcon_meta'
[0.156s] Level 1:colcon.colcon_core.package_identification:_identify(src/lab_bringup) by extensions ['ros']
[0.156s] Level 1:colcon.colcon_core.package_identification:_identify(src/lab_bringup) by extension 'ros'
[0.156s] DEBUG:colcon.colcon_core.package_identification:Package 'src/lab_bringup' with type 'ros.ament_cmake' and name 'lab_bringup'
[0.156s] Level 1:colcon.colcon_core.package_discovery:discover_packages(recursive) using defaults
[0.156s] Level 1:colcon.colcon_core.package_discovery:discover_packages(ignore) discover
[0.156s] Level 1:colcon.colcon_core.package_discovery:discover_packages(ignore) using defaults
[0.156s] Level 1:colcon.colcon_core.package_discovery:discover_packages(path) discover
[0.156s] Level 1:colcon.colcon_core.package_discovery:discover_packages(path) using defaults
[0.172s] Level 1:colcon.colcon_core.package_discovery:discover_packages(prefix_path) check parameters
[0.172s] Level 1:colcon.colcon_core.package_discovery:discover_packages(prefix_path) discover
[0.173s] Level 1:colcon.colcon_core.package_discovery:discover_packages(prefix_path) using defaults
[0.174s] Level 5:colcon.colcon_core.verb:set package 'custom_interfaces' build argument 'cmake_args' from command line to 'None'
[0.174s] Level 5:colcon.colcon_core.verb:set package 'custom_interfaces' build argument 'cmake_target' from command line to 'None'
[0.174s] Level 5:colcon.colcon_core.verb:set package 'custom_interfaces' build argument 'cmake_target_skip_unavailable' from command line to 'False'
[0.174s] Level 5:colcon.colcon_core.verb:set package 'custom_interfaces' build argument 'cmake_clean_cache' from command line to 'False'
[0.174s] Level 5:colcon.colcon_core.verb:set package 'custom_interfaces' build argument 'cmake_clean_first' from command line to 'False'
[0.174s] Level 5:colcon.colcon_core.verb:set package 'custom_interfaces' build argument 'cmake_force_configure' from command line to 'False'
[0.174s] Level 5:colcon.colcon_core.verb:set package 'custom_interfaces' build argument 'ament_cmake_args' from command line to 'None'
[0.174s] Level 5:colcon.colcon_core.verb:set package 'custom_interfaces' build argument 'catkin_cmake_args' from command line to 'None'
[0.175s] Level 5:colcon.colcon_core.verb:set package 'custom_interfaces' build argument 'catkin_skip_building_tests' from command line to 'False'
[0.175s] DEBUG:colcon.colcon_core.verb:Building package 'custom_interfaces' with the following arguments: {'ament_cmake_args': None, 'build_base': '/home/gbonham/turtlebot4_ws/build/custom_interfaces', 'catkin_cmake_args': None, 'catkin_skip_building_tests': False, 'cmake_args': None, 'cmake_clean_cache': False, 'cmake_clean_first': False, 'cmake_force_configure': False, 'cmake_target': None, 'cmake_target_skip_unavailable': False, 'install_base': '/home/gbonham/turtlebot4_ws/install/custom_interfaces', 'merge_install': False, 'path': '/home/gbonham/turtlebot4_ws/src/custom_interfaces', 'symlink_install': False, 'test_result_base': None}
[0.175s] Level 5:colcon.colcon_core.verb:set package 'lab1_pkg' build argument 'cmake_args' from command line to 'None'
[0.175s] Level 5:colcon.colcon_core.verb:set package 'lab1_pkg' build argument 'cmake_target' from command line to 'None'
[0.175s] Level 5:colcon.colcon_core.verb:set package 'lab1_pkg' build argument 'cmake_target_skip_unavailable' from command line to 'False'
[0.175s] Level 5:colcon.colcon_core.verb:set package 'lab1_pkg' build argument 'cmake_clean_cache' from command line to 'False'
[0.175s] Level 5:colcon.colcon_core.verb:set package 'lab1_pkg' build argument 'cmake_clean_first' from command line to 'False'
[0.175s] Level 5:colcon.colcon_core.verb:set package 'lab1_pkg' build argument 'cmake_force_configure' from command line to 'False'
[0.175s] Level 5:colcon.colcon_core.verb:set package 'lab1_pkg' build argument 'ament_cmake_args' from command line to 'None'
[0.175s] Level 5:colcon.colcon_core.verb:set package 'lab1_pkg' build argument 'catkin_cmake_args' from command line to 'None'
[0.175s] Level 5:colcon.colcon_core.verb:set package 'lab1_pkg' build argument 'catkin_skip_building_tests' from command line to 'False'
[0.175s] DEBUG:colcon.colcon_core.verb:Building package 'lab1_pkg' with the following arguments: {'ament_cmake_args': None, 'build_base': '/home/gbonham/turtlebot4_ws/build/lab1_pkg', 'catkin_cmake_args': None, 'catkin_skip_building_tests': False, 'cmake_args': None, 'cmake_clean_cache': False, 'cmake_clean_first': False, 'cmake_force_configure': False, 'cmake_target': None, 'cmake_target_skip_unavailable': False, 'install_base': '/home/gbonham/turtlebot4_ws/install/lab1_pkg', 'merge_install': False, 'path': '/home/gbonham/turtlebot4_ws/src/lab1_pkg', 'symlink_install': False, 'test_result_base': None}
[0.175s] Level 5:colcon.colcon_core.verb:set package 'lab2_pkg' build argument 'cmake_args' from command line to 'None'
[0.175s] Level 5:colcon.colcon_core.verb:set package 'lab2_pkg' build argument 'cmake_target' from command line to 'None'
[0.175s] Level 5:colcon.colcon_core.verb:set package 'lab2_pkg' build argument 'cmake_target_skip_unavailable' from command line to 'False'
[0.175s] Level 5:colcon.colcon_core.verb:set package 'lab2_pkg' build argument 'cmake_clean_cache' from command line to 'False'
[0.176s] Level 5:colcon.colcon_core.verb:set package 'lab2_pkg' build argument 'cmake_clean_first' from command line to 'False'
[0.176s] Level 5:colcon.colcon_core.verb:set package 'lab2_pkg' build argument 'cmake_force_configure' from command line to 'False'
[0.176s] Level 5:colcon.colcon_core.verb:set package 'lab2_pkg' build argument 'ament_cmake_args' from command line to 'None'
[0.176s] Level 5:colcon.colcon_core.verb:set package 'lab2_pkg' build argument 'catkin_cmake_args' from command line to 'None'
[0.176s] Level 5:colcon.colcon_core.verb:set package 'lab2_pkg' build argument 'catkin_skip_building_tests' from command line to 'False'
[0.176s] DEBUG:colcon.colcon_core.verb:Building package 'lab2_pkg' with the following arguments: {'ament_cmake_args': None, 'build_base': '/home/gbonham/turtlebot4_ws/build/lab2_pkg', 'catkin_cmake_args': None, 'catkin_skip_building_tests': False, 'cmake_args': None, 'cmake_clean_cache': False, 'cmake_clean_first': False, 'cmake_force_configure': False, 'cmake_target': None, 'cmake_target_skip_unavailable': False, 'install_base': '/home/gbonham/turtlebot4_ws/install/lab2_pkg', 'merge_install': False, 'path': '/home/gbonham/turtlebot4_ws/src/lab2_pkg', 'symlink_install': False, 'test_result_base': None}
[0.176s] Level 5:colcon.colcon_core.verb:set package 'final' build argument 'cmake_args' from command line to 'None'
[0.176s] Level 5:colcon.colcon_core.verb:set package 'final' build argument 'cmake_target' from command line to 'None'
[0.176s] Level 5:colcon.colcon_core.verb:set package 'final' build argument 'cmake_target_skip_unavailable' from command line to 'False'
[0.176s] Level 5:colcon.colcon_core.verb:set package 'final' build argument 'cmake_clean_cache' from command line to 'False'
[0.176s] Level 5:colcon.colcon_core.verb:set package 'final' build argument 'cmake_clean_first' from command line to 'False'
[0.176s] Level 5:colcon.colcon_core.verb:set package 'final' build argument 'cmake_force_configure' from command line to 'False'
[0.176s] Level 5:colcon.colcon_core.verb:set package 'final' build argument 'ament_cmake_args' from command line to 'None'
[0.176s] Level 5:colcon.colcon_core.verb:set package 'final' build argument 'catkin_cmake_args' from command line to 'None'
[0.176s] Level 5:colcon.colcon_core.verb:set package 'final' build argument 'catkin_skip_building_tests' from command line to 'False'
[0.176s] DEBUG:colcon.colcon_core.verb:Building package 'final' with the following arguments: {'ament_cmake_args': None, 'build_base': '/home/gbonham/turtlebot4_ws/build/final', 'catkin_cmake_args': None, 'catkin_skip_building_tests': False, 'cmake_args': None, 'cmake_clean_cache': False, 'cmake_clean_first': False, 'cmake_force_configure': False, 'cmake_target': None, 'cmake_target_skip_unavailable': False, 'install_base': '/home/gbonham/turtlebot4_ws/install/final', 'merge_install': False, 'path': '/home/gbonham/turtlebot4_ws/src/final', 'symlink_install': False, 'test_result_base': None}
[0.176s] Level 5:colcon.colcon_core.verb:set package 'lab3_pkg' build argument 'cmake_args' from command line to 'None'
[0.177s] Level 5:colcon.colcon_core.verb:set package 'lab3_pkg' build argument 'cmake_target' from command line to 'None'
[0.177s] Level 5:colcon.colcon_core.verb:set package 'lab3_pkg' build argument 'cmake_target_skip_unavailable' from command line to 'False'
[0.177s] Level 5:colcon.colcon_core.verb:set package 'lab3_pkg' build argument 'cmake_clean_cache' from command line to 'False'
[0.177s] Level 5:colcon.colcon_core.verb:set package 'lab3_pkg' build argument 'cmake_clean_first' from command line to 'False'
[0.177s] Level 5:colcon.colcon_core.verb:set package 'lab3_pkg' build argument 'cmake_force_configure' from command line to 'False'
[0.177s] Level 5:colcon.colcon_core.verb:set package 'lab3_pkg' build argument 'ament_cmake_args' from command line to 'None'
[0.177s] Level 5:colcon.colcon_core.verb:set package 'lab3_pkg' build argument 'catkin_cmake_args' from command line to 'None'
[0.177s] Level 5:colcon.colcon_core.verb:set package 'lab3_pkg' build argument 'catkin_skip_building_tests' from command line to 'False'
[0.177s] DEBUG:colcon.colcon_core.verb:Building package 'lab3_pkg' with the following arguments: {'ament_cmake_args': None, 'build_base': '/home/gbonham/turtlebot4_ws/build/lab3_pkg', 'catkin_cmake_args': None, 'catkin_skip_building_tests': False, 'cmake_args': None, 'cmake_clean_cache': False, 'cmake_clean_first': False, 'cmake_force_configure': False, 'cmake_target': None, 'cmake_target_skip_unavailable': False, 'install_base': '/home/gbonham/turtlebot4_ws/install/lab3_pkg', 'merge_install': False, 'path': '/home/gbonham/turtlebot4_ws/src/lab3_pkg', 'symlink_install': False, 'test_result_base': None}
[0.177s] Level 5:colcon.colcon_core.verb:set package 'lab5_pkg' build argument 'cmake_args' from command line to 'None'
[0.177s] Level 5:colcon.colcon_core.verb:set package 'lab5_pkg' build argument 'cmake_target' from command line to 'None'
[0.177s] Level 5:colcon.colcon_core.verb:set package 'lab5_pkg' build argument 'cmake_target_skip_unavailable' from command line to 'False'
[0.177s] Level 5:colcon.colcon_core.verb:set package 'lab5_pkg' build argument 'cmake_clean_cache' from command line to 'False'
[0.177s] Level 5:colcon.colcon_core.verb:set package 'lab5_pkg' build argument 'cmake_clean_first' from command line to 'False'
[0.177s] Level 5:colcon.colcon_core.verb:set package 'lab5_pkg' build argument 'cmake_force_configure' from command line to 'False'
[0.177s] Level 5:colcon.colcon_core.verb:set package 'lab5_pkg' build argument 'ament_cmake_args' from command line to 'None'
[0.177s] Level 5:colcon.colcon_core.verb:set package 'lab5_pkg' build argument 'catkin_cmake_args' from command line to 'None'
[0.177s] Level 5:colcon.colcon_core.verb:set package 'lab5_pkg' build argument 'catkin_skip_building_tests' from command line to 'False'
[0.177s] DEBUG:colcon.colcon_core.verb:Building package 'lab5_pkg' with the following arguments: {'ament_cmake_args': None, 'build_base': '/home/gbonham/turtlebot4_ws/build/lab5_pkg', 'catkin_cmake_args': None, 'catkin_skip_building_tests': False, 'cmake_args': None, 'cmake_clean_cache': False, 'cmake_clean_first': False, 'cmake_force_configure': False, 'cmake_target': None, 'cmake_target_skip_unavailable': False, 'install_base': '/home/gbonham/turtlebot4_ws/install/lab5_pkg', 'merge_install': False, 'path': '/home/gbonham/turtlebot4_ws/src/lab5_pkg', 'symlink_install': False, 'test_result_base': None}
[0.178s] Level 5:colcon.colcon_core.verb:set package 'final_bringup' build argument 'cmake_args' from command line to 'None'
[0.178s] Level 5:colcon.colcon_core.verb:set package 'final_bringup' build argument 'cmake_target' from command line to 'None'
[0.178s] Level 5:colcon.colcon_core.verb:set package 'final_bringup' build argument 'cmake_target_skip_unavailable' from command line to 'False'
[0.178s] Level 5:colcon.colcon_core.verb:set package 'final_bringup' build argument 'cmake_clean_cache' from command line to 'False'
[0.178s] Level 5:colcon.colcon_core.verb:set package 'final_bringup' build argument 'cmake_clean_first' from command line to 'False'
[0.178s] Level 5:colcon.colcon_core.verb:set package 'final_bringup' build argument 'cmake_force_configure' from command line to 'False'
[0.178s] Level 5:colcon.colcon_core.verb:set package 'final_bringup' build argument 'ament_cmake_args' from command line to 'None'
[0.178s] Level 5:colcon.colcon_core.verb:set package 'final_bringup' build argument 'catkin_cmake_args' from command line to 'None'
[0.178s] Level 5:colcon.colcon_core.verb:set package 'final_bringup' build argument 'catkin_skip_building_tests' from command line to 'False'
[0.178s] DEBUG:colcon.colcon_core.verb:Building package 'final_bringup' with the following arguments: {'ament_cmake_args': None, 'build_base': '/home/gbonham/turtlebot4_ws/build/final_bringup', 'catkin_cmake_args': None, 'catkin_skip_building_tests': False, 'cmake_args': None, 'cmake_clean_cache': False, 'cmake_clean_first': False, 'cmake_force_configure': False, 'cmake_target': None, 'cmake_target_skip_unavailable': False, 'install_base': '/home/gbonham/turtlebot4_ws/install/final_bringup', 'merge_install': False, 'path': '/home/gbonham/turtlebot4_ws/src/final_bringup', 'symlink_install': False, 'test_result_base': None}
[0.178s] Level 5:colcon.colcon_core.verb:set package 'lab_bringup' build argument 'cmake_args' from command line to 'None'
[0.178s] Level 5:colcon.colcon_core.verb:set package 'lab_bringup' build argument 'cmake_target' from command line to 'None'
[0.178s] Level 5:colcon.colcon_core.verb:set package 'lab_bringup' build argument 'cmake_target_skip_unavailable' from command line to 'False'
[0.178s] Level 5:colcon.colcon_core.verb:set package 'lab_bringup' build argument 'cmake_clean_cache' from command line to 'False'
[0.178s] Level 5:colcon.colcon_core.verb:set package 'lab_bringup' build argument 'cmake_clean_first' from command line to 'False'
[0.178s] Level 5:colcon.colcon_core.verb:set package 'lab_bringup' build argument 'cmake_force_configure' from command line to 'False'
[0.178s] Level 5:colcon.colcon_core.verb:set package 'lab_bringup' build argument 'ament_cmake_args' from command line to 'None'
[0.178s] Level 5:colcon.colcon_core.verb:set package 'lab_bringup' build argument 'catkin_cmake_args' from command line to 'None'
[0.178s] Level 5:colcon.colcon_core.verb:set package 'lab_bringup' build argument 'catkin_skip_building_tests' from command line to 'False'
[0.178s] DEBUG:colcon.colcon_core.verb:Building package 'lab_bringup' with the following arguments: {'ament_cmake_args': None, 'build_base': '/home/gbonham/turtlebot4_ws/build/lab_bringup', 'catkin_cmake_args': None, 'catkin_skip_building_tests': False, 'cmake_args': None, 'cmake_clean_cache': False, 'cmake_clean_first': False, 'cmake_force_configure': False, 'cmake_target': None, 'cmake_target_skip_unavailable': False, 'install_base': '/home/gbonham/turtlebot4_ws/install/lab_bringup', 'merge_install': False, 'path': '/home/gbonham/turtlebot4_ws/src/lab_bringup', 'symlink_install': False, 'test_result_base': None}
[0.179s] INFO:colcon.colcon_core.executor:Executing jobs using 'parallel' executor
[0.179s] DEBUG:colcon.colcon_parallel_executor.executor.parallel:run_until_complete
[0.179s] INFO:colcon.colcon_ros.task.ament_cmake.build:Building ROS package in '/home/gbonham/turtlebot4_ws/src/custom_interfaces' with build type 'ament_cmake'
[0.180s] INFO:colcon.colcon_cmake.task.cmake.build:Building CMake package in '/home/gbonham/turtlebot4_ws/src/custom_interfaces'
[0.181s] INFO:colcon.colcon_core.plugin_system:Skipping extension 'colcon_core.shell.bat': Not used on non-Windows systems
[0.182s] INFO:colcon.colcon_core.shell:Skip shell extension 'powershell' for command environment: Not usable outside of PowerShell
[0.182s] DEBUG:colcon.colcon_core.shell:Skip shell extension 'dsv' for command environment
[0.183s] INFO:colcon.colcon_ros.task.ament_python.build:Building ROS package in '/home/gbonham/turtlebot4_ws/src/lab1_pkg' with build type 'ament_python'
[0.183s] Level 1:colcon.colcon_core.shell:create_environment_hook('lab1_pkg', 'ament_prefix_path')
[0.183s] INFO:colcon.colcon_core.shell:Creating environment hook '/home/gbonham/turtlebot4_ws/install/lab1_pkg/share/lab1_pkg/hook/ament_prefix_path.ps1'
[0.183s] INFO:colcon.colcon_core.shell:Creating environment descriptor '/home/gbonham/turtlebot4_ws/install/lab1_pkg/share/lab1_pkg/hook/ament_prefix_path.dsv'
[0.184s] INFO:colcon.colcon_core.shell:Creating environment hook '/home/gbonham/turtlebot4_ws/install/lab1_pkg/share/lab1_pkg/hook/ament_prefix_path.sh'
[0.185s] INFO:colcon.colcon_core.shell:Skip shell extension 'powershell' for command environment: Not usable outside of PowerShell
[0.185s] DEBUG:colcon.colcon_core.shell:Skip shell extension 'dsv' for command environment
[0.186s] INFO:colcon.colcon_ros.task.ament_python.build:Building ROS package in '/home/gbonham/turtlebot4_ws/src/lab2_pkg' with build type 'ament_python'
[0.186s] Level 1:colcon.colcon_core.shell:create_environment_hook('lab2_pkg', 'ament_prefix_path')
[0.187s] INFO:colcon.colcon_core.shell:Creating environment hook '/home/gbonham/turtlebot4_ws/install/lab2_pkg/share/lab2_pkg/hook/ament_prefix_path.ps1'
[0.187s] INFO:colcon.colcon_core.shell:Creating environment descriptor '/home/gbonham/turtlebot4_ws/install/lab2_pkg/share/lab2_pkg/hook/ament_prefix_path.dsv'
[0.188s] INFO:colcon.colcon_core.shell:Creating environment hook '/home/gbonham/turtlebot4_ws/install/lab2_pkg/share/lab2_pkg/hook/ament_prefix_path.sh'
[0.188s] INFO:colcon.colcon_core.shell:Skip shell extension 'powershell' for command environment: Not usable outside of PowerShell
[0.188s] DEBUG:colcon.colcon_core.shell:Skip shell extension 'dsv' for command environment
[0.208s] DEBUG:colcon.colcon_core.event_handler.log_command:Invoking command in '/home/gbonham/turtlebot4_ws/build/custom_interfaces': /usr/bin/cmake --build /home/gbonham/turtlebot4_ws/build/custom_interfaces -- -j16 -l16
[0.408s] INFO:colcon.colcon_core.task.python.build:Building Python package in '/home/gbonham/turtlebot4_ws/src/lab1_pkg'
[0.408s] INFO:colcon.colcon_core.shell:Skip shell extension 'powershell' for command environment: Not usable outside of PowerShell
[0.408s] DEBUG:colcon.colcon_core.shell:Skip shell extension 'dsv' for command environment
[0.605s] INFO:colcon.colcon_core.task.python.build:Building Python package in '/home/gbonham/turtlebot4_ws/src/lab2_pkg'
[0.606s] INFO:colcon.colcon_core.shell:Skip shell extension 'powershell' for command environment: Not usable outside of PowerShell
[0.606s] DEBUG:colcon.colcon_core.shell:Skip shell extension 'dsv' for command environment
[0.613s] DEBUG:colcon.colcon_core.event_handler.log_command:Invoked command in '/home/gbonham/turtlebot4_ws/build/custom_interfaces' returned '0': /usr/bin/cmake --build /home/gbonham/turtlebot4_ws/build/custom_interfaces -- -j16 -l16
[0.621s] DEBUG:colcon.colcon_core.event_handler.log_command:Invoking command in '/home/gbonham/turtlebot4_ws/build/custom_interfaces': /usr/bin/cmake --install /home/gbonham/turtlebot4_ws/build/custom_interfaces
[0.690s] Level 1:colcon.colcon_core.environment:create_environment_scripts_only(custom_interfaces)
[0.690s] DEBUG:colcon.colcon_core.event_handler.log_command:Invoked command in '/home/gbonham/turtlebot4_ws/build/custom_interfaces' returned '0': /usr/bin/cmake --install /home/gbonham/turtlebot4_ws/build/custom_interfaces
[0.692s] Level 1:colcon.colcon_core.environment:checking '/home/gbonham/turtlebot4_ws/install/custom_interfaces' for CMake module files
[0.693s] Level 1:colcon.colcon_core.environment:checking '/home/gbonham/turtlebot4_ws/install/custom_interfaces' for CMake config files
[0.693s] Level 1:colcon.colcon_core.shell:create_environment_hook('custom_interfaces', 'cmake_prefix_path')
[0.693s] INFO:colcon.colcon_core.shell:Creating environment hook '/home/gbonham/turtlebot4_ws/install/custom_interfaces/share/custom_interfaces/hook/cmake_prefix_path.ps1'
[0.694s] INFO:colcon.colcon_core.shell:Creating environment descriptor '/home/gbonham/turtlebot4_ws/install/custom_interfaces/share/custom_interfaces/hook/cmake_prefix_path.dsv'
[0.694s] INFO:colcon.colcon_core.shell:Creating environment hook '/home/gbonham/turtlebot4_ws/install/custom_interfaces/share/custom_interfaces/hook/cmake_prefix_path.sh'
[0.695s] Level 1:colcon.colcon_core.environment:checking '/home/gbonham/turtlebot4_ws/install/custom_interfaces/lib'
[0.695s] Level 1:colcon.colcon_core.shell:create_environment_hook('custom_interfaces', 'ld_library_path_lib')
[0.695s] INFO:colcon.colcon_core.shell:Creating environment hook '/home/gbonham/turtlebot4_ws/install/custom_interfaces/share/custom_interfaces/hook/ld_library_path_lib.ps1'
[0.696s] INFO:colcon.colcon_core.shell:Creating environment descriptor '/home/gbonham/turtlebot4_ws/install/custom_interfaces/share/custom_interfaces/hook/ld_library_path_lib.dsv'
[0.696s] INFO:colcon.colcon_core.shell:Creating environment hook '/home/gbonham/turtlebot4_ws/install/custom_interfaces/share/custom_interfaces/hook/ld_library_path_lib.sh'
[0.697s] Level 1:colcon.colcon_core.environment:checking '/home/gbonham/turtlebot4_ws/install/custom_interfaces/bin'
[0.697s] Level 1:colcon.colcon_core.environment:checking '/home/gbonham/turtlebot4_ws/install/custom_interfaces/lib/pkgconfig/custom_interfaces.pc'
[0.697s] Level 1:colcon.colcon_core.environment:checking '/home/gbonham/turtlebot4_ws/install/custom_interfaces/lib/python3.12/site-packages'
[0.697s] Level 1:colcon.colcon_core.shell:create_environment_hook('custom_interfaces', 'pythonpath')
[0.697s] INFO:colcon.colcon_core.shell:Creating environment hook '/home/gbonham/turtlebot4_ws/install/custom_interfaces/share/custom_interfaces/hook/pythonpath.ps1'
[0.698s] INFO:colcon.colcon_core.shell:Creating environment descriptor '/home/gbonham/turtlebot4_ws/install/custom_interfaces/share/custom_interfaces/hook/pythonpath.dsv'
[0.698s] INFO:colcon.colcon_core.shell:Creating environment hook '/home/gbonham/turtlebot4_ws/install/custom_interfaces/share/custom_interfaces/hook/pythonpath.sh'
[0.699s] Level 1:colcon.colcon_core.environment:checking '/home/gbonham/turtlebot4_ws/install/custom_interfaces/bin'
[0.699s] INFO:colcon.colcon_core.shell:Creating package script '/home/gbonham/turtlebot4_ws/install/custom_interfaces/share/custom_interfaces/package.ps1'
[0.726s] INFO:colcon.colcon_core.shell:Creating package descriptor '/home/gbonham/turtlebot4_ws/install/custom_interfaces/share/custom_interfaces/package.dsv'
[0.727s] INFO:colcon.colcon_core.shell:Creating package script '/home/gbonham/turtlebot4_ws/install/custom_interfaces/share/custom_interfaces/package.sh'
[0.728s] INFO:colcon.colcon_core.shell:Creating package script '/home/gbonham/turtlebot4_ws/install/custom_interfaces/share/custom_interfaces/package.bash'
[0.728s] INFO:colcon.colcon_core.shell:Creating package script '/home/gbonham/turtlebot4_ws/install/custom_interfaces/share/custom_interfaces/package.zsh'
[0.730s] Level 1:colcon.colcon_core.environment:create_file_with_runtime_dependencies(/home/gbonham/turtlebot4_ws/install/custom_interfaces/share/colcon-core/packages/custom_interfaces)
[0.730s] Level 1:colcon.colcon_core.environment:create_environment_scripts_only(custom_interfaces)
[0.730s] Level 1:colcon.colcon_core.environment:checking '/home/gbonham/turtlebot4_ws/install/custom_interfaces' for CMake module files
[0.731s] Level 1:colcon.colcon_core.environment:checking '/home/gbonham/turtlebot4_ws/install/custom_interfaces' for CMake config files
[0.731s] Level 1:colcon.colcon_core.shell:create_environment_hook('custom_interfaces', 'cmake_prefix_path')
[0.731s] INFO:colcon.colcon_core.shell:Creating environment hook '/home/gbonham/turtlebot4_ws/install/custom_interfaces/share/custom_interfaces/hook/cmake_prefix_path.ps1'
[0.732s] INFO:colcon.colcon_core.shell:Creating environment descriptor '/home/gbonham/turtlebot4_ws/install/custom_interfaces/share/custom_interfaces/hook/cmake_prefix_path.dsv'
[0.732s] INFO:colcon.colcon_core.shell:Creating environment hook '/home/gbonham/turtlebot4_ws/install/custom_interfaces/share/custom_interfaces/hook/cmake_prefix_path.sh'
[0.733s] Level 1:colcon.colcon_core.environment:checking '/home/gbonham/turtlebot4_ws/install/custom_interfaces/lib'
[0.733s] Level 1:colcon.colcon_core.shell:create_environment_hook('custom_interfaces', 'ld_library_path_lib')
[0.733s] INFO:colcon.colcon_core.shell:Creating environment hook '/home/gbonham/turtlebot4_ws/install/custom_interfaces/share/custom_interfaces/hook/ld_library_path_lib.ps1'
[0.733s] INFO:colcon.colcon_core.shell:Creating environment descriptor '/home/gbonham/turtlebot4_ws/install/custom_interfaces/share/custom_interfaces/hook/ld_library_path_lib.dsv'
[0.733s] INFO:colcon.colcon_core.shell:Creating environment hook '/home/gbonham/turtlebot4_ws/install/custom_interfaces/share/custom_interfaces/hook/ld_library_path_lib.sh'
[0.734s] Level 1:colcon.colcon_core.environment:checking '/home/gbonham/turtlebot4_ws/install/custom_interfaces/bin'
[0.734s] Level 1:colcon.colcon_core.environment:checking '/home/gbonham/turtlebot4_ws/install/custom_interfaces/lib/pkgconfig/custom_interfaces.pc'
[0.734s] Level 1:colcon.colcon_core.environment:checking '/home/gbonham/turtlebot4_ws/install/custom_interfaces/lib/python3.12/site-packages'
[0.734s] Level 1:colcon.colcon_core.shell:create_environment_hook('custom_interfaces', 'pythonpath')
[0.734s] INFO:colcon.colcon_core.shell:Creating environment hook '/home/gbonham/turtlebot4_ws/install/custom_interfaces/share/custom_interfaces/hook/pythonpath.ps1'
[0.735s] INFO:colcon.colcon_core.shell:Creating environment descriptor '/home/gbonham/turtlebot4_ws/install/custom_interfaces/share/custom_interfaces/hook/pythonpath.dsv'
[0.735s] INFO:colcon.colcon_core.shell:Creating environment hook '/home/gbonham/turtlebot4_ws/install/custom_interfaces/share/custom_interfaces/hook/pythonpath.sh'
[0.736s] Level 1:colcon.colcon_core.environment:checking '/home/gbonham/turtlebot4_ws/install/custom_interfaces/bin'
[0.736s] INFO:colcon.colcon_core.shell:Creating package script '/home/gbonham/turtlebot4_ws/install/custom_interfaces/share/custom_interfaces/package.ps1'
[0.774s] INFO:colcon.colcon_core.shell:Creating package descriptor '/home/gbonham/turtlebot4_ws/install/custom_interfaces/share/custom_interfaces/package.dsv'
[0.775s] INFO:colcon.colcon_core.shell:Creating package script '/home/gbonham/turtlebot4_ws/install/custom_interfaces/share/custom_interfaces/package.sh'
[0.775s] INFO:colcon.colcon_core.shell:Creating package script '/home/gbonham/turtlebot4_ws/install/custom_interfaces/share/custom_interfaces/package.bash'
[0.775s] INFO:colcon.colcon_core.shell:Creating package script '/home/gbonham/turtlebot4_ws/install/custom_interfaces/share/custom_interfaces/package.zsh'
[0.776s] Level 1:colcon.colcon_core.environment:create_file_with_runtime_dependencies(/home/gbonham/turtlebot4_ws/install/custom_interfaces/share/colcon-core/packages/custom_interfaces)
[0.776s] INFO:colcon.colcon_ros.task.ament_python.build:Building ROS package in '/home/gbonham/turtlebot4_ws/src/lab3_pkg' with build type 'ament_python'
[0.776s] Level 1:colcon.colcon_core.shell:create_environment_hook('lab3_pkg', 'ament_prefix_path')
[0.777s] INFO:colcon.colcon_core.shell:Creating environment hook '/home/gbonham/turtlebot4_ws/install/lab3_pkg/share/lab3_pkg/hook/ament_prefix_path.ps1'
[0.780s] INFO:colcon.colcon_core.shell:Creating environment descriptor '/home/gbonham/turtlebot4_ws/install/lab3_pkg/share/lab3_pkg/hook/ament_prefix_path.dsv'
[0.780s] INFO:colcon.colcon_core.shell:Creating environment hook '/home/gbonham/turtlebot4_ws/install/lab3_pkg/share/lab3_pkg/hook/ament_prefix_path.sh'
[0.781s] INFO:colcon.colcon_core.shell:Skip shell extension 'powershell' for command environment: Not usable outside of PowerShell
[0.781s] DEBUG:colcon.colcon_core.shell:Skip shell extension 'dsv' for command environment
[0.782s] INFO:colcon.colcon_ros.task.ament_python.build:Building ROS package in '/home/gbonham/turtlebot4_ws/src/final' with build type 'ament_python'
[0.782s] Level 1:colcon.colcon_core.shell:create_environment_hook('final', 'ament_prefix_path')
[0.782s] INFO:colcon.colcon_core.shell:Creating environment hook '/home/gbonham/turtlebot4_ws/install/final/share/final/hook/ament_prefix_path.ps1'
[0.786s] INFO:colcon.colcon_core.shell:Creating environment descriptor '/home/gbonham/turtlebot4_ws/install/final/share/final/hook/ament_prefix_path.dsv'
[0.786s] INFO:colcon.colcon_core.shell:Creating environment hook '/home/gbonham/turtlebot4_ws/install/final/share/final/hook/ament_prefix_path.sh'
[0.787s] INFO:colcon.colcon_core.shell:Skip shell extension 'powershell' for command environment: Not usable outside of PowerShell
[0.787s] DEBUG:colcon.colcon_core.shell:Skip shell extension 'dsv' for command environment
[0.788s] INFO:colcon.colcon_ros.task.ament_python.build:Building ROS package in '/home/gbonham/turtlebot4_ws/src/lab5_pkg' with build type 'ament_python'
[0.789s] Level 1:colcon.colcon_core.shell:create_environment_hook('lab5_pkg', 'ament_prefix_path')
[0.789s] INFO:colcon.colcon_core.shell:Creating environment hook '/home/gbonham/turtlebot4_ws/install/lab5_pkg/share/lab5_pkg/hook/ament_prefix_path.ps1'
[0.790s] INFO:colcon.colcon_core.shell:Creating environment descriptor '/home/gbonham/turtlebot4_ws/install/lab5_pkg/share/lab5_pkg/hook/ament_prefix_path.dsv'
[0.790s] INFO:colcon.colcon_core.shell:Creating environment hook '/home/gbonham/turtlebot4_ws/install/lab5_pkg/share/lab5_pkg/hook/ament_prefix_path.sh'
[0.791s] INFO:colcon.colcon_core.shell:Skip shell extension 'powershell' for command environment: Not usable outside of PowerShell
[0.791s] DEBUG:colcon.colcon_core.shell:Skip shell extension 'dsv' for command environment
[0.969s] INFO:colcon.colcon_core.task.python.build:Building Python package in '/home/gbonham/turtlebot4_ws/src/lab3_pkg'
[0.969s] INFO:colcon.colcon_core.shell:Skip shell extension 'powershell' for command environment: Not usable outside of PowerShell
[0.969s] DEBUG:colcon.colcon_core.shell:Skip shell extension 'dsv' for command environment
[1.141s] INFO:colcon.colcon_core.task.python.build:Building Python package in '/home/gbonham/turtlebot4_ws/src/final'
[1.141s] INFO:colcon.colcon_core.shell:Skip shell extension 'powershell' for command environment: Not usable outside of PowerShell
[1.141s] DEBUG:colcon.colcon_core.shell:Skip shell extension 'dsv' for command environment
[1.302s] INFO:colcon.colcon_core.task.python.build:Building Python package in '/home/gbonham/turtlebot4_ws/src/lab5_pkg'
[1.302s] INFO:colcon.colcon_core.shell:Skip shell extension 'powershell' for command environment: Not usable outside of PowerShell
[1.302s] DEBUG:colcon.colcon_core.shell:Skip shell extension 'dsv' for command environment
[1.310s] DEBUG:colcon.colcon_core.event_handler.log_command:Invoking command in '/home/gbonham/turtlebot4_ws/src/lab2_pkg': PYTHONPATH=/home/gbonham/turtlebot4_ws/build/lab2_pkg/prefix_override:/usr/lib/python3/dist-packages/colcon_core/task/python/colcon_distutils_commands:/home/gbonham/turtlebot4_ws/install/lab2_pkg/lib/python3.12/site-packages: /usr/bin/python3 -W ignore:setup.py install is deprecated -W ignore:easy_install command is deprecated setup.py egg_info --egg-base ../../build/lab2_pkg build --build-base /home/gbonham/turtlebot4_ws/build/lab2_pkg/build install --record /home/gbonham/turtlebot4_ws/build/lab2_pkg/install.log --single-version-externally-managed install_data
[1.311s] DEBUG:colcon.colcon_core.event_handler.log_command:Invoking command in '/home/gbonham/turtlebot4_ws/src/lab1_pkg': PYTHONPATH=/home/gbonham/turtlebot4_ws/build/lab1_pkg/prefix_override:/usr/lib/python3/dist-packages/colcon_core/task/python/colcon_distutils_commands:/home/gbonham/turtlebot4_ws/install/lab1_pkg/lib/python3.12/site-packages: /usr/bin/python3 -W ignore:setup.py install is deprecated -W ignore:easy_install command is deprecated setup.py egg_info --egg-base ../../build/lab1_pkg build --build-base /home/gbonham/turtlebot4_ws/build/lab1_pkg/build install --record /home/gbonham/turtlebot4_ws/build/lab1_pkg/install.log --single-version-externally-managed install_data
[1.784s] Level 1:colcon.colcon_core.environment:checking '/home/gbonham/turtlebot4_ws/install/lab2_pkg' for CMake module files
[1.784s] DEBUG:colcon.colcon_core.event_handler.log_command:Invoked command in '/home/gbonham/turtlebot4_ws/src/lab2_pkg' returned '0': PYTHONPATH=/home/gbonham/turtlebot4_ws/build/lab2_pkg/prefix_override:/usr/lib/python3/dist-packages/colcon_core/task/python/colcon_distutils_commands:/home/gbonham/turtlebot4_ws/install/lab2_pkg/lib/python3.12/site-packages: /usr/bin/python3 -W ignore:setup.py install is deprecated -W ignore:easy_install command is deprecated setup.py egg_info --egg-base ../../build/lab2_pkg build --build-base /home/gbonham/turtlebot4_ws/build/lab2_pkg/build install --record /home/gbonham/turtlebot4_ws/build/lab2_pkg/install.log --single-version-externally-managed install_data
[1.785s] Level 1:colcon.colcon_core.environment:checking '/home/gbonham/turtlebot4_ws/install/lab2_pkg' for CMake config files
[1.785s] Level 1:colcon.colcon_core.environment:checking '/home/gbonham/turtlebot4_ws/install/lab2_pkg/lib'
[1.785s] Level 1:colcon.colcon_core.environment:checking '/home/gbonham/turtlebot4_ws/install/lab2_pkg/bin'
[1.785s] Level 1:colcon.colcon_core.environment:checking '/home/gbonham/turtlebot4_ws/install/lab2_pkg/lib/pkgconfig/lab2_pkg.pc'
[1.786s] Level 1:colcon.colcon_core.environment:checking '/home/gbonham/turtlebot4_ws/install/lab2_pkg/lib/python3.12/site-packages'
[1.786s] Level 1:colcon.colcon_core.shell:create_environment_hook('lab2_pkg', 'pythonpath')
[1.786s] INFO:colcon.colcon_core.shell:Creating environment hook '/home/gbonham/turtlebot4_ws/install/lab2_pkg/share/lab2_pkg/hook/pythonpath.ps1'
[1.787s] INFO:colcon.colcon_core.shell:Creating environment descriptor '/home/gbonham/turtlebot4_ws/install/lab2_pkg/share/lab2_pkg/hook/pythonpath.dsv'
[1.788s] INFO:colcon.colcon_core.shell:Creating environment hook '/home/gbonham/turtlebot4_ws/install/lab2_pkg/share/lab2_pkg/hook/pythonpath.sh'
[1.788s] Level 1:colcon.colcon_core.environment:checking '/home/gbonham/turtlebot4_ws/install/lab2_pkg/bin'
[1.788s] Level 1:colcon.colcon_core.environment:create_environment_scripts_only(lab2_pkg)
[1.789s] INFO:colcon.colcon_core.shell:Creating package script '/home/gbonham/turtlebot4_ws/install/lab2_pkg/share/lab2_pkg/package.ps1'
[1.789s] INFO:colcon.colcon_core.shell:Creating package descriptor '/home/gbonham/turtlebot4_ws/install/lab2_pkg/share/lab2_pkg/package.dsv'
[1.790s] INFO:colcon.colcon_core.shell:Creating package script '/home/gbonham/turtlebot4_ws/install/lab2_pkg/share/lab2_pkg/package.sh'
[1.790s] INFO:colcon.colcon_core.shell:Creating package script '/home/gbonham/turtlebot4_ws/install/lab2_pkg/share/lab2_pkg/package.bash'
[1.791s] INFO:colcon.colcon_core.shell:Creating package script '/home/gbonham/turtlebot4_ws/install/lab2_pkg/share/lab2_pkg/package.zsh'
[1.791s] Level 1:colcon.colcon_core.environment:create_file_with_runtime_dependencies(/home/gbonham/turtlebot4_ws/install/lab2_pkg/share/colcon-core/packages/lab2_pkg)
[1.846s] Level 1:colcon.colcon_core.environment:checking '/home/gbonham/turtlebot4_ws/install/lab1_pkg' for CMake module files
[1.846s] DEBUG:colcon.colcon_core.event_handler.log_command:Invoked command in '/home/gbonham/turtlebot4_ws/src/lab1_pkg' returned '0': PYTHONPATH=/home/gbonham/turtlebot4_ws/build/lab1_pkg/prefix_override:/usr/lib/python3/dist-packages/colcon_core/task/python/colcon_distutils_commands:/home/gbonham/turtlebot4_ws/install/lab1_pkg/lib/python3.12/site-packages: /usr/bin/python3 -W ignore:setup.py install is deprecated -W ignore:easy_install command is deprecated setup.py egg_info --egg-base ../../build/lab1_pkg build --build-base /home/gbonham/turtlebot4_ws/build/lab1_pkg/build install --record /home/gbonham/turtlebot4_ws/build/lab1_pkg/install.log --single-version-externally-managed install_data
[1.847s] Level 1:colcon.colcon_core.environment:checking '/home/gbonham/turtlebot4_ws/install/lab1_pkg' for CMake config files
[1.847s] Level 1:colcon.colcon_core.environment:checking '/home/gbonham/turtlebot4_ws/install/lab1_pkg/lib'
[1.847s] Level 1:colcon.colcon_core.environment:checking '/home/gbonham/turtlebot4_ws/install/lab1_pkg/bin'
[1.847s] Level 1:colcon.colcon_core.environment:checking '/home/gbonham/turtlebot4_ws/install/lab1_pkg/lib/pkgconfig/lab1_pkg.pc'
[1.847s] Level 1:colcon.colcon_core.environment:checking '/home/gbonham/turtlebot4_ws/install/lab1_pkg/lib/python3.12/site-packages'
[1.847s] Level 1:colcon.colcon_core.shell:create_environment_hook('lab1_pkg', 'pythonpath')
[1.848s] INFO:colcon.colcon_core.shell:Creating environment hook '/home/gbonham/turtlebot4_ws/install/lab1_pkg/share/lab1_pkg/hook/pythonpath.ps1'
[1.848s] INFO:colcon.colcon_core.shell:Creating environment descriptor '/home/gbonham/turtlebot4_ws/install/lab1_pkg/share/lab1_pkg/hook/pythonpath.dsv'
[1.849s] INFO:colcon.colcon_core.shell:Creating environment hook '/home/gbonham/turtlebot4_ws/install/lab1_pkg/share/lab1_pkg/hook/pythonpath.sh'
[1.850s] Level 1:colcon.colcon_core.environment:checking '/home/gbonham/turtlebot4_ws/install/lab1_pkg/bin'
[1.850s] Level 1:colcon.colcon_core.environment:create_environment_scripts_only(lab1_pkg)
[1.850s] INFO:colcon.colcon_core.shell:Creating package script '/home/gbonham/turtlebot4_ws/install/lab1_pkg/share/lab1_pkg/package.ps1'
[1.851s] INFO:colcon.colcon_core.shell:Creating package descriptor '/home/gbonham/turtlebot4_ws/install/lab1_pkg/share/lab1_pkg/package.dsv'
[1.852s] INFO:colcon.colcon_core.shell:Creating package script '/home/gbonham/turtlebot4_ws/install/lab1_pkg/share/lab1_pkg/package.sh'
[1.853s] INFO:colcon.colcon_core.shell:Creating package script '/home/gbonham/turtlebot4_ws/install/lab1_pkg/share/lab1_pkg/package.bash'
[1.853s] INFO:colcon.colcon_core.shell:Creating package script '/home/gbonham/turtlebot4_ws/install/lab1_pkg/share/lab1_pkg/package.zsh'
[1.854s] Level 1:colcon.colcon_core.environment:create_file_with_runtime_dependencies(/home/gbonham/turtlebot4_ws/install/lab1_pkg/share/colcon-core/packages/lab1_pkg)
[1.886s] DEBUG:colcon.colcon_core.event_handler.log_command:Invoking command in '/home/gbonham/turtlebot4_ws/src/lab3_pkg': AMENT_PREFIX_PATH=/home/gbonham/turtlebot4_ws/install/custom_interfaces CMAKE_PREFIX_PATH=/home/gbonham/turtlebot4_ws/install/custom_interfaces LD_LIBRARY_PATH=/home/gbonham/turtlebot4_ws/install/custom_interfaces/lib PYTHONPATH=/home/gbonham/turtlebot4_ws/build/lab3_pkg/prefix_override:/usr/lib/python3/dist-packages/colcon_core/task/python/colcon_distutils_commands:/home/gbonham/turtlebot4_ws/install/lab3_pkg/lib/python3.12/site-packages:/home/gbonham/turtlebot4_ws/install/custom_interfaces/lib/python3.12/site-packages /usr/bin/python3 -W ignore:setup.py install is deprecated -W ignore:easy_install command is deprecated setup.py egg_info --egg-base ../../build/lab3_pkg build --build-base /home/gbonham/turtlebot4_ws/build/lab3_pkg/build install --record /home/gbonham/turtlebot4_ws/build/lab3_pkg/install.log --single-version-externally-managed install_data
[1.903s] DEBUG:colcon.colcon_core.event_handler.log_command:Invoking command in '/home/gbonham/turtlebot4_ws/src/final': AMENT_PREFIX_PATH=/home/gbonham/turtlebot4_ws/install/custom_interfaces CMAKE_PREFIX_PATH=/home/gbonham/turtlebot4_ws/install/custom_interfaces LD_LIBRARY_PATH=/home/gbonham/turtlebot4_ws/install/custom_interfaces/lib PYTHONPATH=/home/gbonham/turtlebot4_ws/build/final/prefix_override:/usr/lib/python3/dist-packages/colcon_core/task/python/colcon_distutils_commands:/home/gbonham/turtlebot4_ws/install/final/lib/python3.12/site-packages:/home/gbonham/turtlebot4_ws/install/custom_interfaces/lib/python3.12/site-packages /usr/bin/python3 -W ignore:setup.py install is deprecated -W ignore:easy_install command is deprecated setup.py egg_info --egg-base ../../build/final build --build-base /home/gbonham/turtlebot4_ws/build/final/build install --record /home/gbonham/turtlebot4_ws/build/final/install.log --single-version-externally-managed install_data
[1.905s] DEBUG:colcon.colcon_core.event_handler.log_command:Invoking command in '/home/gbonham/turtlebot4_ws/src/lab5_pkg': AMENT_PREFIX_PATH=/home/gbonham/turtlebot4_ws/install/custom_interfaces CMAKE_PREFIX_PATH=/home/gbonham/turtlebot4_ws/install/custom_interfaces LD_LIBRARY_PATH=/home/gbonham/turtlebot4_ws/install/custom_interfaces/lib PYTHONPATH=/home/gbonham/turtlebot4_ws/build/lab5_pkg/prefix_override:/usr/lib/python3/dist-packages/colcon_core/task/python/colcon_distutils_commands:/home/gbonham/turtlebot4_ws/install/lab5_pkg/lib/python3.12/site-packages:/home/gbonham/turtlebot4_ws/install/custom_interfaces/lib/python3.12/site-packages /usr/bin/python3 -W ignore:setup.py install is deprecated -W ignore:easy_install command is deprecated setup.py egg_info --egg-base ../../build/lab5_pkg build --build-base /home/gbonham/turtlebot4_ws/build/lab5_pkg/build install --record /home/gbonham/turtlebot4_ws/build/lab5_pkg/install.log --single-version-externally-managed install_data
[2.311s] Level 1:colcon.colcon_core.environment:checking '/home/gbonham/turtlebot4_ws/install/lab3_pkg' for CMake module files
[2.311s] DEBUG:colcon.colcon_core.event_handler.log_command:Invoked command in '/home/gbonham/turtlebot4_ws/src/lab3_pkg' returned '0': AMENT_PREFIX_PATH=/home/gbonham/turtlebot4_ws/install/custom_interfaces CMAKE_PREFIX_PATH=/home/gbonham/turtlebot4_ws/install/custom_interfaces LD_LIBRARY_PATH=/home/gbonham/turtlebot4_ws/install/custom_interfaces/lib PYTHONPATH=/home/gbonham/turtlebot4_ws/build/lab3_pkg/prefix_override:/usr/lib/python3/dist-packages/colcon_core/task/python/colcon_distutils_commands:/home/gbonham/turtlebot4_ws/install/lab3_pkg/lib/python3.12/site-packages:/home/gbonham/turtlebot4_ws/install/custom_interfaces/lib/python3.12/site-packages /usr/bin/python3 -W ignore:setup.py install is deprecated -W ignore:easy_install command is deprecated setup.py egg_info --egg-base ../../build/lab3_pkg build --build-base /home/gbonham/turtlebot4_ws/build/lab3_pkg/build install --record /home/gbonham/turtlebot4_ws/build/lab3_pkg/install.log --single-version-externally-managed install_data
[2.311s] Level 1:colcon.colcon_core.environment:checking '/home/gbonham/turtlebot4_ws/install/lab3_pkg' for CMake config files
[2.312s] Level 1:colcon.colcon_core.environment:checking '/home/gbonham/turtlebot4_ws/install/lab3_pkg/lib'
[2.312s] Level 1:colcon.colcon_core.environment:checking '/home/gbonham/turtlebot4_ws/install/lab3_pkg/bin'
[2.312s] Level 1:colcon.colcon_core.environment:checking '/home/gbonham/turtlebot4_ws/install/lab3_pkg/lib/pkgconfig/lab3_pkg.pc'
[2.312s] Level 1:colcon.colcon_core.environment:checking '/home/gbonham/turtlebot4_ws/install/lab3_pkg/lib/python3.12/site-packages'
[2.313s] Level 1:colcon.colcon_core.shell:create_environment_hook('lab3_pkg', 'pythonpath')
[2.313s] INFO:colcon.colcon_core.shell:Creating environment hook '/home/gbonham/turtlebot4_ws/install/lab3_pkg/share/lab3_pkg/hook/pythonpath.ps1'
[2.313s] INFO:colcon.colcon_core.shell:Creating environment descriptor '/home/gbonham/turtlebot4_ws/install/lab3_pkg/share/lab3_pkg/hook/pythonpath.dsv'
[2.314s] INFO:colcon.colcon_core.shell:Creating environment hook '/home/gbonham/turtlebot4_ws/install/lab3_pkg/share/lab3_pkg/hook/pythonpath.sh'
[2.314s] Level 1:colcon.colcon_core.environment:checking '/home/gbonham/turtlebot4_ws/install/lab3_pkg/bin'
[2.314s] Level 1:colcon.colcon_core.environment:create_environment_scripts_only(lab3_pkg)
[2.315s] INFO:colcon.colcon_core.shell:Creating package script '/home/gbonham/turtlebot4_ws/install/lab3_pkg/share/lab3_pkg/package.ps1'
[2.315s] INFO:colcon.colcon_core.shell:Creating package descriptor '/home/gbonham/turtlebot4_ws/install/lab3_pkg/share/lab3_pkg/package.dsv'
[2.316s] INFO:colcon.colcon_core.shell:Creating package script '/home/gbonham/turtlebot4_ws/install/lab3_pkg/share/lab3_pkg/package.sh'
[2.316s] INFO:colcon.colcon_core.shell:Creating package script '/home/gbonham/turtlebot4_ws/install/lab3_pkg/share/lab3_pkg/package.bash'
[2.317s] INFO:colcon.colcon_core.shell:Creating package script '/home/gbonham/turtlebot4_ws/install/lab3_pkg/share/lab3_pkg/package.zsh'
[2.317s] Level 1:colcon.colcon_core.environment:create_file_with_runtime_dependencies(/home/gbonham/turtlebot4_ws/install/lab3_pkg/share/colcon-core/packages/lab3_pkg)
[2.317s] INFO:colcon.colcon_ros.task.ament_cmake.build:Building ROS package in '/home/gbonham/turtlebot4_ws/src/lab_bringup' with build type 'ament_cmake'
[2.317s] INFO:colcon.colcon_cmake.task.cmake.build:Building CMake package in '/home/gbonham/turtlebot4_ws/src/lab_bringup'
[2.318s] INFO:colcon.colcon_core.shell:Skip shell extension 'powershell' for command environment: Not usable outside of PowerShell
[2.318s] DEBUG:colcon.colcon_core.shell:Skip shell extension 'dsv' for command environment
[2.332s] DEBUG:colcon.colcon_core.event_handler.log_command:Invoking command in '/home/gbonham/turtlebot4_ws/build/lab_bringup': AMENT_PREFIX_PATH=/home/gbonham/turtlebot4_ws/install/lab3_pkg:/home/gbonham/turtlebot4_ws/install/custom_interfaces CMAKE_PREFIX_PATH=/home/gbonham/turtlebot4_ws/install/custom_interfaces LD_LIBRARY_PATH=/home/gbonham/turtlebot4_ws/install/custom_interfaces/lib PYTHONPATH=/home/gbonham/turtlebot4_ws/install/lab3_pkg/lib/python3.12/site-packages:/home/gbonham/turtlebot4_ws/install/custom_interfaces/lib/python3.12/site-packages /usr/bin/cmake --build /home/gbonham/turtlebot4_ws/build/lab_bringup -- -j16 -l16
[2.351s] Level 1:colcon.colcon_core.environment:checking '/home/gbonham/turtlebot4_ws/install/lab5_pkg' for CMake module files
[2.352s] DEBUG:colcon.colcon_core.event_handler.log_command:Invoked command in '/home/gbonham/turtlebot4_ws/src/lab5_pkg' returned '0': AMENT_PREFIX_PATH=/home/gbonham/turtlebot4_ws/install/custom_interfaces CMAKE_PREFIX_PATH=/home/gbonham/turtlebot4_ws/install/custom_interfaces LD_LIBRARY_PATH=/home/gbonham/turtlebot4_ws/install/custom_interfaces/lib PYTHONPATH=/home/gbonham/turtlebot4_ws/build/lab5_pkg/prefix_override:/usr/lib/python3/dist-packages/colcon_core/task/python/colcon_distutils_commands:/home/gbonham/turtlebot4_ws/install/lab5_pkg/lib/python3.12/site-packages:/home/gbonham/turtlebot4_ws/install/custom_interfaces/lib/python3.12/site-packages /usr/bin/python3 -W ignore:setup.py install is deprecated -W ignore:easy_install command is deprecated setup.py egg_info --egg-base ../../build/lab5_pkg build --build-base /home/gbonham/turtlebot4_ws/build/lab5_pkg/build install --record /home/gbonham/turtlebot4_ws/build/lab5_pkg/install.log --single-version-externally-managed install_data
[2.352s] Level 1:colcon.colcon_core.environment:checking '/home/gbonham/turtlebot4_ws/install/lab5_pkg' for CMake config files
[2.353s] Level 1:colcon.colcon_core.environment:checking '/home/gbonham/turtlebot4_ws/install/lab5_pkg/lib'
[2.353s] Level 1:colcon.colcon_core.environment:checking '/home/gbonham/turtlebot4_ws/install/lab5_pkg/bin'
[2.353s] Level 1:colcon.colcon_core.environment:checking '/home/gbonham/turtlebot4_ws/install/lab5_pkg/lib/pkgconfig/lab5_pkg.pc'
[2.353s] Level 1:colcon.colcon_core.environment:checking '/home/gbonham/turtlebot4_ws/install/lab5_pkg/lib/python3.12/site-packages'
[2.353s] Level 1:colcon.colcon_core.shell:create_environment_hook('lab5_pkg', 'pythonpath')
[2.354s] INFO:colcon.colcon_core.shell:Creating environment hook '/home/gbonham/turtlebot4_ws/install/lab5_pkg/share/lab5_pkg/hook/pythonpath.ps1'
[2.354s] INFO:colcon.colcon_core.shell:Creating environment descriptor '/home/gbonham/turtlebot4_ws/install/lab5_pkg/share/lab5_pkg/hook/pythonpath.dsv'
[2.355s] INFO:colcon.colcon_core.shell:Creating environment hook '/home/gbonham/turtlebot4_ws/install/lab5_pkg/share/lab5_pkg/hook/pythonpath.sh'
[2.355s] Level 1:colcon.colcon_core.environment:checking '/home/gbonham/turtlebot4_ws/install/lab5_pkg/bin'
[2.355s] Level 1:colcon.colcon_core.environment:create_environment_scripts_only(lab5_pkg)
[2.356s] INFO:colcon.colcon_core.shell:Creating package script '/home/gbonham/turtlebot4_ws/install/lab5_pkg/share/lab5_pkg/package.ps1'
[2.356s] INFO:colcon.colcon_core.shell:Creating package descriptor '/home/gbonham/turtlebot4_ws/install/lab5_pkg/share/lab5_pkg/package.dsv'
[2.357s] INFO:colcon.colcon_core.shell:Creating package script '/home/gbonham/turtlebot4_ws/install/lab5_pkg/share/lab5_pkg/package.sh'
[2.357s] INFO:colcon.colcon_core.shell:Creating package script '/home/gbonham/turtlebot4_ws/install/lab5_pkg/share/lab5_pkg/package.bash'
[2.358s] INFO:colcon.colcon_core.shell:Creating package script '/home/gbonham/turtlebot4_ws/install/lab5_pkg/share/lab5_pkg/package.zsh'
[2.358s] Level 1:colcon.colcon_core.environment:create_file_with_runtime_dependencies(/home/gbonham/turtlebot4_ws/install/lab5_pkg/share/colcon-core/packages/lab5_pkg)
[2.372s] Level 1:colcon.colcon_core.environment:checking '/home/gbonham/turtlebot4_ws/install/final' for CMake module files
[2.373s] DEBUG:colcon.colcon_core.event_handler.log_command:Invoked command in '/home/gbonham/turtlebot4_ws/src/final' returned '0': AMENT_PREFIX_PATH=/home/gbonham/turtlebot4_ws/install/custom_interfaces CMAKE_PREFIX_PATH=/home/gbonham/turtlebot4_ws/install/custom_interfaces LD_LIBRARY_PATH=/home/gbonham/turtlebot4_ws/install/custom_interfaces/lib PYTHONPATH=/home/gbonham/turtlebot4_ws/build/final/prefix_override:/usr/lib/python3/dist-packages/colcon_core/task/python/colcon_distutils_commands:/home/gbonham/turtlebot4_ws/install/final/lib/python3.12/site-packages:/home/gbonham/turtlebot4_ws/install/custom_interfaces/lib/python3.12/site-packages /usr/bin/python3 -W ignore:setup.py install is deprecated -W ignore:easy_install command is deprecated setup.py egg_info --egg-base ../../build/final build --build-base /home/gbonham/turtlebot4_ws/build/final/build install --record /home/gbonham/turtlebot4_ws/build/final/install.log --single-version-externally-managed install_data
[2.373s] Level 1:colcon.colcon_core.environment:checking '/home/gbonham/turtlebot4_ws/install/final' for CMake config files
[2.374s] Level 1:colcon.colcon_core.environment:checking '/home/gbonham/turtlebot4_ws/install/final/lib'
[2.374s] Level 1:colcon.colcon_core.environment:checking '/home/gbonham/turtlebot4_ws/install/final/bin'
[2.374s] Level 1:colcon.colcon_core.environment:checking '/home/gbonham/turtlebot4_ws/install/final/lib/pkgconfig/final.pc'
[2.374s] Level 1:colcon.colcon_core.environment:checking '/home/gbonham/turtlebot4_ws/install/final/lib/python3.12/site-packages'
[2.374s] Level 1:colcon.colcon_core.shell:create_environment_hook('final', 'pythonpath')
[2.374s] INFO:colcon.colcon_core.shell:Creating environment hook '/home/gbonham/turtlebot4_ws/install/final/share/final/hook/pythonpath.ps1'
[2.375s] INFO:colcon.colcon_core.shell:Creating environment descriptor '/home/gbonham/turtlebot4_ws/install/final/share/final/hook/pythonpath.dsv'
[2.375s] INFO:colcon.colcon_core.shell:Creating environment hook '/home/gbonham/turtlebot4_ws/install/final/share/final/hook/pythonpath.sh'
[2.376s] Level 1:colcon.colcon_core.environment:checking '/home/gbonham/turtlebot4_ws/install/final/bin'
[2.376s] Level 1:colcon.colcon_core.environment:create_environment_scripts_only(final)
[2.376s] INFO:colcon.colcon_core.shell:Creating package script '/home/gbonham/turtlebot4_ws/install/final/share/final/package.ps1'
[2.377s] INFO:colcon.colcon_core.shell:Creating package descriptor '/home/gbonham/turtlebot4_ws/install/final/share/final/package.dsv'
[2.377s] INFO:colcon.colcon_core.shell:Creating package script '/home/gbonham/turtlebot4_ws/install/final/share/final/package.sh'
[2.377s] INFO:colcon.colcon_core.shell:Creating package script '/home/gbonham/turtlebot4_ws/install/final/share/final/package.bash'
[2.378s] INFO:colcon.colcon_core.shell:Creating package script '/home/gbonham/turtlebot4_ws/install/final/share/final/package.zsh'
[2.378s] Level 1:colcon.colcon_core.environment:create_file_with_runtime_dependencies(/home/gbonham/turtlebot4_ws/install/final/share/colcon-core/packages/final)
[2.378s] INFO:colcon.colcon_ros.task.ament_cmake.build:Building ROS package in '/home/gbonham/turtlebot4_ws/src/final_bringup' with build type 'ament_cmake'
[2.379s] INFO:colcon.colcon_cmake.task.cmake.build:Building CMake package in '/home/gbonham/turtlebot4_ws/src/final_bringup'
[2.379s] INFO:colcon.colcon_core.shell:Skip shell extension 'powershell' for command environment: Not usable outside of PowerShell
[2.379s] DEBUG:colcon.colcon_core.shell:Skip shell extension 'dsv' for command environment
[2.382s] DEBUG:colcon.colcon_core.event_handler.log_command:Invoked command in '/home/gbonham/turtlebot4_ws/build/lab_bringup' returned '0': AMENT_PREFIX_PATH=/home/gbonham/turtlebot4_ws/install/lab3_pkg:/home/gbonham/turtlebot4_ws/install/custom_interfaces CMAKE_PREFIX_PATH=/home/gbonham/turtlebot4_ws/install/custom_interfaces LD_LIBRARY_PATH=/home/gbonham/turtlebot4_ws/install/custom_interfaces/lib PYTHONPATH=/home/gbonham/turtlebot4_ws/install/lab3_pkg/lib/python3.12/site-packages:/home/gbonham/turtlebot4_ws/install/custom_interfaces/lib/python3.12/site-packages /usr/bin/cmake --build /home/gbonham/turtlebot4_ws/build/lab_bringup -- -j16 -l16
[2.383s] DEBUG:colcon.colcon_core.event_handler.log_command:Invoking command in '/home/gbonham/turtlebot4_ws/build/lab_bringup': AMENT_PREFIX_PATH=/home/gbonham/turtlebot4_ws/install/lab3_pkg:/home/gbonham/turtlebot4_ws/install/custom_interfaces CMAKE_PREFIX_PATH=/home/gbonham/turtlebot4_ws/install/custom_interfaces LD_LIBRARY_PATH=/home/gbonham/turtlebot4_ws/install/custom_interfaces/lib PYTHONPATH=/home/gbonham/turtlebot4_ws/install/lab3_pkg/lib/python3.12/site-packages:/home/gbonham/turtlebot4_ws/install/custom_interfaces/lib/python3.12/site-packages /usr/bin/cmake --install /home/gbonham/turtlebot4_ws/build/lab_bringup
[2.396s] Level 1:colcon.colcon_core.environment:create_environment_scripts_only(lab_bringup)
[2.396s] Level 1:colcon.colcon_core.environment:checking '/home/gbonham/turtlebot4_ws/install/lab_bringup' for CMake module files
[2.397s] Level 1:colcon.colcon_core.environment:checking '/home/gbonham/turtlebot4_ws/install/lab_bringup' for CMake config files
[2.397s] DEBUG:colcon.colcon_core.event_handler.log_command:Invoking command in '/home/gbonham/turtlebot4_ws/build/final_bringup': AMENT_PREFIX_PATH=/home/gbonham/turtlebot4_ws/install/lab3_pkg:/home/gbonham/turtlebot4_ws/install/final:/home/gbonham/turtlebot4_ws/install/custom_interfaces CMAKE_PREFIX_PATH=/home/gbonham/turtlebot4_ws/install/custom_interfaces LD_LIBRARY_PATH=/home/gbonham/turtlebot4_ws/install/custom_interfaces/lib PYTHONPATH=/home/gbonham/turtlebot4_ws/install/lab3_pkg/lib/python3.12/site-packages:/home/gbonham/turtlebot4_ws/install/final/lib/python3.12/site-packages:/home/gbonham/turtlebot4_ws/install/custom_interfaces/lib/python3.12/site-packages /usr/bin/cmake --build /home/gbonham/turtlebot4_ws/build/final_bringup -- -j16 -l16
[2.398s] DEBUG:colcon.colcon_core.event_handler.log_command:Invoked command in '/home/gbonham/turtlebot4_ws/build/lab_bringup' returned '0': AMENT_PREFIX_PATH=/home/gbonham/turtlebot4_ws/install/lab3_pkg:/home/gbonham/turtlebot4_ws/install/custom_interfaces CMAKE_PREFIX_PATH=/home/gbonham/turtlebot4_ws/install/custom_interfaces LD_LIBRARY_PATH=/home/gbonham/turtlebot4_ws/install/custom_interfaces/lib PYTHONPATH=/home/gbonham/turtlebot4_ws/install/lab3_pkg/lib/python3.12/site-packages:/home/gbonham/turtlebot4_ws/install/custom_interfaces/lib/python3.12/site-packages /usr/bin/cmake --install /home/gbonham/turtlebot4_ws/build/lab_bringup
[2.398s] Level 1:colcon.colcon_core.shell:create_environment_hook('lab_bringup', 'cmake_prefix_path')
[2.398s] INFO:colcon.colcon_core.shell:Creating environment hook '/home/gbonham/turtlebot4_ws/install/lab_bringup/share/lab_bringup/hook/cmake_prefix_path.ps1'
[2.398s] INFO:colcon.colcon_core.shell:Creating environment descriptor '/home/gbonham/turtlebot4_ws/install/lab_bringup/share/lab_bringup/hook/cmake_prefix_path.dsv'
[2.399s] INFO:colcon.colcon_core.shell:Creating environment hook '/home/gbonham/turtlebot4_ws/install/lab_bringup/share/lab_bringup/hook/cmake_prefix_path.sh'
[2.399s] Level 1:colcon.colcon_core.environment:checking '/home/gbonham/turtlebot4_ws/install/lab_bringup/bin'
[2.399s] Level 1:colcon.colcon_core.environment:checking '/home/gbonham/turtlebot4_ws/install/lab_bringup/lib/pkgconfig/lab_bringup.pc'
[2.400s] Level 1:colcon.colcon_core.environment:checking '/home/gbonham/turtlebot4_ws/install/lab_bringup/lib/python3.12/site-packages'
[2.400s] Level 1:colcon.colcon_core.environment:checking '/home/gbonham/turtlebot4_ws/install/lab_bringup/bin'
[2.400s] INFO:colcon.colcon_core.shell:Creating package script '/home/gbonham/turtlebot4_ws/install/lab_bringup/share/lab_bringup/package.ps1'
[2.401s] INFO:colcon.colcon_core.shell:Creating package descriptor '/home/gbonham/turtlebot4_ws/install/lab_bringup/share/lab_bringup/package.dsv'
[2.401s] INFO:colcon.colcon_core.shell:Creating package script '/home/gbonham/turtlebot4_ws/install/lab_bringup/share/lab_bringup/package.sh'
[2.402s] INFO:colcon.colcon_core.shell:Creating package script '/home/gbonham/turtlebot4_ws/install/lab_bringup/share/lab_bringup/package.bash'
[2.402s] INFO:colcon.colcon_core.shell:Creating package script '/home/gbonham/turtlebot4_ws/install/lab_bringup/share/lab_bringup/package.zsh'
[2.402s] Level 1:colcon.colcon_core.environment:create_file_with_runtime_dependencies(/home/gbonham/turtlebot4_ws/install/lab_bringup/share/colcon-core/packages/lab_bringup)
[2.403s] Level 1:colcon.colcon_core.environment:create_environment_scripts_only(lab_bringup)
[2.404s] Level 1:colcon.colcon_core.environment:checking '/home/gbonham/turtlebot4_ws/install/lab_bringup' for CMake module files
[2.405s] Level 1:colcon.colcon_core.environment:checking '/home/gbonham/turtlebot4_ws/install/lab_bringup' for CMake config files
[2.405s] Level 1:colcon.colcon_core.shell:create_environment_hook('lab_bringup', 'cmake_prefix_path')
[2.405s] INFO:colcon.colcon_core.shell:Creating environment hook '/home/gbonham/turtlebot4_ws/install/lab_bringup/share/lab_bringup/hook/cmake_prefix_path.ps1'
[2.406s] INFO:colcon.colcon_core.shell:Creating environment descriptor '/home/gbonham/turtlebot4_ws/install/lab_bringup/share/lab_bringup/hook/cmake_prefix_path.dsv'
[2.406s] INFO:colcon.colcon_core.shell:Creating environment hook '/home/gbonham/turtlebot4_ws/install/lab_bringup/share/lab_bringup/hook/cmake_prefix_path.sh'
[2.407s] Level 1:colcon.colcon_core.environment:checking '/home/gbonham/turtlebot4_ws/install/lab_bringup/bin'
[2.407s] Level 1:colcon.colcon_core.environment:checking '/home/gbonham/turtlebot4_ws/install/lab_bringup/lib/pkgconfig/lab_bringup.pc'
[2.408s] Level 1:colcon.colcon_core.environment:checking '/home/gbonham/turtlebot4_ws/install/lab_bringup/lib/python3.12/site-packages'
[2.408s] Level 1:colcon.colcon_core.environment:checking '/home/gbonham/turtlebot4_ws/install/lab_bringup/bin'
[2.408s] INFO:colcon.colcon_core.shell:Creating package script '/home/gbonham/turtlebot4_ws/install/lab_bringup/share/lab_bringup/package.ps1'
[2.452s] INFO:colcon.colcon_core.shell:Creating package descriptor '/home/gbonham/turtlebot4_ws/install/lab_bringup/share/lab_bringup/package.dsv'
[2.453s] INFO:colcon.colcon_core.shell:Creating package script '/home/gbonham/turtlebot4_ws/install/lab_bringup/share/lab_bringup/package.sh'
[2.453s] INFO:colcon.colcon_core.shell:Creating package script '/home/gbonham/turtlebot4_ws/install/lab_bringup/share/lab_bringup/package.bash'
[2.454s] INFO:colcon.colcon_core.shell:Creating package script '/home/gbonham/turtlebot4_ws/install/lab_bringup/share/lab_bringup/package.zsh'
[2.454s] Level 1:colcon.colcon_core.environment:create_file_with_runtime_dependencies(/home/gbonham/turtlebot4_ws/install/lab_bringup/share/colcon-core/packages/lab_bringup)
[2.456s] DEBUG:colcon.colcon_core.event_handler.log_command:Invoked command in '/home/gbonham/turtlebot4_ws/build/final_bringup' returned '0': AMENT_PREFIX_PATH=/home/gbonham/turtlebot4_ws/install/lab3_pkg:/home/gbonham/turtlebot4_ws/install/final:/home/gbonham/turtlebot4_ws/install/custom_interfaces CMAKE_PREFIX_PATH=/home/gbonham/turtlebot4_ws/install/custom_interfaces LD_LIBRARY_PATH=/home/gbonham/turtlebot4_ws/install/custom_interfaces/lib PYTHONPATH=/home/gbonham/turtlebot4_ws/install/lab3_pkg/lib/python3.12/site-packages:/home/gbonham/turtlebot4_ws/install/final/lib/python3.12/site-packages:/home/gbonham/turtlebot4_ws/install/custom_interfaces/lib/python3.12/site-packages /usr/bin/cmake --build /home/gbonham/turtlebot4_ws/build/final_bringup -- -j16 -l16
[2.457s] DEBUG:colcon.colcon_core.event_handler.log_command:Invoking command in '/home/gbonham/turtlebot4_ws/build/final_bringup': AMENT_PREFIX_PATH=/home/gbonham/turtlebot4_ws/install/lab3_pkg:/home/gbonham/turtlebot4_ws/install/final:/home/gbonham/turtlebot4_ws/install/custom_interfaces CMAKE_PREFIX_PATH=/home/gbonham/turtlebot4_ws/install/custom_interfaces LD_LIBRARY_PATH=/home/gbonham/turtlebot4_ws/install/custom_interfaces/lib PYTHONPATH=/home/gbonham/turtlebot4_ws/install/lab3_pkg/lib/python3.12/site-packages:/home/gbonham/turtlebot4_ws/install/final/lib/python3.12/site-packages:/home/gbonham/turtlebot4_ws/install/custom_interfaces/lib/python3.12/site-packages /usr/bin/cmake --install /home/gbonham/turtlebot4_ws/build/final_bringup
[2.466s] Level 1:colcon.colcon_core.environment:create_environment_scripts_only(final_bringup)
[2.467s] Level 1:colcon.colcon_core.environment:checking '/home/gbonham/turtlebot4_ws/install/final_bringup' for CMake module files
[2.467s] DEBUG:colcon.colcon_core.event_handler.log_command:Invoked command in '/home/gbonham/turtlebot4_ws/build/final_bringup' returned '0': AMENT_PREFIX_PATH=/home/gbonham/turtlebot4_ws/install/lab3_pkg:/home/gbonham/turtlebot4_ws/install/final:/home/gbonham/turtlebot4_ws/install/custom_interfaces CMAKE_PREFIX_PATH=/home/gbonham/turtlebot4_ws/install/custom_interfaces LD_LIBRARY_PATH=/home/gbonham/turtlebot4_ws/install/custom_interfaces/lib PYTHONPATH=/home/gbonham/turtlebot4_ws/install/lab3_pkg/lib/python3.12/site-packages:/home/gbonham/turtlebot4_ws/install/final/lib/python3.12/site-packages:/home/gbonham/turtlebot4_ws/install/custom_interfaces/lib/python3.12/site-packages /usr/bin/cmake --install /home/gbonham/turtlebot4_ws/build/final_bringup
[2.467s] Level 1:colcon.colcon_core.environment:checking '/home/gbonham/turtlebot4_ws/install/final_bringup' for CMake config files
[2.467s] Level 1:colcon.colcon_core.shell:create_environment_hook('final_bringup', 'cmake_prefix_path')
[2.468s] INFO:colcon.colcon_core.shell:Creating environment hook '/home/gbonham/turtlebot4_ws/install/final_bringup/share/final_bringup/hook/cmake_prefix_path.ps1'
[2.468s] INFO:colcon.colcon_core.shell:Creating environment descriptor '/home/gbonham/turtlebot4_ws/install/final_bringup/share/final_bringup/hook/cmake_prefix_path.dsv'
[2.468s] INFO:colcon.colcon_core.shell:Creating environment hook '/home/gbonham/turtlebot4_ws/install/final_bringup/share/final_bringup/hook/cmake_prefix_path.sh'
[2.469s] Level 1:colcon.colcon_core.environment:checking '/home/gbonham/turtlebot4_ws/install/final_bringup/bin'
[2.469s] Level 1:colcon.colcon_core.environment:checking '/home/gbonham/turtlebot4_ws/install/final_bringup/lib/pkgconfig/final_bringup.pc'
[2.469s] Level 1:colcon.colcon_core.environment:checking '/home/gbonham/turtlebot4_ws/install/final_bringup/lib/python3.12/site-packages'
[2.469s] Level 1:colcon.colcon_core.environment:checking '/home/gbonham/turtlebot4_ws/install/final_bringup/bin'
[2.470s] INFO:colcon.colcon_core.shell:Creating package script '/home/gbonham/turtlebot4_ws/install/final_bringup/share/final_bringup/package.ps1'
[2.470s] INFO:colcon.colcon_core.shell:Creating package descriptor '/home/gbonham/turtlebot4_ws/install/final_bringup/share/final_bringup/package.dsv'
[2.471s] INFO:colcon.colcon_core.shell:Creating package script '/home/gbonham/turtlebot4_ws/install/final_bringup/share/final_bringup/package.sh'
[2.471s] INFO:colcon.colcon_core.shell:Creating package script '/home/gbonham/turtlebot4_ws/install/final_bringup/share/final_bringup/package.bash'
[2.471s] INFO:colcon.colcon_core.shell:Creating package script '/home/gbonham/turtlebot4_ws/install/final_bringup/share/final_bringup/package.zsh'
[2.472s] Level 1:colcon.colcon_core.environment:create_file_with_runtime_dependencies(/home/gbonham/turtlebot4_ws/install/final_bringup/share/colcon-core/packages/final_bringup)
[2.472s] Level 1:colcon.colcon_core.environment:create_environment_scripts_only(final_bringup)
[2.472s] Level 1:colcon.colcon_core.environment:checking '/home/gbonham/turtlebot4_ws/install/final_bringup' for CMake module files
[2.473s] Level 1:colcon.colcon_core.environment:checking '/home/gbonham/turtlebot4_ws/install/final_bringup' for CMake config files
[2.473s] Level 1:colcon.colcon_core.shell:create_environment_hook('final_bringup', 'cmake_prefix_path')
[2.473s] INFO:colcon.colcon_core.shell:Creating environment hook '/home/gbonham/turtlebot4_ws/install/final_bringup/share/final_bringup/hook/cmake_prefix_path.ps1'
[2.473s] INFO:colcon.colcon_core.shell:Creating environment descriptor '/home/gbonham/turtlebot4_ws/install/final_bringup/share/final_bringup/hook/cmake_prefix_path.dsv'
[2.474s] INFO:colcon.colcon_core.shell:Creating environment hook '/home/gbonham/turtlebot4_ws/install/final_bringup/share/final_bringup/hook/cmake_prefix_path.sh'
[2.474s] Level 1:colcon.colcon_core.environment:checking '/home/gbonham/turtlebot4_ws/install/final_bringup/bin'
[2.474s] Level 1:colcon.colcon_core.environment:checking '/home/gbonham/turtlebot4_ws/install/final_bringup/lib/pkgconfig/final_bringup.pc'
[2.475s] Level 1:colcon.colcon_core.environment:checking '/home/gbonham/turtlebot4_ws/install/final_bringup/lib/python3.12/site-packages'
[2.475s] Level 1:colcon.colcon_core.environment:checking '/home/gbonham/turtlebot4_ws/install/final_bringup/bin'
[2.475s] INFO:colcon.colcon_core.shell:Creating package script '/home/gbonham/turtlebot4_ws/install/final_bringup/share/final_bringup/package.ps1'
[2.523s] INFO:colcon.colcon_core.shell:Creating package descriptor '/home/gbonham/turtlebot4_ws/install/final_bringup/share/final_bringup/package.dsv'
[2.524s] INFO:colcon.colcon_core.shell:Creating package script '/home/gbonham/turtlebot4_ws/install/final_bringup/share/final_bringup/package.sh'
[2.525s] INFO:colcon.colcon_core.shell:Creating package script '/home/gbonham/turtlebot4_ws/install/final_bringup/share/final_bringup/package.bash'
[2.525s] INFO:colcon.colcon_core.shell:Creating package script '/home/gbonham/turtlebot4_ws/install/final_bringup/share/final_bringup/package.zsh'
[2.526s] Level 1:colcon.colcon_core.environment:create_file_with_runtime_dependencies(/home/gbonham/turtlebot4_ws/install/final_bringup/share/colcon-core/packages/final_bringup)
[2.526s] DEBUG:colcon.colcon_parallel_executor.executor.parallel:closing loop
[2.526s] DEBUG:colcon.colcon_parallel_executor.executor.parallel:loop closed
[2.526s] DEBUG:colcon.colcon_parallel_executor.executor.parallel:run_until_complete finished with '0'
[2.527s] DEBUG:colcon.colcon_core.event_reactor:joining thread
[2.532s] INFO:colcon.colcon_core.plugin_system:Skipping extension 'colcon_notification.desktop_notification.terminal_notifier': Not used on non-Darwin systems
[2.532s] INFO:colcon.colcon_core.plugin_system:Skipping extension 'colcon_notification.desktop_notification.win32': Not used on non-Windows systems
[2.532s] INFO:colcon.colcon_notification.desktop_notification:Sending desktop notification using 'notify2'
[2.542s] DEBUG:colcon.colcon_core.event_reactor:joined thread
[2.542s] INFO:colcon.colcon_core.shell:Creating prefix script '/home/gbonham/turtlebot4_ws/install/local_setup.ps1'
[2.544s] INFO:colcon.colcon_core.shell:Creating prefix util module '/home/gbonham/turtlebot4_ws/install/_local_setup_util_ps1.py'
[2.545s] INFO:colcon.colcon_core.shell:Creating prefix chain script '/home/gbonham/turtlebot4_ws/install/setup.ps1'
[2.546s] INFO:colcon.colcon_core.shell:Creating prefix script '/home/gbonham/turtlebot4_ws/install/local_setup.sh'
[2.547s] INFO:colcon.colcon_core.shell:Creating prefix util module '/home/gbonham/turtlebot4_ws/install/_local_setup_util_sh.py'
[2.547s] INFO:colcon.colcon_core.shell:Creating prefix chain script '/home/gbonham/turtlebot4_ws/install/setup.sh'
[2.548s] INFO:colcon.colcon_core.shell:Creating prefix script '/home/gbonham/turtlebot4_ws/install/local_setup.bash'
[2.549s] INFO:colcon.colcon_core.shell:Creating prefix chain script '/home/gbonham/turtlebot4_ws/install/setup.bash'
[2.550s] INFO:colcon.colcon_core.shell:Creating prefix script '/home/gbonham/turtlebot4_ws/install/local_setup.zsh'
[2.550s] INFO:colcon.colcon_core.shell:Creating prefix chain script '/home/gbonham/turtlebot4_ws/install/setup.zsh'
