[1.440s] Invoking command in '/home/gbonham/turtlebot4_ws/src/final': PYTHONPATH=/home/gbonham/turtlebot4_ws/build/final/prefix_override:/usr/lib/python3/dist-packages/colcon_core/task/python/colcon_distutils_commands:/home/gbonham/turtlebot4_ws/install/final/lib/python3.12/site-packages:${PYTHONPATH} /usr/bin/python3 -W ignore:setup.py install is deprecated -W ignore:easy_install command is deprecated setup.py egg_info --egg-base ../../build/final build --build-base /home/gbonham/turtlebot4_ws/build/final/build install --record /home/gbonham/turtlebot4_ws/build/final/install.log --single-version-externally-managed install_data
[1.755s] running egg_info
[1.785s] writing ../../build/final/final.egg-info/PKG-INFO
[1.785s] writing dependency_links to ../../build/final/final.egg-info/dependency_links.txt
[1.786s] writing entry points to ../../build/final/final.egg-info/entry_points.txt
[1.786s] writing requirements to ../../build/final/final.egg-info/requires.txt
[1.786s] writing top-level names to ../../build/final/final.egg-info/top_level.txt
[1.840s] reading manifest file '../../build/final/final.egg-info/SOURCES.txt'
[1.841s] writing manifest file '../../build/final/final.egg-info/SOURCES.txt'
[1.841s] running build
[1.841s] running build_py
[1.841s] copying final/color_vision.py -> /home/gbonham/turtlebot4_ws/build/final/build/lib/final
[1.842s] running install
[1.847s] running install_lib
[1.872s] copying /home/gbonham/turtlebot4_ws/build/final/build/lib/final/color_vision.py -> /home/gbonham/turtlebot4_ws/install/final/lib/python3.12/site-packages/final
[1.873s] byte-compiling /home/gbonham/turtlebot4_ws/install/final/lib/python3.12/site-packages/final/color_vision.py to color_vision.cpython-312.pyc
[1.875s] running install_data
[1.875s] running install_egg_info
[1.901s] removing '/home/gbonham/turtlebot4_ws/install/final/lib/python3.12/site-packages/final-0.0.0-py3.12.egg-info' (and everything under it)
[1.902s] Copying ../../build/final/final.egg-info to /home/gbonham/turtlebot4_ws/install/final/lib/python3.12/site-packages/final-0.0.0-py3.12.egg-info
[1.905s] running install_scripts
[2.076s] Installing color_vision script to /home/gbonham/turtlebot4_ws/install/final/lib/final
[2.076s] Installing get_obs script to /home/gbonham/turtlebot4_ws/install/final/lib/final
[2.079s] Installing go_to_goal script to /home/gbonham/turtlebot4_ws/install/final/lib/final
[2.079s] Installing goal_client script to /home/gbonham/turtlebot4_ws/install/final/lib/final
[2.080s] writing list of installed files to '/home/gbonham/turtlebot4_ws/build/final/install.log'
[2.104s] Invoked command in '/home/gbonham/turtlebot4_ws/src/final' returned '0': PYTHONPATH=/home/gbonham/turtlebot4_ws/build/final/prefix_override:/usr/lib/python3/dist-packages/colcon_core/task/python/colcon_distutils_commands:/home/gbonham/turtlebot4_ws/install/final/lib/python3.12/site-packages:${PYTHONPATH} /usr/bin/python3 -W ignore:setup.py install is deprecated -W ignore:easy_install command is deprecated setup.py egg_info --egg-base ../../build/final build --build-base /home/gbonham/turtlebot4_ws/build/final/build install --record /home/gbonham/turtlebot4_ws/build/final/install.log --single-version-externally-managed install_data
