[2.272s] Invoking command in '/home/nhu.nguyen/turtlebot4_ws/src/lab2_pkg': PYTHONPATH=/home/nhu.nguyen/turtlebot4_ws/build/lab2_pkg/prefix_override:/usr/lib/python3/dist-packages/colcon_core/task/python/colcon_distutils_commands:/home/nhu.nguyen/turtlebot4_ws/install/lab2_pkg/lib/python3.12/site-packages:${PYTHONPATH} /usr/bin/python3 -W ignore:setup.py install is deprecated -W ignore:easy_install command is deprecated setup.py egg_info --egg-base ../../build/lab2_pkg build --build-base /home/nhu.nguyen/turtlebot4_ws/build/lab2_pkg/build install --record /home/nhu.nguyen/turtlebot4_ws/build/lab2_pkg/install.log --single-version-externally-managed install_data
[2.560s] running egg_info
[2.583s] writing ../../build/lab2_pkg/lab2_pkg.egg-info/PKG-INFO
[2.584s] writing dependency_links to ../../build/lab2_pkg/lab2_pkg.egg-info/dependency_links.txt
[2.585s] writing requirements to ../../build/lab2_pkg/lab2_pkg.egg-info/requires.txt
[2.586s] writing top-level names to ../../build/lab2_pkg/lab2_pkg.egg-info/top_level.txt
[2.635s] reading manifest file '../../build/lab2_pkg/lab2_pkg.egg-info/SOURCES.txt'
[2.637s] writing manifest file '../../build/lab2_pkg/lab2_pkg.egg-info/SOURCES.txt'
[2.638s] running build
[2.638s] running build_py
[2.638s] copying lab2_pkg/speed_cap_obstacle_detect.py -> /home/nhu.nguyen/turtlebot4_ws/build/lab2_pkg/build/lib/lab2_pkg
[2.638s] running install
[2.643s] running install_lib
[2.667s] copying /home/nhu.nguyen/turtlebot4_ws/build/lab2_pkg/build/lib/lab2_pkg/speed_cap_obstacle_detect.py -> /home/nhu.nguyen/turtlebot4_ws/install/lab2_pkg/lib/python3.12/site-packages/lab2_pkg
[2.668s] byte-compiling /home/nhu.nguyen/turtlebot4_ws/install/lab2_pkg/lib/python3.12/site-packages/lab2_pkg/speed_cap_obstacle_detect.py to speed_cap_obstacle_detect.cpython-312.pyc
[2.670s] running install_data
[2.670s] running install_egg_info
[2.695s] removing '/home/nhu.nguyen/turtlebot4_ws/install/lab2_pkg/lib/python3.12/site-packages/lab2_pkg-0.0.0-py3.12.egg-info' (and everything under it)
[2.695s] Copying ../../build/lab2_pkg/lab2_pkg.egg-info to /home/nhu.nguyen/turtlebot4_ws/install/lab2_pkg/lib/python3.12/site-packages/lab2_pkg-0.0.0-py3.12.egg-info
[2.697s] running install_scripts
[2.847s] writing list of installed files to '/home/nhu.nguyen/turtlebot4_ws/build/lab2_pkg/install.log'
[2.871s] Invoked command in '/home/nhu.nguyen/turtlebot4_ws/src/lab2_pkg' returned '0': PYTHONPATH=/home/nhu.nguyen/turtlebot4_ws/build/lab2_pkg/prefix_override:/usr/lib/python3/dist-packages/colcon_core/task/python/colcon_distutils_commands:/home/nhu.nguyen/turtlebot4_ws/install/lab2_pkg/lib/python3.12/site-packages:${PYTHONPATH} /usr/bin/python3 -W ignore:setup.py install is deprecated -W ignore:easy_install command is deprecated setup.py egg_info --egg-base ../../build/lab2_pkg build --build-base /home/nhu.nguyen/turtlebot4_ws/build/lab2_pkg/build install --record /home/nhu.nguyen/turtlebot4_ws/build/lab2_pkg/install.log --single-version-externally-managed install_data
