[1.419s] Invoking command in '/home/gbonham/turtlebot4_ws/src/final': PYTHONPATH=/home/gbonham/turtlebot4_ws/build/final/prefix_override:/usr/lib/python3/dist-packages/colcon_core/task/python/colcon_distutils_commands:/home/gbonham/turtlebot4_ws/install/final/lib/python3.12/site-packages:${PYTHONPATH} /usr/bin/python3 -W ignore:setup.py install is deprecated -W ignore:easy_install command is deprecated setup.py egg_info --egg-base ../../build/final build --build-base /home/gbonham/turtlebot4_ws/build/final/build install --record /home/gbonham/turtlebot4_ws/build/final/install.log --single-version-externally-managed install_data
[1.722s] running egg_info
[1.747s] writing ../../build/final/final.egg-info/PKG-INFO
[1.747s] writing dependency_links to ../../build/final/final.egg-info/dependency_links.txt
[1.747s] writing entry points to ../../build/final/final.egg-info/entry_points.txt
[1.747s] writing requirements to ../../build/final/final.egg-info/requires.txt
[1.748s] writing top-level names to ../../build/final/final.egg-info/top_level.txt
[1.801s] reading manifest file '../../build/final/final.egg-info/SOURCES.txt'
[1.801s] writing manifest file '../../build/final/final.egg-info/SOURCES.txt'
[1.801s] running build
[1.802s] running build_py
[1.802s] copying final/get_obstacles.py -> /home/gbonham/turtlebot4_ws/build/final/build/lib/final
[1.802s] copying final/goal_client.py -> /home/gbonham/turtlebot4_ws/build/final/build/lib/final
[1.802s] copying final/nav.py -> /home/gbonham/turtlebot4_ws/build/final/build/lib/final
[1.802s] running install
[1.808s] running install_lib
[1.833s] copying /home/gbonham/turtlebot4_ws/build/final/build/lib/final/get_obstacles.py -> /home/gbonham/turtlebot4_ws/install/final/lib/python3.12/site-packages/final
[1.833s] copying /home/gbonham/turtlebot4_ws/build/final/build/lib/final/goal_client.py -> /home/gbonham/turtlebot4_ws/install/final/lib/python3.12/site-packages/final
[1.833s] copying /home/gbonham/turtlebot4_ws/build/final/build/lib/final/nav.py -> /home/gbonham/turtlebot4_ws/install/final/lib/python3.12/site-packages/final
[1.834s] byte-compiling /home/gbonham/turtlebot4_ws/install/final/lib/python3.12/site-packages/final/get_obstacles.py to get_obstacles.cpython-312.pyc
[1.837s] byte-compiling /home/gbonham/turtlebot4_ws/install/final/lib/python3.12/site-packages/final/goal_client.py to goal_client.cpython-312.pyc
[1.838s] byte-compiling /home/gbonham/turtlebot4_ws/install/final/lib/python3.12/site-packages/final/nav.py to nav.cpython-312.pyc
[1.840s] running install_data
[1.840s] running install_egg_info
[1.866s] removing '/home/gbonham/turtlebot4_ws/install/final/lib/python3.12/site-packages/final-0.0.0-py3.12.egg-info' (and everything under it)
[1.866s] Copying ../../build/final/final.egg-info to /home/gbonham/turtlebot4_ws/install/final/lib/python3.12/site-packages/final-0.0.0-py3.12.egg-info
[1.869s] running install_scripts
[2.032s] Installing color_vision script to /home/gbonham/turtlebot4_ws/install/final/lib/final
[2.032s] Installing get_obs script to /home/gbonham/turtlebot4_ws/install/final/lib/final
[2.032s] Installing go_to_goal script to /home/gbonham/turtlebot4_ws/install/final/lib/final
[2.032s] Installing goal_client script to /home/gbonham/turtlebot4_ws/install/final/lib/final
[2.032s] writing list of installed files to '/home/gbonham/turtlebot4_ws/build/final/install.log'
[2.061s] Invoked command in '/home/gbonham/turtlebot4_ws/src/final' returned '0': PYTHONPATH=/home/gbonham/turtlebot4_ws/build/final/prefix_override:/usr/lib/python3/dist-packages/colcon_core/task/python/colcon_distutils_commands:/home/gbonham/turtlebot4_ws/install/final/lib/python3.12/site-packages:${PYTHONPATH} /usr/bin/python3 -W ignore:setup.py install is deprecated -W ignore:easy_install command is deprecated setup.py egg_info --egg-base ../../build/final build --build-base /home/gbonham/turtlebot4_ws/build/final/build install --record /home/gbonham/turtlebot4_ws/build/final/install.log --single-version-externally-managed install_data
