[1.347s] Invoking command in '/home/cnutter/turtlebot4_ws/src/lab3_pkg': AMENT_PREFIX_PATH=/home/cnutter/turtlebot4_ws/install/custom_interfaces:${AMENT_PREFIX_PATH} CMAKE_PREFIX_PATH=/home/cnutter/turtlebot4_ws/install/custom_interfaces:${CMAKE_PREFIX_PATH} LD_LIBRARY_PATH=/home/cnutter/turtlebot4_ws/install/custom_interfaces/lib:${LD_LIBRARY_PATH} PYTHONPATH=/home/cnutter/turtlebot4_ws/build/lab3_pkg/prefix_override:/usr/lib/python3/dist-packages/colcon_core/task/python/colcon_distutils_commands:/home/cnutter/turtlebot4_ws/install/lab3_pkg/lib/python3.12/site-packages:/home/cnutter/turtlebot4_ws/install/custom_interfaces/lib/python3.12/site-packages:${PYTHONPATH} /usr/bin/python3 -W ignore:setup.py install is deprecated -W ignore:easy_install command is deprecated setup.py egg_info --egg-base ../../build/lab3_pkg build --build-base /home/cnutter/turtlebot4_ws/build/lab3_pkg/build install --record /home/cnutter/turtlebot4_ws/build/lab3_pkg/install.log --single-version-externally-managed install_data
[1.652s] running egg_info
[1.652s] creating ../../build/lab3_pkg/lab3_pkg.egg-info
[1.676s] writing ../../build/lab3_pkg/lab3_pkg.egg-info/PKG-INFO
[1.676s] writing dependency_links to ../../build/lab3_pkg/lab3_pkg.egg-info/dependency_links.txt
[1.676s] writing entry points to ../../build/lab3_pkg/lab3_pkg.egg-info/entry_points.txt
[1.676s] writing requirements to ../../build/lab3_pkg/lab3_pkg.egg-info/requires.txt
[1.677s] writing top-level names to ../../build/lab3_pkg/lab3_pkg.egg-info/top_level.txt
[1.677s] writing manifest file '../../build/lab3_pkg/lab3_pkg.egg-info/SOURCES.txt'
[1.725s] reading manifest file '../../build/lab3_pkg/lab3_pkg.egg-info/SOURCES.txt'
[1.725s] writing manifest file '../../build/lab3_pkg/lab3_pkg.egg-info/SOURCES.txt'
[1.725s] running build
[1.726s] running build_py
[1.726s] creating /home/cnutter/turtlebot4_ws/build/lab3_pkg/build
[1.726s] creating /home/cnutter/turtlebot4_ws/build/lab3_pkg/build/lib
[1.726s] creating /home/cnutter/turtlebot4_ws/build/lab3_pkg/build/lib/lab3_pkg
[1.726s] copying lab3_pkg/set_cap_client.py -> /home/cnutter/turtlebot4_ws/build/lab3_pkg/build/lib/lab3_pkg
[1.728s] copying lab3_pkg/__init__.py -> /home/cnutter/turtlebot4_ws/build/lab3_pkg/build/lib/lab3_pkg
[1.728s] copying lab3_pkg/lab3_server.py -> /home/cnutter/turtlebot4_ws/build/lab3_pkg/build/lib/lab3_pkg
[1.730s] running install
[1.735s] running install_lib
[1.761s] running install_data
[1.761s] running install_egg_info
[1.785s] removing '/home/cnutter/turtlebot4_ws/install/lab3_pkg/lib/python3.12/site-packages/lab3_pkg-0.0.0-py3.12.egg-info' (and everything under it)
[1.785s] Copying ../../build/lab3_pkg/lab3_pkg.egg-info to /home/cnutter/turtlebot4_ws/install/lab3_pkg/lib/python3.12/site-packages/lab3_pkg-0.0.0-py3.12.egg-info
[1.789s] running install_scripts
[1.938s] Installing SCOD_server script to /home/cnutter/turtlebot4_ws/install/lab3_pkg/lib/lab3_pkg
[1.941s] Installing set_cap_client_node script to /home/cnutter/turtlebot4_ws/install/lab3_pkg/lib/lab3_pkg
[1.943s] writing list of installed files to '/home/cnutter/turtlebot4_ws/build/lab3_pkg/install.log'
[2.044s] Invoked command in '/home/cnutter/turtlebot4_ws/src/lab3_pkg' returned '0': AMENT_PREFIX_PATH=/home/cnutter/turtlebot4_ws/install/custom_interfaces:${AMENT_PREFIX_PATH} CMAKE_PREFIX_PATH=/home/cnutter/turtlebot4_ws/install/custom_interfaces:${CMAKE_PREFIX_PATH} LD_LIBRARY_PATH=/home/cnutter/turtlebot4_ws/install/custom_interfaces/lib:${LD_LIBRARY_PATH} PYTHONPATH=/home/cnutter/turtlebot4_ws/build/lab3_pkg/prefix_override:/usr/lib/python3/dist-packages/colcon_core/task/python/colcon_distutils_commands:/home/cnutter/turtlebot4_ws/install/lab3_pkg/lib/python3.12/site-packages:/home/cnutter/turtlebot4_ws/install/custom_interfaces/lib/python3.12/site-packages:${PYTHONPATH} /usr/bin/python3 -W ignore:setup.py install is deprecated -W ignore:easy_install command is deprecated setup.py egg_info --egg-base ../../build/lab3_pkg build --build-base /home/cnutter/turtlebot4_ws/build/lab3_pkg/build install --record /home/cnutter/turtlebot4_ws/build/lab3_pkg/install.log --single-version-externally-managed install_data
