running egg_info
creating ../../build/final/final.egg-info
writing ../../build/final/final.egg-info/PKG-INFO
writing dependency_links to ../../build/final/final.egg-info/dependency_links.txt
writing requirements to ../../build/final/final.egg-info/requires.txt
writing top-level names to ../../build/final/final.egg-info/top_level.txt
writing manifest file '../../build/final/final.egg-info/SOURCES.txt'
reading manifest file '../../build/final/final.egg-info/SOURCES.txt'
writing manifest file '../../build/final/final.egg-info/SOURCES.txt'
running build
running build_py
creating /home/gbonham/turtlebot4_ws/build/final/build
creating /home/gbonham/turtlebot4_ws/build/final/build/lib
creating /home/gbonham/turtlebot4_ws/build/final/build/lib/final
copying final/__init__.py -> /home/gbonham/turtlebot4_ws/build/final/build/lib/final
copying final/test.py -> /home/gbonham/turtlebot4_ws/build/final/build/lib/final
running install
running install_lib
creating /home/gbonham/turtlebot4_ws/install/final/lib/python3.12/site-packages/final
copying /home/gbonham/turtlebot4_ws/build/final/build/lib/final/__init__.py -> /home/gbonham/turtlebot4_ws/install/final/lib/python3.12/site-packages/final
copying /home/gbonham/turtlebot4_ws/build/final/build/lib/final/test.py -> /home/gbonham/turtlebot4_ws/install/final/lib/python3.12/site-packages/final
byte-compiling /home/gbonham/turtlebot4_ws/install/final/lib/python3.12/site-packages/final/__init__.py to __init__.cpython-312.pyc
byte-compiling /home/gbonham/turtlebot4_ws/install/final/lib/python3.12/site-packages/final/test.py to test.cpython-312.pyc
running install_data
creating /home/gbonham/turtlebot4_ws/install/final/share/ament_index
creating /home/gbonham/turtlebot4_ws/install/final/share/ament_index/resource_index
creating /home/gbonham/turtlebot4_ws/install/final/share/ament_index/resource_index/packages
copying resource/final -> /home/gbonham/turtlebot4_ws/install/final/share/ament_index/resource_index/packages
copying package.xml -> /home/gbonham/turtlebot4_ws/install/final/share/final
running install_egg_info
Copying ../../build/final/final.egg-info to /home/gbonham/turtlebot4_ws/install/final/lib/python3.12/site-packages/final-0.0.0-py3.12.egg-info
running install_scripts
writing list of installed files to '/home/gbonham/turtlebot4_ws/build/final/install.log'
