[0.000000] (-) TimerEvent: {}
[0.000217] (custom_interfaces) JobQueued: {'identifier': 'custom_interfaces', 'dependencies': OrderedDict()}
[0.000448] (lab1_pkg) JobQueued: {'identifier': 'lab1_pkg', 'dependencies': OrderedDict()}
[0.000814] (lab2_pkg) JobQueued: {'identifier': 'lab2_pkg', 'dependencies': OrderedDict()}
[0.000849] (lab3_pkg) JobQueued: {'identifier': 'lab3_pkg', 'dependencies': OrderedDict({'custom_interfaces': '/home/buenr/CS488/install/custom_interfaces'})}
[0.000879] (lab5_pkg) JobQueued: {'identifier': 'lab5_pkg', 'dependencies': OrderedDict({'custom_interfaces': '/home/buenr/CS488/install/custom_interfaces'})}
[0.000924] (lab_bringup) JobQueued: {'identifier': 'lab_bringup', 'dependencies': OrderedDict({'custom_interfaces': '/home/buenr/CS488/install/custom_interfaces', 'lab3_pkg': '/home/buenr/CS488/install/lab3_pkg'})}
[0.001041] (custom_interfaces) JobStarted: {'identifier': 'custom_interfaces'}
[0.006894] (lab1_pkg) JobStarted: {'identifier': 'lab1_pkg'}
[0.012641] (lab2_pkg) JobStarted: {'identifier': 'lab2_pkg'}
[0.025897] (custom_interfaces) JobProgress: {'identifier': 'custom_interfaces', 'progress': 'cmake'}
[0.026588] (custom_interfaces) JobProgress: {'identifier': 'custom_interfaces', 'progress': 'build'}
[0.027254] (custom_interfaces) Command: {'cmd': ['/usr/bin/cmake', '--build', '/home/buenr/CS488/build/custom_interfaces', '--', '-j16', '-l16'], 'cwd': '/home/buenr/CS488/build/custom_interfaces', 'env': OrderedDict({'USER': 'buenr', 'GZ_SIM_RESOURCE_PATH': '/opt/ros/jazzy/share', 'GZ_CONFIG_PATH': '/opt/ros/jazzy/opt/gz_sim_vendor/share/gz:/opt/ros/jazzy/opt/sdformat_vendor/share/gz:/opt/ros/jazzy/opt/gz_gui_vendor/share/gz:/opt/ros/jazzy/opt/gz_transport_vendor/share/gz:/opt/ros/jazzy/opt/gz_rendering_vendor/share/gz:/opt/ros/jazzy/opt/gz_plugin_vendor/share/gz:/opt/ros/jazzy/opt/gz_fuel_tools_vendor/share/gz:/opt/ros/jazzy/opt/gz_msgs_vendor/share/gz:/opt/ros/jazzy/opt/gz_common_vendor/share/gz', 'XDG_SESSION_TYPE': 'wayland', 'CLUTTER_DISABLE_MIPMAPPED_TEXT': '1', 'SHLVL': '1', 'LD_LIBRARY_PATH': '/home/buenr/CS488/install/custom_interfaces/lib:/opt/ros/jazzy/opt/gz_sim_vendor/lib:/opt/ros/jazzy/opt/gz_sensors_vendor/lib:/opt/ros/jazzy/opt/gz_physics_vendor/lib:/opt/ros/jazzy/opt/sdformat_vendor/lib:/opt/ros/jazzy/opt/rviz_ogre_vendor/lib:/opt/ros/jazzy/lib/x86_64-linux-gnu:/opt/ros/jazzy/opt/gz_gui_vendor/lib:/opt/ros/jazzy/opt/gz_transport_vendor/lib:/opt/ros/jazzy/opt/gz_rendering_vendor/lib:/opt/ros/jazzy/opt/gz_plugin_vendor/lib:/opt/ros/jazzy/opt/gz_fuel_tools_vendor/lib:/opt/ros/jazzy/opt/gz_msgs_vendor/lib:/opt/ros/jazzy/opt/gz_common_vendor/lib:/opt/ros/jazzy/opt/gz_math_vendor/lib:/opt/ros/jazzy/opt/gz_utils_vendor/lib:/opt/ros/jazzy/opt/gz_tools_vendor/lib:/opt/ros/jazzy/opt/gz_ogre_next_vendor/lib:/opt/ros/jazzy/opt/gz_dartsim_vendor/lib:/opt/ros/jazzy/opt/gz_cmake_vendor/lib:/opt/ros/jazzy/lib', 'OLDPWD': '/home/buenr', 'HOME': '/home/buenr', 'DESKTOP_SESSION': 'ubuntu', 'GTK_MODULES': 'gail:atk-bridge', 'GNOME_SHELL_SESSION_MODE': 'ubuntu', 'ROS_PYTHON_VERSION': '3', 'SYSTEMD_EXEC_PID': '30152', 'DBUS_SESSION_BUS_ADDRESS': 'unix:path=/run/user/481846386/bus', 'GSM_SKIP_SSH_AGENT_WORKAROUND': 'true', 'COLORTERM': 'truecolor', 'CONDA_CHANGEPS1': 'no', 'WAYLAND_DISPLAY': 'wayland-0', 'ROS_DISTRO': 'jazzy', 'COLCON_PREFIX_PATH': '/home/buenr/CS488/install', 'LOGNAME': 'buenr', '_': '/usr/bin/colcon', 'MEMORY_PRESSURE_WATCH': '/sys/fs/cgroup/user.slice/user-481846386.slice/user@481846386.service/session.slice/org.gnome.Shell@wayland.service/memory.pressure', 'XDG_SESSION_CLASS': 'user', 'ROS_VERSION': '2', 'USERNAME': 'buenr', 'TERM': 'xterm-256color', 'PROMPT_EOL_MARK': '', 'ROS_SUPER_CLIENT': 'True', 'GNOME_DESKTOP_SESSION_ID': 'this-is-deprecated', 'PATH': '/opt/ros/jazzy/opt/gz_msgs_vendor/bin:/opt/ros/jazzy/opt/gz_tools_vendor/bin:/opt/ros/jazzy/opt/gz_ogre_next_vendor/bin:/opt/ros/jazzy/bin:/usr/local/sbin:/usr/local/bin:/usr/sbin:/usr/bin:/sbin:/bin:/usr/games:/usr/local/games:/snap/bin:/snap/bin', 'SESSION_MANAGER': 'local/csci20122:@/tmp/.ICE-unix/30099,unix/csci20122:/tmp/.ICE-unix/30099', 'GNOME_TERMINAL_SCREEN': '/org/gnome/Terminal/screen/7d6d0661_eb5b_4e50_84b1_79b4a45519ac', 'XDG_MENU_PREFIX': 'gnome-', 'GNOME_SETUP_DISPLAY': ':1', 'XDG_RUNTIME_DIR': '/run/user/481846386', 'DISPLAY': ':0', 'XDG_CURRENT_DESKTOP': 'ubuntu:GNOME', 'LANG': 'en_US.UTF-8', 'RMW_IMPLEMENTATION': 'rmw_fastrtps_cpp', 'XDG_SESSION_DESKTOP': 'ubuntu', 'GNOME_TERMINAL_SERVICE': ':1.194', 'XMODIFIERS': '@im=ibus', 'XAUTHORITY': '/run/user/481846386/.mutter-Xwaylandauth.1MMGN3', 'SSH_AUTH_SOCK': '/run/user/481846386/keyring/ssh', 'AMENT_PREFIX_PATH': '/home/buenr/CS488/install/lab_bringup:/home/buenr/CS488/install/lab5_pkg:/home/buenr/CS488/install/lab3_pkg:/home/buenr/CS488/install/lab2_pkg:/home/buenr/CS488/install/lab1_pkg:/home/buenr/CS488/install/custom_interfaces:/opt/ros/jazzy', 'ROS_DOMAIN_ID': '0', 'KRB5CCNAME': 'FILE:/tmp/krb5cc_481846386_s7E0DV', 'SHELL': '/bin/zsh', 'ROS_DISCOVERY_SERVER': '10.5.113.101:11811', 'QT_ACCESSIBILITY': '1', 'GDMSESSION': 'ubuntu', 'QT_IM_MODULE': 'ibus', 'ROS_AUTOMATIC_DISCOVERY_RANGE': 'SUBNET', 'PWD': '/home/buenr/CS488/build/custom_interfaces', 'XDG_DATA_DIRS': '/usr/local/share/:/usr/share/:/var/lib/snapd/desktop', 'VIRTUAL_ENV_DISABLE_PROMPT': '12', 'PYTHONPATH': '/home/buenr/CS488/install/lab5_pkg/lib/python3.12/site-packages:/home/buenr/CS488/install/lab3_pkg/lib/python3.12/site-packages:/home/buenr/CS488/install/lab2_pkg/lib/python3.12/site-packages:/home/buenr/CS488/install/lab1_pkg/lib/python3.12/site-packages:/home/buenr/CS488/install/custom_interfaces/lib/python3.12/site-packages:/opt/ros/jazzy/lib/python3.12/site-packages', 'COLCON': '1', 'VTE_VERSION': '7600', 'MEMORY_PRESSURE_WRITE': 'c29tZSAyMDAwMDAgMjAwMDAwMAA=', 'CMAKE_PREFIX_PATH': '/home/buenr/CS488/install/lab_bringup:/home/buenr/CS488/install/custom_interfaces:/opt/ros/jazzy/opt/gz_sim_vendor:/opt/ros/jazzy/opt/gz_sensors_vendor:/opt/ros/jazzy/opt/gz_physics_vendor:/opt/ros/jazzy/opt/sdformat_vendor:/opt/ros/jazzy/opt/gz_gui_vendor:/opt/ros/jazzy/opt/gz_transport_vendor:/opt/ros/jazzy/opt/gz_rendering_vendor:/opt/ros/jazzy/opt/gz_plugin_vendor:/opt/ros/jazzy/opt/gz_fuel_tools_vendor:/opt/ros/jazzy/opt/gz_msgs_vendor:/opt/ros/jazzy/opt/gz_common_vendor:/opt/ros/jazzy/opt/gz_math_vendor:/opt/ros/jazzy/opt/gz_utils_vendor:/opt/ros/jazzy/opt/gz_tools_vendor:/opt/ros/jazzy/opt/gz_ogre_next_vendor:/opt/ros/jazzy/opt/gz_dartsim_vendor:/opt/ros/jazzy/opt/gz_cmake_vendor:/home/buenr/CS488/install/lab5_pkg:/home/buenr/CS488/install/lab3_pkg:/home/buenr/CS488/install/lab2_pkg:/home/buenr/CS488/install/lab1_pkg:/opt/ros/jazzy'}), 'shell': False}
[0.099904] (-) TimerEvent: {}
[0.200134] (-) TimerEvent: {}
[0.284324] (custom_interfaces) StdoutLine: {'line': b'[  2%] Built target custom_interfaces__rosidl_generator_type_description\n'}
[0.284910] (custom_interfaces) StdoutLine: {'line': b'[  2%] Built target ament_cmake_python_copy_custom_interfaces\n'}
[0.285106] (custom_interfaces) StdoutLine: {'line': b'[  4%] Built target custom_interfaces__cpp\n'}
[0.285388] (custom_interfaces) StdoutLine: {'line': b'[ 22%] Built target custom_interfaces__rosidl_generator_c\n'}
[0.285513] (custom_interfaces) StdoutLine: {'line': b'[ 31%] Built target custom_interfaces__rosidl_typesupport_c\n'}
[0.285615] (custom_interfaces) StdoutLine: {'line': b'[ 68%] Built target custom_interfaces__rosidl_typesupport_introspection_c\n'}
[0.285785] (custom_interfaces) StdoutLine: {'line': b'[ 70%] Built target custom_interfaces__rosidl_typesupport_introspection_cpp\n'}
[0.285904] (custom_interfaces) StdoutLine: {'line': b'[ 75%] Built target custom_interfaces__rosidl_typesupport_fastrtps_cpp\n'}
[0.285985] (custom_interfaces) StdoutLine: {'line': b'[ 75%] Built target custom_interfaces__rosidl_typesupport_cpp\n'}
[0.286064] (custom_interfaces) StdoutLine: {'line': b'[ 77%] Built target custom_interfaces__rosidl_typesupport_fastrtps_c\n'}
[0.286137] (custom_interfaces) StdoutLine: {'line': b'[ 77%] Built target custom_interfaces\n'}
[0.286211] (custom_interfaces) StdoutLine: {'line': b'[ 79%] Built target custom_interfaces__py\n'}
[0.286283] (custom_interfaces) StdoutLine: {'line': b'[ 86%] Built target custom_interfaces__rosidl_generator_py\n'}
[0.286361] (custom_interfaces) StdoutLine: {'line': b'[ 90%] Built target custom_interfaces_s__rosidl_typesupport_c\n'}
[0.286431] (custom_interfaces) StdoutLine: {'line': b'[ 95%] Built target custom_interfaces_s__rosidl_typesupport_introspection_c\n'}
[0.286504] (custom_interfaces) StdoutLine: {'line': b'[100%] Built target custom_interfaces_s__rosidl_typesupport_fastrtps_c\n'}
[0.300240] (-) TimerEvent: {}
[0.346746] (custom_interfaces) StdoutLine: {'line': b'running egg_info\n'}
[0.373640] (custom_interfaces) StdoutLine: {'line': b'writing custom_interfaces.egg-info/PKG-INFO\n'}
[0.373840] (custom_interfaces) StdoutLine: {'line': b'writing dependency_links to custom_interfaces.egg-info/dependency_links.txt\n'}
[0.374052] (custom_interfaces) StdoutLine: {'line': b'writing top-level names to custom_interfaces.egg-info/top_level.txt\n'}
[0.400306] (-) TimerEvent: {}
[0.446725] (custom_interfaces) StdoutLine: {'line': b"reading manifest file 'custom_interfaces.egg-info/SOURCES.txt'\n"}
[0.447196] (custom_interfaces) StdoutLine: {'line': b"writing manifest file 'custom_interfaces.egg-info/SOURCES.txt'\n"}
[0.469688] (custom_interfaces) StdoutLine: {'line': b'[100%] Built target ament_cmake_python_build_custom_interfaces_egg\n'}
[0.500378] (-) TimerEvent: {}
[0.506971] (custom_interfaces) CommandEnded: {'returncode': 0}
[0.507502] (custom_interfaces) JobProgress: {'identifier': 'custom_interfaces', 'progress': 'install'}
[0.516165] (custom_interfaces) Command: {'cmd': ['/usr/bin/cmake', '--install', '/home/buenr/CS488/build/custom_interfaces'], 'cwd': '/home/buenr/CS488/build/custom_interfaces', 'env': OrderedDict({'USER': 'buenr', 'GZ_SIM_RESOURCE_PATH': '/opt/ros/jazzy/share', 'GZ_CONFIG_PATH': '/opt/ros/jazzy/opt/gz_sim_vendor/share/gz:/opt/ros/jazzy/opt/sdformat_vendor/share/gz:/opt/ros/jazzy/opt/gz_gui_vendor/share/gz:/opt/ros/jazzy/opt/gz_transport_vendor/share/gz:/opt/ros/jazzy/opt/gz_rendering_vendor/share/gz:/opt/ros/jazzy/opt/gz_plugin_vendor/share/gz:/opt/ros/jazzy/opt/gz_fuel_tools_vendor/share/gz:/opt/ros/jazzy/opt/gz_msgs_vendor/share/gz:/opt/ros/jazzy/opt/gz_common_vendor/share/gz', 'XDG_SESSION_TYPE': 'wayland', 'CLUTTER_DISABLE_MIPMAPPED_TEXT': '1', 'SHLVL': '1', 'LD_LIBRARY_PATH': '/home/buenr/CS488/install/custom_interfaces/lib:/opt/ros/jazzy/opt/gz_sim_vendor/lib:/opt/ros/jazzy/opt/gz_sensors_vendor/lib:/opt/ros/jazzy/opt/gz_physics_vendor/lib:/opt/ros/jazzy/opt/sdformat_vendor/lib:/opt/ros/jazzy/opt/rviz_ogre_vendor/lib:/opt/ros/jazzy/lib/x86_64-linux-gnu:/opt/ros/jazzy/opt/gz_gui_vendor/lib:/opt/ros/jazzy/opt/gz_transport_vendor/lib:/opt/ros/jazzy/opt/gz_rendering_vendor/lib:/opt/ros/jazzy/opt/gz_plugin_vendor/lib:/opt/ros/jazzy/opt/gz_fuel_tools_vendor/lib:/opt/ros/jazzy/opt/gz_msgs_vendor/lib:/opt/ros/jazzy/opt/gz_common_vendor/lib:/opt/ros/jazzy/opt/gz_math_vendor/lib:/opt/ros/jazzy/opt/gz_utils_vendor/lib:/opt/ros/jazzy/opt/gz_tools_vendor/lib:/opt/ros/jazzy/opt/gz_ogre_next_vendor/lib:/opt/ros/jazzy/opt/gz_dartsim_vendor/lib:/opt/ros/jazzy/opt/gz_cmake_vendor/lib:/opt/ros/jazzy/lib', 'OLDPWD': '/home/buenr', 'HOME': '/home/buenr', 'DESKTOP_SESSION': 'ubuntu', 'GTK_MODULES': 'gail:atk-bridge', 'GNOME_SHELL_SESSION_MODE': 'ubuntu', 'ROS_PYTHON_VERSION': '3', 'SYSTEMD_EXEC_PID': '30152', 'DBUS_SESSION_BUS_ADDRESS': 'unix:path=/run/user/481846386/bus', 'GSM_SKIP_SSH_AGENT_WORKAROUND': 'true', 'COLORTERM': 'truecolor', 'CONDA_CHANGEPS1': 'no', 'WAYLAND_DISPLAY': 'wayland-0', 'ROS_DISTRO': 'jazzy', 'COLCON_PREFIX_PATH': '/home/buenr/CS488/install', 'LOGNAME': 'buenr', '_': '/usr/bin/colcon', 'MEMORY_PRESSURE_WATCH': '/sys/fs/cgroup/user.slice/user-481846386.slice/user@481846386.service/session.slice/org.gnome.Shell@wayland.service/memory.pressure', 'XDG_SESSION_CLASS': 'user', 'ROS_VERSION': '2', 'USERNAME': 'buenr', 'TERM': 'xterm-256color', 'PROMPT_EOL_MARK': '', 'ROS_SUPER_CLIENT': 'True', 'GNOME_DESKTOP_SESSION_ID': 'this-is-deprecated', 'PATH': '/opt/ros/jazzy/opt/gz_msgs_vendor/bin:/opt/ros/jazzy/opt/gz_tools_vendor/bin:/opt/ros/jazzy/opt/gz_ogre_next_vendor/bin:/opt/ros/jazzy/bin:/usr/local/sbin:/usr/local/bin:/usr/sbin:/usr/bin:/sbin:/bin:/usr/games:/usr/local/games:/snap/bin:/snap/bin', 'SESSION_MANAGER': 'local/csci20122:@/tmp/.ICE-unix/30099,unix/csci20122:/tmp/.ICE-unix/30099', 'GNOME_TERMINAL_SCREEN': '/org/gnome/Terminal/screen/7d6d0661_eb5b_4e50_84b1_79b4a45519ac', 'XDG_MENU_PREFIX': 'gnome-', 'GNOME_SETUP_DISPLAY': ':1', 'XDG_RUNTIME_DIR': '/run/user/481846386', 'DISPLAY': ':0', 'XDG_CURRENT_DESKTOP': 'ubuntu:GNOME', 'LANG': 'en_US.UTF-8', 'RMW_IMPLEMENTATION': 'rmw_fastrtps_cpp', 'XDG_SESSION_DESKTOP': 'ubuntu', 'GNOME_TERMINAL_SERVICE': ':1.194', 'XMODIFIERS': '@im=ibus', 'XAUTHORITY': '/run/user/481846386/.mutter-Xwaylandauth.1MMGN3', 'SSH_AUTH_SOCK': '/run/user/481846386/keyring/ssh', 'AMENT_PREFIX_PATH': '/home/buenr/CS488/install/lab_bringup:/home/buenr/CS488/install/lab5_pkg:/home/buenr/CS488/install/lab3_pkg:/home/buenr/CS488/install/lab2_pkg:/home/buenr/CS488/install/lab1_pkg:/home/buenr/CS488/install/custom_interfaces:/opt/ros/jazzy', 'ROS_DOMAIN_ID': '0', 'KRB5CCNAME': 'FILE:/tmp/krb5cc_481846386_s7E0DV', 'SHELL': '/bin/zsh', 'ROS_DISCOVERY_SERVER': '10.5.113.101:11811', 'QT_ACCESSIBILITY': '1', 'GDMSESSION': 'ubuntu', 'QT_IM_MODULE': 'ibus', 'ROS_AUTOMATIC_DISCOVERY_RANGE': 'SUBNET', 'PWD': '/home/buenr/CS488/build/custom_interfaces', 'XDG_DATA_DIRS': '/usr/local/share/:/usr/share/:/var/lib/snapd/desktop', 'VIRTUAL_ENV_DISABLE_PROMPT': '12', 'PYTHONPATH': '/home/buenr/CS488/install/lab5_pkg/lib/python3.12/site-packages:/home/buenr/CS488/install/lab3_pkg/lib/python3.12/site-packages:/home/buenr/CS488/install/lab2_pkg/lib/python3.12/site-packages:/home/buenr/CS488/install/lab1_pkg/lib/python3.12/site-packages:/home/buenr/CS488/install/custom_interfaces/lib/python3.12/site-packages:/opt/ros/jazzy/lib/python3.12/site-packages', 'COLCON': '1', 'VTE_VERSION': '7600', 'MEMORY_PRESSURE_WRITE': 'c29tZSAyMDAwMDAgMjAwMDAwMAA=', 'CMAKE_PREFIX_PATH': '/home/buenr/CS488/install/lab_bringup:/home/buenr/CS488/install/custom_interfaces:/opt/ros/jazzy/opt/gz_sim_vendor:/opt/ros/jazzy/opt/gz_sensors_vendor:/opt/ros/jazzy/opt/gz_physics_vendor:/opt/ros/jazzy/opt/sdformat_vendor:/opt/ros/jazzy/opt/gz_gui_vendor:/opt/ros/jazzy/opt/gz_transport_vendor:/opt/ros/jazzy/opt/gz_rendering_vendor:/opt/ros/jazzy/opt/gz_plugin_vendor:/opt/ros/jazzy/opt/gz_fuel_tools_vendor:/opt/ros/jazzy/opt/gz_msgs_vendor:/opt/ros/jazzy/opt/gz_common_vendor:/opt/ros/jazzy/opt/gz_math_vendor:/opt/ros/jazzy/opt/gz_utils_vendor:/opt/ros/jazzy/opt/gz_tools_vendor:/opt/ros/jazzy/opt/gz_ogre_next_vendor:/opt/ros/jazzy/opt/gz_dartsim_vendor:/opt/ros/jazzy/opt/gz_cmake_vendor:/home/buenr/CS488/install/lab5_pkg:/home/buenr/CS488/install/lab3_pkg:/home/buenr/CS488/install/lab2_pkg:/home/buenr/CS488/install/lab1_pkg:/opt/ros/jazzy'}), 'shell': False}
[0.525243] (custom_interfaces) StdoutLine: {'line': b'-- Install configuration: ""\n'}
[0.525489] (custom_interfaces) StdoutLine: {'line': b'-- Up-to-date: /home/buenr/CS488/install/custom_interfaces/share/ament_index/resource_index/rosidl_interfaces/custom_interfaces\n'}
[0.525694] (custom_interfaces) StdoutLine: {'line': b'-- Up-to-date: /home/buenr/CS488/install/custom_interfaces/share/custom_interfaces/srv/SetCap.json\n'}
[0.525873] (custom_interfaces) StdoutLine: {'line': b'-- Up-to-date: /home/buenr/CS488/install/custom_interfaces/share/custom_interfaces/action/RobotGoal.json\n'}
[0.526002] (custom_interfaces) StdoutLine: {'line': b'-- Up-to-date: /home/buenr/CS488/install/custom_interfaces/include/custom_interfaces/custom_interfaces\n'}
[0.526139] (custom_interfaces) StdoutLine: {'line': b'-- Up-to-date: /home/buenr/CS488/install/custom_interfaces/include/custom_interfaces/custom_interfaces/srv\n'}
[0.526286] (custom_interfaces) StdoutLine: {'line': b'-- Up-to-date: /home/buenr/CS488/install/custom_interfaces/include/custom_interfaces/custom_interfaces/srv/detail\n'}
[0.526456] (custom_interfaces) StdoutLine: {'line': b'-- Up-to-date: /home/buenr/CS488/install/custom_interfaces/include/custom_interfaces/custom_interfaces/srv/detail/set_cap__type_support.h\n'}
[0.526607] (custom_interfaces) StdoutLine: {'line': b'-- Up-to-date: /home/buenr/CS488/install/custom_interfaces/include/custom_interfaces/custom_interfaces/srv/detail/set_cap__description.c\n'}
[0.526738] (custom_interfaces) StdoutLine: {'line': b'-- Up-to-date: /home/buenr/CS488/install/custom_interfaces/include/custom_interfaces/custom_interfaces/srv/detail/set_cap__type_support.c\n'}
[0.526895] (custom_interfaces) StdoutLine: {'line': b'-- Up-to-date: /home/buenr/CS488/install/custom_interfaces/include/custom_interfaces/custom_interfaces/srv/detail/set_cap__functions.c\n'}
[0.527038] (custom_interfaces) StdoutLine: {'line': b'-- Up-to-date: /home/buenr/CS488/install/custom_interfaces/include/custom_interfaces/custom_interfaces/srv/detail/set_cap__functions.h\n'}
[0.527182] (custom_interfaces) StdoutLine: {'line': b'-- Up-to-date: /home/buenr/CS488/install/custom_interfaces/include/custom_interfaces/custom_interfaces/srv/detail/set_cap__struct.h\n'}
[0.527303] (custom_interfaces) StdoutLine: {'line': b'-- Up-to-date: /home/buenr/CS488/install/custom_interfaces/include/custom_interfaces/custom_interfaces/srv/set_cap.h\n'}
[0.527443] (custom_interfaces) StdoutLine: {'line': b'-- Up-to-date: /home/buenr/CS488/install/custom_interfaces/include/custom_interfaces/custom_interfaces/action\n'}
[0.527613] (custom_interfaces) StdoutLine: {'line': b'-- Up-to-date: /home/buenr/CS488/install/custom_interfaces/include/custom_interfaces/custom_interfaces/action/detail\n'}
[0.527780] (custom_interfaces) StdoutLine: {'line': b'-- Up-to-date: /home/buenr/CS488/install/custom_interfaces/include/custom_interfaces/custom_interfaces/action/detail/robot_goal__struct.h\n'}
[0.527923] (custom_interfaces) StdoutLine: {'line': b'-- Up-to-date: /home/buenr/CS488/install/custom_interfaces/include/custom_interfaces/custom_interfaces/action/detail/robot_goal__functions.c\n'}
[0.528077] (custom_interfaces) StdoutLine: {'line': b'-- Up-to-date: /home/buenr/CS488/install/custom_interfaces/include/custom_interfaces/custom_interfaces/action/detail/robot_goal__description.c\n'}
[0.528196] (custom_interfaces) StdoutLine: {'line': b'-- Up-to-date: /home/buenr/CS488/install/custom_interfaces/include/custom_interfaces/custom_interfaces/action/detail/robot_goal__functions.h\n'}
[0.528330] (custom_interfaces) StdoutLine: {'line': b'-- Up-to-date: /home/buenr/CS488/install/custom_interfaces/include/custom_interfaces/custom_interfaces/action/detail/robot_goal__type_support.h\n'}
[0.528455] (custom_interfaces) StdoutLine: {'line': b'-- Up-to-date: /home/buenr/CS488/install/custom_interfaces/include/custom_interfaces/custom_interfaces/action/detail/robot_goal__type_support.c\n'}
[0.528616] (custom_interfaces) StdoutLine: {'line': b'-- Up-to-date: /home/buenr/CS488/install/custom_interfaces/include/custom_interfaces/custom_interfaces/action/robot_goal.h\n'}
[0.528752] (custom_interfaces) StdoutLine: {'line': b'-- Up-to-date: /home/buenr/CS488/install/custom_interfaces/include/custom_interfaces/custom_interfaces/msg\n'}
[0.528888] (custom_interfaces) StdoutLine: {'line': b'-- Up-to-date: /home/buenr/CS488/install/custom_interfaces/include/custom_interfaces/custom_interfaces/msg/rosidl_generator_c__visibility_control.h\n'}
[0.529015] (custom_interfaces) StdoutLine: {'line': b'-- Up-to-date: /home/buenr/CS488/install/custom_interfaces/share/custom_interfaces/environment/library_path.sh\n'}
[0.529145] (custom_interfaces) StdoutLine: {'line': b'-- Up-to-date: /home/buenr/CS488/install/custom_interfaces/share/custom_interfaces/environment/library_path.dsv\n'}
[0.529290] (custom_interfaces) StdoutLine: {'line': b'-- Up-to-date: /home/buenr/CS488/install/custom_interfaces/lib/libcustom_interfaces__rosidl_generator_c.so\n'}
[0.529412] (custom_interfaces) StdoutLine: {'line': b'-- Up-to-date: /home/buenr/CS488/install/custom_interfaces/include/custom_interfaces/custom_interfaces\n'}
[0.529544] (custom_interfaces) StdoutLine: {'line': b'-- Up-to-date: /home/buenr/CS488/install/custom_interfaces/include/custom_interfaces/custom_interfaces/srv\n'}
[0.529665] (custom_interfaces) StdoutLine: {'line': b'-- Up-to-date: /home/buenr/CS488/install/custom_interfaces/include/custom_interfaces/custom_interfaces/srv/detail\n'}
[0.529784] (custom_interfaces) StdoutLine: {'line': b'-- Up-to-date: /home/buenr/CS488/install/custom_interfaces/include/custom_interfaces/custom_interfaces/srv/detail/set_cap__rosidl_typesupport_fastrtps_c.h\n'}
[0.529934] (custom_interfaces) StdoutLine: {'line': b'-- Up-to-date: /home/buenr/CS488/install/custom_interfaces/include/custom_interfaces/custom_interfaces/action\n'}
[0.530058] (custom_interfaces) StdoutLine: {'line': b'-- Up-to-date: /home/buenr/CS488/install/custom_interfaces/include/custom_interfaces/custom_interfaces/action/detail\n'}
[0.530196] (custom_interfaces) StdoutLine: {'line': b'-- Up-to-date: /home/buenr/CS488/install/custom_interfaces/include/custom_interfaces/custom_interfaces/action/detail/robot_goal__rosidl_typesupport_fastrtps_c.h\n'}
[0.530323] (custom_interfaces) StdoutLine: {'line': b'-- Up-to-date: /home/buenr/CS488/install/custom_interfaces/include/custom_interfaces/custom_interfaces/msg\n'}
[0.530462] (custom_interfaces) StdoutLine: {'line': b'-- Up-to-date: /home/buenr/CS488/install/custom_interfaces/include/custom_interfaces/custom_interfaces/msg/rosidl_typesupport_fastrtps_c__visibility_control.h\n'}
[0.530674] (custom_interfaces) StdoutLine: {'line': b'-- Up-to-date: /home/buenr/CS488/install/custom_interfaces/lib/libcustom_interfaces__rosidl_typesupport_fastrtps_c.so\n'}
[0.530833] (custom_interfaces) StdoutLine: {'line': b'-- Up-to-date: /home/buenr/CS488/install/custom_interfaces/include/custom_interfaces/custom_interfaces\n'}
[0.530956] (custom_interfaces) StdoutLine: {'line': b'-- Up-to-date: /home/buenr/CS488/install/custom_interfaces/include/custom_interfaces/custom_interfaces/srv\n'}
[0.531079] (custom_interfaces) StdoutLine: {'line': b'-- Up-to-date: /home/buenr/CS488/install/custom_interfaces/include/custom_interfaces/custom_interfaces/srv/detail\n'}
[0.531202] (custom_interfaces) StdoutLine: {'line': b'-- Up-to-date: /home/buenr/CS488/install/custom_interfaces/include/custom_interfaces/custom_interfaces/srv/detail/set_cap__type_support.c\n'}
[0.531310] (custom_interfaces) StdoutLine: {'line': b'-- Up-to-date: /home/buenr/CS488/install/custom_interfaces/include/custom_interfaces/custom_interfaces/srv/detail/set_cap__rosidl_typesupport_introspection_c.h\n'}
[0.531437] (custom_interfaces) StdoutLine: {'line': b'-- Up-to-date: /home/buenr/CS488/install/custom_interfaces/include/custom_interfaces/custom_interfaces/action\n'}
[0.531554] (custom_interfaces) StdoutLine: {'line': b'-- Up-to-date: /home/buenr/CS488/install/custom_interfaces/include/custom_interfaces/custom_interfaces/action/detail\n'}
[0.531671] (custom_interfaces) StdoutLine: {'line': b'-- Up-to-date: /home/buenr/CS488/install/custom_interfaces/include/custom_interfaces/custom_interfaces/action/detail/robot_goal__rosidl_typesupport_introspection_c.h\n'}
[0.531793] (custom_interfaces) StdoutLine: {'line': b'-- Up-to-date: /home/buenr/CS488/install/custom_interfaces/include/custom_interfaces/custom_interfaces/action/detail/robot_goal__type_support.c\n'}
[0.531917] (custom_interfaces) StdoutLine: {'line': b'-- Up-to-date: /home/buenr/CS488/install/custom_interfaces/include/custom_interfaces/custom_interfaces/msg\n'}
[0.532038] (custom_interfaces) StdoutLine: {'line': b'-- Up-to-date: /home/buenr/CS488/install/custom_interfaces/include/custom_interfaces/custom_interfaces/msg/rosidl_typesupport_introspection_c__visibility_control.h\n'}
[0.532157] (custom_interfaces) StdoutLine: {'line': b'-- Up-to-date: /home/buenr/CS488/install/custom_interfaces/lib/libcustom_interfaces__rosidl_typesupport_introspection_c.so\n'}
[0.532278] (custom_interfaces) StdoutLine: {'line': b'-- Up-to-date: /home/buenr/CS488/install/custom_interfaces/lib/libcustom_interfaces__rosidl_typesupport_c.so\n'}
[0.532396] (custom_interfaces) StdoutLine: {'line': b'-- Up-to-date: /home/buenr/CS488/install/custom_interfaces/include/custom_interfaces/custom_interfaces\n'}
[0.532520] (custom_interfaces) StdoutLine: {'line': b'-- Up-to-date: /home/buenr/CS488/install/custom_interfaces/include/custom_interfaces/custom_interfaces/srv\n'}
[0.532653] (custom_interfaces) StdoutLine: {'line': b'-- Up-to-date: /home/buenr/CS488/install/custom_interfaces/include/custom_interfaces/custom_interfaces/srv/detail\n'}
[0.532779] (custom_interfaces) StdoutLine: {'line': b'-- Up-to-date: /home/buenr/CS488/install/custom_interfaces/include/custom_interfaces/custom_interfaces/srv/detail/set_cap__traits.hpp\n'}
[0.532900] (custom_interfaces) StdoutLine: {'line': b'-- Up-to-date: /home/buenr/CS488/install/custom_interfaces/include/custom_interfaces/custom_interfaces/srv/detail/set_cap__struct.hpp\n'}
[0.533034] (custom_interfaces) StdoutLine: {'line': b'-- Up-to-date: /home/buenr/CS488/install/custom_interfaces/include/custom_interfaces/custom_interfaces/srv/detail/set_cap__builder.hpp\n'}
[0.533160] (custom_interfaces) StdoutLine: {'line': b'-- Up-to-date: /home/buenr/CS488/install/custom_interfaces/include/custom_interfaces/custom_interfaces/srv/detail/set_cap__type_support.hpp\n'}
[0.533285] (custom_interfaces) StdoutLine: {'line': b'-- Up-to-date: /home/buenr/CS488/install/custom_interfaces/include/custom_interfaces/custom_interfaces/srv/set_cap.hpp\n'}
[0.533410] (custom_interfaces) StdoutLine: {'line': b'-- Up-to-date: /home/buenr/CS488/install/custom_interfaces/include/custom_interfaces/custom_interfaces/action\n'}
[0.533542] (custom_interfaces) StdoutLine: {'line': b'-- Up-to-date: /home/buenr/CS488/install/custom_interfaces/include/custom_interfaces/custom_interfaces/action/detail\n'}
[0.533666] (custom_interfaces) StdoutLine: {'line': b'-- Up-to-date: /home/buenr/CS488/install/custom_interfaces/include/custom_interfaces/custom_interfaces/action/detail/robot_goal__struct.hpp\n'}
[0.533791] (custom_interfaces) StdoutLine: {'line': b'-- Up-to-date: /home/buenr/CS488/install/custom_interfaces/include/custom_interfaces/custom_interfaces/action/detail/robot_goal__type_support.hpp\n'}
[0.533904] (custom_interfaces) StdoutLine: {'line': b'-- Up-to-date: /home/buenr/CS488/install/custom_interfaces/include/custom_interfaces/custom_interfaces/action/detail/robot_goal__traits.hpp\n'}
[0.534021] (custom_interfaces) StdoutLine: {'line': b'-- Up-to-date: /home/buenr/CS488/install/custom_interfaces/include/custom_interfaces/custom_interfaces/action/detail/robot_goal__builder.hpp\n'}
[0.534135] (custom_interfaces) StdoutLine: {'line': b'-- Up-to-date: /home/buenr/CS488/install/custom_interfaces/include/custom_interfaces/custom_interfaces/action/robot_goal.hpp\n'}
[0.534257] (custom_interfaces) StdoutLine: {'line': b'-- Up-to-date: /home/buenr/CS488/install/custom_interfaces/include/custom_interfaces/custom_interfaces/msg\n'}
[0.534357] (custom_interfaces) StdoutLine: {'line': b'-- Up-to-date: /home/buenr/CS488/install/custom_interfaces/include/custom_interfaces/custom_interfaces/msg/rosidl_generator_cpp__visibility_control.hpp\n'}
[0.534474] (custom_interfaces) StdoutLine: {'line': b'-- Up-to-date: /home/buenr/CS488/install/custom_interfaces/include/custom_interfaces/custom_interfaces\n'}
[0.534597] (custom_interfaces) StdoutLine: {'line': b'-- Up-to-date: /home/buenr/CS488/install/custom_interfaces/include/custom_interfaces/custom_interfaces/srv\n'}
[0.534710] (custom_interfaces) StdoutLine: {'line': b'-- Up-to-date: /home/buenr/CS488/install/custom_interfaces/include/custom_interfaces/custom_interfaces/srv/detail\n'}
[0.534829] (custom_interfaces) StdoutLine: {'line': b'-- Up-to-date: /home/buenr/CS488/install/custom_interfaces/include/custom_interfaces/custom_interfaces/srv/detail/set_cap__rosidl_typesupport_fastrtps_cpp.hpp\n'}
[0.534949] (custom_interfaces) StdoutLine: {'line': b'-- Up-to-date: /home/buenr/CS488/install/custom_interfaces/include/custom_interfaces/custom_interfaces/srv/detail/dds_fastrtps\n'}
[0.535075] (custom_interfaces) StdoutLine: {'line': b'-- Up-to-date: /home/buenr/CS488/install/custom_interfaces/include/custom_interfaces/custom_interfaces/action\n'}
[0.535192] (custom_interfaces) StdoutLine: {'line': b'-- Up-to-date: /home/buenr/CS488/install/custom_interfaces/include/custom_interfaces/custom_interfaces/action/detail\n'}
[0.535316] (custom_interfaces) StdoutLine: {'line': b'-- Up-to-date: /home/buenr/CS488/install/custom_interfaces/include/custom_interfaces/custom_interfaces/action/detail/robot_goal__rosidl_typesupport_fastrtps_cpp.hpp\n'}
[0.535438] (custom_interfaces) StdoutLine: {'line': b'-- Up-to-date: /home/buenr/CS488/install/custom_interfaces/include/custom_interfaces/custom_interfaces/action/detail/dds_fastrtps\n'}
[0.535569] (custom_interfaces) StdoutLine: {'line': b'-- Up-to-date: /home/buenr/CS488/install/custom_interfaces/include/custom_interfaces/custom_interfaces/msg\n'}
[0.535694] (custom_interfaces) StdoutLine: {'line': b'-- Up-to-date: /home/buenr/CS488/install/custom_interfaces/include/custom_interfaces/custom_interfaces/msg/rosidl_typesupport_fastrtps_cpp__visibility_control.h\n'}
[0.535813] (custom_interfaces) StdoutLine: {'line': b'-- Up-to-date: /home/buenr/CS488/install/custom_interfaces/lib/libcustom_interfaces__rosidl_typesupport_fastrtps_cpp.so\n'}
[0.535933] (custom_interfaces) StdoutLine: {'line': b'-- Up-to-date: /home/buenr/CS488/install/custom_interfaces/include/custom_interfaces/custom_interfaces\n'}
[0.536054] (custom_interfaces) StdoutLine: {'line': b'-- Up-to-date: /home/buenr/CS488/install/custom_interfaces/include/custom_interfaces/custom_interfaces/srv\n'}
[0.536175] (custom_interfaces) StdoutLine: {'line': b'-- Up-to-date: /home/buenr/CS488/install/custom_interfaces/include/custom_interfaces/custom_interfaces/srv/detail\n'}
[0.536300] (custom_interfaces) StdoutLine: {'line': b'-- Up-to-date: /home/buenr/CS488/install/custom_interfaces/include/custom_interfaces/custom_interfaces/srv/detail/set_cap__rosidl_typesupport_introspection_cpp.hpp\n'}
[0.536415] (custom_interfaces) StdoutLine: {'line': b'-- Up-to-date: /home/buenr/CS488/install/custom_interfaces/include/custom_interfaces/custom_interfaces/srv/detail/set_cap__type_support.cpp\n'}
[0.536538] (custom_interfaces) StdoutLine: {'line': b'-- Up-to-date: /home/buenr/CS488/install/custom_interfaces/include/custom_interfaces/custom_interfaces/action\n'}
[0.536661] (custom_interfaces) StdoutLine: {'line': b'-- Up-to-date: /home/buenr/CS488/install/custom_interfaces/include/custom_interfaces/custom_interfaces/action/detail\n'}
[0.536779] (custom_interfaces) StdoutLine: {'line': b'-- Up-to-date: /home/buenr/CS488/install/custom_interfaces/include/custom_interfaces/custom_interfaces/action/detail/robot_goal__rosidl_typesupport_introspection_cpp.hpp\n'}
[0.536913] (custom_interfaces) StdoutLine: {'line': b'-- Up-to-date: /home/buenr/CS488/install/custom_interfaces/include/custom_interfaces/custom_interfaces/action/detail/robot_goal__type_support.cpp\n'}
[0.537033] (custom_interfaces) StdoutLine: {'line': b'-- Up-to-date: /home/buenr/CS488/install/custom_interfaces/lib/libcustom_interfaces__rosidl_typesupport_introspection_cpp.so\n'}
[0.537146] (custom_interfaces) StdoutLine: {'line': b'-- Up-to-date: /home/buenr/CS488/install/custom_interfaces/lib/libcustom_interfaces__rosidl_typesupport_cpp.so\n'}
[0.537268] (custom_interfaces) StdoutLine: {'line': b'-- Up-to-date: /home/buenr/CS488/install/custom_interfaces/share/custom_interfaces/environment/pythonpath.sh\n'}
[0.537383] (custom_interfaces) StdoutLine: {'line': b'-- Up-to-date: /home/buenr/CS488/install/custom_interfaces/share/custom_interfaces/environment/pythonpath.dsv\n'}
[0.537496] (custom_interfaces) StdoutLine: {'line': b'-- Up-to-date: /home/buenr/CS488/install/custom_interfaces/lib/python3.12/site-packages/custom_interfaces-0.0.0-py3.12.egg-info\n'}
[0.537612] (custom_interfaces) StdoutLine: {'line': b'-- Installing: /home/buenr/CS488/install/custom_interfaces/lib/python3.12/site-packages/custom_interfaces-0.0.0-py3.12.egg-info/SOURCES.txt\n'}
[0.537722] (custom_interfaces) StdoutLine: {'line': b'-- Installing: /home/buenr/CS488/install/custom_interfaces/lib/python3.12/site-packages/custom_interfaces-0.0.0-py3.12.egg-info/dependency_links.txt\n'}
[0.537848] (custom_interfaces) StdoutLine: {'line': b'-- Installing: /home/buenr/CS488/install/custom_interfaces/lib/python3.12/site-packages/custom_interfaces-0.0.0-py3.12.egg-info/PKG-INFO\n'}
[0.537971] (custom_interfaces) StdoutLine: {'line': b'-- Installing: /home/buenr/CS488/install/custom_interfaces/lib/python3.12/site-packages/custom_interfaces-0.0.0-py3.12.egg-info/top_level.txt\n'}
[0.538095] (custom_interfaces) StdoutLine: {'line': b'-- Up-to-date: /home/buenr/CS488/install/custom_interfaces/lib/python3.12/site-packages/custom_interfaces\n'}
[0.538206] (custom_interfaces) StdoutLine: {'line': b'-- Up-to-date: /home/buenr/CS488/install/custom_interfaces/lib/python3.12/site-packages/custom_interfaces/custom_interfaces_s__rosidl_typesupport_c.so\n'}
[0.538320] (custom_interfaces) StdoutLine: {'line': b'-- Up-to-date: /home/buenr/CS488/install/custom_interfaces/lib/python3.12/site-packages/custom_interfaces/custom_interfaces_s__rosidl_typesupport_fastrtps_c.so\n'}
[0.538428] (custom_interfaces) StdoutLine: {'line': b'-- Up-to-date: /home/buenr/CS488/install/custom_interfaces/lib/python3.12/site-packages/custom_interfaces/__init__.py\n'}
[0.538557] (custom_interfaces) StdoutLine: {'line': b'-- Up-to-date: /home/buenr/CS488/install/custom_interfaces/lib/python3.12/site-packages/custom_interfaces/custom_interfaces_s__rosidl_typesupport_introspection_c.so\n'}
[0.538665] (custom_interfaces) StdoutLine: {'line': b'-- Up-to-date: /home/buenr/CS488/install/custom_interfaces/lib/python3.12/site-packages/custom_interfaces/srv\n'}
[0.538784] (custom_interfaces) StdoutLine: {'line': b'-- Up-to-date: /home/buenr/CS488/install/custom_interfaces/lib/python3.12/site-packages/custom_interfaces/srv/_set_cap.py\n'}
[0.538904] (custom_interfaces) StdoutLine: {'line': b'-- Up-to-date: /home/buenr/CS488/install/custom_interfaces/lib/python3.12/site-packages/custom_interfaces/srv/__init__.py\n'}
[0.539026] (custom_interfaces) StdoutLine: {'line': b'-- Up-to-date: /home/buenr/CS488/install/custom_interfaces/lib/python3.12/site-packages/custom_interfaces/srv/_set_cap_s.c\n'}
[0.539145] (custom_interfaces) StdoutLine: {'line': b'-- Up-to-date: /home/buenr/CS488/install/custom_interfaces/lib/python3.12/site-packages/custom_interfaces/_custom_interfaces_s.ep.rosidl_typesupport_introspection_c.c\n'}
[0.539254] (custom_interfaces) StdoutLine: {'line': b'-- Up-to-date: /home/buenr/CS488/install/custom_interfaces/lib/python3.12/site-packages/custom_interfaces/action\n'}
[0.539377] (custom_interfaces) StdoutLine: {'line': b'-- Up-to-date: /home/buenr/CS488/install/custom_interfaces/lib/python3.12/site-packages/custom_interfaces/action/_robot_goal.py\n'}
[0.539496] (custom_interfaces) StdoutLine: {'line': b'-- Up-to-date: /home/buenr/CS488/install/custom_interfaces/lib/python3.12/site-packages/custom_interfaces/action/__init__.py\n'}
[0.539625] (custom_interfaces) StdoutLine: {'line': b'-- Up-to-date: /home/buenr/CS488/install/custom_interfaces/lib/python3.12/site-packages/custom_interfaces/action/_robot_goal_s.c\n'}
[0.539735] (custom_interfaces) StdoutLine: {'line': b'-- Up-to-date: /home/buenr/CS488/install/custom_interfaces/lib/python3.12/site-packages/custom_interfaces/_custom_interfaces_s.ep.rosidl_typesupport_fastrtps_c.c\n'}
[0.539852] (custom_interfaces) StdoutLine: {'line': b'-- Up-to-date: /home/buenr/CS488/install/custom_interfaces/lib/python3.12/site-packages/custom_interfaces/_custom_interfaces_s.ep.rosidl_typesupport_c.c\n'}
[0.561344] (custom_interfaces) StdoutLine: {'line': b"Listing '/home/buenr/CS488/install/custom_interfaces/lib/python3.12/site-packages/custom_interfaces'...\n"}
[0.561566] (custom_interfaces) StdoutLine: {'line': b"Listing '/home/buenr/CS488/install/custom_interfaces/lib/python3.12/site-packages/custom_interfaces/action'...\n"}
[0.561704] (custom_interfaces) StdoutLine: {'line': b"Listing '/home/buenr/CS488/install/custom_interfaces/lib/python3.12/site-packages/custom_interfaces/srv'...\n"}
[0.565490] (custom_interfaces) StdoutLine: {'line': b'-- Up-to-date: /home/buenr/CS488/install/custom_interfaces/lib/python3.12/site-packages/custom_interfaces/custom_interfaces_s__rosidl_typesupport_fastrtps_c.so\n'}
[0.565818] (custom_interfaces) StdoutLine: {'line': b'-- Up-to-date: /home/buenr/CS488/install/custom_interfaces/lib/python3.12/site-packages/custom_interfaces/custom_interfaces_s__rosidl_typesupport_introspection_c.so\n'}
[0.566152] (custom_interfaces) StdoutLine: {'line': b'-- Up-to-date: /home/buenr/CS488/install/custom_interfaces/lib/python3.12/site-packages/custom_interfaces/custom_interfaces_s__rosidl_typesupport_c.so\n'}
[0.566407] (custom_interfaces) StdoutLine: {'line': b'-- Up-to-date: /home/buenr/CS488/install/custom_interfaces/lib/libcustom_interfaces__rosidl_generator_py.so\n'}
[0.566624] (custom_interfaces) StdoutLine: {'line': b'-- Up-to-date: /home/buenr/CS488/install/custom_interfaces/share/custom_interfaces/srv/SetCap.idl\n'}
[0.566798] (custom_interfaces) StdoutLine: {'line': b'-- Up-to-date: /home/buenr/CS488/install/custom_interfaces/share/custom_interfaces/action/RobotGoal.idl\n'}
[0.566974] (custom_interfaces) StdoutLine: {'line': b'-- Up-to-date: /home/buenr/CS488/install/custom_interfaces/share/custom_interfaces/srv/SetCap.srv\n'}
[0.567136] (custom_interfaces) StdoutLine: {'line': b'-- Up-to-date: /home/buenr/CS488/install/custom_interfaces/share/custom_interfaces/action/RobotGoal.action\n'}
[0.567264] (custom_interfaces) StdoutLine: {'line': b'-- Up-to-date: /home/buenr/CS488/install/custom_interfaces/share/ament_index/resource_index/package_run_dependencies/custom_interfaces\n'}
[0.567396] (custom_interfaces) StdoutLine: {'line': b'-- Up-to-date: /home/buenr/CS488/install/custom_interfaces/share/ament_index/resource_index/parent_prefix_path/custom_interfaces\n'}
[0.567511] (custom_interfaces) StdoutLine: {'line': b'-- Up-to-date: /home/buenr/CS488/install/custom_interfaces/share/custom_interfaces/environment/ament_prefix_path.sh\n'}
[0.567652] (custom_interfaces) StdoutLine: {'line': b'-- Up-to-date: /home/buenr/CS488/install/custom_interfaces/share/custom_interfaces/environment/ament_prefix_path.dsv\n'}
[0.567783] (custom_interfaces) StdoutLine: {'line': b'-- Up-to-date: /home/buenr/CS488/install/custom_interfaces/share/custom_interfaces/environment/path.sh\n'}
[0.567911] (custom_interfaces) StdoutLine: {'line': b'-- Up-to-date: /home/buenr/CS488/install/custom_interfaces/share/custom_interfaces/environment/path.dsv\n'}
[0.568034] (custom_interfaces) StdoutLine: {'line': b'-- Up-to-date: /home/buenr/CS488/install/custom_interfaces/share/custom_interfaces/local_setup.bash\n'}
[0.568162] (custom_interfaces) StdoutLine: {'line': b'-- Up-to-date: /home/buenr/CS488/install/custom_interfaces/share/custom_interfaces/local_setup.sh\n'}
[0.568293] (custom_interfaces) StdoutLine: {'line': b'-- Up-to-date: /home/buenr/CS488/install/custom_interfaces/share/custom_interfaces/local_setup.zsh\n'}
[0.568430] (custom_interfaces) StdoutLine: {'line': b'-- Up-to-date: /home/buenr/CS488/install/custom_interfaces/share/custom_interfaces/local_setup.dsv\n'}
[0.568557] (custom_interfaces) StdoutLine: {'line': b'-- Installing: /home/buenr/CS488/install/custom_interfaces/share/custom_interfaces/package.dsv\n'}
[0.568714] (custom_interfaces) StdoutLine: {'line': b'-- Up-to-date: /home/buenr/CS488/install/custom_interfaces/share/ament_index/resource_index/packages/custom_interfaces\n'}
[0.568846] (custom_interfaces) StdoutLine: {'line': b'-- Up-to-date: /home/buenr/CS488/install/custom_interfaces/share/custom_interfaces/cmake/export_custom_interfaces__rosidl_generator_cExport.cmake\n'}
[0.568979] (custom_interfaces) StdoutLine: {'line': b'-- Up-to-date: /home/buenr/CS488/install/custom_interfaces/share/custom_interfaces/cmake/export_custom_interfaces__rosidl_generator_cExport-noconfig.cmake\n'}
[0.569131] (custom_interfaces) StdoutLine: {'line': b'-- Up-to-date: /home/buenr/CS488/install/custom_interfaces/share/custom_interfaces/cmake/export_custom_interfaces__rosidl_typesupport_fastrtps_cExport.cmake\n'}
[0.569259] (custom_interfaces) StdoutLine: {'line': b'-- Up-to-date: /home/buenr/CS488/install/custom_interfaces/share/custom_interfaces/cmake/export_custom_interfaces__rosidl_typesupport_fastrtps_cExport-noconfig.cmake\n'}
[0.569389] (custom_interfaces) StdoutLine: {'line': b'-- Up-to-date: /home/buenr/CS488/install/custom_interfaces/share/custom_interfaces/cmake/custom_interfaces__rosidl_typesupport_introspection_cExport.cmake\n'}
[0.569510] (custom_interfaces) StdoutLine: {'line': b'-- Up-to-date: /home/buenr/CS488/install/custom_interfaces/share/custom_interfaces/cmake/custom_interfaces__rosidl_typesupport_introspection_cExport-noconfig.cmake\n'}
[0.569637] (custom_interfaces) StdoutLine: {'line': b'-- Up-to-date: /home/buenr/CS488/install/custom_interfaces/share/custom_interfaces/cmake/custom_interfaces__rosidl_typesupport_cExport.cmake\n'}
[0.569752] (custom_interfaces) StdoutLine: {'line': b'-- Up-to-date: /home/buenr/CS488/install/custom_interfaces/share/custom_interfaces/cmake/custom_interfaces__rosidl_typesupport_cExport-noconfig.cmake\n'}
[0.569874] (custom_interfaces) StdoutLine: {'line': b'-- Up-to-date: /home/buenr/CS488/install/custom_interfaces/share/custom_interfaces/cmake/export_custom_interfaces__rosidl_generator_cppExport.cmake\n'}
[0.569995] (custom_interfaces) StdoutLine: {'line': b'-- Up-to-date: /home/buenr/CS488/install/custom_interfaces/share/custom_interfaces/cmake/export_custom_interfaces__rosidl_typesupport_fastrtps_cppExport.cmake\n'}
[0.570117] (custom_interfaces) StdoutLine: {'line': b'-- Up-to-date: /home/buenr/CS488/install/custom_interfaces/share/custom_interfaces/cmake/export_custom_interfaces__rosidl_typesupport_fastrtps_cppExport-noconfig.cmake\n'}
[0.570239] (custom_interfaces) StdoutLine: {'line': b'-- Up-to-date: /home/buenr/CS488/install/custom_interfaces/share/custom_interfaces/cmake/custom_interfaces__rosidl_typesupport_introspection_cppExport.cmake\n'}
[0.570349] (custom_interfaces) StdoutLine: {'line': b'-- Up-to-date: /home/buenr/CS488/install/custom_interfaces/share/custom_interfaces/cmake/custom_interfaces__rosidl_typesupport_introspection_cppExport-noconfig.cmake\n'}
[0.570474] (custom_interfaces) StdoutLine: {'line': b'-- Up-to-date: /home/buenr/CS488/install/custom_interfaces/share/custom_interfaces/cmake/custom_interfaces__rosidl_typesupport_cppExport.cmake\n'}
[0.570603] (custom_interfaces) StdoutLine: {'line': b'-- Up-to-date: /home/buenr/CS488/install/custom_interfaces/share/custom_interfaces/cmake/custom_interfaces__rosidl_typesupport_cppExport-noconfig.cmake\n'}
[0.570721] (custom_interfaces) StdoutLine: {'line': b'-- Up-to-date: /home/buenr/CS488/install/custom_interfaces/share/custom_interfaces/cmake/export_custom_interfaces__rosidl_generator_pyExport.cmake\n'}
[0.570840] (custom_interfaces) StdoutLine: {'line': b'-- Up-to-date: /home/buenr/CS488/install/custom_interfaces/share/custom_interfaces/cmake/export_custom_interfaces__rosidl_generator_pyExport-noconfig.cmake\n'}
[0.570954] (custom_interfaces) StdoutLine: {'line': b'-- Up-to-date: /home/buenr/CS488/install/custom_interfaces/share/custom_interfaces/cmake/rosidl_cmake-extras.cmake\n'}
[0.571066] (custom_interfaces) StdoutLine: {'line': b'-- Up-to-date: /home/buenr/CS488/install/custom_interfaces/share/custom_interfaces/cmake/ament_cmake_export_dependencies-extras.cmake\n'}
[0.571190] (custom_interfaces) StdoutLine: {'line': b'-- Up-to-date: /home/buenr/CS488/install/custom_interfaces/share/custom_interfaces/cmake/ament_cmake_export_include_directories-extras.cmake\n'}
[0.571303] (custom_interfaces) StdoutLine: {'line': b'-- Up-to-date: /home/buenr/CS488/install/custom_interfaces/share/custom_interfaces/cmake/ament_cmake_export_libraries-extras.cmake\n'}
[0.571417] (custom_interfaces) StdoutLine: {'line': b'-- Up-to-date: /home/buenr/CS488/install/custom_interfaces/share/custom_interfaces/cmake/ament_cmake_export_targets-extras.cmake\n'}
[0.571531] (custom_interfaces) StdoutLine: {'line': b'-- Up-to-date: /home/buenr/CS488/install/custom_interfaces/share/custom_interfaces/cmake/rosidl_cmake_export_typesupport_targets-extras.cmake\n'}
[0.571645] (custom_interfaces) StdoutLine: {'line': b'-- Up-to-date: /home/buenr/CS488/install/custom_interfaces/share/custom_interfaces/cmake/rosidl_cmake_export_typesupport_libraries-extras.cmake\n'}
[0.571758] (custom_interfaces) StdoutLine: {'line': b'-- Up-to-date: /home/buenr/CS488/install/custom_interfaces/share/custom_interfaces/cmake/custom_interfacesConfig.cmake\n'}
[0.571934] (custom_interfaces) StdoutLine: {'line': b'-- Up-to-date: /home/buenr/CS488/install/custom_interfaces/share/custom_interfaces/cmake/custom_interfacesConfig-version.cmake\n'}
[0.572315] (custom_interfaces) StdoutLine: {'line': b'-- Up-to-date: /home/buenr/CS488/install/custom_interfaces/share/custom_interfaces/package.xml\n'}
[0.572810] (custom_interfaces) CommandEnded: {'returncode': 0}
[0.600462] (-) TimerEvent: {}
[0.639420] (custom_interfaces) JobEnded: {'identifier': 'custom_interfaces', 'rc': 0}
[0.640764] (lab3_pkg) JobStarted: {'identifier': 'lab3_pkg'}
[0.647088] (lab5_pkg) JobStarted: {'identifier': 'lab5_pkg'}
[0.700575] (-) TimerEvent: {}
[0.800778] (-) TimerEvent: {}
[0.900974] (-) TimerEvent: {}
[1.001235] (-) TimerEvent: {}
[1.101437] (-) TimerEvent: {}
[1.177905] (lab1_pkg) Command: {'cmd': ['/usr/bin/python3', '-W', 'ignore:setup.py install is deprecated', '-W', 'ignore:easy_install command is deprecated', 'setup.py', 'egg_info', '--egg-base', '../../build/lab1_pkg', 'build', '--build-base', '/home/buenr/CS488/build/lab1_pkg/build', 'install', '--record', '/home/buenr/CS488/build/lab1_pkg/install.log', '--single-version-externally-managed', 'install_data'], 'cwd': '/home/buenr/CS488/src/lab1_pkg', 'env': {'USER': 'buenr', 'GZ_SIM_RESOURCE_PATH': '/opt/ros/jazzy/share', 'GZ_CONFIG_PATH': '/opt/ros/jazzy/opt/gz_sim_vendor/share/gz:/opt/ros/jazzy/opt/sdformat_vendor/share/gz:/opt/ros/jazzy/opt/gz_gui_vendor/share/gz:/opt/ros/jazzy/opt/gz_transport_vendor/share/gz:/opt/ros/jazzy/opt/gz_rendering_vendor/share/gz:/opt/ros/jazzy/opt/gz_plugin_vendor/share/gz:/opt/ros/jazzy/opt/gz_fuel_tools_vendor/share/gz:/opt/ros/jazzy/opt/gz_msgs_vendor/share/gz:/opt/ros/jazzy/opt/gz_common_vendor/share/gz', 'XDG_SESSION_TYPE': 'wayland', 'CLUTTER_DISABLE_MIPMAPPED_TEXT': '1', 'SHLVL': '1', 'LD_LIBRARY_PATH': '/home/buenr/CS488/install/custom_interfaces/lib:/opt/ros/jazzy/opt/gz_sim_vendor/lib:/opt/ros/jazzy/opt/gz_sensors_vendor/lib:/opt/ros/jazzy/opt/gz_physics_vendor/lib:/opt/ros/jazzy/opt/sdformat_vendor/lib:/opt/ros/jazzy/opt/rviz_ogre_vendor/lib:/opt/ros/jazzy/lib/x86_64-linux-gnu:/opt/ros/jazzy/opt/gz_gui_vendor/lib:/opt/ros/jazzy/opt/gz_transport_vendor/lib:/opt/ros/jazzy/opt/gz_rendering_vendor/lib:/opt/ros/jazzy/opt/gz_plugin_vendor/lib:/opt/ros/jazzy/opt/gz_fuel_tools_vendor/lib:/opt/ros/jazzy/opt/gz_msgs_vendor/lib:/opt/ros/jazzy/opt/gz_common_vendor/lib:/opt/ros/jazzy/opt/gz_math_vendor/lib:/opt/ros/jazzy/opt/gz_utils_vendor/lib:/opt/ros/jazzy/opt/gz_tools_vendor/lib:/opt/ros/jazzy/opt/gz_ogre_next_vendor/lib:/opt/ros/jazzy/opt/gz_dartsim_vendor/lib:/opt/ros/jazzy/opt/gz_cmake_vendor/lib:/opt/ros/jazzy/lib', 'OLDPWD': '/home/buenr', 'HOME': '/home/buenr', 'DESKTOP_SESSION': 'ubuntu', 'GTK_MODULES': 'gail:atk-bridge', 'GNOME_SHELL_SESSION_MODE': 'ubuntu', 'ROS_PYTHON_VERSION': '3', 'SYSTEMD_EXEC_PID': '30152', 'DBUS_SESSION_BUS_ADDRESS': 'unix:path=/run/user/481846386/bus', 'GSM_SKIP_SSH_AGENT_WORKAROUND': 'true', 'COLORTERM': 'truecolor', 'CONDA_CHANGEPS1': 'no', 'WAYLAND_DISPLAY': 'wayland-0', 'ROS_DISTRO': 'jazzy', 'COLCON_PREFIX_PATH': '/home/buenr/CS488/install', 'LOGNAME': 'buenr', '_': '/usr/bin/colcon', 'MEMORY_PRESSURE_WATCH': '/sys/fs/cgroup/user.slice/user-481846386.slice/user@481846386.service/session.slice/org.gnome.Shell@wayland.service/memory.pressure', 'XDG_SESSION_CLASS': 'user', 'ROS_VERSION': '2', 'USERNAME': 'buenr', 'TERM': 'xterm-256color', 'PROMPT_EOL_MARK': '', 'ROS_SUPER_CLIENT': 'True', 'GNOME_DESKTOP_SESSION_ID': 'this-is-deprecated', 'PATH': '/opt/ros/jazzy/opt/gz_msgs_vendor/bin:/opt/ros/jazzy/opt/gz_tools_vendor/bin:/opt/ros/jazzy/opt/gz_ogre_next_vendor/bin:/opt/ros/jazzy/bin:/usr/local/sbin:/usr/local/bin:/usr/sbin:/usr/bin:/sbin:/bin:/usr/games:/usr/local/games:/snap/bin:/snap/bin', 'SESSION_MANAGER': 'local/csci20122:@/tmp/.ICE-unix/30099,unix/csci20122:/tmp/.ICE-unix/30099', 'GNOME_TERMINAL_SCREEN': '/org/gnome/Terminal/screen/7d6d0661_eb5b_4e50_84b1_79b4a45519ac', 'XDG_MENU_PREFIX': 'gnome-', 'GNOME_SETUP_DISPLAY': ':1', 'XDG_RUNTIME_DIR': '/run/user/481846386', 'DISPLAY': ':0', 'XDG_CURRENT_DESKTOP': 'ubuntu:GNOME', 'LANG': 'en_US.UTF-8', 'RMW_IMPLEMENTATION': 'rmw_fastrtps_cpp', 'XDG_SESSION_DESKTOP': 'ubuntu', 'GNOME_TERMINAL_SERVICE': ':1.194', 'XMODIFIERS': '@im=ibus', 'XAUTHORITY': '/run/user/481846386/.mutter-Xwaylandauth.1MMGN3', 'SSH_AUTH_SOCK': '/run/user/481846386/keyring/ssh', 'AMENT_PREFIX_PATH': '/home/buenr/CS488/install/lab_bringup:/home/buenr/CS488/install/lab5_pkg:/home/buenr/CS488/install/lab3_pkg:/home/buenr/CS488/install/lab2_pkg:/home/buenr/CS488/install/lab1_pkg:/home/buenr/CS488/install/custom_interfaces:/opt/ros/jazzy', 'ROS_DOMAIN_ID': '0', 'KRB5CCNAME': 'FILE:/tmp/krb5cc_481846386_s7E0DV', 'SHELL': '/bin/zsh', 'ROS_DISCOVERY_SERVER': '10.5.113.101:11811', 'QT_ACCESSIBILITY': '1', 'GDMSESSION': 'ubuntu', 'QT_IM_MODULE': 'ibus', 'ROS_AUTOMATIC_DISCOVERY_RANGE': 'SUBNET', 'PWD': '/home/buenr/CS488/build/lab1_pkg', 'XDG_DATA_DIRS': '/usr/local/share/:/usr/share/:/var/lib/snapd/desktop', 'VIRTUAL_ENV_DISABLE_PROMPT': '12', 'PYTHONPATH': '/home/buenr/CS488/build/lab1_pkg/prefix_override:/usr/lib/python3/dist-packages/colcon_core/task/python/colcon_distutils_commands:/home/buenr/CS488/install/lab1_pkg/lib/python3.12/site-packages:/home/buenr/CS488/install/lab5_pkg/lib/python3.12/site-packages:/home/buenr/CS488/install/lab3_pkg/lib/python3.12/site-packages:/home/buenr/CS488/install/lab2_pkg/lib/python3.12/site-packages:/home/buenr/CS488/install/lab1_pkg/lib/python3.12/site-packages:/home/buenr/CS488/install/custom_interfaces/lib/python3.12/site-packages:/opt/ros/jazzy/lib/python3.12/site-packages', 'COLCON': '1', 'VTE_VERSION': '7600', 'MEMORY_PRESSURE_WRITE': 'c29tZSAyMDAwMDAgMjAwMDAwMAA=', 'CMAKE_PREFIX_PATH': '/home/buenr/CS488/install/lab_bringup:/home/buenr/CS488/install/custom_interfaces:/opt/ros/jazzy/opt/gz_sim_vendor:/opt/ros/jazzy/opt/gz_sensors_vendor:/opt/ros/jazzy/opt/gz_physics_vendor:/opt/ros/jazzy/opt/sdformat_vendor:/opt/ros/jazzy/opt/gz_gui_vendor:/opt/ros/jazzy/opt/gz_transport_vendor:/opt/ros/jazzy/opt/gz_rendering_vendor:/opt/ros/jazzy/opt/gz_plugin_vendor:/opt/ros/jazzy/opt/gz_fuel_tools_vendor:/opt/ros/jazzy/opt/gz_msgs_vendor:/opt/ros/jazzy/opt/gz_common_vendor:/opt/ros/jazzy/opt/gz_math_vendor:/opt/ros/jazzy/opt/gz_utils_vendor:/opt/ros/jazzy/opt/gz_tools_vendor:/opt/ros/jazzy/opt/gz_ogre_next_vendor:/opt/ros/jazzy/opt/gz_dartsim_vendor:/opt/ros/jazzy/opt/gz_cmake_vendor'}, 'shell': False}
[1.187949] (lab2_pkg) Command: {'cmd': ['/usr/bin/python3', '-W', 'ignore:setup.py install is deprecated', '-W', 'ignore:easy_install command is deprecated', 'setup.py', 'egg_info', '--egg-base', '../../build/lab2_pkg', 'build', '--build-base', '/home/buenr/CS488/build/lab2_pkg/build', 'install', '--record', '/home/buenr/CS488/build/lab2_pkg/install.log', '--single-version-externally-managed', 'install_data'], 'cwd': '/home/buenr/CS488/src/lab2_pkg', 'env': {'USER': 'buenr', 'GZ_SIM_RESOURCE_PATH': '/opt/ros/jazzy/share', 'GZ_CONFIG_PATH': '/opt/ros/jazzy/opt/gz_sim_vendor/share/gz:/opt/ros/jazzy/opt/sdformat_vendor/share/gz:/opt/ros/jazzy/opt/gz_gui_vendor/share/gz:/opt/ros/jazzy/opt/gz_transport_vendor/share/gz:/opt/ros/jazzy/opt/gz_rendering_vendor/share/gz:/opt/ros/jazzy/opt/gz_plugin_vendor/share/gz:/opt/ros/jazzy/opt/gz_fuel_tools_vendor/share/gz:/opt/ros/jazzy/opt/gz_msgs_vendor/share/gz:/opt/ros/jazzy/opt/gz_common_vendor/share/gz', 'XDG_SESSION_TYPE': 'wayland', 'CLUTTER_DISABLE_MIPMAPPED_TEXT': '1', 'SHLVL': '1', 'LD_LIBRARY_PATH': '/home/buenr/CS488/install/custom_interfaces/lib:/opt/ros/jazzy/opt/gz_sim_vendor/lib:/opt/ros/jazzy/opt/gz_sensors_vendor/lib:/opt/ros/jazzy/opt/gz_physics_vendor/lib:/opt/ros/jazzy/opt/sdformat_vendor/lib:/opt/ros/jazzy/opt/rviz_ogre_vendor/lib:/opt/ros/jazzy/lib/x86_64-linux-gnu:/opt/ros/jazzy/opt/gz_gui_vendor/lib:/opt/ros/jazzy/opt/gz_transport_vendor/lib:/opt/ros/jazzy/opt/gz_rendering_vendor/lib:/opt/ros/jazzy/opt/gz_plugin_vendor/lib:/opt/ros/jazzy/opt/gz_fuel_tools_vendor/lib:/opt/ros/jazzy/opt/gz_msgs_vendor/lib:/opt/ros/jazzy/opt/gz_common_vendor/lib:/opt/ros/jazzy/opt/gz_math_vendor/lib:/opt/ros/jazzy/opt/gz_utils_vendor/lib:/opt/ros/jazzy/opt/gz_tools_vendor/lib:/opt/ros/jazzy/opt/gz_ogre_next_vendor/lib:/opt/ros/jazzy/opt/gz_dartsim_vendor/lib:/opt/ros/jazzy/opt/gz_cmake_vendor/lib:/opt/ros/jazzy/lib', 'OLDPWD': '/home/buenr', 'HOME': '/home/buenr', 'DESKTOP_SESSION': 'ubuntu', 'GTK_MODULES': 'gail:atk-bridge', 'GNOME_SHELL_SESSION_MODE': 'ubuntu', 'ROS_PYTHON_VERSION': '3', 'SYSTEMD_EXEC_PID': '30152', 'DBUS_SESSION_BUS_ADDRESS': 'unix:path=/run/user/481846386/bus', 'GSM_SKIP_SSH_AGENT_WORKAROUND': 'true', 'COLORTERM': 'truecolor', 'CONDA_CHANGEPS1': 'no', 'WAYLAND_DISPLAY': 'wayland-0', 'ROS_DISTRO': 'jazzy', 'COLCON_PREFIX_PATH': '/home/buenr/CS488/install', 'LOGNAME': 'buenr', '_': '/usr/bin/colcon', 'MEMORY_PRESSURE_WATCH': '/sys/fs/cgroup/user.slice/user-481846386.slice/user@481846386.service/session.slice/org.gnome.Shell@wayland.service/memory.pressure', 'XDG_SESSION_CLASS': 'user', 'ROS_VERSION': '2', 'USERNAME': 'buenr', 'TERM': 'xterm-256color', 'PROMPT_EOL_MARK': '', 'ROS_SUPER_CLIENT': 'True', 'GNOME_DESKTOP_SESSION_ID': 'this-is-deprecated', 'PATH': '/opt/ros/jazzy/opt/gz_msgs_vendor/bin:/opt/ros/jazzy/opt/gz_tools_vendor/bin:/opt/ros/jazzy/opt/gz_ogre_next_vendor/bin:/opt/ros/jazzy/bin:/usr/local/sbin:/usr/local/bin:/usr/sbin:/usr/bin:/sbin:/bin:/usr/games:/usr/local/games:/snap/bin:/snap/bin', 'SESSION_MANAGER': 'local/csci20122:@/tmp/.ICE-unix/30099,unix/csci20122:/tmp/.ICE-unix/30099', 'GNOME_TERMINAL_SCREEN': '/org/gnome/Terminal/screen/7d6d0661_eb5b_4e50_84b1_79b4a45519ac', 'XDG_MENU_PREFIX': 'gnome-', 'GNOME_SETUP_DISPLAY': ':1', 'XDG_RUNTIME_DIR': '/run/user/481846386', 'DISPLAY': ':0', 'XDG_CURRENT_DESKTOP': 'ubuntu:GNOME', 'LANG': 'en_US.UTF-8', 'RMW_IMPLEMENTATION': 'rmw_fastrtps_cpp', 'XDG_SESSION_DESKTOP': 'ubuntu', 'GNOME_TERMINAL_SERVICE': ':1.194', 'XMODIFIERS': '@im=ibus', 'XAUTHORITY': '/run/user/481846386/.mutter-Xwaylandauth.1MMGN3', 'SSH_AUTH_SOCK': '/run/user/481846386/keyring/ssh', 'AMENT_PREFIX_PATH': '/home/buenr/CS488/install/lab_bringup:/home/buenr/CS488/install/lab5_pkg:/home/buenr/CS488/install/lab3_pkg:/home/buenr/CS488/install/lab2_pkg:/home/buenr/CS488/install/lab1_pkg:/home/buenr/CS488/install/custom_interfaces:/opt/ros/jazzy', 'ROS_DOMAIN_ID': '0', 'KRB5CCNAME': 'FILE:/tmp/krb5cc_481846386_s7E0DV', 'SHELL': '/bin/zsh', 'ROS_DISCOVERY_SERVER': '10.5.113.101:11811', 'QT_ACCESSIBILITY': '1', 'GDMSESSION': 'ubuntu', 'QT_IM_MODULE': 'ibus', 'ROS_AUTOMATIC_DISCOVERY_RANGE': 'SUBNET', 'PWD': '/home/buenr/CS488/build/lab2_pkg', 'XDG_DATA_DIRS': '/usr/local/share/:/usr/share/:/var/lib/snapd/desktop', 'VIRTUAL_ENV_DISABLE_PROMPT': '12', 'PYTHONPATH': '/home/buenr/CS488/build/lab2_pkg/prefix_override:/usr/lib/python3/dist-packages/colcon_core/task/python/colcon_distutils_commands:/home/buenr/CS488/install/lab2_pkg/lib/python3.12/site-packages:/home/buenr/CS488/install/lab5_pkg/lib/python3.12/site-packages:/home/buenr/CS488/install/lab3_pkg/lib/python3.12/site-packages:/home/buenr/CS488/install/lab2_pkg/lib/python3.12/site-packages:/home/buenr/CS488/install/lab1_pkg/lib/python3.12/site-packages:/home/buenr/CS488/install/custom_interfaces/lib/python3.12/site-packages:/opt/ros/jazzy/lib/python3.12/site-packages', 'COLCON': '1', 'VTE_VERSION': '7600', 'MEMORY_PRESSURE_WRITE': 'c29tZSAyMDAwMDAgMjAwMDAwMAA=', 'CMAKE_PREFIX_PATH': '/home/buenr/CS488/install/lab_bringup:/home/buenr/CS488/install/custom_interfaces:/opt/ros/jazzy/opt/gz_sim_vendor:/opt/ros/jazzy/opt/gz_sensors_vendor:/opt/ros/jazzy/opt/gz_physics_vendor:/opt/ros/jazzy/opt/sdformat_vendor:/opt/ros/jazzy/opt/gz_gui_vendor:/opt/ros/jazzy/opt/gz_transport_vendor:/opt/ros/jazzy/opt/gz_rendering_vendor:/opt/ros/jazzy/opt/gz_plugin_vendor:/opt/ros/jazzy/opt/gz_fuel_tools_vendor:/opt/ros/jazzy/opt/gz_msgs_vendor:/opt/ros/jazzy/opt/gz_common_vendor:/opt/ros/jazzy/opt/gz_math_vendor:/opt/ros/jazzy/opt/gz_utils_vendor:/opt/ros/jazzy/opt/gz_tools_vendor:/opt/ros/jazzy/opt/gz_ogre_next_vendor:/opt/ros/jazzy/opt/gz_dartsim_vendor:/opt/ros/jazzy/opt/gz_cmake_vendor'}, 'shell': False}
[1.201504] (-) TimerEvent: {}
[1.301713] (-) TimerEvent: {}
[1.401907] (-) TimerEvent: {}
[1.489665] (lab2_pkg) StdoutLine: {'line': b'running egg_info\n'}
[1.497974] (lab1_pkg) StdoutLine: {'line': b'running egg_info\n'}
[1.501971] (-) TimerEvent: {}
[1.522143] (lab1_pkg) StdoutLine: {'line': b'writing ../../build/lab1_pkg/lab1_pkg.egg-info/PKG-INFO\n'}
[1.522357] (lab1_pkg) StdoutLine: {'line': b'writing dependency_links to ../../build/lab1_pkg/lab1_pkg.egg-info/dependency_links.txt\n'}
[1.522602] (lab1_pkg) StdoutLine: {'line': b'writing entry points to ../../build/lab1_pkg/lab1_pkg.egg-info/entry_points.txt\n'}
[1.522787] (lab1_pkg) StdoutLine: {'line': b'writing requirements to ../../build/lab1_pkg/lab1_pkg.egg-info/requires.txt\n'}
[1.522929] (lab1_pkg) StdoutLine: {'line': b'writing top-level names to ../../build/lab1_pkg/lab1_pkg.egg-info/top_level.txt\n'}
[1.526130] (lab2_pkg) StdoutLine: {'line': b'writing ../../build/lab2_pkg/lab2_pkg.egg-info/PKG-INFO\n'}
[1.526393] (lab2_pkg) StdoutLine: {'line': b'writing dependency_links to ../../build/lab2_pkg/lab2_pkg.egg-info/dependency_links.txt\n'}
[1.526640] (lab2_pkg) StdoutLine: {'line': b'writing entry points to ../../build/lab2_pkg/lab2_pkg.egg-info/entry_points.txt\n'}
[1.526842] (lab2_pkg) StdoutLine: {'line': b'writing requirements to ../../build/lab2_pkg/lab2_pkg.egg-info/requires.txt\n'}
[1.527008] (lab2_pkg) StdoutLine: {'line': b'writing top-level names to ../../build/lab2_pkg/lab2_pkg.egg-info/top_level.txt\n'}
[1.550924] (lab2_pkg) StdoutLine: {'line': b"reading manifest file '../../build/lab2_pkg/lab2_pkg.egg-info/SOURCES.txt'\n"}
[1.551479] (lab2_pkg) StdoutLine: {'line': b"writing manifest file '../../build/lab2_pkg/lab2_pkg.egg-info/SOURCES.txt'\n"}
[1.551656] (lab2_pkg) StdoutLine: {'line': b'running build\n'}
[1.551792] (lab2_pkg) StdoutLine: {'line': b'running install\n'}
[1.556658] (lab2_pkg) StdoutLine: {'line': b'running install_data\n'}
[1.556771] (lab2_pkg) StdoutLine: {'line': b'running install_egg_info\n'}
[1.571927] (lab1_pkg) StdoutLine: {'line': b"reading manifest file '../../build/lab1_pkg/lab1_pkg.egg-info/SOURCES.txt'\n"}
[1.572529] (lab1_pkg) StdoutLine: {'line': b"writing manifest file '../../build/lab1_pkg/lab1_pkg.egg-info/SOURCES.txt'\n"}
[1.572681] (lab1_pkg) StdoutLine: {'line': b'running build\n'}
[1.572774] (lab1_pkg) StdoutLine: {'line': b'running build_py\n'}
[1.572948] (lab1_pkg) StdoutLine: {'line': b'running install\n'}
[1.577969] (lab1_pkg) StdoutLine: {'line': b'running install_lib\n'}
[1.602044] (-) TimerEvent: {}
[1.602954] (lab1_pkg) StdoutLine: {'line': b'running install_data\n'}
[1.603103] (lab1_pkg) StdoutLine: {'line': b'running install_egg_info\n'}
[1.606347] (lab2_pkg) StdoutLine: {'line': b"removing '/home/buenr/CS488/install/lab2_pkg/lib/python3.12/site-packages/lab2_pkg-0.0.0-py3.12.egg-info' (and everything under it)\n"}
[1.606602] (lab2_pkg) StdoutLine: {'line': b'Copying ../../build/lab2_pkg/lab2_pkg.egg-info to /home/buenr/CS488/install/lab2_pkg/lib/python3.12/site-packages/lab2_pkg-0.0.0-py3.12.egg-info\n'}
[1.610607] (lab2_pkg) StdoutLine: {'line': b'running install_scripts\n'}
[1.629171] (lab1_pkg) StdoutLine: {'line': b"removing '/home/buenr/CS488/install/lab1_pkg/lib/python3.12/site-packages/lab1_pkg-0.0.0-py3.12.egg-info' (and everything under it)\n"}
[1.629409] (lab1_pkg) StdoutLine: {'line': b'Copying ../../build/lab1_pkg/lab1_pkg.egg-info to /home/buenr/CS488/install/lab1_pkg/lib/python3.12/site-packages/lab1_pkg-0.0.0-py3.12.egg-info\n'}
[1.631736] (lab1_pkg) StdoutLine: {'line': b'running install_scripts\n'}
[1.702134] (-) TimerEvent: {}
[1.734306] (lab3_pkg) Command: {'cmd': ['/usr/bin/python3', '-W', 'ignore:setup.py install is deprecated', '-W', 'ignore:easy_install command is deprecated', 'setup.py', 'egg_info', '--egg-base', '../../build/lab3_pkg', 'build', '--build-base', '/home/buenr/CS488/build/lab3_pkg/build', 'install', '--record', '/home/buenr/CS488/build/lab3_pkg/install.log', '--single-version-externally-managed', 'install_data'], 'cwd': '/home/buenr/CS488/src/lab3_pkg', 'env': {'USER': 'buenr', 'GZ_SIM_RESOURCE_PATH': '/opt/ros/jazzy/share', 'GZ_CONFIG_PATH': '/opt/ros/jazzy/opt/gz_sim_vendor/share/gz:/opt/ros/jazzy/opt/sdformat_vendor/share/gz:/opt/ros/jazzy/opt/gz_gui_vendor/share/gz:/opt/ros/jazzy/opt/gz_transport_vendor/share/gz:/opt/ros/jazzy/opt/gz_rendering_vendor/share/gz:/opt/ros/jazzy/opt/gz_plugin_vendor/share/gz:/opt/ros/jazzy/opt/gz_fuel_tools_vendor/share/gz:/opt/ros/jazzy/opt/gz_msgs_vendor/share/gz:/opt/ros/jazzy/opt/gz_common_vendor/share/gz', 'XDG_SESSION_TYPE': 'wayland', 'CLUTTER_DISABLE_MIPMAPPED_TEXT': '1', 'SHLVL': '1', 'LD_LIBRARY_PATH': '/home/buenr/CS488/install/custom_interfaces/lib:/opt/ros/jazzy/opt/gz_sim_vendor/lib:/opt/ros/jazzy/opt/gz_sensors_vendor/lib:/opt/ros/jazzy/opt/gz_physics_vendor/lib:/opt/ros/jazzy/opt/sdformat_vendor/lib:/opt/ros/jazzy/opt/rviz_ogre_vendor/lib:/opt/ros/jazzy/lib/x86_64-linux-gnu:/opt/ros/jazzy/opt/gz_gui_vendor/lib:/opt/ros/jazzy/opt/gz_transport_vendor/lib:/opt/ros/jazzy/opt/gz_rendering_vendor/lib:/opt/ros/jazzy/opt/gz_plugin_vendor/lib:/opt/ros/jazzy/opt/gz_fuel_tools_vendor/lib:/opt/ros/jazzy/opt/gz_msgs_vendor/lib:/opt/ros/jazzy/opt/gz_common_vendor/lib:/opt/ros/jazzy/opt/gz_math_vendor/lib:/opt/ros/jazzy/opt/gz_utils_vendor/lib:/opt/ros/jazzy/opt/gz_tools_vendor/lib:/opt/ros/jazzy/opt/gz_ogre_next_vendor/lib:/opt/ros/jazzy/opt/gz_dartsim_vendor/lib:/opt/ros/jazzy/opt/gz_cmake_vendor/lib:/opt/ros/jazzy/lib', 'OLDPWD': '/home/buenr', 'HOME': '/home/buenr', 'DESKTOP_SESSION': 'ubuntu', 'GTK_MODULES': 'gail:atk-bridge', 'GNOME_SHELL_SESSION_MODE': 'ubuntu', 'ROS_PYTHON_VERSION': '3', 'SYSTEMD_EXEC_PID': '30152', 'DBUS_SESSION_BUS_ADDRESS': 'unix:path=/run/user/481846386/bus', 'GSM_SKIP_SSH_AGENT_WORKAROUND': 'true', 'COLORTERM': 'truecolor', 'CONDA_CHANGEPS1': 'no', 'WAYLAND_DISPLAY': 'wayland-0', 'ROS_DISTRO': 'jazzy', 'COLCON_PREFIX_PATH': '/home/buenr/CS488/install', 'LOGNAME': 'buenr', '_': '/usr/bin/colcon', 'MEMORY_PRESSURE_WATCH': '/sys/fs/cgroup/user.slice/user-481846386.slice/user@481846386.service/session.slice/org.gnome.Shell@wayland.service/memory.pressure', 'XDG_SESSION_CLASS': 'user', 'ROS_VERSION': '2', 'USERNAME': 'buenr', 'TERM': 'xterm-256color', 'PROMPT_EOL_MARK': '', 'ROS_SUPER_CLIENT': 'True', 'GNOME_DESKTOP_SESSION_ID': 'this-is-deprecated', 'PATH': '/opt/ros/jazzy/opt/gz_msgs_vendor/bin:/opt/ros/jazzy/opt/gz_tools_vendor/bin:/opt/ros/jazzy/opt/gz_ogre_next_vendor/bin:/opt/ros/jazzy/bin:/usr/local/sbin:/usr/local/bin:/usr/sbin:/usr/bin:/sbin:/bin:/usr/games:/usr/local/games:/snap/bin:/snap/bin', 'SESSION_MANAGER': 'local/csci20122:@/tmp/.ICE-unix/30099,unix/csci20122:/tmp/.ICE-unix/30099', 'GNOME_TERMINAL_SCREEN': '/org/gnome/Terminal/screen/7d6d0661_eb5b_4e50_84b1_79b4a45519ac', 'XDG_MENU_PREFIX': 'gnome-', 'GNOME_SETUP_DISPLAY': ':1', 'XDG_RUNTIME_DIR': '/run/user/481846386', 'DISPLAY': ':0', 'XDG_CURRENT_DESKTOP': 'ubuntu:GNOME', 'LANG': 'en_US.UTF-8', 'RMW_IMPLEMENTATION': 'rmw_fastrtps_cpp', 'XDG_SESSION_DESKTOP': 'ubuntu', 'GNOME_TERMINAL_SERVICE': ':1.194', 'XMODIFIERS': '@im=ibus', 'XAUTHORITY': '/run/user/481846386/.mutter-Xwaylandauth.1MMGN3', 'SSH_AUTH_SOCK': '/run/user/481846386/keyring/ssh', 'AMENT_PREFIX_PATH': '/home/buenr/CS488/install/lab_bringup:/home/buenr/CS488/install/lab5_pkg:/home/buenr/CS488/install/lab3_pkg:/home/buenr/CS488/install/lab2_pkg:/home/buenr/CS488/install/lab1_pkg:/home/buenr/CS488/install/custom_interfaces:/opt/ros/jazzy', 'ROS_DOMAIN_ID': '0', 'KRB5CCNAME': 'FILE:/tmp/krb5cc_481846386_s7E0DV', 'SHELL': '/bin/zsh', 'ROS_DISCOVERY_SERVER': '10.5.113.101:11811', 'QT_ACCESSIBILITY': '1', 'GDMSESSION': 'ubuntu', 'QT_IM_MODULE': 'ibus', 'ROS_AUTOMATIC_DISCOVERY_RANGE': 'SUBNET', 'PWD': '/home/buenr/CS488/build/lab3_pkg', 'XDG_DATA_DIRS': '/usr/local/share/:/usr/share/:/var/lib/snapd/desktop', 'VIRTUAL_ENV_DISABLE_PROMPT': '12', 'PYTHONPATH': '/home/buenr/CS488/build/lab3_pkg/prefix_override:/usr/lib/python3/dist-packages/colcon_core/task/python/colcon_distutils_commands:/home/buenr/CS488/install/lab3_pkg/lib/python3.12/site-packages:/home/buenr/CS488/install/custom_interfaces/lib/python3.12/site-packages:/home/buenr/CS488/install/lab5_pkg/lib/python3.12/site-packages:/home/buenr/CS488/install/lab3_pkg/lib/python3.12/site-packages:/home/buenr/CS488/install/lab2_pkg/lib/python3.12/site-packages:/home/buenr/CS488/install/lab1_pkg/lib/python3.12/site-packages:/opt/ros/jazzy/lib/python3.12/site-packages', 'COLCON': '1', 'VTE_VERSION': '7600', 'MEMORY_PRESSURE_WRITE': 'c29tZSAyMDAwMDAgMjAwMDAwMAA=', 'CMAKE_PREFIX_PATH': '/home/buenr/CS488/install/custom_interfaces:/home/buenr/CS488/install/lab_bringup:/opt/ros/jazzy/opt/gz_sim_vendor:/opt/ros/jazzy/opt/gz_sensors_vendor:/opt/ros/jazzy/opt/gz_physics_vendor:/opt/ros/jazzy/opt/sdformat_vendor:/opt/ros/jazzy/opt/gz_gui_vendor:/opt/ros/jazzy/opt/gz_transport_vendor:/opt/ros/jazzy/opt/gz_rendering_vendor:/opt/ros/jazzy/opt/gz_plugin_vendor:/opt/ros/jazzy/opt/gz_fuel_tools_vendor:/opt/ros/jazzy/opt/gz_msgs_vendor:/opt/ros/jazzy/opt/gz_common_vendor:/opt/ros/jazzy/opt/gz_math_vendor:/opt/ros/jazzy/opt/gz_utils_vendor:/opt/ros/jazzy/opt/gz_tools_vendor:/opt/ros/jazzy/opt/gz_ogre_next_vendor:/opt/ros/jazzy/opt/gz_dartsim_vendor:/opt/ros/jazzy/opt/gz_cmake_vendor'}, 'shell': False}
[1.771186] (lab2_pkg) StdoutLine: {'line': b'Installing SCOD script to /home/buenr/CS488/install/lab2_pkg/lib/lab2_pkg\n'}
[1.771448] (lab2_pkg) StdoutLine: {'line': b"writing list of installed files to '/home/buenr/CS488/build/lab2_pkg/install.log'\n"}
[1.799583] (lab2_pkg) CommandEnded: {'returncode': 0}
[1.802205] (-) TimerEvent: {}
[1.809287] (lab2_pkg) JobEnded: {'identifier': 'lab2_pkg', 'rc': 0}
[1.812517] (lab1_pkg) StdoutLine: {'line': b'Installing speed_behavior_node script to /home/buenr/CS488/install/lab1_pkg/lib/lab1_pkg\n'}
[1.813023] (lab1_pkg) StdoutLine: {'line': b"writing list of installed files to '/home/buenr/CS488/build/lab1_pkg/install.log'\n"}
[1.825240] (lab5_pkg) Command: {'cmd': ['/usr/bin/python3', '-W', 'ignore:setup.py install is deprecated', '-W', 'ignore:easy_install command is deprecated', 'setup.py', 'egg_info', '--egg-base', '../../build/lab5_pkg', 'build', '--build-base', '/home/buenr/CS488/build/lab5_pkg/build', 'install', '--record', '/home/buenr/CS488/build/lab5_pkg/install.log', '--single-version-externally-managed', 'install_data'], 'cwd': '/home/buenr/CS488/src/lab5_pkg', 'env': {'USER': 'buenr', 'GZ_SIM_RESOURCE_PATH': '/opt/ros/jazzy/share', 'GZ_CONFIG_PATH': '/opt/ros/jazzy/opt/gz_sim_vendor/share/gz:/opt/ros/jazzy/opt/sdformat_vendor/share/gz:/opt/ros/jazzy/opt/gz_gui_vendor/share/gz:/opt/ros/jazzy/opt/gz_transport_vendor/share/gz:/opt/ros/jazzy/opt/gz_rendering_vendor/share/gz:/opt/ros/jazzy/opt/gz_plugin_vendor/share/gz:/opt/ros/jazzy/opt/gz_fuel_tools_vendor/share/gz:/opt/ros/jazzy/opt/gz_msgs_vendor/share/gz:/opt/ros/jazzy/opt/gz_common_vendor/share/gz', 'XDG_SESSION_TYPE': 'wayland', 'CLUTTER_DISABLE_MIPMAPPED_TEXT': '1', 'SHLVL': '1', 'LD_LIBRARY_PATH': '/home/buenr/CS488/install/custom_interfaces/lib:/opt/ros/jazzy/opt/gz_sim_vendor/lib:/opt/ros/jazzy/opt/gz_sensors_vendor/lib:/opt/ros/jazzy/opt/gz_physics_vendor/lib:/opt/ros/jazzy/opt/sdformat_vendor/lib:/opt/ros/jazzy/opt/rviz_ogre_vendor/lib:/opt/ros/jazzy/lib/x86_64-linux-gnu:/opt/ros/jazzy/opt/gz_gui_vendor/lib:/opt/ros/jazzy/opt/gz_transport_vendor/lib:/opt/ros/jazzy/opt/gz_rendering_vendor/lib:/opt/ros/jazzy/opt/gz_plugin_vendor/lib:/opt/ros/jazzy/opt/gz_fuel_tools_vendor/lib:/opt/ros/jazzy/opt/gz_msgs_vendor/lib:/opt/ros/jazzy/opt/gz_common_vendor/lib:/opt/ros/jazzy/opt/gz_math_vendor/lib:/opt/ros/jazzy/opt/gz_utils_vendor/lib:/opt/ros/jazzy/opt/gz_tools_vendor/lib:/opt/ros/jazzy/opt/gz_ogre_next_vendor/lib:/opt/ros/jazzy/opt/gz_dartsim_vendor/lib:/opt/ros/jazzy/opt/gz_cmake_vendor/lib:/opt/ros/jazzy/lib', 'OLDPWD': '/home/buenr', 'HOME': '/home/buenr', 'DESKTOP_SESSION': 'ubuntu', 'GTK_MODULES': 'gail:atk-bridge', 'GNOME_SHELL_SESSION_MODE': 'ubuntu', 'ROS_PYTHON_VERSION': '3', 'SYSTEMD_EXEC_PID': '30152', 'DBUS_SESSION_BUS_ADDRESS': 'unix:path=/run/user/481846386/bus', 'GSM_SKIP_SSH_AGENT_WORKAROUND': 'true', 'COLORTERM': 'truecolor', 'CONDA_CHANGEPS1': 'no', 'WAYLAND_DISPLAY': 'wayland-0', 'ROS_DISTRO': 'jazzy', 'COLCON_PREFIX_PATH': '/home/buenr/CS488/install', 'LOGNAME': 'buenr', '_': '/usr/bin/colcon', 'MEMORY_PRESSURE_WATCH': '/sys/fs/cgroup/user.slice/user-481846386.slice/user@481846386.service/session.slice/org.gnome.Shell@wayland.service/memory.pressure', 'XDG_SESSION_CLASS': 'user', 'ROS_VERSION': '2', 'USERNAME': 'buenr', 'TERM': 'xterm-256color', 'PROMPT_EOL_MARK': '', 'ROS_SUPER_CLIENT': 'True', 'GNOME_DESKTOP_SESSION_ID': 'this-is-deprecated', 'PATH': '/opt/ros/jazzy/opt/gz_msgs_vendor/bin:/opt/ros/jazzy/opt/gz_tools_vendor/bin:/opt/ros/jazzy/opt/gz_ogre_next_vendor/bin:/opt/ros/jazzy/bin:/usr/local/sbin:/usr/local/bin:/usr/sbin:/usr/bin:/sbin:/bin:/usr/games:/usr/local/games:/snap/bin:/snap/bin', 'SESSION_MANAGER': 'local/csci20122:@/tmp/.ICE-unix/30099,unix/csci20122:/tmp/.ICE-unix/30099', 'GNOME_TERMINAL_SCREEN': '/org/gnome/Terminal/screen/7d6d0661_eb5b_4e50_84b1_79b4a45519ac', 'XDG_MENU_PREFIX': 'gnome-', 'GNOME_SETUP_DISPLAY': ':1', 'XDG_RUNTIME_DIR': '/run/user/481846386', 'DISPLAY': ':0', 'XDG_CURRENT_DESKTOP': 'ubuntu:GNOME', 'LANG': 'en_US.UTF-8', 'RMW_IMPLEMENTATION': 'rmw_fastrtps_cpp', 'XDG_SESSION_DESKTOP': 'ubuntu', 'GNOME_TERMINAL_SERVICE': ':1.194', 'XMODIFIERS': '@im=ibus', 'XAUTHORITY': '/run/user/481846386/.mutter-Xwaylandauth.1MMGN3', 'SSH_AUTH_SOCK': '/run/user/481846386/keyring/ssh', 'AMENT_PREFIX_PATH': '/home/buenr/CS488/install/lab_bringup:/home/buenr/CS488/install/lab5_pkg:/home/buenr/CS488/install/lab3_pkg:/home/buenr/CS488/install/lab2_pkg:/home/buenr/CS488/install/lab1_pkg:/home/buenr/CS488/install/custom_interfaces:/opt/ros/jazzy', 'ROS_DOMAIN_ID': '0', 'KRB5CCNAME': 'FILE:/tmp/krb5cc_481846386_s7E0DV', 'SHELL': '/bin/zsh', 'ROS_DISCOVERY_SERVER': '10.5.113.101:11811', 'QT_ACCESSIBILITY': '1', 'GDMSESSION': 'ubuntu', 'QT_IM_MODULE': 'ibus', 'ROS_AUTOMATIC_DISCOVERY_RANGE': 'SUBNET', 'PWD': '/home/buenr/CS488/build/lab5_pkg', 'XDG_DATA_DIRS': '/usr/local/share/:/usr/share/:/var/lib/snapd/desktop', 'VIRTUAL_ENV_DISABLE_PROMPT': '12', 'PYTHONPATH': '/home/buenr/CS488/build/lab5_pkg/prefix_override:/usr/lib/python3/dist-packages/colcon_core/task/python/colcon_distutils_commands:/home/buenr/CS488/install/lab5_pkg/lib/python3.12/site-packages:/home/buenr/CS488/install/custom_interfaces/lib/python3.12/site-packages:/home/buenr/CS488/install/lab5_pkg/lib/python3.12/site-packages:/home/buenr/CS488/install/lab3_pkg/lib/python3.12/site-packages:/home/buenr/CS488/install/lab2_pkg/lib/python3.12/site-packages:/home/buenr/CS488/install/lab1_pkg/lib/python3.12/site-packages:/opt/ros/jazzy/lib/python3.12/site-packages', 'COLCON': '1', 'VTE_VERSION': '7600', 'MEMORY_PRESSURE_WRITE': 'c29tZSAyMDAwMDAgMjAwMDAwMAA=', 'CMAKE_PREFIX_PATH': '/home/buenr/CS488/install/custom_interfaces:/home/buenr/CS488/install/lab_bringup:/opt/ros/jazzy/opt/gz_sim_vendor:/opt/ros/jazzy/opt/gz_sensors_vendor:/opt/ros/jazzy/opt/gz_physics_vendor:/opt/ros/jazzy/opt/sdformat_vendor:/opt/ros/jazzy/opt/gz_gui_vendor:/opt/ros/jazzy/opt/gz_transport_vendor:/opt/ros/jazzy/opt/gz_rendering_vendor:/opt/ros/jazzy/opt/gz_plugin_vendor:/opt/ros/jazzy/opt/gz_fuel_tools_vendor:/opt/ros/jazzy/opt/gz_msgs_vendor:/opt/ros/jazzy/opt/gz_common_vendor:/opt/ros/jazzy/opt/gz_math_vendor:/opt/ros/jazzy/opt/gz_utils_vendor:/opt/ros/jazzy/opt/gz_tools_vendor:/opt/ros/jazzy/opt/gz_ogre_next_vendor:/opt/ros/jazzy/opt/gz_dartsim_vendor:/opt/ros/jazzy/opt/gz_cmake_vendor'}, 'shell': False}
[1.841061] (lab1_pkg) CommandEnded: {'returncode': 0}
[1.846462] (lab1_pkg) JobEnded: {'identifier': 'lab1_pkg', 'rc': 0}
[1.902328] (-) TimerEvent: {}
[2.002558] (-) TimerEvent: {}
[2.038293] (lab3_pkg) StdoutLine: {'line': b'running egg_info\n'}
[2.061860] (lab3_pkg) StdoutLine: {'line': b'writing ../../build/lab3_pkg/lab3_pkg.egg-info/PKG-INFO\n'}
[2.062011] (lab3_pkg) StdoutLine: {'line': b'writing dependency_links to ../../build/lab3_pkg/lab3_pkg.egg-info/dependency_links.txt\n'}
[2.062262] (lab3_pkg) StdoutLine: {'line': b'writing entry points to ../../build/lab3_pkg/lab3_pkg.egg-info/entry_points.txt\n'}
[2.062454] (lab3_pkg) StdoutLine: {'line': b'writing requirements to ../../build/lab3_pkg/lab3_pkg.egg-info/requires.txt\n'}
[2.062631] (lab3_pkg) StdoutLine: {'line': b'writing top-level names to ../../build/lab3_pkg/lab3_pkg.egg-info/top_level.txt\n'}
[2.102630] (-) TimerEvent: {}
[2.110086] (lab3_pkg) StdoutLine: {'line': b"reading manifest file '../../build/lab3_pkg/lab3_pkg.egg-info/SOURCES.txt'\n"}
[2.110732] (lab3_pkg) StdoutLine: {'line': b"writing manifest file '../../build/lab3_pkg/lab3_pkg.egg-info/SOURCES.txt'\n"}
[2.110906] (lab3_pkg) StdoutLine: {'line': b'running build\n'}
[2.111054] (lab3_pkg) StdoutLine: {'line': b'running build_py\n'}
[2.111311] (lab3_pkg) StdoutLine: {'line': b'running install\n'}
[2.115547] (lab5_pkg) StdoutLine: {'line': b'running egg_info\n'}
[2.116338] (lab3_pkg) StdoutLine: {'line': b'running install_lib\n'}
[2.140077] (lab5_pkg) StdoutLine: {'line': b'writing ../../build/lab5_pkg/lab5_pkg.egg-info/PKG-INFO\n'}
[2.140321] (lab5_pkg) StdoutLine: {'line': b'writing dependency_links to ../../build/lab5_pkg/lab5_pkg.egg-info/dependency_links.txt\n'}
[2.140554] (lab5_pkg) StdoutLine: {'line': b'writing entry points to ../../build/lab5_pkg/lab5_pkg.egg-info/entry_points.txt\n'}
[2.140809] (lab5_pkg) StdoutLine: {'line': b'writing requirements to ../../build/lab5_pkg/lab5_pkg.egg-info/requires.txt\n'}
[2.140957] (lab5_pkg) StdoutLine: {'line': b'writing top-level names to ../../build/lab5_pkg/lab5_pkg.egg-info/top_level.txt\n'}
[2.142172] (lab3_pkg) StdoutLine: {'line': b'running install_data\n'}
[2.142336] (lab3_pkg) StdoutLine: {'line': b'running install_egg_info\n'}
[2.166317] (lab3_pkg) StdoutLine: {'line': b"removing '/home/buenr/CS488/install/lab3_pkg/lib/python3.12/site-packages/lab3_pkg-0.0.0-py3.12.egg-info' (and everything under it)\n"}
[2.166505] (lab3_pkg) StdoutLine: {'line': b'Copying ../../build/lab3_pkg/lab3_pkg.egg-info to /home/buenr/CS488/install/lab3_pkg/lib/python3.12/site-packages/lab3_pkg-0.0.0-py3.12.egg-info\n'}
[2.169094] (lab3_pkg) StdoutLine: {'line': b'running install_scripts\n'}
[2.189804] (lab5_pkg) StdoutLine: {'line': b"reading manifest file '../../build/lab5_pkg/lab5_pkg.egg-info/SOURCES.txt'\n"}
[2.190469] (lab5_pkg) StdoutLine: {'line': b"writing manifest file '../../build/lab5_pkg/lab5_pkg.egg-info/SOURCES.txt'\n"}
[2.190636] (lab5_pkg) StdoutLine: {'line': b'running build\n'}
[2.190781] (lab5_pkg) StdoutLine: {'line': b'running build_py\n'}
[2.190924] (lab5_pkg) StdoutLine: {'line': b'copying lab5_pkg/go_to_goal_server.py -> /home/buenr/CS488/build/lab5_pkg/build/lib/lab5_pkg\n'}
[2.191279] (lab5_pkg) StdoutLine: {'line': b'running install\n'}
[2.196369] (lab5_pkg) StdoutLine: {'line': b'running install_lib\n'}
[2.202699] (-) TimerEvent: {}
[2.220576] (lab5_pkg) StdoutLine: {'line': b'copying /home/buenr/CS488/build/lab5_pkg/build/lib/lab5_pkg/go_to_goal_server.py -> /home/buenr/CS488/install/lab5_pkg/lib/python3.12/site-packages/lab5_pkg\n'}
[2.221201] (lab5_pkg) StdoutLine: {'line': b'byte-compiling /home/buenr/CS488/install/lab5_pkg/lib/python3.12/site-packages/lab5_pkg/go_to_goal_server.py to go_to_goal_server.cpython-312.pyc\n'}
[2.226273] (lab5_pkg) StdoutLine: {'line': b'running install_data\n'}
[2.226444] (lab5_pkg) StdoutLine: {'line': b'running install_egg_info\n'}
[2.251394] (lab5_pkg) StdoutLine: {'line': b"removing '/home/buenr/CS488/install/lab5_pkg/lib/python3.12/site-packages/lab5_pkg-0.0.0-py3.12.egg-info' (and everything under it)\n"}
[2.251708] (lab5_pkg) StdoutLine: {'line': b'Copying ../../build/lab5_pkg/lab5_pkg.egg-info to /home/buenr/CS488/install/lab5_pkg/lib/python3.12/site-packages/lab5_pkg-0.0.0-py3.12.egg-info\n'}
[2.253027] (lab5_pkg) StdoutLine: {'line': b'running install_scripts\n'}
[2.302808] (-) TimerEvent: {}
[2.329472] (lab3_pkg) StdoutLine: {'line': b'Installing SCOD_server script to /home/buenr/CS488/install/lab3_pkg/lib/lab3_pkg\n'}
[2.329711] (lab3_pkg) StdoutLine: {'line': b'Installing set_cap_client_node script to /home/buenr/CS488/install/lab3_pkg/lib/lab3_pkg\n'}
[2.330101] (lab3_pkg) StdoutLine: {'line': b"writing list of installed files to '/home/buenr/CS488/build/lab3_pkg/install.log'\n"}
[2.348432] (lab3_pkg) CommandEnded: {'returncode': 0}
[2.354138] (lab3_pkg) JobEnded: {'identifier': 'lab3_pkg', 'rc': 0}
[2.355169] (lab_bringup) JobStarted: {'identifier': 'lab_bringup'}
[2.367432] (lab_bringup) JobProgress: {'identifier': 'lab_bringup', 'progress': 'cmake'}
[2.368144] (lab_bringup) JobProgress: {'identifier': 'lab_bringup', 'progress': 'build'}
[2.368366] (lab_bringup) Command: {'cmd': ['/usr/bin/cmake', '--build', '/home/buenr/CS488/build/lab_bringup', '--', '-j16', '-l16'], 'cwd': '/home/buenr/CS488/build/lab_bringup', 'env': OrderedDict({'USER': 'buenr', 'GZ_SIM_RESOURCE_PATH': '/opt/ros/jazzy/share', 'GZ_CONFIG_PATH': '/opt/ros/jazzy/opt/gz_sim_vendor/share/gz:/opt/ros/jazzy/opt/sdformat_vendor/share/gz:/opt/ros/jazzy/opt/gz_gui_vendor/share/gz:/opt/ros/jazzy/opt/gz_transport_vendor/share/gz:/opt/ros/jazzy/opt/gz_rendering_vendor/share/gz:/opt/ros/jazzy/opt/gz_plugin_vendor/share/gz:/opt/ros/jazzy/opt/gz_fuel_tools_vendor/share/gz:/opt/ros/jazzy/opt/gz_msgs_vendor/share/gz:/opt/ros/jazzy/opt/gz_common_vendor/share/gz', 'XDG_SESSION_TYPE': 'wayland', 'CLUTTER_DISABLE_MIPMAPPED_TEXT': '1', 'SHLVL': '1', 'LD_LIBRARY_PATH': '/home/buenr/CS488/install/custom_interfaces/lib:/opt/ros/jazzy/opt/gz_sim_vendor/lib:/opt/ros/jazzy/opt/gz_sensors_vendor/lib:/opt/ros/jazzy/opt/gz_physics_vendor/lib:/opt/ros/jazzy/opt/sdformat_vendor/lib:/opt/ros/jazzy/opt/rviz_ogre_vendor/lib:/opt/ros/jazzy/lib/x86_64-linux-gnu:/opt/ros/jazzy/opt/gz_gui_vendor/lib:/opt/ros/jazzy/opt/gz_transport_vendor/lib:/opt/ros/jazzy/opt/gz_rendering_vendor/lib:/opt/ros/jazzy/opt/gz_plugin_vendor/lib:/opt/ros/jazzy/opt/gz_fuel_tools_vendor/lib:/opt/ros/jazzy/opt/gz_msgs_vendor/lib:/opt/ros/jazzy/opt/gz_common_vendor/lib:/opt/ros/jazzy/opt/gz_math_vendor/lib:/opt/ros/jazzy/opt/gz_utils_vendor/lib:/opt/ros/jazzy/opt/gz_tools_vendor/lib:/opt/ros/jazzy/opt/gz_ogre_next_vendor/lib:/opt/ros/jazzy/opt/gz_dartsim_vendor/lib:/opt/ros/jazzy/opt/gz_cmake_vendor/lib:/opt/ros/jazzy/lib', 'OLDPWD': '/home/buenr', 'HOME': '/home/buenr', 'DESKTOP_SESSION': 'ubuntu', 'GTK_MODULES': 'gail:atk-bridge', 'GNOME_SHELL_SESSION_MODE': 'ubuntu', 'ROS_PYTHON_VERSION': '3', 'SYSTEMD_EXEC_PID': '30152', 'DBUS_SESSION_BUS_ADDRESS': 'unix:path=/run/user/481846386/bus', 'GSM_SKIP_SSH_AGENT_WORKAROUND': 'true', 'COLORTERM': 'truecolor', 'CONDA_CHANGEPS1': 'no', 'WAYLAND_DISPLAY': 'wayland-0', 'ROS_DISTRO': 'jazzy', 'COLCON_PREFIX_PATH': '/home/buenr/CS488/install', 'LOGNAME': 'buenr', '_': '/usr/bin/colcon', 'MEMORY_PRESSURE_WATCH': '/sys/fs/cgroup/user.slice/user-481846386.slice/user@481846386.service/session.slice/org.gnome.Shell@wayland.service/memory.pressure', 'XDG_SESSION_CLASS': 'user', 'ROS_VERSION': '2', 'USERNAME': 'buenr', 'TERM': 'xterm-256color', 'PROMPT_EOL_MARK': '', 'ROS_SUPER_CLIENT': 'True', 'GNOME_DESKTOP_SESSION_ID': 'this-is-deprecated', 'PATH': '/opt/ros/jazzy/opt/gz_msgs_vendor/bin:/opt/ros/jazzy/opt/gz_tools_vendor/bin:/opt/ros/jazzy/opt/gz_ogre_next_vendor/bin:/opt/ros/jazzy/bin:/usr/local/sbin:/usr/local/bin:/usr/sbin:/usr/bin:/sbin:/bin:/usr/games:/usr/local/games:/snap/bin:/snap/bin', 'SESSION_MANAGER': 'local/csci20122:@/tmp/.ICE-unix/30099,unix/csci20122:/tmp/.ICE-unix/30099', 'GNOME_TERMINAL_SCREEN': '/org/gnome/Terminal/screen/7d6d0661_eb5b_4e50_84b1_79b4a45519ac', 'XDG_MENU_PREFIX': 'gnome-', 'GNOME_SETUP_DISPLAY': ':1', 'XDG_RUNTIME_DIR': '/run/user/481846386', 'DISPLAY': ':0', 'XDG_CURRENT_DESKTOP': 'ubuntu:GNOME', 'LANG': 'en_US.UTF-8', 'RMW_IMPLEMENTATION': 'rmw_fastrtps_cpp', 'XDG_SESSION_DESKTOP': 'ubuntu', 'GNOME_TERMINAL_SERVICE': ':1.194', 'XMODIFIERS': '@im=ibus', 'XAUTHORITY': '/run/user/481846386/.mutter-Xwaylandauth.1MMGN3', 'SSH_AUTH_SOCK': '/run/user/481846386/keyring/ssh', 'AMENT_PREFIX_PATH': '/home/buenr/CS488/install/lab3_pkg:/home/buenr/CS488/install/lab_bringup:/home/buenr/CS488/install/lab5_pkg:/home/buenr/CS488/install/lab2_pkg:/home/buenr/CS488/install/lab1_pkg:/home/buenr/CS488/install/custom_interfaces:/opt/ros/jazzy', 'ROS_DOMAIN_ID': '0', 'KRB5CCNAME': 'FILE:/tmp/krb5cc_481846386_s7E0DV', 'SHELL': '/bin/zsh', 'ROS_DISCOVERY_SERVER': '10.5.113.101:11811', 'QT_ACCESSIBILITY': '1', 'GDMSESSION': 'ubuntu', 'QT_IM_MODULE': 'ibus', 'ROS_AUTOMATIC_DISCOVERY_RANGE': 'SUBNET', 'PWD': '/home/buenr/CS488/build/lab_bringup', 'XDG_DATA_DIRS': '/usr/local/share/:/usr/share/:/var/lib/snapd/desktop', 'VIRTUAL_ENV_DISABLE_PROMPT': '12', 'PYTHONPATH': '/home/buenr/CS488/install/lab3_pkg/lib/python3.12/site-packages:/home/buenr/CS488/install/custom_interfaces/lib/python3.12/site-packages:/home/buenr/CS488/install/lab5_pkg/lib/python3.12/site-packages:/home/buenr/CS488/install/lab2_pkg/lib/python3.12/site-packages:/home/buenr/CS488/install/lab1_pkg/lib/python3.12/site-packages:/opt/ros/jazzy/lib/python3.12/site-packages', 'COLCON': '1', 'VTE_VERSION': '7600', 'MEMORY_PRESSURE_WRITE': 'c29tZSAyMDAwMDAgMjAwMDAwMAA=', 'CMAKE_PREFIX_PATH': '/home/buenr/CS488/install/custom_interfaces:/home/buenr/CS488/install/lab_bringup:/opt/ros/jazzy/opt/gz_sim_vendor:/opt/ros/jazzy/opt/gz_sensors_vendor:/opt/ros/jazzy/opt/gz_physics_vendor:/opt/ros/jazzy/opt/sdformat_vendor:/opt/ros/jazzy/opt/gz_gui_vendor:/opt/ros/jazzy/opt/gz_transport_vendor:/opt/ros/jazzy/opt/gz_rendering_vendor:/opt/ros/jazzy/opt/gz_plugin_vendor:/opt/ros/jazzy/opt/gz_fuel_tools_vendor:/opt/ros/jazzy/opt/gz_msgs_vendor:/opt/ros/jazzy/opt/gz_common_vendor:/opt/ros/jazzy/opt/gz_math_vendor:/opt/ros/jazzy/opt/gz_utils_vendor:/opt/ros/jazzy/opt/gz_tools_vendor:/opt/ros/jazzy/opt/gz_ogre_next_vendor:/opt/ros/jazzy/opt/gz_dartsim_vendor:/opt/ros/jazzy/opt/gz_cmake_vendor:/home/buenr/CS488/install/lab5_pkg:/home/buenr/CS488/install/lab3_pkg:/home/buenr/CS488/install/lab2_pkg:/home/buenr/CS488/install/lab1_pkg:/opt/ros/jazzy'}), 'shell': False}
[2.402901] (lab_bringup) CommandEnded: {'returncode': 0}
[2.403367] (-) TimerEvent: {}
[2.403579] (lab_bringup) JobProgress: {'identifier': 'lab_bringup', 'progress': 'install'}
[2.403885] (lab_bringup) Command: {'cmd': ['/usr/bin/cmake', '--install', '/home/buenr/CS488/build/lab_bringup'], 'cwd': '/home/buenr/CS488/build/lab_bringup', 'env': OrderedDict({'USER': 'buenr', 'GZ_SIM_RESOURCE_PATH': '/opt/ros/jazzy/share', 'GZ_CONFIG_PATH': '/opt/ros/jazzy/opt/gz_sim_vendor/share/gz:/opt/ros/jazzy/opt/sdformat_vendor/share/gz:/opt/ros/jazzy/opt/gz_gui_vendor/share/gz:/opt/ros/jazzy/opt/gz_transport_vendor/share/gz:/opt/ros/jazzy/opt/gz_rendering_vendor/share/gz:/opt/ros/jazzy/opt/gz_plugin_vendor/share/gz:/opt/ros/jazzy/opt/gz_fuel_tools_vendor/share/gz:/opt/ros/jazzy/opt/gz_msgs_vendor/share/gz:/opt/ros/jazzy/opt/gz_common_vendor/share/gz', 'XDG_SESSION_TYPE': 'wayland', 'CLUTTER_DISABLE_MIPMAPPED_TEXT': '1', 'SHLVL': '1', 'LD_LIBRARY_PATH': '/home/buenr/CS488/install/custom_interfaces/lib:/opt/ros/jazzy/opt/gz_sim_vendor/lib:/opt/ros/jazzy/opt/gz_sensors_vendor/lib:/opt/ros/jazzy/opt/gz_physics_vendor/lib:/opt/ros/jazzy/opt/sdformat_vendor/lib:/opt/ros/jazzy/opt/rviz_ogre_vendor/lib:/opt/ros/jazzy/lib/x86_64-linux-gnu:/opt/ros/jazzy/opt/gz_gui_vendor/lib:/opt/ros/jazzy/opt/gz_transport_vendor/lib:/opt/ros/jazzy/opt/gz_rendering_vendor/lib:/opt/ros/jazzy/opt/gz_plugin_vendor/lib:/opt/ros/jazzy/opt/gz_fuel_tools_vendor/lib:/opt/ros/jazzy/opt/gz_msgs_vendor/lib:/opt/ros/jazzy/opt/gz_common_vendor/lib:/opt/ros/jazzy/opt/gz_math_vendor/lib:/opt/ros/jazzy/opt/gz_utils_vendor/lib:/opt/ros/jazzy/opt/gz_tools_vendor/lib:/opt/ros/jazzy/opt/gz_ogre_next_vendor/lib:/opt/ros/jazzy/opt/gz_dartsim_vendor/lib:/opt/ros/jazzy/opt/gz_cmake_vendor/lib:/opt/ros/jazzy/lib', 'OLDPWD': '/home/buenr', 'HOME': '/home/buenr', 'DESKTOP_SESSION': 'ubuntu', 'GTK_MODULES': 'gail:atk-bridge', 'GNOME_SHELL_SESSION_MODE': 'ubuntu', 'ROS_PYTHON_VERSION': '3', 'SYSTEMD_EXEC_PID': '30152', 'DBUS_SESSION_BUS_ADDRESS': 'unix:path=/run/user/481846386/bus', 'GSM_SKIP_SSH_AGENT_WORKAROUND': 'true', 'COLORTERM': 'truecolor', 'CONDA_CHANGEPS1': 'no', 'WAYLAND_DISPLAY': 'wayland-0', 'ROS_DISTRO': 'jazzy', 'COLCON_PREFIX_PATH': '/home/buenr/CS488/install', 'LOGNAME': 'buenr', '_': '/usr/bin/colcon', 'MEMORY_PRESSURE_WATCH': '/sys/fs/cgroup/user.slice/user-481846386.slice/user@481846386.service/session.slice/org.gnome.Shell@wayland.service/memory.pressure', 'XDG_SESSION_CLASS': 'user', 'ROS_VERSION': '2', 'USERNAME': 'buenr', 'TERM': 'xterm-256color', 'PROMPT_EOL_MARK': '', 'ROS_SUPER_CLIENT': 'True', 'GNOME_DESKTOP_SESSION_ID': 'this-is-deprecated', 'PATH': '/opt/ros/jazzy/opt/gz_msgs_vendor/bin:/opt/ros/jazzy/opt/gz_tools_vendor/bin:/opt/ros/jazzy/opt/gz_ogre_next_vendor/bin:/opt/ros/jazzy/bin:/usr/local/sbin:/usr/local/bin:/usr/sbin:/usr/bin:/sbin:/bin:/usr/games:/usr/local/games:/snap/bin:/snap/bin', 'SESSION_MANAGER': 'local/csci20122:@/tmp/.ICE-unix/30099,unix/csci20122:/tmp/.ICE-unix/30099', 'GNOME_TERMINAL_SCREEN': '/org/gnome/Terminal/screen/7d6d0661_eb5b_4e50_84b1_79b4a45519ac', 'XDG_MENU_PREFIX': 'gnome-', 'GNOME_SETUP_DISPLAY': ':1', 'XDG_RUNTIME_DIR': '/run/user/481846386', 'DISPLAY': ':0', 'XDG_CURRENT_DESKTOP': 'ubuntu:GNOME', 'LANG': 'en_US.UTF-8', 'RMW_IMPLEMENTATION': 'rmw_fastrtps_cpp', 'XDG_SESSION_DESKTOP': 'ubuntu', 'GNOME_TERMINAL_SERVICE': ':1.194', 'XMODIFIERS': '@im=ibus', 'XAUTHORITY': '/run/user/481846386/.mutter-Xwaylandauth.1MMGN3', 'SSH_AUTH_SOCK': '/run/user/481846386/keyring/ssh', 'AMENT_PREFIX_PATH': '/home/buenr/CS488/install/lab3_pkg:/home/buenr/CS488/install/lab_bringup:/home/buenr/CS488/install/lab5_pkg:/home/buenr/CS488/install/lab2_pkg:/home/buenr/CS488/install/lab1_pkg:/home/buenr/CS488/install/custom_interfaces:/opt/ros/jazzy', 'ROS_DOMAIN_ID': '0', 'KRB5CCNAME': 'FILE:/tmp/krb5cc_481846386_s7E0DV', 'SHELL': '/bin/zsh', 'ROS_DISCOVERY_SERVER': '10.5.113.101:11811', 'QT_ACCESSIBILITY': '1', 'GDMSESSION': 'ubuntu', 'QT_IM_MODULE': 'ibus', 'ROS_AUTOMATIC_DISCOVERY_RANGE': 'SUBNET', 'PWD': '/home/buenr/CS488/build/lab_bringup', 'XDG_DATA_DIRS': '/usr/local/share/:/usr/share/:/var/lib/snapd/desktop', 'VIRTUAL_ENV_DISABLE_PROMPT': '12', 'PYTHONPATH': '/home/buenr/CS488/install/lab3_pkg/lib/python3.12/site-packages:/home/buenr/CS488/install/custom_interfaces/lib/python3.12/site-packages:/home/buenr/CS488/install/lab5_pkg/lib/python3.12/site-packages:/home/buenr/CS488/install/lab2_pkg/lib/python3.12/site-packages:/home/buenr/CS488/install/lab1_pkg/lib/python3.12/site-packages:/opt/ros/jazzy/lib/python3.12/site-packages', 'COLCON': '1', 'VTE_VERSION': '7600', 'MEMORY_PRESSURE_WRITE': 'c29tZSAyMDAwMDAgMjAwMDAwMAA=', 'CMAKE_PREFIX_PATH': '/home/buenr/CS488/install/custom_interfaces:/home/buenr/CS488/install/lab_bringup:/opt/ros/jazzy/opt/gz_sim_vendor:/opt/ros/jazzy/opt/gz_sensors_vendor:/opt/ros/jazzy/opt/gz_physics_vendor:/opt/ros/jazzy/opt/sdformat_vendor:/opt/ros/jazzy/opt/gz_gui_vendor:/opt/ros/jazzy/opt/gz_transport_vendor:/opt/ros/jazzy/opt/gz_rendering_vendor:/opt/ros/jazzy/opt/gz_plugin_vendor:/opt/ros/jazzy/opt/gz_fuel_tools_vendor:/opt/ros/jazzy/opt/gz_msgs_vendor:/opt/ros/jazzy/opt/gz_common_vendor:/opt/ros/jazzy/opt/gz_math_vendor:/opt/ros/jazzy/opt/gz_utils_vendor:/opt/ros/jazzy/opt/gz_tools_vendor:/opt/ros/jazzy/opt/gz_ogre_next_vendor:/opt/ros/jazzy/opt/gz_dartsim_vendor:/opt/ros/jazzy/opt/gz_cmake_vendor:/home/buenr/CS488/install/lab5_pkg:/home/buenr/CS488/install/lab3_pkg:/home/buenr/CS488/install/lab2_pkg:/home/buenr/CS488/install/lab1_pkg:/opt/ros/jazzy'}), 'shell': False}
[2.412068] (lab5_pkg) StdoutLine: {'line': b'Installing go_to_goal_client script to /home/buenr/CS488/install/lab5_pkg/lib/lab5_pkg\n'}
[2.412290] (lab5_pkg) StdoutLine: {'line': b'Installing go_to_goal_server script to /home/buenr/CS488/install/lab5_pkg/lib/lab5_pkg\n'}
[2.412651] (lab5_pkg) StdoutLine: {'line': b"writing list of installed files to '/home/buenr/CS488/build/lab5_pkg/install.log'\n"}
[2.412822] (lab_bringup) StdoutLine: {'line': b'-- Install configuration: ""\n'}
[2.413006] (lab_bringup) StdoutLine: {'line': b'-- Up-to-date: /home/buenr/CS488/install/lab_bringup/share/lab_bringup//launch\n'}
[2.413176] (lab_bringup) StdoutLine: {'line': b'-- Up-to-date: /home/buenr/CS488/install/lab_bringup/share/lab_bringup//launch/lab4.launch.xml\n'}
[2.413327] (lab_bringup) StdoutLine: {'line': b'-- Up-to-date: /home/buenr/CS488/install/lab_bringup/share/lab_bringup//launch/lab3.launch.xml\n'}
[2.413446] (lab_bringup) StdoutLine: {'line': b'-- Up-to-date: /home/buenr/CS488/install/lab_bringup/share/ament_index/resource_index/package_run_dependencies/lab_bringup\n'}
[2.413593] (lab_bringup) StdoutLine: {'line': b'-- Up-to-date: /home/buenr/CS488/install/lab_bringup/share/ament_index/resource_index/parent_prefix_path/lab_bringup\n'}
[2.413736] (lab_bringup) StdoutLine: {'line': b'-- Up-to-date: /home/buenr/CS488/install/lab_bringup/share/lab_bringup/environment/ament_prefix_path.sh\n'}
[2.413847] (lab_bringup) StdoutLine: {'line': b'-- Up-to-date: /home/buenr/CS488/install/lab_bringup/share/lab_bringup/environment/ament_prefix_path.dsv\n'}
[2.413952] (lab_bringup) StdoutLine: {'line': b'-- Up-to-date: /home/buenr/CS488/install/lab_bringup/share/lab_bringup/environment/path.sh\n'}
[2.414053] (lab_bringup) StdoutLine: {'line': b'-- Up-to-date: /home/buenr/CS488/install/lab_bringup/share/lab_bringup/environment/path.dsv\n'}
[2.414159] (lab_bringup) StdoutLine: {'line': b'-- Up-to-date: /home/buenr/CS488/install/lab_bringup/share/lab_bringup/local_setup.bash\n'}
[2.414265] (lab_bringup) StdoutLine: {'line': b'-- Up-to-date: /home/buenr/CS488/install/lab_bringup/share/lab_bringup/local_setup.sh\n'}
[2.414367] (lab_bringup) StdoutLine: {'line': b'-- Up-to-date: /home/buenr/CS488/install/lab_bringup/share/lab_bringup/local_setup.zsh\n'}
[2.414469] (lab_bringup) StdoutLine: {'line': b'-- Up-to-date: /home/buenr/CS488/install/lab_bringup/share/lab_bringup/local_setup.dsv\n'}
[2.414580] (lab_bringup) StdoutLine: {'line': b'-- Installing: /home/buenr/CS488/install/lab_bringup/share/lab_bringup/package.dsv\n'}
[2.414685] (lab_bringup) StdoutLine: {'line': b'-- Up-to-date: /home/buenr/CS488/install/lab_bringup/share/ament_index/resource_index/packages/lab_bringup\n'}
[2.414789] (lab_bringup) StdoutLine: {'line': b'-- Up-to-date: /home/buenr/CS488/install/lab_bringup/share/lab_bringup/cmake/lab_bringupConfig.cmake\n'}
[2.414891] (lab_bringup) StdoutLine: {'line': b'-- Up-to-date: /home/buenr/CS488/install/lab_bringup/share/lab_bringup/cmake/lab_bringupConfig-version.cmake\n'}
[2.414999] (lab_bringup) StdoutLine: {'line': b'-- Up-to-date: /home/buenr/CS488/install/lab_bringup/share/lab_bringup/package.xml\n'}
[2.416671] (lab_bringup) CommandEnded: {'returncode': 0}
[2.473580] (lab_bringup) JobEnded: {'identifier': 'lab_bringup', 'rc': 0}
[2.475043] (lab5_pkg) CommandEnded: {'returncode': 0}
[2.481352] (lab5_pkg) JobEnded: {'identifier': 'lab5_pkg', 'rc': 0}
[2.482222] (-) EventReactorShutdown: {}
