[0.020s] Invoking command in '/home/nhu.nguyen/turtlebot4_ws/build/custom_interfaces': CMAKE_PREFIX_PATH=${CMAKE_PREFIX_PATH}:/home/nhu.nguyen/turtlebot4_ws/install/lab3_pkg:/home/nhu.nguyen/turtlebot4_ws/install/lab2_pkg:/home/nhu.nguyen/turtlebot4_ws/install/lab1_pkg:/opt/ros/jazzy /usr/bin/cmake --build /home/nhu.nguyen/turtlebot4_ws/build/custom_interfaces -- -j16 -l16
[0.257s] [  2%] Built target custom_interfaces__rosidl_generator_type_description
[0.257s] [  2%] Built target ament_cmake_python_copy_custom_interfaces
[0.257s] [  5%] Built target custom_interfaces__cpp
[0.257s] [ 20%] Built target custom_interfaces__rosidl_generator_c
[0.258s] [ 47%] Built target custom_interfaces__rosidl_typesupport_fastrtps_cpp
[0.258s] [ 47%] Built target custom_interfaces__rosidl_typesupport_fastrtps_c
[0.258s] [ 47%] Built target custom_interfaces__rosidl_typesupport_cpp
[0.258s] [ 64%] Built target custom_interfaces__rosidl_typesupport_introspection_cpp
[0.258s] [ 64%] Built target custom_interfaces__rosidl_typesupport_c
[0.258s] [ 73%] Built target custom_interfaces__rosidl_typesupport_introspection_c
[0.258s] [ 73%] Built target custom_interfaces
[0.258s] [ 76%] Built target custom_interfaces__py
[0.258s] [ 82%] Built target custom_interfaces__rosidl_generator_py
[0.258s] [ 88%] Built target custom_interfaces_s__rosidl_typesupport_c
[0.258s] [100%] Built target custom_interfaces_s__rosidl_typesupport_introspection_c
[0.258s] [100%] Built target custom_interfaces_s__rosidl_typesupport_fastrtps_c
[0.325s] running egg_info
[0.351s] writing custom_interfaces.egg-info/PKG-INFO
[0.351s] writing dependency_links to custom_interfaces.egg-info/dependency_links.txt
[0.351s] writing top-level names to custom_interfaces.egg-info/top_level.txt
[0.426s] reading manifest file 'custom_interfaces.egg-info/SOURCES.txt'
[0.427s] writing manifest file 'custom_interfaces.egg-info/SOURCES.txt'
[0.449s] [100%] Built target ament_cmake_python_build_custom_interfaces_egg
[0.478s] Invoked command in '/home/nhu.nguyen/turtlebot4_ws/build/custom_interfaces' returned '0': CMAKE_PREFIX_PATH=${CMAKE_PREFIX_PATH}:/home/nhu.nguyen/turtlebot4_ws/install/lab3_pkg:/home/nhu.nguyen/turtlebot4_ws/install/lab2_pkg:/home/nhu.nguyen/turtlebot4_ws/install/lab1_pkg:/opt/ros/jazzy /usr/bin/cmake --build /home/nhu.nguyen/turtlebot4_ws/build/custom_interfaces -- -j16 -l16
[0.487s] Invoking command in '/home/nhu.nguyen/turtlebot4_ws/build/custom_interfaces': CMAKE_PREFIX_PATH=${CMAKE_PREFIX_PATH}:/home/nhu.nguyen/turtlebot4_ws/install/lab3_pkg:/home/nhu.nguyen/turtlebot4_ws/install/lab2_pkg:/home/nhu.nguyen/turtlebot4_ws/install/lab1_pkg:/opt/ros/jazzy /usr/bin/cmake --install /home/nhu.nguyen/turtlebot4_ws/build/custom_interfaces
[0.496s] -- Install configuration: ""
[0.496s] -- Up-to-date: /home/nhu.nguyen/turtlebot4_ws/install/custom_interfaces/share/ament_index/resource_index/rosidl_interfaces/custom_interfaces
[0.497s] -- Up-to-date: /home/nhu.nguyen/turtlebot4_ws/install/custom_interfaces/share/custom_interfaces/srv/SetCap.json
[0.497s] -- Up-to-date: /home/nhu.nguyen/turtlebot4_ws/install/custom_interfaces/include/custom_interfaces/custom_interfaces
[0.497s] -- Up-to-date: /home/nhu.nguyen/turtlebot4_ws/install/custom_interfaces/include/custom_interfaces/custom_interfaces/srv
[0.497s] -- Up-to-date: /home/nhu.nguyen/turtlebot4_ws/install/custom_interfaces/include/custom_interfaces/custom_interfaces/srv/set_cap.h
[0.497s] -- Up-to-date: /home/nhu.nguyen/turtlebot4_ws/install/custom_interfaces/include/custom_interfaces/custom_interfaces/srv/detail
[0.497s] -- Up-to-date: /home/nhu.nguyen/turtlebot4_ws/install/custom_interfaces/include/custom_interfaces/custom_interfaces/srv/detail/set_cap__struct.h
[0.497s] -- Up-to-date: /home/nhu.nguyen/turtlebot4_ws/install/custom_interfaces/include/custom_interfaces/custom_interfaces/srv/detail/set_cap__type_support.c
[0.497s] -- Up-to-date: /home/nhu.nguyen/turtlebot4_ws/install/custom_interfaces/include/custom_interfaces/custom_interfaces/srv/detail/set_cap__description.c
[0.497s] -- Up-to-date: /home/nhu.nguyen/turtlebot4_ws/install/custom_interfaces/include/custom_interfaces/custom_interfaces/srv/detail/set_cap__functions.h
[0.498s] -- Up-to-date: /home/nhu.nguyen/turtlebot4_ws/install/custom_interfaces/include/custom_interfaces/custom_interfaces/srv/detail/set_cap__type_support.h
[0.498s] -- Up-to-date: /home/nhu.nguyen/turtlebot4_ws/install/custom_interfaces/include/custom_interfaces/custom_interfaces/srv/detail/set_cap__functions.c
[0.498s] -- Up-to-date: /home/nhu.nguyen/turtlebot4_ws/install/custom_interfaces/include/custom_interfaces/custom_interfaces/msg
[0.498s] -- Up-to-date: /home/nhu.nguyen/turtlebot4_ws/install/custom_interfaces/include/custom_interfaces/custom_interfaces/msg/rosidl_generator_c__visibility_control.h
[0.498s] -- Up-to-date: /home/nhu.nguyen/turtlebot4_ws/install/custom_interfaces/share/custom_interfaces/environment/library_path.sh
[0.498s] -- Up-to-date: /home/nhu.nguyen/turtlebot4_ws/install/custom_interfaces/share/custom_interfaces/environment/library_path.dsv
[0.498s] -- Up-to-date: /home/nhu.nguyen/turtlebot4_ws/install/custom_interfaces/lib/libcustom_interfaces__rosidl_generator_c.so
[0.498s] -- Up-to-date: /home/nhu.nguyen/turtlebot4_ws/install/custom_interfaces/include/custom_interfaces/custom_interfaces
[0.498s] -- Up-to-date: /home/nhu.nguyen/turtlebot4_ws/install/custom_interfaces/include/custom_interfaces/custom_interfaces/srv
[0.498s] -- Up-to-date: /home/nhu.nguyen/turtlebot4_ws/install/custom_interfaces/include/custom_interfaces/custom_interfaces/srv/detail
[0.498s] -- Up-to-date: /home/nhu.nguyen/turtlebot4_ws/install/custom_interfaces/include/custom_interfaces/custom_interfaces/srv/detail/set_cap__rosidl_typesupport_fastrtps_c.h
[0.499s] -- Up-to-date: /home/nhu.nguyen/turtlebot4_ws/install/custom_interfaces/include/custom_interfaces/custom_interfaces/msg
[0.499s] -- Up-to-date: /home/nhu.nguyen/turtlebot4_ws/install/custom_interfaces/include/custom_interfaces/custom_interfaces/msg/rosidl_typesupport_fastrtps_c__visibility_control.h
[0.499s] -- Up-to-date: /home/nhu.nguyen/turtlebot4_ws/install/custom_interfaces/lib/libcustom_interfaces__rosidl_typesupport_fastrtps_c.so
[0.499s] -- Up-to-date: /home/nhu.nguyen/turtlebot4_ws/install/custom_interfaces/include/custom_interfaces/custom_interfaces
[0.499s] -- Up-to-date: /home/nhu.nguyen/turtlebot4_ws/install/custom_interfaces/include/custom_interfaces/custom_interfaces/srv
[0.499s] -- Up-to-date: /home/nhu.nguyen/turtlebot4_ws/install/custom_interfaces/include/custom_interfaces/custom_interfaces/srv/detail
[0.499s] -- Up-to-date: /home/nhu.nguyen/turtlebot4_ws/install/custom_interfaces/include/custom_interfaces/custom_interfaces/srv/detail/set_cap__type_support.c
[0.499s] -- Up-to-date: /home/nhu.nguyen/turtlebot4_ws/install/custom_interfaces/include/custom_interfaces/custom_interfaces/srv/detail/set_cap__rosidl_typesupport_introspection_c.h
[0.499s] -- Up-to-date: /home/nhu.nguyen/turtlebot4_ws/install/custom_interfaces/include/custom_interfaces/custom_interfaces/msg
[0.499s] -- Up-to-date: /home/nhu.nguyen/turtlebot4_ws/install/custom_interfaces/include/custom_interfaces/custom_interfaces/msg/rosidl_typesupport_introspection_c__visibility_control.h
[0.499s] -- Up-to-date: /home/nhu.nguyen/turtlebot4_ws/install/custom_interfaces/lib/libcustom_interfaces__rosidl_typesupport_introspection_c.so
[0.499s] -- Up-to-date: /home/nhu.nguyen/turtlebot4_ws/install/custom_interfaces/lib/libcustom_interfaces__rosidl_typesupport_c.so
[0.499s] -- Up-to-date: /home/nhu.nguyen/turtlebot4_ws/install/custom_interfaces/include/custom_interfaces/custom_interfaces
[0.499s] -- Up-to-date: /home/nhu.nguyen/turtlebot4_ws/install/custom_interfaces/include/custom_interfaces/custom_interfaces/srv
[0.500s] -- Up-to-date: /home/nhu.nguyen/turtlebot4_ws/install/custom_interfaces/include/custom_interfaces/custom_interfaces/srv/set_cap.hpp
[0.500s] -- Up-to-date: /home/nhu.nguyen/turtlebot4_ws/install/custom_interfaces/include/custom_interfaces/custom_interfaces/srv/detail
[0.500s] -- Up-to-date: /home/nhu.nguyen/turtlebot4_ws/install/custom_interfaces/include/custom_interfaces/custom_interfaces/srv/detail/set_cap__traits.hpp
[0.500s] -- Up-to-date: /home/nhu.nguyen/turtlebot4_ws/install/custom_interfaces/include/custom_interfaces/custom_interfaces/srv/detail/set_cap__builder.hpp
[0.500s] -- Up-to-date: /home/nhu.nguyen/turtlebot4_ws/install/custom_interfaces/include/custom_interfaces/custom_interfaces/srv/detail/set_cap__type_support.hpp
[0.500s] -- Up-to-date: /home/nhu.nguyen/turtlebot4_ws/install/custom_interfaces/include/custom_interfaces/custom_interfaces/srv/detail/set_cap__struct.hpp
[0.500s] -- Up-to-date: /home/nhu.nguyen/turtlebot4_ws/install/custom_interfaces/include/custom_interfaces/custom_interfaces/msg
[0.500s] -- Up-to-date: /home/nhu.nguyen/turtlebot4_ws/install/custom_interfaces/include/custom_interfaces/custom_interfaces/msg/rosidl_generator_cpp__visibility_control.hpp
[0.500s] -- Up-to-date: /home/nhu.nguyen/turtlebot4_ws/install/custom_interfaces/include/custom_interfaces/custom_interfaces
[0.500s] -- Up-to-date: /home/nhu.nguyen/turtlebot4_ws/install/custom_interfaces/include/custom_interfaces/custom_interfaces/srv
[0.500s] -- Up-to-date: /home/nhu.nguyen/turtlebot4_ws/install/custom_interfaces/include/custom_interfaces/custom_interfaces/srv/detail
[0.500s] -- Up-to-date: /home/nhu.nguyen/turtlebot4_ws/install/custom_interfaces/include/custom_interfaces/custom_interfaces/srv/detail/dds_fastrtps
[0.501s] -- Up-to-date: /home/nhu.nguyen/turtlebot4_ws/install/custom_interfaces/include/custom_interfaces/custom_interfaces/srv/detail/set_cap__rosidl_typesupport_fastrtps_cpp.hpp
[0.501s] -- Up-to-date: /home/nhu.nguyen/turtlebot4_ws/install/custom_interfaces/include/custom_interfaces/custom_interfaces/msg
[0.501s] -- Up-to-date: /home/nhu.nguyen/turtlebot4_ws/install/custom_interfaces/include/custom_interfaces/custom_interfaces/msg/rosidl_typesupport_fastrtps_cpp__visibility_control.h
[0.501s] -- Up-to-date: /home/nhu.nguyen/turtlebot4_ws/install/custom_interfaces/lib/libcustom_interfaces__rosidl_typesupport_fastrtps_cpp.so
[0.501s] -- Up-to-date: /home/nhu.nguyen/turtlebot4_ws/install/custom_interfaces/include/custom_interfaces/custom_interfaces
[0.501s] -- Up-to-date: /home/nhu.nguyen/turtlebot4_ws/install/custom_interfaces/include/custom_interfaces/custom_interfaces/srv
[0.501s] -- Up-to-date: /home/nhu.nguyen/turtlebot4_ws/install/custom_interfaces/include/custom_interfaces/custom_interfaces/srv/detail
[0.501s] -- Up-to-date: /home/nhu.nguyen/turtlebot4_ws/install/custom_interfaces/include/custom_interfaces/custom_interfaces/srv/detail/set_cap__rosidl_typesupport_introspection_cpp.hpp
[0.501s] -- Up-to-date: /home/nhu.nguyen/turtlebot4_ws/install/custom_interfaces/include/custom_interfaces/custom_interfaces/srv/detail/set_cap__type_support.cpp
[0.501s] -- Up-to-date: /home/nhu.nguyen/turtlebot4_ws/install/custom_interfaces/lib/libcustom_interfaces__rosidl_typesupport_introspection_cpp.so
[0.502s] -- Up-to-date: /home/nhu.nguyen/turtlebot4_ws/install/custom_interfaces/lib/libcustom_interfaces__rosidl_typesupport_cpp.so
[0.502s] -- Up-to-date: /home/nhu.nguyen/turtlebot4_ws/install/custom_interfaces/share/custom_interfaces/environment/pythonpath.sh
[0.502s] -- Up-to-date: /home/nhu.nguyen/turtlebot4_ws/install/custom_interfaces/share/custom_interfaces/environment/pythonpath.dsv
[0.502s] -- Up-to-date: /home/nhu.nguyen/turtlebot4_ws/install/custom_interfaces/lib/python3.12/site-packages/custom_interfaces-0.0.0-py3.12.egg-info
[0.502s] -- Installing: /home/nhu.nguyen/turtlebot4_ws/install/custom_interfaces/lib/python3.12/site-packages/custom_interfaces-0.0.0-py3.12.egg-info/SOURCES.txt
[0.502s] -- Installing: /home/nhu.nguyen/turtlebot4_ws/install/custom_interfaces/lib/python3.12/site-packages/custom_interfaces-0.0.0-py3.12.egg-info/top_level.txt
[0.502s] -- Installing: /home/nhu.nguyen/turtlebot4_ws/install/custom_interfaces/lib/python3.12/site-packages/custom_interfaces-0.0.0-py3.12.egg-info/dependency_links.txt
[0.502s] -- Installing: /home/nhu.nguyen/turtlebot4_ws/install/custom_interfaces/lib/python3.12/site-packages/custom_interfaces-0.0.0-py3.12.egg-info/PKG-INFO
[0.502s] -- Up-to-date: /home/nhu.nguyen/turtlebot4_ws/install/custom_interfaces/lib/python3.12/site-packages/custom_interfaces
[0.503s] -- Up-to-date: /home/nhu.nguyen/turtlebot4_ws/install/custom_interfaces/lib/python3.12/site-packages/custom_interfaces/srv
[0.503s] -- Up-to-date: /home/nhu.nguyen/turtlebot4_ws/install/custom_interfaces/lib/python3.12/site-packages/custom_interfaces/srv/_set_cap.py
[0.503s] -- Up-to-date: /home/nhu.nguyen/turtlebot4_ws/install/custom_interfaces/lib/python3.12/site-packages/custom_interfaces/srv/__init__.py
[0.503s] -- Up-to-date: /home/nhu.nguyen/turtlebot4_ws/install/custom_interfaces/lib/python3.12/site-packages/custom_interfaces/srv/_set_cap_s.c
[0.503s] -- Up-to-date: /home/nhu.nguyen/turtlebot4_ws/install/custom_interfaces/lib/python3.12/site-packages/custom_interfaces/custom_interfaces_s__rosidl_typesupport_introspection_c.so
[0.503s] -- Up-to-date: /home/nhu.nguyen/turtlebot4_ws/install/custom_interfaces/lib/python3.12/site-packages/custom_interfaces/custom_interfaces_s__rosidl_typesupport_c.so
[0.503s] -- Up-to-date: /home/nhu.nguyen/turtlebot4_ws/install/custom_interfaces/lib/python3.12/site-packages/custom_interfaces/custom_interfaces_s__rosidl_typesupport_fastrtps_c.so
[0.503s] -- Up-to-date: /home/nhu.nguyen/turtlebot4_ws/install/custom_interfaces/lib/python3.12/site-packages/custom_interfaces/__init__.py
[0.504s] -- Up-to-date: /home/nhu.nguyen/turtlebot4_ws/install/custom_interfaces/lib/python3.12/site-packages/custom_interfaces/_custom_interfaces_s.ep.rosidl_typesupport_c.c
[0.504s] -- Up-to-date: /home/nhu.nguyen/turtlebot4_ws/install/custom_interfaces/lib/python3.12/site-packages/custom_interfaces/_custom_interfaces_s.ep.rosidl_typesupport_introspection_c.c
[0.504s] -- Up-to-date: /home/nhu.nguyen/turtlebot4_ws/install/custom_interfaces/lib/python3.12/site-packages/custom_interfaces/_custom_interfaces_s.ep.rosidl_typesupport_fastrtps_c.c
[0.532s] Listing '/home/nhu.nguyen/turtlebot4_ws/install/custom_interfaces/lib/python3.12/site-packages/custom_interfaces'...
[0.532s] Listing '/home/nhu.nguyen/turtlebot4_ws/install/custom_interfaces/lib/python3.12/site-packages/custom_interfaces/srv'...
[0.536s] -- Up-to-date: /home/nhu.nguyen/turtlebot4_ws/install/custom_interfaces/lib/python3.12/site-packages/custom_interfaces/custom_interfaces_s__rosidl_typesupport_fastrtps_c.so
[0.537s] -- Up-to-date: /home/nhu.nguyen/turtlebot4_ws/install/custom_interfaces/lib/python3.12/site-packages/custom_interfaces/custom_interfaces_s__rosidl_typesupport_introspection_c.so
[0.537s] -- Up-to-date: /home/nhu.nguyen/turtlebot4_ws/install/custom_interfaces/lib/python3.12/site-packages/custom_interfaces/custom_interfaces_s__rosidl_typesupport_c.so
[0.538s] -- Up-to-date: /home/nhu.nguyen/turtlebot4_ws/install/custom_interfaces/lib/libcustom_interfaces__rosidl_generator_py.so
[0.538s] -- Up-to-date: /home/nhu.nguyen/turtlebot4_ws/install/custom_interfaces/share/custom_interfaces/srv/SetCap.idl
[0.538s] -- Up-to-date: /home/nhu.nguyen/turtlebot4_ws/install/custom_interfaces/share/custom_interfaces/srv/SetCap.srv
[0.538s] -- Up-to-date: /home/nhu.nguyen/turtlebot4_ws/install/custom_interfaces/share/ament_index/resource_index/package_run_dependencies/custom_interfaces
[0.538s] -- Up-to-date: /home/nhu.nguyen/turtlebot4_ws/install/custom_interfaces/share/ament_index/resource_index/parent_prefix_path/custom_interfaces
[0.538s] -- Up-to-date: /home/nhu.nguyen/turtlebot4_ws/install/custom_interfaces/share/custom_interfaces/environment/ament_prefix_path.sh
[0.538s] -- Up-to-date: /home/nhu.nguyen/turtlebot4_ws/install/custom_interfaces/share/custom_interfaces/environment/ament_prefix_path.dsv
[0.539s] -- Up-to-date: /home/nhu.nguyen/turtlebot4_ws/install/custom_interfaces/share/custom_interfaces/environment/path.sh
[0.539s] -- Up-to-date: /home/nhu.nguyen/turtlebot4_ws/install/custom_interfaces/share/custom_interfaces/environment/path.dsv
[0.539s] -- Up-to-date: /home/nhu.nguyen/turtlebot4_ws/install/custom_interfaces/share/custom_interfaces/local_setup.bash
[0.539s] -- Up-to-date: /home/nhu.nguyen/turtlebot4_ws/install/custom_interfaces/share/custom_interfaces/local_setup.sh
[0.539s] -- Up-to-date: /home/nhu.nguyen/turtlebot4_ws/install/custom_interfaces/share/custom_interfaces/local_setup.zsh
[0.539s] -- Up-to-date: /home/nhu.nguyen/turtlebot4_ws/install/custom_interfaces/share/custom_interfaces/local_setup.dsv
[0.539s] -- Installing: /home/nhu.nguyen/turtlebot4_ws/install/custom_interfaces/share/custom_interfaces/package.dsv
[0.539s] -- Up-to-date: /home/nhu.nguyen/turtlebot4_ws/install/custom_interfaces/share/ament_index/resource_index/packages/custom_interfaces
[0.540s] -- Up-to-date: /home/nhu.nguyen/turtlebot4_ws/install/custom_interfaces/share/custom_interfaces/cmake/export_custom_interfaces__rosidl_generator_cExport.cmake
[0.540s] -- Up-to-date: /home/nhu.nguyen/turtlebot4_ws/install/custom_interfaces/share/custom_interfaces/cmake/export_custom_interfaces__rosidl_generator_cExport-noconfig.cmake
[0.540s] -- Up-to-date: /home/nhu.nguyen/turtlebot4_ws/install/custom_interfaces/share/custom_interfaces/cmake/export_custom_interfaces__rosidl_typesupport_fastrtps_cExport.cmake
[0.540s] -- Up-to-date: /home/nhu.nguyen/turtlebot4_ws/install/custom_interfaces/share/custom_interfaces/cmake/export_custom_interfaces__rosidl_typesupport_fastrtps_cExport-noconfig.cmake
[0.540s] -- Up-to-date: /home/nhu.nguyen/turtlebot4_ws/install/custom_interfaces/share/custom_interfaces/cmake/custom_interfaces__rosidl_typesupport_introspection_cExport.cmake
[0.540s] -- Up-to-date: /home/nhu.nguyen/turtlebot4_ws/install/custom_interfaces/share/custom_interfaces/cmake/custom_interfaces__rosidl_typesupport_introspection_cExport-noconfig.cmake
[0.540s] -- Up-to-date: /home/nhu.nguyen/turtlebot4_ws/install/custom_interfaces/share/custom_interfaces/cmake/custom_interfaces__rosidl_typesupport_cExport.cmake
[0.541s] -- Up-to-date: /home/nhu.nguyen/turtlebot4_ws/install/custom_interfaces/share/custom_interfaces/cmake/custom_interfaces__rosidl_typesupport_cExport-noconfig.cmake
[0.541s] -- Up-to-date: /home/nhu.nguyen/turtlebot4_ws/install/custom_interfaces/share/custom_interfaces/cmake/export_custom_interfaces__rosidl_generator_cppExport.cmake
[0.541s] -- Up-to-date: /home/nhu.nguyen/turtlebot4_ws/install/custom_interfaces/share/custom_interfaces/cmake/export_custom_interfaces__rosidl_typesupport_fastrtps_cppExport.cmake
[0.541s] -- Up-to-date: /home/nhu.nguyen/turtlebot4_ws/install/custom_interfaces/share/custom_interfaces/cmake/export_custom_interfaces__rosidl_typesupport_fastrtps_cppExport-noconfig.cmake
[0.541s] -- Up-to-date: /home/nhu.nguyen/turtlebot4_ws/install/custom_interfaces/share/custom_interfaces/cmake/custom_interfaces__rosidl_typesupport_introspection_cppExport.cmake
[0.541s] -- Up-to-date: /home/nhu.nguyen/turtlebot4_ws/install/custom_interfaces/share/custom_interfaces/cmake/custom_interfaces__rosidl_typesupport_introspection_cppExport-noconfig.cmake
[0.541s] -- Up-to-date: /home/nhu.nguyen/turtlebot4_ws/install/custom_interfaces/share/custom_interfaces/cmake/custom_interfaces__rosidl_typesupport_cppExport.cmake
[0.541s] -- Up-to-date: /home/nhu.nguyen/turtlebot4_ws/install/custom_interfaces/share/custom_interfaces/cmake/custom_interfaces__rosidl_typesupport_cppExport-noconfig.cmake
[0.542s] -- Up-to-date: /home/nhu.nguyen/turtlebot4_ws/install/custom_interfaces/share/custom_interfaces/cmake/export_custom_interfaces__rosidl_generator_pyExport.cmake
[0.542s] -- Up-to-date: /home/nhu.nguyen/turtlebot4_ws/install/custom_interfaces/share/custom_interfaces/cmake/export_custom_interfaces__rosidl_generator_pyExport-noconfig.cmake
[0.542s] -- Up-to-date: /home/nhu.nguyen/turtlebot4_ws/install/custom_interfaces/share/custom_interfaces/cmake/rosidl_cmake-extras.cmake
[0.542s] -- Up-to-date: /home/nhu.nguyen/turtlebot4_ws/install/custom_interfaces/share/custom_interfaces/cmake/ament_cmake_export_dependencies-extras.cmake
[0.542s] -- Up-to-date: /home/nhu.nguyen/turtlebot4_ws/install/custom_interfaces/share/custom_interfaces/cmake/ament_cmake_export_include_directories-extras.cmake
[0.542s] -- Up-to-date: /home/nhu.nguyen/turtlebot4_ws/install/custom_interfaces/share/custom_interfaces/cmake/ament_cmake_export_libraries-extras.cmake
[0.542s] -- Up-to-date: /home/nhu.nguyen/turtlebot4_ws/install/custom_interfaces/share/custom_interfaces/cmake/ament_cmake_export_targets-extras.cmake
[0.542s] -- Up-to-date: /home/nhu.nguyen/turtlebot4_ws/install/custom_interfaces/share/custom_interfaces/cmake/rosidl_cmake_export_typesupport_targets-extras.cmake
[0.542s] -- Up-to-date: /home/nhu.nguyen/turtlebot4_ws/install/custom_interfaces/share/custom_interfaces/cmake/rosidl_cmake_export_typesupport_libraries-extras.cmake
[0.542s] -- Up-to-date: /home/nhu.nguyen/turtlebot4_ws/install/custom_interfaces/share/custom_interfaces/cmake/custom_interfacesConfig.cmake
[0.542s] -- Up-to-date: /home/nhu.nguyen/turtlebot4_ws/install/custom_interfaces/share/custom_interfaces/cmake/custom_interfacesConfig-version.cmake
[0.542s] -- Up-to-date: /home/nhu.nguyen/turtlebot4_ws/install/custom_interfaces/share/custom_interfaces/package.xml
[0.546s] Invoked command in '/home/nhu.nguyen/turtlebot4_ws/build/custom_interfaces' returned '0': CMAKE_PREFIX_PATH=${CMAKE_PREFIX_PATH}:/home/nhu.nguyen/turtlebot4_ws/install/lab3_pkg:/home/nhu.nguyen/turtlebot4_ws/install/lab2_pkg:/home/nhu.nguyen/turtlebot4_ws/install/lab1_pkg:/opt/ros/jazzy /usr/bin/cmake --install /home/nhu.nguyen/turtlebot4_ws/build/custom_interfaces
