running egg_info
creating ../../build/lab2_pkg/lab2_pkg.egg-info
writing ../../build/lab2_pkg/lab2_pkg.egg-info/PKG-INFO
writing dependency_links to ../../build/lab2_pkg/lab2_pkg.egg-info/dependency_links.txt
writing requirements to ../../build/lab2_pkg/lab2_pkg.egg-info/requires.txt
writing top-level names to ../../build/lab2_pkg/lab2_pkg.egg-info/top_level.txt
writing manifest file '../../build/lab2_pkg/lab2_pkg.egg-info/SOURCES.txt'
reading manifest file '../../build/lab2_pkg/lab2_pkg.egg-info/SOURCES.txt'
writing manifest file '../../build/lab2_pkg/lab2_pkg.egg-info/SOURCES.txt'
running build
running build_py
creating /home/nhu.nguyen/turtlebot4_ws/build/lab2_pkg/build
creating /home/nhu.nguyen/turtlebot4_ws/build/lab2_pkg/build/lib
creating /home/nhu.nguyen/turtlebot4_ws/build/lab2_pkg/build/lib/lab2_pkg
copying lab2_pkg/__init__.py -> /home/nhu.nguyen/turtlebot4_ws/build/lab2_pkg/build/lib/lab2_pkg
running install
running install_lib
creating /home/nhu.nguyen/turtlebot4_ws/install/lab2_pkg/lib/python3.12/site-packages/lab2_pkg
copying /home/nhu.nguyen/turtlebot4_ws/build/lab2_pkg/build/lib/lab2_pkg/__init__.py -> /home/nhu.nguyen/turtlebot4_ws/install/lab2_pkg/lib/python3.12/site-packages/lab2_pkg
byte-compiling /home/nhu.nguyen/turtlebot4_ws/install/lab2_pkg/lib/python3.12/site-packages/lab2_pkg/__init__.py to __init__.cpython-312.pyc
running install_data
creating /home/nhu.nguyen/turtlebot4_ws/install/lab2_pkg/share/ament_index
creating /home/nhu.nguyen/turtlebot4_ws/install/lab2_pkg/share/ament_index/resource_index
creating /home/nhu.nguyen/turtlebot4_ws/install/lab2_pkg/share/ament_index/resource_index/packages
copying resource/lab2_pkg -> /home/nhu.nguyen/turtlebot4_ws/install/lab2_pkg/share/ament_index/resource_index/packages
copying package.xml -> /home/nhu.nguyen/turtlebot4_ws/install/lab2_pkg/share/lab2_pkg
running install_egg_info
Copying ../../build/lab2_pkg/lab2_pkg.egg-info to /home/nhu.nguyen/turtlebot4_ws/install/lab2_pkg/lib/python3.12/site-packages/lab2_pkg-0.0.0-py3.12.egg-info
running install_scripts
writing list of installed files to '/home/nhu.nguyen/turtlebot4_ws/build/lab2_pkg/install.log'
