[2.460s] Invoking command in '/home/nhu.nguyen/turtlebot4_ws/src/lab2_pkg': PYTHONPATH=/home/nhu.nguyen/turtlebot4_ws/build/lab2_pkg/prefix_override:/usr/lib/python3/dist-packages/colcon_core/task/python/colcon_distutils_commands:/home/nhu.nguyen/turtlebot4_ws/install/lab2_pkg/lib/python3.12/site-packages:${PYTHONPATH} /usr/bin/python3 -W ignore:setup.py install is deprecated -W ignore:easy_install command is deprecated setup.py egg_info --egg-base ../../build/lab2_pkg build --build-base /home/nhu.nguyen/turtlebot4_ws/build/lab2_pkg/build install --record /home/nhu.nguyen/turtlebot4_ws/build/lab2_pkg/install.log --single-version-externally-managed install_data
[2.745s] running egg_info
[2.745s] creating ../../build/lab2_pkg/lab2_pkg.egg-info
[2.768s] writing ../../build/lab2_pkg/lab2_pkg.egg-info/PKG-INFO
[2.769s] writing dependency_links to ../../build/lab2_pkg/lab2_pkg.egg-info/dependency_links.txt
[2.769s] writing requirements to ../../build/lab2_pkg/lab2_pkg.egg-info/requires.txt
[2.769s] writing top-level names to ../../build/lab2_pkg/lab2_pkg.egg-info/top_level.txt
[2.769s] writing manifest file '../../build/lab2_pkg/lab2_pkg.egg-info/SOURCES.txt'
[2.818s] reading manifest file '../../build/lab2_pkg/lab2_pkg.egg-info/SOURCES.txt'
[2.819s] writing manifest file '../../build/lab2_pkg/lab2_pkg.egg-info/SOURCES.txt'
[2.819s] running build
[2.819s] running build_py
[2.819s] creating /home/nhu.nguyen/turtlebot4_ws/build/lab2_pkg/build
[2.819s] creating /home/nhu.nguyen/turtlebot4_ws/build/lab2_pkg/build/lib
[2.819s] creating /home/nhu.nguyen/turtlebot4_ws/build/lab2_pkg/build/lib/lab2_pkg
[2.819s] copying lab2_pkg/__init__.py -> /home/nhu.nguyen/turtlebot4_ws/build/lab2_pkg/build/lib/lab2_pkg
[2.820s] running install
[2.825s] running install_lib
[2.849s] creating /home/nhu.nguyen/turtlebot4_ws/install/lab2_pkg/lib/python3.12/site-packages/lab2_pkg
[2.850s] copying /home/nhu.nguyen/turtlebot4_ws/build/lab2_pkg/build/lib/lab2_pkg/__init__.py -> /home/nhu.nguyen/turtlebot4_ws/install/lab2_pkg/lib/python3.12/site-packages/lab2_pkg
[2.850s] byte-compiling /home/nhu.nguyen/turtlebot4_ws/install/lab2_pkg/lib/python3.12/site-packages/lab2_pkg/__init__.py to __init__.cpython-312.pyc
[2.850s] running install_data
[2.850s] creating /home/nhu.nguyen/turtlebot4_ws/install/lab2_pkg/share/ament_index
[2.850s] creating /home/nhu.nguyen/turtlebot4_ws/install/lab2_pkg/share/ament_index/resource_index
[2.850s] creating /home/nhu.nguyen/turtlebot4_ws/install/lab2_pkg/share/ament_index/resource_index/packages
[2.851s] copying resource/lab2_pkg -> /home/nhu.nguyen/turtlebot4_ws/install/lab2_pkg/share/ament_index/resource_index/packages
[2.851s] copying package.xml -> /home/nhu.nguyen/turtlebot4_ws/install/lab2_pkg/share/lab2_pkg
[2.851s] running install_egg_info
[2.877s] Copying ../../build/lab2_pkg/lab2_pkg.egg-info to /home/nhu.nguyen/turtlebot4_ws/install/lab2_pkg/lib/python3.12/site-packages/lab2_pkg-0.0.0-py3.12.egg-info
[2.879s] running install_scripts
[3.030s] writing list of installed files to '/home/nhu.nguyen/turtlebot4_ws/build/lab2_pkg/install.log'
[3.051s] Invoked command in '/home/nhu.nguyen/turtlebot4_ws/src/lab2_pkg' returned '0': PYTHONPATH=/home/nhu.nguyen/turtlebot4_ws/build/lab2_pkg/prefix_override:/usr/lib/python3/dist-packages/colcon_core/task/python/colcon_distutils_commands:/home/nhu.nguyen/turtlebot4_ws/install/lab2_pkg/lib/python3.12/site-packages:${PYTHONPATH} /usr/bin/python3 -W ignore:setup.py install is deprecated -W ignore:easy_install command is deprecated setup.py egg_info --egg-base ../../build/lab2_pkg build --build-base /home/nhu.nguyen/turtlebot4_ws/build/lab2_pkg/build install --record /home/nhu.nguyen/turtlebot4_ws/build/lab2_pkg/install.log --single-version-externally-managed install_data
