running egg_info
creating ../../build/lab1_pkg/lab1_pkg.egg-info
writing ../../build/lab1_pkg/lab1_pkg.egg-info/PKG-INFO
writing dependency_links to ../../build/lab1_pkg/lab1_pkg.egg-info/dependency_links.txt
writing entry points to ../../build/lab1_pkg/lab1_pkg.egg-info/entry_points.txt
writing requirements to ../../build/lab1_pkg/lab1_pkg.egg-info/requires.txt
writing top-level names to ../../build/lab1_pkg/lab1_pkg.egg-info/top_level.txt
writing manifest file '../../build/lab1_pkg/lab1_pkg.egg-info/SOURCES.txt'
reading manifest file '../../build/lab1_pkg/lab1_pkg.egg-info/SOURCES.txt'
writing manifest file '../../build/lab1_pkg/lab1_pkg.egg-info/SOURCES.txt'
running build
running build_py
creating /home/buenr/CS488/build/lab1_pkg/build
creating /home/buenr/CS488/build/lab1_pkg/build/lib
creating /home/buenr/CS488/build/lab1_pkg/build/lib/lab1_pkg
copying lab1_pkg/__init__.py -> /home/buenr/CS488/build/lab1_pkg/build/lib/lab1_pkg
copying lab1_pkg/speed_behavior.py -> /home/buenr/CS488/build/lab1_pkg/build/lib/lab1_pkg
running install
running install_lib
creating /home/buenr/CS488/install/lab1_pkg/lib/python3.12/site-packages/lab1_pkg
copying /home/buenr/CS488/build/lab1_pkg/build/lib/lab1_pkg/__init__.py -> /home/buenr/CS488/install/lab1_pkg/lib/python3.12/site-packages/lab1_pkg
copying /home/buenr/CS488/build/lab1_pkg/build/lib/lab1_pkg/speed_behavior.py -> /home/buenr/CS488/install/lab1_pkg/lib/python3.12/site-packages/lab1_pkg
byte-compiling /home/buenr/CS488/install/lab1_pkg/lib/python3.12/site-packages/lab1_pkg/__init__.py to __init__.cpython-312.pyc
byte-compiling /home/buenr/CS488/install/lab1_pkg/lib/python3.12/site-packages/lab1_pkg/speed_behavior.py to speed_behavior.cpython-312.pyc
running install_data
creating /home/buenr/CS488/install/lab1_pkg/share/ament_index
creating /home/buenr/CS488/install/lab1_pkg/share/ament_index/resource_index
creating /home/buenr/CS488/install/lab1_pkg/share/ament_index/resource_index/packages
copying resource/lab1_pkg -> /home/buenr/CS488/install/lab1_pkg/share/ament_index/resource_index/packages
copying package.xml -> /home/buenr/CS488/install/lab1_pkg/share/lab1_pkg
running install_egg_info
Copying ../../build/lab1_pkg/lab1_pkg.egg-info to /home/buenr/CS488/install/lab1_pkg/lib/python3.12/site-packages/lab1_pkg-0.0.0-py3.12.egg-info
running install_scripts
Installing speed_behavior_node script to /home/buenr/CS488/install/lab1_pkg/lib/lab1_pkg
writing list of installed files to '/home/buenr/CS488/build/lab1_pkg/install.log'
