/home/cnutter/turtlebot4_ws/install/final/lib/python3.12/site-packages/final/get_obstacles.py
/home/cnutter/turtlebot4_ws/install/final/lib/python3.12/site-packages/final/color_vision.py
/home/cnutter/turtlebot4_ws/install/final/lib/python3.12/site-packages/final/__init__.py
/home/cnutter/turtlebot4_ws/install/final/lib/python3.12/site-packages/final/goal_client.py
/home/cnutter/turtlebot4_ws/install/final/lib/python3.12/site-packages/final/nav.py
/home/cnutter/turtlebot4_ws/install/final/lib/python3.12/site-packages/final/__pycache__/get_obstacles.cpython-312.pyc
/home/cnutter/turtlebot4_ws/install/final/lib/python3.12/site-packages/final/__pycache__/color_vision.cpython-312.pyc
/home/cnutter/turtlebot4_ws/install/final/lib/python3.12/site-packages/final/__pycache__/__init__.cpython-312.pyc
/home/cnutter/turtlebot4_ws/install/final/lib/python3.12/site-packages/final/__pycache__/goal_client.cpython-312.pyc
/home/cnutter/turtlebot4_ws/install/final/lib/python3.12/site-packages/final/__pycache__/nav.cpython-312.pyc
/home/cnutter/turtlebot4_ws/install/final/share/ament_index/resource_index/packages/final
/home/cnutter/turtlebot4_ws/install/final/share/final/package.xml
/home/cnutter/turtlebot4_ws/install/final/lib/python3.12/site-packages/final-0.0.0-py3.12.egg-info/SOURCES.txt
/home/cnutter/turtlebot4_ws/install/final/lib/python3.12/site-packages/final-0.0.0-py3.12.egg-info/dependency_links.txt
/home/cnutter/turtlebot4_ws/install/final/lib/python3.12/site-packages/final-0.0.0-py3.12.egg-info/zip-safe
/home/cnutter/turtlebot4_ws/install/final/lib/python3.12/site-packages/final-0.0.0-py3.12.egg-info/PKG-INFO
/home/cnutter/turtlebot4_ws/install/final/lib/python3.12/site-packages/final-0.0.0-py3.12.egg-info/entry_points.txt
/home/cnutter/turtlebot4_ws/install/final/lib/python3.12/site-packages/final-0.0.0-py3.12.egg-info/requires.txt
/home/cnutter/turtlebot4_ws/install/final/lib/python3.12/site-packages/final-0.0.0-py3.12.egg-info/top_level.txt
/home/cnutter/turtlebot4_ws/install/final/lib/final/color_vision
/home/cnutter/turtlebot4_ws/install/final/lib/final/get_obs
/home/cnutter/turtlebot4_ws/install/final/lib/final/go_to_goal
/home/cnutter/turtlebot4_ws/install/final/lib/final/goal_client
