[1.463s] Invoking command in '/home/gbonham/turtlebot4_ws/src/final': PYTHONPATH=/home/gbonham/turtlebot4_ws/build/final/prefix_override:/usr/lib/python3/dist-packages/colcon_core/task/python/colcon_distutils_commands:/home/gbonham/turtlebot4_ws/install/final/lib/python3.12/site-packages:${PYTHONPATH} /usr/bin/python3 -W ignore:setup.py install is deprecated -W ignore:easy_install command is deprecated setup.py egg_info --egg-base ../../build/final build --build-base /home/gbonham/turtlebot4_ws/build/final/build install --record /home/gbonham/turtlebot4_ws/build/final/install.log --single-version-externally-managed install_data
[1.759s] running egg_info
[1.786s] writing ../../build/final/final.egg-info/PKG-INFO
[1.786s] writing dependency_links to ../../build/final/final.egg-info/dependency_links.txt
[1.786s] writing entry points to ../../build/final/final.egg-info/entry_points.txt
[1.786s] writing requirements to ../../build/final/final.egg-info/requires.txt
[1.786s] writing top-level names to ../../build/final/final.egg-info/top_level.txt
[1.838s] reading manifest file '../../build/final/final.egg-info/SOURCES.txt'
[1.839s] writing manifest file '../../build/final/final.egg-info/SOURCES.txt'
[1.839s] running build
[1.839s] running build_py
[1.839s] copying final/color_vision.py -> /home/gbonham/turtlebot4_ws/build/final/build/lib/final
[1.839s] running install
[1.845s] running install_lib
[1.872s] copying /home/gbonham/turtlebot4_ws/build/final/build/lib/final/color_vision.py -> /home/gbonham/turtlebot4_ws/install/final/lib/python3.12/site-packages/final
[1.872s] byte-compiling /home/gbonham/turtlebot4_ws/install/final/lib/python3.12/site-packages/final/color_vision.py to color_vision.cpython-312.pyc
[1.876s] running install_data
[1.877s] running install_egg_info
[1.911s] removing '/home/gbonham/turtlebot4_ws/install/final/lib/python3.12/site-packages/final-0.0.0-py3.12.egg-info' (and everything under it)
[1.911s] Copying ../../build/final/final.egg-info to /home/gbonham/turtlebot4_ws/install/final/lib/python3.12/site-packages/final-0.0.0-py3.12.egg-info
[1.912s] running install_scripts
[2.098s] Installing color_vision script to /home/gbonham/turtlebot4_ws/install/final/lib/final
[2.098s] Installing get_obs script to /home/gbonham/turtlebot4_ws/install/final/lib/final
[2.098s] Installing go_to_goal script to /home/gbonham/turtlebot4_ws/install/final/lib/final
[2.098s] Installing goal_client script to /home/gbonham/turtlebot4_ws/install/final/lib/final
[2.099s] writing list of installed files to '/home/gbonham/turtlebot4_ws/build/final/install.log'
[2.130s] Invoked command in '/home/gbonham/turtlebot4_ws/src/final' returned '0': PYTHONPATH=/home/gbonham/turtlebot4_ws/build/final/prefix_override:/usr/lib/python3/dist-packages/colcon_core/task/python/colcon_distutils_commands:/home/gbonham/turtlebot4_ws/install/final/lib/python3.12/site-packages:${PYTHONPATH} /usr/bin/python3 -W ignore:setup.py install is deprecated -W ignore:easy_install command is deprecated setup.py egg_info --egg-base ../../build/final build --build-base /home/gbonham/turtlebot4_ws/build/final/build install --record /home/gbonham/turtlebot4_ws/build/final/install.log --single-version-externally-managed install_data
