[0.011s] Invoking command in '/home/gbonham/turtlebot4_ws/build/custom_interfaces': /usr/bin/cmake /home/gbonham/turtlebot4_ws/src/custom_interfaces -DCMAKE_INSTALL_PREFIX=/home/gbonham/turtlebot4_ws/install/custom_interfaces
[0.178s] -- The C compiler identification is GNU 13.3.0
[0.178s] -- The CXX compiler identification is GNU 13.3.0
[0.213s] -- Detecting C compiler ABI info
[0.309s] -- Detecting C compiler ABI info - done
[0.318s] -- Check for working C compiler: /usr/bin/cc - skipped
[0.318s] -- Detecting C compile features
[0.319s] -- Detecting C compile features - done
[0.360s] -- Detecting CXX compiler ABI info
[0.477s] -- Detecting CXX compiler ABI info - done
[0.487s] -- Check for working CXX compiler: /usr/bin/c++ - skipped
[0.487s] -- Detecting CXX compile features
[0.487s] -- Detecting CXX compile features - done
[0.520s] [31mCMake Error at CMakeLists.txt:9 (find_package):
[0.520s]   By not providing "Findament_cmake.cmake" in CMAKE_MODULE_PATH this project
[0.520s]   has asked CMake to find a package configuration file provided by
[0.520s]   "ament_cmake", but CMake did not find one.
[0.520s] 
[0.520s]   Could not find a package configuration file provided by "ament_cmake" with
[0.520s]   any of the following names:
[0.520s] 
[0.521s]     ament_cmakeConfig.cmake
[0.521s]     ament_cmake-config.cmake
[0.521s] 
[0.521s]   Add the installation prefix of "ament_cmake" to CMAKE_PREFIX_PATH or set
[0.521s]   "ament_cmake_DIR" to a directory containing one of the above files.  If
[0.521s]   "ament_cmake" provides a separate development package or SDK, be sure it
[0.521s]   has been installed.
[0.521s] 
[0.521s] [0m
[0.521s] -- Configuring incomplete, errors occurred!
[0.524s] Invoked command in '/home/gbonham/turtlebot4_ws/build/custom_interfaces' returned '1': /usr/bin/cmake /home/gbonham/turtlebot4_ws/src/custom_interfaces -DCMAKE_INSTALL_PREFIX=/home/gbonham/turtlebot4_ws/install/custom_interfaces
