[1.107s] Invoking command in '/home/gbonham/turtlebot4_ws/src/lab1_pkg': PYTHONPATH=/home/gbonham/turtlebot4_ws/build/lab1_pkg/prefix_override:/usr/lib/python3/dist-packages/colcon_core/task/python/colcon_distutils_commands:/home/gbonham/turtlebot4_ws/install/lab1_pkg/lib/python3.12/site-packages:${PYTHONPATH} /usr/bin/python3 -W ignore:setup.py install is deprecated -W ignore:easy_install command is deprecated setup.py egg_info --egg-base ../../build/lab1_pkg build --build-base /home/gbonham/turtlebot4_ws/build/lab1_pkg/build install --record /home/gbonham/turtlebot4_ws/build/lab1_pkg/install.log --single-version-externally-managed install_data
[1.397s] running egg_info
[1.398s] creating ../../build/lab1_pkg/lab1_pkg.egg-info
[1.422s] writing ../../build/lab1_pkg/lab1_pkg.egg-info/PKG-INFO
[1.423s] writing dependency_links to ../../build/lab1_pkg/lab1_pkg.egg-info/dependency_links.txt
[1.423s] writing entry points to ../../build/lab1_pkg/lab1_pkg.egg-info/entry_points.txt
[1.423s] writing requirements to ../../build/lab1_pkg/lab1_pkg.egg-info/requires.txt
[1.423s] writing top-level names to ../../build/lab1_pkg/lab1_pkg.egg-info/top_level.txt
[1.423s] writing manifest file '../../build/lab1_pkg/lab1_pkg.egg-info/SOURCES.txt'
[1.474s] reading manifest file '../../build/lab1_pkg/lab1_pkg.egg-info/SOURCES.txt'
[1.475s] writing manifest file '../../build/lab1_pkg/lab1_pkg.egg-info/SOURCES.txt'
[1.475s] running build
[1.475s] running build_py
[1.475s] creating /home/gbonham/turtlebot4_ws/build/lab1_pkg/build
[1.475s] creating /home/gbonham/turtlebot4_ws/build/lab1_pkg/build/lib
[1.476s] creating /home/gbonham/turtlebot4_ws/build/lab1_pkg/build/lib/lab1_pkg
[1.476s] copying lab1_pkg/__init__.py -> /home/gbonham/turtlebot4_ws/build/lab1_pkg/build/lib/lab1_pkg
[1.476s] copying lab1_pkg/speed_behavior.py -> /home/gbonham/turtlebot4_ws/build/lab1_pkg/build/lib/lab1_pkg
[1.476s] running install
[1.481s] running install_lib
[1.506s] creating /home/gbonham/turtlebot4_ws/install/lab1_pkg/lib/python3.12/site-packages/lab1_pkg
[1.506s] copying /home/gbonham/turtlebot4_ws/build/lab1_pkg/build/lib/lab1_pkg/__init__.py -> /home/gbonham/turtlebot4_ws/install/lab1_pkg/lib/python3.12/site-packages/lab1_pkg
[1.506s] copying /home/gbonham/turtlebot4_ws/build/lab1_pkg/build/lib/lab1_pkg/speed_behavior.py -> /home/gbonham/turtlebot4_ws/install/lab1_pkg/lib/python3.12/site-packages/lab1_pkg
[1.507s] byte-compiling /home/gbonham/turtlebot4_ws/install/lab1_pkg/lib/python3.12/site-packages/lab1_pkg/__init__.py to __init__.cpython-312.pyc
[1.507s] byte-compiling /home/gbonham/turtlebot4_ws/install/lab1_pkg/lib/python3.12/site-packages/lab1_pkg/speed_behavior.py to speed_behavior.cpython-312.pyc
[1.511s] running install_data
[1.511s] creating /home/gbonham/turtlebot4_ws/install/lab1_pkg/share/ament_index
[1.511s] creating /home/gbonham/turtlebot4_ws/install/lab1_pkg/share/ament_index/resource_index
[1.511s] creating /home/gbonham/turtlebot4_ws/install/lab1_pkg/share/ament_index/resource_index/packages
[1.511s] copying resource/lab1_pkg -> /home/gbonham/turtlebot4_ws/install/lab1_pkg/share/ament_index/resource_index/packages
[1.511s] copying package.xml -> /home/gbonham/turtlebot4_ws/install/lab1_pkg/share/lab1_pkg
[1.511s] running install_egg_info
[1.537s] Copying ../../build/lab1_pkg/lab1_pkg.egg-info to /home/gbonham/turtlebot4_ws/install/lab1_pkg/lib/python3.12/site-packages/lab1_pkg-0.0.0-py3.12.egg-info
[1.539s] running install_scripts
[1.688s] Installing speed_behavior_node script to /home/gbonham/turtlebot4_ws/install/lab1_pkg/lib/lab1_pkg
[1.688s] writing list of installed files to '/home/gbonham/turtlebot4_ws/build/lab1_pkg/install.log'
[1.718s] Invoked command in '/home/gbonham/turtlebot4_ws/src/lab1_pkg' returned '0': PYTHONPATH=/home/gbonham/turtlebot4_ws/build/lab1_pkg/prefix_override:/usr/lib/python3/dist-packages/colcon_core/task/python/colcon_distutils_commands:/home/gbonham/turtlebot4_ws/install/lab1_pkg/lib/python3.12/site-packages:${PYTHONPATH} /usr/bin/python3 -W ignore:setup.py install is deprecated -W ignore:easy_install command is deprecated setup.py egg_info --egg-base ../../build/lab1_pkg build --build-base /home/gbonham/turtlebot4_ws/build/lab1_pkg/build install --record /home/gbonham/turtlebot4_ws/build/lab1_pkg/install.log --single-version-externally-managed install_data
