running egg_info
creating ../../build/lab1_pkg/lab1_pkg.egg-info
writing ../../build/lab1_pkg/lab1_pkg.egg-info/PKG-INFO
writing dependency_links to ../../build/lab1_pkg/lab1_pkg.egg-info/dependency_links.txt
writing entry points to ../../build/lab1_pkg/lab1_pkg.egg-info/entry_points.txt
writing requirements to ../../build/lab1_pkg/lab1_pkg.egg-info/requires.txt
writing top-level names to ../../build/lab1_pkg/lab1_pkg.egg-info/top_level.txt
writing manifest file '../../build/lab1_pkg/lab1_pkg.egg-info/SOURCES.txt'
reading manifest file '../../build/lab1_pkg/lab1_pkg.egg-info/SOURCES.txt'
writing manifest file '../../build/lab1_pkg/lab1_pkg.egg-info/SOURCES.txt'
running build
running build_py
creating /home/cnutter/turtlebot4_ws/build/lab1_pkg/build
creating /home/cnutter/turtlebot4_ws/build/lab1_pkg/build/lib
creating /home/cnutter/turtlebot4_ws/build/lab1_pkg/build/lib/lab1_pkg
copying lab1_pkg/__init__.py -> /home/cnutter/turtlebot4_ws/build/lab1_pkg/build/lib/lab1_pkg
copying lab1_pkg/speed_behavior.py -> /home/cnutter/turtlebot4_ws/build/lab1_pkg/build/lib/lab1_pkg
running install
running install_lib
running install_data
running install_egg_info
removing '/home/cnutter/turtlebot4_ws/install/lab1_pkg/lib/python3.12/site-packages/lab1_pkg-0.0.0-py3.12.egg-info' (and everything under it)
Copying ../../build/lab1_pkg/lab1_pkg.egg-info to /home/cnutter/turtlebot4_ws/install/lab1_pkg/lib/python3.12/site-packages/lab1_pkg-0.0.0-py3.12.egg-info
running install_scripts
Installing speed_behavior_node script to /home/cnutter/turtlebot4_ws/install/lab1_pkg/lib/lab1_pkg
writing list of installed files to '/home/cnutter/turtlebot4_ws/build/lab1_pkg/install.log'
