[0.092s] DEBUG:colcon:Command line arguments: ['/usr/bin/colcon', 'build']
[0.092s] DEBUG:colcon:Parsed command line arguments: Namespace(log_base=None, log_level=None, verb_name='build', build_base='build', install_base='install', merge_install=False, symlink_install=False, test_result_base=None, continue_on_error=False, executor='parallel', parallel_workers=16, event_handlers=None, ignore_user_meta=False, metas=['./colcon.meta'], base_paths=['.'], packages_ignore=None, packages_ignore_regex=None, paths=None, packages_up_to=None, packages_up_to_regex=None, packages_above=None, packages_above_and_dependencies=None, packages_above_depth=None, packages_select_by_dep=None, packages_skip_by_dep=None, packages_skip_up_to=None, packages_select_build_failed=False, packages_skip_build_finished=False, packages_select_test_failures=False, packages_skip_test_passed=False, packages_select=None, packages_skip=None, packages_select_regex=None, packages_skip_regex=None, packages_start=None, packages_end=None, allow_overriding=[], cmake_args=None, cmake_target=None, cmake_target_skip_unavailable=False, cmake_clean_cache=False, cmake_clean_first=False, cmake_force_configure=False, ament_cmake_args=None, catkin_cmake_args=None, catkin_skip_building_tests=False, mixin_files=None, mixin=None, verb_parser=<colcon_mixin.mixin.mixin_argument.MixinArgumentDecorator object at 0x717488560980>, verb_extension=<colcon_core.verb.build.BuildVerb object at 0x7174885606b0>, main=<bound method BuildVerb.main of <colcon_core.verb.build.BuildVerb object at 0x7174885606b0>>, mixin_verb=('build',))
[0.125s] Level 1:colcon.colcon_core.package_discovery:discover_packages(colcon_meta) check parameters
[0.125s] Level 1:colcon.colcon_core.package_discovery:discover_packages(recursive) check parameters
[0.125s] Level 1:colcon.colcon_core.package_discovery:discover_packages(ignore) check parameters
[0.125s] Level 1:colcon.colcon_core.package_discovery:discover_packages(path) check parameters
[0.125s] Level 1:colcon.colcon_core.package_discovery:discover_packages(colcon_meta) discover
[0.125s] Level 1:colcon.colcon_core.package_discovery:discover_packages(recursive) discover
[0.125s] INFO:colcon.colcon_core.package_discovery:Crawling recursively for packages in '/home/gbonham/turtlebot4_ws'
[0.125s] Level 1:colcon.colcon_core.package_identification:_identify(.) by extensions ['ignore', 'ignore_ament_install']
[0.125s] Level 1:colcon.colcon_core.package_identification:_identify(.) by extension 'ignore'
[0.125s] Level 1:colcon.colcon_core.package_identification:_identify(.) by extension 'ignore_ament_install'
[0.125s] Level 1:colcon.colcon_core.package_identification:_identify(.) by extensions ['colcon_pkg']
[0.125s] Level 1:colcon.colcon_core.package_identification:_identify(.) by extension 'colcon_pkg'
[0.126s] Level 1:colcon.colcon_core.package_identification:_identify(.) by extensions ['colcon_meta']
[0.126s] Level 1:colcon.colcon_core.package_identification:_identify(.) by extension 'colcon_meta'
[0.126s] Level 1:colcon.colcon_core.package_identification:_identify(.) by extensions ['ros']
[0.126s] Level 1:colcon.colcon_core.package_identification:_identify(.) by extension 'ros'
[0.145s] Level 1:colcon.colcon_core.package_identification:_identify(.) by extensions ['cmake', 'python']
[0.145s] Level 1:colcon.colcon_core.package_identification:_identify(.) by extension 'cmake'
[0.145s] Level 1:colcon.colcon_core.package_identification:_identify(.) by extension 'python'
[0.145s] Level 1:colcon.colcon_core.package_identification:_identify(.) by extensions ['python_setup_py']
[0.145s] Level 1:colcon.colcon_core.package_identification:_identify(.) by extension 'python_setup_py'
[0.145s] Level 1:colcon.colcon_core.package_identification:_identify(build) by extensions ['ignore', 'ignore_ament_install']
[0.145s] Level 1:colcon.colcon_core.package_identification:_identify(build) by extension 'ignore'
[0.145s] Level 1:colcon.colcon_core.package_identification:_identify(build) ignored
[0.145s] Level 1:colcon.colcon_core.package_identification:_identify(install) by extensions ['ignore', 'ignore_ament_install']
[0.145s] Level 1:colcon.colcon_core.package_identification:_identify(install) by extension 'ignore'
[0.146s] Level 1:colcon.colcon_core.package_identification:_identify(install) ignored
[0.146s] Level 1:colcon.colcon_core.package_identification:_identify(log) by extensions ['ignore', 'ignore_ament_install']
[0.146s] Level 1:colcon.colcon_core.package_identification:_identify(log) by extension 'ignore'
[0.146s] Level 1:colcon.colcon_core.package_identification:_identify(log) ignored
[0.146s] Level 1:colcon.colcon_core.package_identification:_identify(src) by extensions ['ignore', 'ignore_ament_install']
[0.146s] Level 1:colcon.colcon_core.package_identification:_identify(src) by extension 'ignore'
[0.146s] Level 1:colcon.colcon_core.package_identification:_identify(src) by extension 'ignore_ament_install'
[0.146s] Level 1:colcon.colcon_core.package_identification:_identify(src) by extensions ['colcon_pkg']
[0.146s] Level 1:colcon.colcon_core.package_identification:_identify(src) by extension 'colcon_pkg'
[0.146s] Level 1:colcon.colcon_core.package_identification:_identify(src) by extensions ['colcon_meta']
[0.146s] Level 1:colcon.colcon_core.package_identification:_identify(src) by extension 'colcon_meta'
[0.146s] Level 1:colcon.colcon_core.package_identification:_identify(src) by extensions ['ros']
[0.146s] Level 1:colcon.colcon_core.package_identification:_identify(src) by extension 'ros'
[0.146s] Level 1:colcon.colcon_core.package_identification:_identify(src) by extensions ['cmake', 'python']
[0.146s] Level 1:colcon.colcon_core.package_identification:_identify(src) by extension 'cmake'
[0.146s] Level 1:colcon.colcon_core.package_identification:_identify(src) by extension 'python'
[0.146s] Level 1:colcon.colcon_core.package_identification:_identify(src) by extensions ['python_setup_py']
[0.146s] Level 1:colcon.colcon_core.package_identification:_identify(src) by extension 'python_setup_py'
[0.146s] Level 1:colcon.colcon_core.package_identification:_identify(src/custom_interfaces) by extensions ['ignore', 'ignore_ament_install']
[0.147s] Level 1:colcon.colcon_core.package_identification:_identify(src/custom_interfaces) by extension 'ignore'
[0.147s] Level 1:colcon.colcon_core.package_identification:_identify(src/custom_interfaces) by extension 'ignore_ament_install'
[0.147s] Level 1:colcon.colcon_core.package_identification:_identify(src/custom_interfaces) by extensions ['colcon_pkg']
[0.147s] Level 1:colcon.colcon_core.package_identification:_identify(src/custom_interfaces) by extension 'colcon_pkg'
[0.147s] Level 1:colcon.colcon_core.package_identification:_identify(src/custom_interfaces) by extensions ['colcon_meta']
[0.147s] Level 1:colcon.colcon_core.package_identification:_identify(src/custom_interfaces) by extension 'colcon_meta'
[0.147s] Level 1:colcon.colcon_core.package_identification:_identify(src/custom_interfaces) by extensions ['ros']
[0.147s] Level 1:colcon.colcon_core.package_identification:_identify(src/custom_interfaces) by extension 'ros'
[0.149s] DEBUG:colcon.colcon_core.package_identification:Package 'src/custom_interfaces' with type 'ros.ament_cmake' and name 'custom_interfaces'
[0.149s] Level 1:colcon.colcon_core.package_identification:_identify(src/final) by extensions ['ignore', 'ignore_ament_install']
[0.149s] Level 1:colcon.colcon_core.package_identification:_identify(src/final) by extension 'ignore'
[0.149s] Level 1:colcon.colcon_core.package_identification:_identify(src/final) by extension 'ignore_ament_install'
[0.149s] Level 1:colcon.colcon_core.package_identification:_identify(src/final) by extensions ['colcon_pkg']
[0.149s] Level 1:colcon.colcon_core.package_identification:_identify(src/final) by extension 'colcon_pkg'
[0.149s] Level 1:colcon.colcon_core.package_identification:_identify(src/final) by extensions ['colcon_meta']
[0.149s] Level 1:colcon.colcon_core.package_identification:_identify(src/final) by extension 'colcon_meta'
[0.149s] Level 1:colcon.colcon_core.package_identification:_identify(src/final) by extensions ['ros']
[0.149s] Level 1:colcon.colcon_core.package_identification:_identify(src/final) by extension 'ros'
[0.150s] DEBUG:colcon.colcon_core.package_identification:Package 'src/final' with type 'ros.ament_python' and name 'final'
[0.150s] Level 1:colcon.colcon_core.package_identification:_identify(src/final_bringup) by extensions ['ignore', 'ignore_ament_install']
[0.150s] Level 1:colcon.colcon_core.package_identification:_identify(src/final_bringup) by extension 'ignore'
[0.150s] Level 1:colcon.colcon_core.package_identification:_identify(src/final_bringup) by extension 'ignore_ament_install'
[0.150s] Level 1:colcon.colcon_core.package_identification:_identify(src/final_bringup) by extensions ['colcon_pkg']
[0.150s] Level 1:colcon.colcon_core.package_identification:_identify(src/final_bringup) by extension 'colcon_pkg'
[0.150s] Level 1:colcon.colcon_core.package_identification:_identify(src/final_bringup) by extensions ['colcon_meta']
[0.150s] Level 1:colcon.colcon_core.package_identification:_identify(src/final_bringup) by extension 'colcon_meta'
[0.150s] Level 1:colcon.colcon_core.package_identification:_identify(src/final_bringup) by extensions ['ros']
[0.150s] Level 1:colcon.colcon_core.package_identification:_identify(src/final_bringup) by extension 'ros'
[0.151s] DEBUG:colcon.colcon_core.package_identification:Package 'src/final_bringup' with type 'ros.ament_cmake' and name 'final_bringup'
[0.151s] Level 1:colcon.colcon_core.package_identification:_identify(src/lab1_pkg) by extensions ['ignore', 'ignore_ament_install']
[0.151s] Level 1:colcon.colcon_core.package_identification:_identify(src/lab1_pkg) by extension 'ignore'
[0.151s] Level 1:colcon.colcon_core.package_identification:_identify(src/lab1_pkg) by extension 'ignore_ament_install'
[0.151s] Level 1:colcon.colcon_core.package_identification:_identify(src/lab1_pkg) by extensions ['colcon_pkg']
[0.151s] Level 1:colcon.colcon_core.package_identification:_identify(src/lab1_pkg) by extension 'colcon_pkg'
[0.151s] Level 1:colcon.colcon_core.package_identification:_identify(src/lab1_pkg) by extensions ['colcon_meta']
[0.151s] Level 1:colcon.colcon_core.package_identification:_identify(src/lab1_pkg) by extension 'colcon_meta'
[0.151s] Level 1:colcon.colcon_core.package_identification:_identify(src/lab1_pkg) by extensions ['ros']
[0.151s] Level 1:colcon.colcon_core.package_identification:_identify(src/lab1_pkg) by extension 'ros'
[0.152s] DEBUG:colcon.colcon_core.package_identification:Package 'src/lab1_pkg' with type 'ros.ament_python' and name 'lab1_pkg'
[0.152s] Level 1:colcon.colcon_core.package_identification:_identify(src/lab2_pkg) by extensions ['ignore', 'ignore_ament_install']
[0.152s] Level 1:colcon.colcon_core.package_identification:_identify(src/lab2_pkg) by extension 'ignore'
[0.152s] Level 1:colcon.colcon_core.package_identification:_identify(src/lab2_pkg) by extension 'ignore_ament_install'
[0.152s] Level 1:colcon.colcon_core.package_identification:_identify(src/lab2_pkg) by extensions ['colcon_pkg']
[0.152s] Level 1:colcon.colcon_core.package_identification:_identify(src/lab2_pkg) by extension 'colcon_pkg'
[0.152s] Level 1:colcon.colcon_core.package_identification:_identify(src/lab2_pkg) by extensions ['colcon_meta']
[0.152s] Level 1:colcon.colcon_core.package_identification:_identify(src/lab2_pkg) by extension 'colcon_meta'
[0.152s] Level 1:colcon.colcon_core.package_identification:_identify(src/lab2_pkg) by extensions ['ros']
[0.152s] Level 1:colcon.colcon_core.package_identification:_identify(src/lab2_pkg) by extension 'ros'
[0.153s] DEBUG:colcon.colcon_core.package_identification:Package 'src/lab2_pkg' with type 'ros.ament_python' and name 'lab2_pkg'
[0.153s] Level 1:colcon.colcon_core.package_identification:_identify(src/lab3_pkg) by extensions ['ignore', 'ignore_ament_install']
[0.153s] Level 1:colcon.colcon_core.package_identification:_identify(src/lab3_pkg) by extension 'ignore'
[0.153s] Level 1:colcon.colcon_core.package_identification:_identify(src/lab3_pkg) by extension 'ignore_ament_install'
[0.153s] Level 1:colcon.colcon_core.package_identification:_identify(src/lab3_pkg) by extensions ['colcon_pkg']
[0.153s] Level 1:colcon.colcon_core.package_identification:_identify(src/lab3_pkg) by extension 'colcon_pkg'
[0.153s] Level 1:colcon.colcon_core.package_identification:_identify(src/lab3_pkg) by extensions ['colcon_meta']
[0.153s] Level 1:colcon.colcon_core.package_identification:_identify(src/lab3_pkg) by extension 'colcon_meta'
[0.153s] Level 1:colcon.colcon_core.package_identification:_identify(src/lab3_pkg) by extensions ['ros']
[0.153s] Level 1:colcon.colcon_core.package_identification:_identify(src/lab3_pkg) by extension 'ros'
[0.154s] DEBUG:colcon.colcon_core.package_identification:Package 'src/lab3_pkg' with type 'ros.ament_python' and name 'lab3_pkg'
[0.154s] Level 1:colcon.colcon_core.package_identification:_identify(src/lab4_pkg) by extensions ['ignore', 'ignore_ament_install']
[0.154s] Level 1:colcon.colcon_core.package_identification:_identify(src/lab4_pkg) by extension 'ignore'
[0.154s] Level 1:colcon.colcon_core.package_identification:_identify(src/lab4_pkg) by extension 'ignore_ament_install'
[0.154s] Level 1:colcon.colcon_core.package_identification:_identify(src/lab4_pkg) by extensions ['colcon_pkg']
[0.154s] Level 1:colcon.colcon_core.package_identification:_identify(src/lab4_pkg) by extension 'colcon_pkg'
[0.154s] Level 1:colcon.colcon_core.package_identification:_identify(src/lab4_pkg) by extensions ['colcon_meta']
[0.154s] Level 1:colcon.colcon_core.package_identification:_identify(src/lab4_pkg) by extension 'colcon_meta'
[0.154s] Level 1:colcon.colcon_core.package_identification:_identify(src/lab4_pkg) by extensions ['ros']
[0.154s] Level 1:colcon.colcon_core.package_identification:_identify(src/lab4_pkg) by extension 'ros'
[0.154s] Level 1:colcon.colcon_core.package_identification:_identify(src/lab4_pkg) by extensions ['cmake', 'python']
[0.154s] Level 1:colcon.colcon_core.package_identification:_identify(src/lab4_pkg) by extension 'cmake'
[0.154s] Level 1:colcon.colcon_core.package_identification:_identify(src/lab4_pkg) by extension 'python'
[0.154s] Level 1:colcon.colcon_core.package_identification:_identify(src/lab4_pkg) by extensions ['python_setup_py']
[0.154s] Level 1:colcon.colcon_core.package_identification:_identify(src/lab4_pkg) by extension 'python_setup_py'
[0.154s] Level 1:colcon.colcon_core.package_identification:_identify(src/lab5_pkg) by extensions ['ignore', 'ignore_ament_install']
[0.154s] Level 1:colcon.colcon_core.package_identification:_identify(src/lab5_pkg) by extension 'ignore'
[0.155s] Level 1:colcon.colcon_core.package_identification:_identify(src/lab5_pkg) by extension 'ignore_ament_install'
[0.155s] Level 1:colcon.colcon_core.package_identification:_identify(src/lab5_pkg) by extensions ['colcon_pkg']
[0.155s] Level 1:colcon.colcon_core.package_identification:_identify(src/lab5_pkg) by extension 'colcon_pkg'
[0.155s] Level 1:colcon.colcon_core.package_identification:_identify(src/lab5_pkg) by extensions ['colcon_meta']
[0.155s] Level 1:colcon.colcon_core.package_identification:_identify(src/lab5_pkg) by extension 'colcon_meta'
[0.155s] Level 1:colcon.colcon_core.package_identification:_identify(src/lab5_pkg) by extensions ['ros']
[0.155s] Level 1:colcon.colcon_core.package_identification:_identify(src/lab5_pkg) by extension 'ros'
[0.155s] DEBUG:colcon.colcon_core.package_identification:Package 'src/lab5_pkg' with type 'ros.ament_python' and name 'lab5_pkg'
[0.155s] Level 1:colcon.colcon_core.package_identification:_identify(src/lab_bringup) by extensions ['ignore', 'ignore_ament_install']
[0.155s] Level 1:colcon.colcon_core.package_identification:_identify(src/lab_bringup) by extension 'ignore'
[0.155s] Level 1:colcon.colcon_core.package_identification:_identify(src/lab_bringup) by extension 'ignore_ament_install'
[0.156s] Level 1:colcon.colcon_core.package_identification:_identify(src/lab_bringup) by extensions ['colcon_pkg']
[0.156s] Level 1:colcon.colcon_core.package_identification:_identify(src/lab_bringup) by extension 'colcon_pkg'
[0.156s] Level 1:colcon.colcon_core.package_identification:_identify(src/lab_bringup) by extensions ['colcon_meta']
[0.156s] Level 1:colcon.colcon_core.package_identification:_identify(src/lab_bringup) by extension 'colcon_meta'
[0.156s] Level 1:colcon.colcon_core.package_identification:_identify(src/lab_bringup) by extensions ['ros']
[0.156s] Level 1:colcon.colcon_core.package_identification:_identify(src/lab_bringup) by extension 'ros'
[0.156s] DEBUG:colcon.colcon_core.package_identification:Package 'src/lab_bringup' with type 'ros.ament_cmake' and name 'lab_bringup'
[0.156s] Level 1:colcon.colcon_core.package_discovery:discover_packages(recursive) using defaults
[0.156s] Level 1:colcon.colcon_core.package_discovery:discover_packages(ignore) discover
[0.156s] Level 1:colcon.colcon_core.package_discovery:discover_packages(ignore) using defaults
[0.156s] Level 1:colcon.colcon_core.package_discovery:discover_packages(path) discover
[0.156s] Level 1:colcon.colcon_core.package_discovery:discover_packages(path) using defaults
[0.171s] Level 1:colcon.colcon_core.package_discovery:discover_packages(prefix_path) check parameters
[0.171s] Level 1:colcon.colcon_core.package_discovery:discover_packages(prefix_path) discover
[0.172s] Level 1:colcon.colcon_core.package_discovery:discover_packages(prefix_path) using defaults
[0.173s] Level 5:colcon.colcon_core.verb:set package 'custom_interfaces' build argument 'cmake_args' from command line to 'None'
[0.173s] Level 5:colcon.colcon_core.verb:set package 'custom_interfaces' build argument 'cmake_target' from command line to 'None'
[0.173s] Level 5:colcon.colcon_core.verb:set package 'custom_interfaces' build argument 'cmake_target_skip_unavailable' from command line to 'False'
[0.173s] Level 5:colcon.colcon_core.verb:set package 'custom_interfaces' build argument 'cmake_clean_cache' from command line to 'False'
[0.173s] Level 5:colcon.colcon_core.verb:set package 'custom_interfaces' build argument 'cmake_clean_first' from command line to 'False'
[0.173s] Level 5:colcon.colcon_core.verb:set package 'custom_interfaces' build argument 'cmake_force_configure' from command line to 'False'
[0.173s] Level 5:colcon.colcon_core.verb:set package 'custom_interfaces' build argument 'ament_cmake_args' from command line to 'None'
[0.173s] Level 5:colcon.colcon_core.verb:set package 'custom_interfaces' build argument 'catkin_cmake_args' from command line to 'None'
[0.173s] Level 5:colcon.colcon_core.verb:set package 'custom_interfaces' build argument 'catkin_skip_building_tests' from command line to 'False'
[0.173s] DEBUG:colcon.colcon_core.verb:Building package 'custom_interfaces' with the following arguments: {'ament_cmake_args': None, 'build_base': '/home/gbonham/turtlebot4_ws/build/custom_interfaces', 'catkin_cmake_args': None, 'catkin_skip_building_tests': False, 'cmake_args': None, 'cmake_clean_cache': False, 'cmake_clean_first': False, 'cmake_force_configure': False, 'cmake_target': None, 'cmake_target_skip_unavailable': False, 'install_base': '/home/gbonham/turtlebot4_ws/install/custom_interfaces', 'merge_install': False, 'path': '/home/gbonham/turtlebot4_ws/src/custom_interfaces', 'symlink_install': False, 'test_result_base': None}
[0.174s] Level 5:colcon.colcon_core.verb:set package 'lab1_pkg' build argument 'cmake_args' from command line to 'None'
[0.174s] Level 5:colcon.colcon_core.verb:set package 'lab1_pkg' build argument 'cmake_target' from command line to 'None'
[0.174s] Level 5:colcon.colcon_core.verb:set package 'lab1_pkg' build argument 'cmake_target_skip_unavailable' from command line to 'False'
[0.174s] Level 5:colcon.colcon_core.verb:set package 'lab1_pkg' build argument 'cmake_clean_cache' from command line to 'False'
[0.174s] Level 5:colcon.colcon_core.verb:set package 'lab1_pkg' build argument 'cmake_clean_first' from command line to 'False'
[0.174s] Level 5:colcon.colcon_core.verb:set package 'lab1_pkg' build argument 'cmake_force_configure' from command line to 'False'
[0.174s] Level 5:colcon.colcon_core.verb:set package 'lab1_pkg' build argument 'ament_cmake_args' from command line to 'None'
[0.174s] Level 5:colcon.colcon_core.verb:set package 'lab1_pkg' build argument 'catkin_cmake_args' from command line to 'None'
[0.174s] Level 5:colcon.colcon_core.verb:set package 'lab1_pkg' build argument 'catkin_skip_building_tests' from command line to 'False'
[0.174s] DEBUG:colcon.colcon_core.verb:Building package 'lab1_pkg' with the following arguments: {'ament_cmake_args': None, 'build_base': '/home/gbonham/turtlebot4_ws/build/lab1_pkg', 'catkin_cmake_args': None, 'catkin_skip_building_tests': False, 'cmake_args': None, 'cmake_clean_cache': False, 'cmake_clean_first': False, 'cmake_force_configure': False, 'cmake_target': None, 'cmake_target_skip_unavailable': False, 'install_base': '/home/gbonham/turtlebot4_ws/install/lab1_pkg', 'merge_install': False, 'path': '/home/gbonham/turtlebot4_ws/src/lab1_pkg', 'symlink_install': False, 'test_result_base': None}
[0.174s] Level 5:colcon.colcon_core.verb:set package 'lab2_pkg' build argument 'cmake_args' from command line to 'None'
[0.174s] Level 5:colcon.colcon_core.verb:set package 'lab2_pkg' build argument 'cmake_target' from command line to 'None'
[0.174s] Level 5:colcon.colcon_core.verb:set package 'lab2_pkg' build argument 'cmake_target_skip_unavailable' from command line to 'False'
[0.174s] Level 5:colcon.colcon_core.verb:set package 'lab2_pkg' build argument 'cmake_clean_cache' from command line to 'False'
[0.174s] Level 5:colcon.colcon_core.verb:set package 'lab2_pkg' build argument 'cmake_clean_first' from command line to 'False'
[0.174s] Level 5:colcon.colcon_core.verb:set package 'lab2_pkg' build argument 'cmake_force_configure' from command line to 'False'
[0.174s] Level 5:colcon.colcon_core.verb:set package 'lab2_pkg' build argument 'ament_cmake_args' from command line to 'None'
[0.174s] Level 5:colcon.colcon_core.verb:set package 'lab2_pkg' build argument 'catkin_cmake_args' from command line to 'None'
[0.174s] Level 5:colcon.colcon_core.verb:set package 'lab2_pkg' build argument 'catkin_skip_building_tests' from command line to 'False'
[0.174s] DEBUG:colcon.colcon_core.verb:Building package 'lab2_pkg' with the following arguments: {'ament_cmake_args': None, 'build_base': '/home/gbonham/turtlebot4_ws/build/lab2_pkg', 'catkin_cmake_args': None, 'catkin_skip_building_tests': False, 'cmake_args': None, 'cmake_clean_cache': False, 'cmake_clean_first': False, 'cmake_force_configure': False, 'cmake_target': None, 'cmake_target_skip_unavailable': False, 'install_base': '/home/gbonham/turtlebot4_ws/install/lab2_pkg', 'merge_install': False, 'path': '/home/gbonham/turtlebot4_ws/src/lab2_pkg', 'symlink_install': False, 'test_result_base': None}
[0.174s] Level 5:colcon.colcon_core.verb:set package 'final' build argument 'cmake_args' from command line to 'None'
[0.174s] Level 5:colcon.colcon_core.verb:set package 'final' build argument 'cmake_target' from command line to 'None'
[0.174s] Level 5:colcon.colcon_core.verb:set package 'final' build argument 'cmake_target_skip_unavailable' from command line to 'False'
[0.175s] Level 5:colcon.colcon_core.verb:set package 'final' build argument 'cmake_clean_cache' from command line to 'False'
[0.175s] Level 5:colcon.colcon_core.verb:set package 'final' build argument 'cmake_clean_first' from command line to 'False'
[0.175s] Level 5:colcon.colcon_core.verb:set package 'final' build argument 'cmake_force_configure' from command line to 'False'
[0.175s] Level 5:colcon.colcon_core.verb:set package 'final' build argument 'ament_cmake_args' from command line to 'None'
[0.175s] Level 5:colcon.colcon_core.verb:set package 'final' build argument 'catkin_cmake_args' from command line to 'None'
[0.175s] Level 5:colcon.colcon_core.verb:set package 'final' build argument 'catkin_skip_building_tests' from command line to 'False'
[0.175s] DEBUG:colcon.colcon_core.verb:Building package 'final' with the following arguments: {'ament_cmake_args': None, 'build_base': '/home/gbonham/turtlebot4_ws/build/final', 'catkin_cmake_args': None, 'catkin_skip_building_tests': False, 'cmake_args': None, 'cmake_clean_cache': False, 'cmake_clean_first': False, 'cmake_force_configure': False, 'cmake_target': None, 'cmake_target_skip_unavailable': False, 'install_base': '/home/gbonham/turtlebot4_ws/install/final', 'merge_install': False, 'path': '/home/gbonham/turtlebot4_ws/src/final', 'symlink_install': False, 'test_result_base': None}
[0.175s] Level 5:colcon.colcon_core.verb:set package 'lab3_pkg' build argument 'cmake_args' from command line to 'None'
[0.175s] Level 5:colcon.colcon_core.verb:set package 'lab3_pkg' build argument 'cmake_target' from command line to 'None'
[0.175s] Level 5:colcon.colcon_core.verb:set package 'lab3_pkg' build argument 'cmake_target_skip_unavailable' from command line to 'False'
[0.175s] Level 5:colcon.colcon_core.verb:set package 'lab3_pkg' build argument 'cmake_clean_cache' from command line to 'False'
[0.175s] Level 5:colcon.colcon_core.verb:set package 'lab3_pkg' build argument 'cmake_clean_first' from command line to 'False'
[0.175s] Level 5:colcon.colcon_core.verb:set package 'lab3_pkg' build argument 'cmake_force_configure' from command line to 'False'
[0.175s] Level 5:colcon.colcon_core.verb:set package 'lab3_pkg' build argument 'ament_cmake_args' from command line to 'None'
[0.175s] Level 5:colcon.colcon_core.verb:set package 'lab3_pkg' build argument 'catkin_cmake_args' from command line to 'None'
[0.175s] Level 5:colcon.colcon_core.verb:set package 'lab3_pkg' build argument 'catkin_skip_building_tests' from command line to 'False'
[0.175s] DEBUG:colcon.colcon_core.verb:Building package 'lab3_pkg' with the following arguments: {'ament_cmake_args': None, 'build_base': '/home/gbonham/turtlebot4_ws/build/lab3_pkg', 'catkin_cmake_args': None, 'catkin_skip_building_tests': False, 'cmake_args': None, 'cmake_clean_cache': False, 'cmake_clean_first': False, 'cmake_force_configure': False, 'cmake_target': None, 'cmake_target_skip_unavailable': False, 'install_base': '/home/gbonham/turtlebot4_ws/install/lab3_pkg', 'merge_install': False, 'path': '/home/gbonham/turtlebot4_ws/src/lab3_pkg', 'symlink_install': False, 'test_result_base': None}
[0.175s] Level 5:colcon.colcon_core.verb:set package 'lab5_pkg' build argument 'cmake_args' from command line to 'None'
[0.175s] Level 5:colcon.colcon_core.verb:set package 'lab5_pkg' build argument 'cmake_target' from command line to 'None'
[0.175s] Level 5:colcon.colcon_core.verb:set package 'lab5_pkg' build argument 'cmake_target_skip_unavailable' from command line to 'False'
[0.175s] Level 5:colcon.colcon_core.verb:set package 'lab5_pkg' build argument 'cmake_clean_cache' from command line to 'False'
[0.175s] Level 5:colcon.colcon_core.verb:set package 'lab5_pkg' build argument 'cmake_clean_first' from command line to 'False'
[0.175s] Level 5:colcon.colcon_core.verb:set package 'lab5_pkg' build argument 'cmake_force_configure' from command line to 'False'
[0.175s] Level 5:colcon.colcon_core.verb:set package 'lab5_pkg' build argument 'ament_cmake_args' from command line to 'None'
[0.175s] Level 5:colcon.colcon_core.verb:set package 'lab5_pkg' build argument 'catkin_cmake_args' from command line to 'None'
[0.175s] Level 5:colcon.colcon_core.verb:set package 'lab5_pkg' build argument 'catkin_skip_building_tests' from command line to 'False'
[0.175s] DEBUG:colcon.colcon_core.verb:Building package 'lab5_pkg' with the following arguments: {'ament_cmake_args': None, 'build_base': '/home/gbonham/turtlebot4_ws/build/lab5_pkg', 'catkin_cmake_args': None, 'catkin_skip_building_tests': False, 'cmake_args': None, 'cmake_clean_cache': False, 'cmake_clean_first': False, 'cmake_force_configure': False, 'cmake_target': None, 'cmake_target_skip_unavailable': False, 'install_base': '/home/gbonham/turtlebot4_ws/install/lab5_pkg', 'merge_install': False, 'path': '/home/gbonham/turtlebot4_ws/src/lab5_pkg', 'symlink_install': False, 'test_result_base': None}
[0.176s] Level 5:colcon.colcon_core.verb:set package 'final_bringup' build argument 'cmake_args' from command line to 'None'
[0.176s] Level 5:colcon.colcon_core.verb:set package 'final_bringup' build argument 'cmake_target' from command line to 'None'
[0.176s] Level 5:colcon.colcon_core.verb:set package 'final_bringup' build argument 'cmake_target_skip_unavailable' from command line to 'False'
[0.176s] Level 5:colcon.colcon_core.verb:set package 'final_bringup' build argument 'cmake_clean_cache' from command line to 'False'
[0.176s] Level 5:colcon.colcon_core.verb:set package 'final_bringup' build argument 'cmake_clean_first' from command line to 'False'
[0.176s] Level 5:colcon.colcon_core.verb:set package 'final_bringup' build argument 'cmake_force_configure' from command line to 'False'
[0.176s] Level 5:colcon.colcon_core.verb:set package 'final_bringup' build argument 'ament_cmake_args' from command line to 'None'
[0.176s] Level 5:colcon.colcon_core.verb:set package 'final_bringup' build argument 'catkin_cmake_args' from command line to 'None'
[0.176s] Level 5:colcon.colcon_core.verb:set package 'final_bringup' build argument 'catkin_skip_building_tests' from command line to 'False'
[0.176s] DEBUG:colcon.colcon_core.verb:Building package 'final_bringup' with the following arguments: {'ament_cmake_args': None, 'build_base': '/home/gbonham/turtlebot4_ws/build/final_bringup', 'catkin_cmake_args': None, 'catkin_skip_building_tests': False, 'cmake_args': None, 'cmake_clean_cache': False, 'cmake_clean_first': False, 'cmake_force_configure': False, 'cmake_target': None, 'cmake_target_skip_unavailable': False, 'install_base': '/home/gbonham/turtlebot4_ws/install/final_bringup', 'merge_install': False, 'path': '/home/gbonham/turtlebot4_ws/src/final_bringup', 'symlink_install': False, 'test_result_base': None}
[0.176s] Level 5:colcon.colcon_core.verb:set package 'lab_bringup' build argument 'cmake_args' from command line to 'None'
[0.176s] Level 5:colcon.colcon_core.verb:set package 'lab_bringup' build argument 'cmake_target' from command line to 'None'
[0.176s] Level 5:colcon.colcon_core.verb:set package 'lab_bringup' build argument 'cmake_target_skip_unavailable' from command line to 'False'
[0.176s] Level 5:colcon.colcon_core.verb:set package 'lab_bringup' build argument 'cmake_clean_cache' from command line to 'False'
[0.176s] Level 5:colcon.colcon_core.verb:set package 'lab_bringup' build argument 'cmake_clean_first' from command line to 'False'
[0.176s] Level 5:colcon.colcon_core.verb:set package 'lab_bringup' build argument 'cmake_force_configure' from command line to 'False'
[0.176s] Level 5:colcon.colcon_core.verb:set package 'lab_bringup' build argument 'ament_cmake_args' from command line to 'None'
[0.176s] Level 5:colcon.colcon_core.verb:set package 'lab_bringup' build argument 'catkin_cmake_args' from command line to 'None'
[0.176s] Level 5:colcon.colcon_core.verb:set package 'lab_bringup' build argument 'catkin_skip_building_tests' from command line to 'False'
[0.176s] DEBUG:colcon.colcon_core.verb:Building package 'lab_bringup' with the following arguments: {'ament_cmake_args': None, 'build_base': '/home/gbonham/turtlebot4_ws/build/lab_bringup', 'catkin_cmake_args': None, 'catkin_skip_building_tests': False, 'cmake_args': None, 'cmake_clean_cache': False, 'cmake_clean_first': False, 'cmake_force_configure': False, 'cmake_target': None, 'cmake_target_skip_unavailable': False, 'install_base': '/home/gbonham/turtlebot4_ws/install/lab_bringup', 'merge_install': False, 'path': '/home/gbonham/turtlebot4_ws/src/lab_bringup', 'symlink_install': False, 'test_result_base': None}
[0.176s] INFO:colcon.colcon_core.executor:Executing jobs using 'parallel' executor
[0.177s] DEBUG:colcon.colcon_parallel_executor.executor.parallel:run_until_complete
[0.177s] INFO:colcon.colcon_ros.task.ament_cmake.build:Building ROS package in '/home/gbonham/turtlebot4_ws/src/custom_interfaces' with build type 'ament_cmake'
[0.177s] INFO:colcon.colcon_cmake.task.cmake.build:Building CMake package in '/home/gbonham/turtlebot4_ws/src/custom_interfaces'
[0.179s] INFO:colcon.colcon_core.plugin_system:Skipping extension 'colcon_core.shell.bat': Not used on non-Windows systems
[0.179s] INFO:colcon.colcon_core.shell:Skip shell extension 'powershell' for command environment: Not usable outside of PowerShell
[0.179s] DEBUG:colcon.colcon_core.shell:Skip shell extension 'dsv' for command environment
[0.180s] INFO:colcon.colcon_ros.task.ament_python.build:Building ROS package in '/home/gbonham/turtlebot4_ws/src/lab1_pkg' with build type 'ament_python'
[0.180s] Level 1:colcon.colcon_core.shell:create_environment_hook('lab1_pkg', 'ament_prefix_path')
[0.180s] INFO:colcon.colcon_core.shell:Creating environment hook '/home/gbonham/turtlebot4_ws/install/lab1_pkg/share/lab1_pkg/hook/ament_prefix_path.ps1'
[0.181s] INFO:colcon.colcon_core.shell:Creating environment descriptor '/home/gbonham/turtlebot4_ws/install/lab1_pkg/share/lab1_pkg/hook/ament_prefix_path.dsv'
[0.181s] INFO:colcon.colcon_core.shell:Creating environment hook '/home/gbonham/turtlebot4_ws/install/lab1_pkg/share/lab1_pkg/hook/ament_prefix_path.sh'
[0.182s] INFO:colcon.colcon_core.shell:Skip shell extension 'powershell' for command environment: Not usable outside of PowerShell
[0.182s] DEBUG:colcon.colcon_core.shell:Skip shell extension 'dsv' for command environment
[0.184s] INFO:colcon.colcon_ros.task.ament_python.build:Building ROS package in '/home/gbonham/turtlebot4_ws/src/lab2_pkg' with build type 'ament_python'
[0.184s] Level 1:colcon.colcon_core.shell:create_environment_hook('lab2_pkg', 'ament_prefix_path')
[0.184s] INFO:colcon.colcon_core.shell:Creating environment hook '/home/gbonham/turtlebot4_ws/install/lab2_pkg/share/lab2_pkg/hook/ament_prefix_path.ps1'
[0.184s] INFO:colcon.colcon_core.shell:Creating environment descriptor '/home/gbonham/turtlebot4_ws/install/lab2_pkg/share/lab2_pkg/hook/ament_prefix_path.dsv'
[0.185s] INFO:colcon.colcon_core.shell:Creating environment hook '/home/gbonham/turtlebot4_ws/install/lab2_pkg/share/lab2_pkg/hook/ament_prefix_path.sh'
[0.186s] INFO:colcon.colcon_core.shell:Skip shell extension 'powershell' for command environment: Not usable outside of PowerShell
[0.186s] DEBUG:colcon.colcon_core.shell:Skip shell extension 'dsv' for command environment
[0.191s] DEBUG:colcon.colcon_core.event_handler.log_command:Invoking command in '/home/gbonham/turtlebot4_ws/build/custom_interfaces': /usr/bin/cmake --build /home/gbonham/turtlebot4_ws/build/custom_interfaces -- -j16 -l16
[0.395s] INFO:colcon.colcon_core.task.python.build:Building Python package in '/home/gbonham/turtlebot4_ws/src/lab1_pkg'
[0.395s] INFO:colcon.colcon_core.shell:Skip shell extension 'powershell' for command environment: Not usable outside of PowerShell
[0.395s] DEBUG:colcon.colcon_core.shell:Skip shell extension 'dsv' for command environment
[0.562s] INFO:colcon.colcon_core.task.python.build:Building Python package in '/home/gbonham/turtlebot4_ws/src/lab2_pkg'
[0.562s] INFO:colcon.colcon_core.shell:Skip shell extension 'powershell' for command environment: Not usable outside of PowerShell
[0.562s] DEBUG:colcon.colcon_core.shell:Skip shell extension 'dsv' for command environment
[0.569s] DEBUG:colcon.colcon_core.event_handler.log_command:Invoked command in '/home/gbonham/turtlebot4_ws/build/custom_interfaces' returned '0': /usr/bin/cmake --build /home/gbonham/turtlebot4_ws/build/custom_interfaces -- -j16 -l16
[0.577s] DEBUG:colcon.colcon_core.event_handler.log_command:Invoking command in '/home/gbonham/turtlebot4_ws/build/custom_interfaces': /usr/bin/cmake --install /home/gbonham/turtlebot4_ws/build/custom_interfaces
[0.635s] Level 1:colcon.colcon_core.environment:create_environment_scripts_only(custom_interfaces)
[0.637s] DEBUG:colcon.colcon_core.event_handler.log_command:Invoked command in '/home/gbonham/turtlebot4_ws/build/custom_interfaces' returned '0': /usr/bin/cmake --install /home/gbonham/turtlebot4_ws/build/custom_interfaces
[0.638s] Level 1:colcon.colcon_core.environment:checking '/home/gbonham/turtlebot4_ws/install/custom_interfaces' for CMake module files
[0.639s] Level 1:colcon.colcon_core.environment:checking '/home/gbonham/turtlebot4_ws/install/custom_interfaces' for CMake config files
[0.639s] Level 1:colcon.colcon_core.shell:create_environment_hook('custom_interfaces', 'cmake_prefix_path')
[0.640s] INFO:colcon.colcon_core.shell:Creating environment hook '/home/gbonham/turtlebot4_ws/install/custom_interfaces/share/custom_interfaces/hook/cmake_prefix_path.ps1'
[0.640s] INFO:colcon.colcon_core.shell:Creating environment descriptor '/home/gbonham/turtlebot4_ws/install/custom_interfaces/share/custom_interfaces/hook/cmake_prefix_path.dsv'
[0.640s] INFO:colcon.colcon_core.shell:Creating environment hook '/home/gbonham/turtlebot4_ws/install/custom_interfaces/share/custom_interfaces/hook/cmake_prefix_path.sh'
[0.641s] Level 1:colcon.colcon_core.environment:checking '/home/gbonham/turtlebot4_ws/install/custom_interfaces/lib'
[0.641s] Level 1:colcon.colcon_core.shell:create_environment_hook('custom_interfaces', 'ld_library_path_lib')
[0.641s] INFO:colcon.colcon_core.shell:Creating environment hook '/home/gbonham/turtlebot4_ws/install/custom_interfaces/share/custom_interfaces/hook/ld_library_path_lib.ps1'
[0.642s] INFO:colcon.colcon_core.shell:Creating environment descriptor '/home/gbonham/turtlebot4_ws/install/custom_interfaces/share/custom_interfaces/hook/ld_library_path_lib.dsv'
[0.642s] INFO:colcon.colcon_core.shell:Creating environment hook '/home/gbonham/turtlebot4_ws/install/custom_interfaces/share/custom_interfaces/hook/ld_library_path_lib.sh'
[0.642s] Level 1:colcon.colcon_core.environment:checking '/home/gbonham/turtlebot4_ws/install/custom_interfaces/bin'
[0.642s] Level 1:colcon.colcon_core.environment:checking '/home/gbonham/turtlebot4_ws/install/custom_interfaces/lib/pkgconfig/custom_interfaces.pc'
[0.643s] Level 1:colcon.colcon_core.environment:checking '/home/gbonham/turtlebot4_ws/install/custom_interfaces/lib/python3.12/site-packages'
[0.643s] Level 1:colcon.colcon_core.shell:create_environment_hook('custom_interfaces', 'pythonpath')
[0.643s] INFO:colcon.colcon_core.shell:Creating environment hook '/home/gbonham/turtlebot4_ws/install/custom_interfaces/share/custom_interfaces/hook/pythonpath.ps1'
[0.644s] INFO:colcon.colcon_core.shell:Creating environment descriptor '/home/gbonham/turtlebot4_ws/install/custom_interfaces/share/custom_interfaces/hook/pythonpath.dsv'
[0.644s] INFO:colcon.colcon_core.shell:Creating environment hook '/home/gbonham/turtlebot4_ws/install/custom_interfaces/share/custom_interfaces/hook/pythonpath.sh'
[0.644s] Level 1:colcon.colcon_core.environment:checking '/home/gbonham/turtlebot4_ws/install/custom_interfaces/bin'
[0.645s] INFO:colcon.colcon_core.shell:Creating package script '/home/gbonham/turtlebot4_ws/install/custom_interfaces/share/custom_interfaces/package.ps1'
[0.646s] INFO:colcon.colcon_core.shell:Creating package descriptor '/home/gbonham/turtlebot4_ws/install/custom_interfaces/share/custom_interfaces/package.dsv'
[0.646s] INFO:colcon.colcon_core.shell:Creating package script '/home/gbonham/turtlebot4_ws/install/custom_interfaces/share/custom_interfaces/package.sh'
[0.647s] INFO:colcon.colcon_core.shell:Creating package script '/home/gbonham/turtlebot4_ws/install/custom_interfaces/share/custom_interfaces/package.bash'
[0.647s] INFO:colcon.colcon_core.shell:Creating package script '/home/gbonham/turtlebot4_ws/install/custom_interfaces/share/custom_interfaces/package.zsh'
[0.648s] Level 1:colcon.colcon_core.environment:create_file_with_runtime_dependencies(/home/gbonham/turtlebot4_ws/install/custom_interfaces/share/colcon-core/packages/custom_interfaces)
[0.649s] Level 1:colcon.colcon_core.environment:create_environment_scripts_only(custom_interfaces)
[0.649s] Level 1:colcon.colcon_core.environment:checking '/home/gbonham/turtlebot4_ws/install/custom_interfaces' for CMake module files
[0.651s] Level 1:colcon.colcon_core.environment:checking '/home/gbonham/turtlebot4_ws/install/custom_interfaces' for CMake config files
[0.652s] Level 1:colcon.colcon_core.shell:create_environment_hook('custom_interfaces', 'cmake_prefix_path')
[0.652s] INFO:colcon.colcon_core.shell:Creating environment hook '/home/gbonham/turtlebot4_ws/install/custom_interfaces/share/custom_interfaces/hook/cmake_prefix_path.ps1'
[0.653s] INFO:colcon.colcon_core.shell:Creating environment descriptor '/home/gbonham/turtlebot4_ws/install/custom_interfaces/share/custom_interfaces/hook/cmake_prefix_path.dsv'
[0.653s] INFO:colcon.colcon_core.shell:Creating environment hook '/home/gbonham/turtlebot4_ws/install/custom_interfaces/share/custom_interfaces/hook/cmake_prefix_path.sh'
[0.653s] Level 1:colcon.colcon_core.environment:checking '/home/gbonham/turtlebot4_ws/install/custom_interfaces/lib'
[0.654s] Level 1:colcon.colcon_core.shell:create_environment_hook('custom_interfaces', 'ld_library_path_lib')
[0.654s] INFO:colcon.colcon_core.shell:Creating environment hook '/home/gbonham/turtlebot4_ws/install/custom_interfaces/share/custom_interfaces/hook/ld_library_path_lib.ps1'
[0.654s] INFO:colcon.colcon_core.shell:Creating environment descriptor '/home/gbonham/turtlebot4_ws/install/custom_interfaces/share/custom_interfaces/hook/ld_library_path_lib.dsv'
[0.655s] INFO:colcon.colcon_core.shell:Creating environment hook '/home/gbonham/turtlebot4_ws/install/custom_interfaces/share/custom_interfaces/hook/ld_library_path_lib.sh'
[0.655s] Level 1:colcon.colcon_core.environment:checking '/home/gbonham/turtlebot4_ws/install/custom_interfaces/bin'
[0.655s] Level 1:colcon.colcon_core.environment:checking '/home/gbonham/turtlebot4_ws/install/custom_interfaces/lib/pkgconfig/custom_interfaces.pc'
[0.655s] Level 1:colcon.colcon_core.environment:checking '/home/gbonham/turtlebot4_ws/install/custom_interfaces/lib/python3.12/site-packages'
[0.656s] Level 1:colcon.colcon_core.shell:create_environment_hook('custom_interfaces', 'pythonpath')
[0.656s] INFO:colcon.colcon_core.shell:Creating environment hook '/home/gbonham/turtlebot4_ws/install/custom_interfaces/share/custom_interfaces/hook/pythonpath.ps1'
[0.656s] INFO:colcon.colcon_core.shell:Creating environment descriptor '/home/gbonham/turtlebot4_ws/install/custom_interfaces/share/custom_interfaces/hook/pythonpath.dsv'
[0.657s] INFO:colcon.colcon_core.shell:Creating environment hook '/home/gbonham/turtlebot4_ws/install/custom_interfaces/share/custom_interfaces/hook/pythonpath.sh'
[0.657s] Level 1:colcon.colcon_core.environment:checking '/home/gbonham/turtlebot4_ws/install/custom_interfaces/bin'
[0.657s] INFO:colcon.colcon_core.shell:Creating package script '/home/gbonham/turtlebot4_ws/install/custom_interfaces/share/custom_interfaces/package.ps1'
[0.700s] INFO:colcon.colcon_core.shell:Creating package descriptor '/home/gbonham/turtlebot4_ws/install/custom_interfaces/share/custom_interfaces/package.dsv'
[0.700s] INFO:colcon.colcon_core.shell:Creating package script '/home/gbonham/turtlebot4_ws/install/custom_interfaces/share/custom_interfaces/package.sh'
[0.701s] INFO:colcon.colcon_core.shell:Creating package script '/home/gbonham/turtlebot4_ws/install/custom_interfaces/share/custom_interfaces/package.bash'
[0.701s] INFO:colcon.colcon_core.shell:Creating package script '/home/gbonham/turtlebot4_ws/install/custom_interfaces/share/custom_interfaces/package.zsh'
[0.701s] Level 1:colcon.colcon_core.environment:create_file_with_runtime_dependencies(/home/gbonham/turtlebot4_ws/install/custom_interfaces/share/colcon-core/packages/custom_interfaces)
[0.702s] INFO:colcon.colcon_ros.task.ament_python.build:Building ROS package in '/home/gbonham/turtlebot4_ws/src/lab3_pkg' with build type 'ament_python'
[0.702s] Level 1:colcon.colcon_core.shell:create_environment_hook('lab3_pkg', 'ament_prefix_path')
[0.702s] INFO:colcon.colcon_core.shell:Creating environment hook '/home/gbonham/turtlebot4_ws/install/lab3_pkg/share/lab3_pkg/hook/ament_prefix_path.ps1'
[0.703s] INFO:colcon.colcon_core.shell:Creating environment descriptor '/home/gbonham/turtlebot4_ws/install/lab3_pkg/share/lab3_pkg/hook/ament_prefix_path.dsv'
[0.704s] INFO:colcon.colcon_core.shell:Creating environment hook '/home/gbonham/turtlebot4_ws/install/lab3_pkg/share/lab3_pkg/hook/ament_prefix_path.sh'
[0.705s] INFO:colcon.colcon_core.shell:Skip shell extension 'powershell' for command environment: Not usable outside of PowerShell
[0.705s] DEBUG:colcon.colcon_core.shell:Skip shell extension 'dsv' for command environment
[0.706s] INFO:colcon.colcon_ros.task.ament_python.build:Building ROS package in '/home/gbonham/turtlebot4_ws/src/final' with build type 'ament_python'
[0.706s] Level 1:colcon.colcon_core.shell:create_environment_hook('final', 'ament_prefix_path')
[0.706s] INFO:colcon.colcon_core.shell:Creating environment hook '/home/gbonham/turtlebot4_ws/install/final/share/final/hook/ament_prefix_path.ps1'
[0.707s] INFO:colcon.colcon_core.shell:Creating environment descriptor '/home/gbonham/turtlebot4_ws/install/final/share/final/hook/ament_prefix_path.dsv'
[0.707s] INFO:colcon.colcon_core.shell:Creating environment hook '/home/gbonham/turtlebot4_ws/install/final/share/final/hook/ament_prefix_path.sh'
[0.708s] INFO:colcon.colcon_core.shell:Skip shell extension 'powershell' for command environment: Not usable outside of PowerShell
[0.708s] DEBUG:colcon.colcon_core.shell:Skip shell extension 'dsv' for command environment
[0.710s] INFO:colcon.colcon_ros.task.ament_python.build:Building ROS package in '/home/gbonham/turtlebot4_ws/src/lab5_pkg' with build type 'ament_python'
[0.710s] Level 1:colcon.colcon_core.shell:create_environment_hook('lab5_pkg', 'ament_prefix_path')
[0.710s] INFO:colcon.colcon_core.shell:Creating environment hook '/home/gbonham/turtlebot4_ws/install/lab5_pkg/share/lab5_pkg/hook/ament_prefix_path.ps1'
[0.711s] INFO:colcon.colcon_core.shell:Creating environment descriptor '/home/gbonham/turtlebot4_ws/install/lab5_pkg/share/lab5_pkg/hook/ament_prefix_path.dsv'
[0.711s] INFO:colcon.colcon_core.shell:Creating environment hook '/home/gbonham/turtlebot4_ws/install/lab5_pkg/share/lab5_pkg/hook/ament_prefix_path.sh'
[0.712s] INFO:colcon.colcon_core.shell:Skip shell extension 'powershell' for command environment: Not usable outside of PowerShell
[0.712s] DEBUG:colcon.colcon_core.shell:Skip shell extension 'dsv' for command environment
[0.876s] INFO:colcon.colcon_core.task.python.build:Building Python package in '/home/gbonham/turtlebot4_ws/src/lab3_pkg'
[0.876s] INFO:colcon.colcon_core.shell:Skip shell extension 'powershell' for command environment: Not usable outside of PowerShell
[0.876s] DEBUG:colcon.colcon_core.shell:Skip shell extension 'dsv' for command environment
[1.061s] INFO:colcon.colcon_core.task.python.build:Building Python package in '/home/gbonham/turtlebot4_ws/src/final'
[1.061s] INFO:colcon.colcon_core.shell:Skip shell extension 'powershell' for command environment: Not usable outside of PowerShell
[1.061s] DEBUG:colcon.colcon_core.shell:Skip shell extension 'dsv' for command environment
[1.225s] INFO:colcon.colcon_core.task.python.build:Building Python package in '/home/gbonham/turtlebot4_ws/src/lab5_pkg'
[1.225s] INFO:colcon.colcon_core.shell:Skip shell extension 'powershell' for command environment: Not usable outside of PowerShell
[1.225s] DEBUG:colcon.colcon_core.shell:Skip shell extension 'dsv' for command environment
[1.231s] DEBUG:colcon.colcon_core.event_handler.log_command:Invoking command in '/home/gbonham/turtlebot4_ws/src/lab2_pkg': PYTHONPATH=/home/gbonham/turtlebot4_ws/build/lab2_pkg/prefix_override:/usr/lib/python3/dist-packages/colcon_core/task/python/colcon_distutils_commands:/home/gbonham/turtlebot4_ws/install/lab2_pkg/lib/python3.12/site-packages: /usr/bin/python3 -W ignore:setup.py install is deprecated -W ignore:easy_install command is deprecated setup.py egg_info --egg-base ../../build/lab2_pkg build --build-base /home/gbonham/turtlebot4_ws/build/lab2_pkg/build install --record /home/gbonham/turtlebot4_ws/build/lab2_pkg/install.log --single-version-externally-managed install_data
[1.232s] DEBUG:colcon.colcon_core.event_handler.log_command:Invoking command in '/home/gbonham/turtlebot4_ws/src/lab1_pkg': PYTHONPATH=/home/gbonham/turtlebot4_ws/build/lab1_pkg/prefix_override:/usr/lib/python3/dist-packages/colcon_core/task/python/colcon_distutils_commands:/home/gbonham/turtlebot4_ws/install/lab1_pkg/lib/python3.12/site-packages: /usr/bin/python3 -W ignore:setup.py install is deprecated -W ignore:easy_install command is deprecated setup.py egg_info --egg-base ../../build/lab1_pkg build --build-base /home/gbonham/turtlebot4_ws/build/lab1_pkg/build install --record /home/gbonham/turtlebot4_ws/build/lab1_pkg/install.log --single-version-externally-managed install_data
[1.648s] Level 1:colcon.colcon_core.environment:checking '/home/gbonham/turtlebot4_ws/install/lab2_pkg' for CMake module files
[1.648s] DEBUG:colcon.colcon_core.event_handler.log_command:Invoked command in '/home/gbonham/turtlebot4_ws/src/lab2_pkg' returned '0': PYTHONPATH=/home/gbonham/turtlebot4_ws/build/lab2_pkg/prefix_override:/usr/lib/python3/dist-packages/colcon_core/task/python/colcon_distutils_commands:/home/gbonham/turtlebot4_ws/install/lab2_pkg/lib/python3.12/site-packages: /usr/bin/python3 -W ignore:setup.py install is deprecated -W ignore:easy_install command is deprecated setup.py egg_info --egg-base ../../build/lab2_pkg build --build-base /home/gbonham/turtlebot4_ws/build/lab2_pkg/build install --record /home/gbonham/turtlebot4_ws/build/lab2_pkg/install.log --single-version-externally-managed install_data
[1.648s] Level 1:colcon.colcon_core.environment:checking '/home/gbonham/turtlebot4_ws/install/lab2_pkg' for CMake config files
[1.649s] Level 1:colcon.colcon_core.environment:checking '/home/gbonham/turtlebot4_ws/install/lab2_pkg/lib'
[1.649s] Level 1:colcon.colcon_core.environment:checking '/home/gbonham/turtlebot4_ws/install/lab2_pkg/bin'
[1.649s] Level 1:colcon.colcon_core.environment:checking '/home/gbonham/turtlebot4_ws/install/lab2_pkg/lib/pkgconfig/lab2_pkg.pc'
[1.649s] Level 1:colcon.colcon_core.environment:checking '/home/gbonham/turtlebot4_ws/install/lab2_pkg/lib/python3.12/site-packages'
[1.649s] Level 1:colcon.colcon_core.shell:create_environment_hook('lab2_pkg', 'pythonpath')
[1.649s] INFO:colcon.colcon_core.shell:Creating environment hook '/home/gbonham/turtlebot4_ws/install/lab2_pkg/share/lab2_pkg/hook/pythonpath.ps1'
[1.650s] INFO:colcon.colcon_core.shell:Creating environment descriptor '/home/gbonham/turtlebot4_ws/install/lab2_pkg/share/lab2_pkg/hook/pythonpath.dsv'
[1.650s] INFO:colcon.colcon_core.shell:Creating environment hook '/home/gbonham/turtlebot4_ws/install/lab2_pkg/share/lab2_pkg/hook/pythonpath.sh'
[1.651s] Level 1:colcon.colcon_core.environment:checking '/home/gbonham/turtlebot4_ws/install/lab2_pkg/bin'
[1.651s] Level 1:colcon.colcon_core.environment:create_environment_scripts_only(lab2_pkg)
[1.651s] INFO:colcon.colcon_core.shell:Creating package script '/home/gbonham/turtlebot4_ws/install/lab2_pkg/share/lab2_pkg/package.ps1'
[1.652s] INFO:colcon.colcon_core.shell:Creating package descriptor '/home/gbonham/turtlebot4_ws/install/lab2_pkg/share/lab2_pkg/package.dsv'
[1.652s] INFO:colcon.colcon_core.shell:Creating package script '/home/gbonham/turtlebot4_ws/install/lab2_pkg/share/lab2_pkg/package.sh'
[1.653s] INFO:colcon.colcon_core.shell:Creating package script '/home/gbonham/turtlebot4_ws/install/lab2_pkg/share/lab2_pkg/package.bash'
[1.653s] INFO:colcon.colcon_core.shell:Creating package script '/home/gbonham/turtlebot4_ws/install/lab2_pkg/share/lab2_pkg/package.zsh'
[1.654s] Level 1:colcon.colcon_core.environment:create_file_with_runtime_dependencies(/home/gbonham/turtlebot4_ws/install/lab2_pkg/share/colcon-core/packages/lab2_pkg)
[1.680s] Level 1:colcon.colcon_core.environment:checking '/home/gbonham/turtlebot4_ws/install/lab1_pkg' for CMake module files
[1.680s] DEBUG:colcon.colcon_core.event_handler.log_command:Invoked command in '/home/gbonham/turtlebot4_ws/src/lab1_pkg' returned '0': PYTHONPATH=/home/gbonham/turtlebot4_ws/build/lab1_pkg/prefix_override:/usr/lib/python3/dist-packages/colcon_core/task/python/colcon_distutils_commands:/home/gbonham/turtlebot4_ws/install/lab1_pkg/lib/python3.12/site-packages: /usr/bin/python3 -W ignore:setup.py install is deprecated -W ignore:easy_install command is deprecated setup.py egg_info --egg-base ../../build/lab1_pkg build --build-base /home/gbonham/turtlebot4_ws/build/lab1_pkg/build install --record /home/gbonham/turtlebot4_ws/build/lab1_pkg/install.log --single-version-externally-managed install_data
[1.681s] Level 1:colcon.colcon_core.environment:checking '/home/gbonham/turtlebot4_ws/install/lab1_pkg' for CMake config files
[1.681s] Level 1:colcon.colcon_core.environment:checking '/home/gbonham/turtlebot4_ws/install/lab1_pkg/lib'
[1.681s] Level 1:colcon.colcon_core.environment:checking '/home/gbonham/turtlebot4_ws/install/lab1_pkg/bin'
[1.681s] Level 1:colcon.colcon_core.environment:checking '/home/gbonham/turtlebot4_ws/install/lab1_pkg/lib/pkgconfig/lab1_pkg.pc'
[1.681s] Level 1:colcon.colcon_core.environment:checking '/home/gbonham/turtlebot4_ws/install/lab1_pkg/lib/python3.12/site-packages'
[1.681s] Level 1:colcon.colcon_core.shell:create_environment_hook('lab1_pkg', 'pythonpath')
[1.682s] INFO:colcon.colcon_core.shell:Creating environment hook '/home/gbonham/turtlebot4_ws/install/lab1_pkg/share/lab1_pkg/hook/pythonpath.ps1'
[1.682s] INFO:colcon.colcon_core.shell:Creating environment descriptor '/home/gbonham/turtlebot4_ws/install/lab1_pkg/share/lab1_pkg/hook/pythonpath.dsv'
[1.682s] INFO:colcon.colcon_core.shell:Creating environment hook '/home/gbonham/turtlebot4_ws/install/lab1_pkg/share/lab1_pkg/hook/pythonpath.sh'
[1.683s] Level 1:colcon.colcon_core.environment:checking '/home/gbonham/turtlebot4_ws/install/lab1_pkg/bin'
[1.683s] Level 1:colcon.colcon_core.environment:create_environment_scripts_only(lab1_pkg)
[1.683s] INFO:colcon.colcon_core.shell:Creating package script '/home/gbonham/turtlebot4_ws/install/lab1_pkg/share/lab1_pkg/package.ps1'
[1.684s] INFO:colcon.colcon_core.shell:Creating package descriptor '/home/gbonham/turtlebot4_ws/install/lab1_pkg/share/lab1_pkg/package.dsv'
[1.684s] INFO:colcon.colcon_core.shell:Creating package script '/home/gbonham/turtlebot4_ws/install/lab1_pkg/share/lab1_pkg/package.sh'
[1.685s] INFO:colcon.colcon_core.shell:Creating package script '/home/gbonham/turtlebot4_ws/install/lab1_pkg/share/lab1_pkg/package.bash'
[1.685s] INFO:colcon.colcon_core.shell:Creating package script '/home/gbonham/turtlebot4_ws/install/lab1_pkg/share/lab1_pkg/package.zsh'
[1.685s] Level 1:colcon.colcon_core.environment:create_file_with_runtime_dependencies(/home/gbonham/turtlebot4_ws/install/lab1_pkg/share/colcon-core/packages/lab1_pkg)
[1.752s] DEBUG:colcon.colcon_core.event_handler.log_command:Invoking command in '/home/gbonham/turtlebot4_ws/src/lab3_pkg': AMENT_PREFIX_PATH=/home/gbonham/turtlebot4_ws/install/custom_interfaces CMAKE_PREFIX_PATH=/home/gbonham/turtlebot4_ws/install/custom_interfaces LD_LIBRARY_PATH=/home/gbonham/turtlebot4_ws/install/custom_interfaces/lib PYTHONPATH=/home/gbonham/turtlebot4_ws/build/lab3_pkg/prefix_override:/usr/lib/python3/dist-packages/colcon_core/task/python/colcon_distutils_commands:/home/gbonham/turtlebot4_ws/install/lab3_pkg/lib/python3.12/site-packages:/home/gbonham/turtlebot4_ws/install/custom_interfaces/lib/python3.12/site-packages /usr/bin/python3 -W ignore:setup.py install is deprecated -W ignore:easy_install command is deprecated setup.py egg_info --egg-base ../../build/lab3_pkg build --build-base /home/gbonham/turtlebot4_ws/build/lab3_pkg/build install --record /home/gbonham/turtlebot4_ws/build/lab3_pkg/install.log --single-version-externally-managed install_data
[1.759s] DEBUG:colcon.colcon_core.event_handler.log_command:Invoking command in '/home/gbonham/turtlebot4_ws/src/final': AMENT_PREFIX_PATH=/home/gbonham/turtlebot4_ws/install/custom_interfaces CMAKE_PREFIX_PATH=/home/gbonham/turtlebot4_ws/install/custom_interfaces LD_LIBRARY_PATH=/home/gbonham/turtlebot4_ws/install/custom_interfaces/lib PYTHONPATH=/home/gbonham/turtlebot4_ws/build/final/prefix_override:/usr/lib/python3/dist-packages/colcon_core/task/python/colcon_distutils_commands:/home/gbonham/turtlebot4_ws/install/final/lib/python3.12/site-packages:/home/gbonham/turtlebot4_ws/install/custom_interfaces/lib/python3.12/site-packages /usr/bin/python3 -W ignore:setup.py install is deprecated -W ignore:easy_install command is deprecated setup.py egg_info --egg-base ../../build/final build --build-base /home/gbonham/turtlebot4_ws/build/final/build install --record /home/gbonham/turtlebot4_ws/build/final/install.log --single-version-externally-managed install_data
[1.784s] DEBUG:colcon.colcon_core.event_handler.log_command:Invoking command in '/home/gbonham/turtlebot4_ws/src/lab5_pkg': AMENT_PREFIX_PATH=/home/gbonham/turtlebot4_ws/install/custom_interfaces CMAKE_PREFIX_PATH=/home/gbonham/turtlebot4_ws/install/custom_interfaces LD_LIBRARY_PATH=/home/gbonham/turtlebot4_ws/install/custom_interfaces/lib PYTHONPATH=/home/gbonham/turtlebot4_ws/build/lab5_pkg/prefix_override:/usr/lib/python3/dist-packages/colcon_core/task/python/colcon_distutils_commands:/home/gbonham/turtlebot4_ws/install/lab5_pkg/lib/python3.12/site-packages:/home/gbonham/turtlebot4_ws/install/custom_interfaces/lib/python3.12/site-packages /usr/bin/python3 -W ignore:setup.py install is deprecated -W ignore:easy_install command is deprecated setup.py egg_info --egg-base ../../build/lab5_pkg build --build-base /home/gbonham/turtlebot4_ws/build/lab5_pkg/build install --record /home/gbonham/turtlebot4_ws/build/lab5_pkg/install.log --single-version-externally-managed install_data
[2.205s] Level 1:colcon.colcon_core.environment:checking '/home/gbonham/turtlebot4_ws/install/lab3_pkg' for CMake module files
[2.206s] DEBUG:colcon.colcon_core.event_handler.log_command:Invoked command in '/home/gbonham/turtlebot4_ws/src/lab3_pkg' returned '0': AMENT_PREFIX_PATH=/home/gbonham/turtlebot4_ws/install/custom_interfaces CMAKE_PREFIX_PATH=/home/gbonham/turtlebot4_ws/install/custom_interfaces LD_LIBRARY_PATH=/home/gbonham/turtlebot4_ws/install/custom_interfaces/lib PYTHONPATH=/home/gbonham/turtlebot4_ws/build/lab3_pkg/prefix_override:/usr/lib/python3/dist-packages/colcon_core/task/python/colcon_distutils_commands:/home/gbonham/turtlebot4_ws/install/lab3_pkg/lib/python3.12/site-packages:/home/gbonham/turtlebot4_ws/install/custom_interfaces/lib/python3.12/site-packages /usr/bin/python3 -W ignore:setup.py install is deprecated -W ignore:easy_install command is deprecated setup.py egg_info --egg-base ../../build/lab3_pkg build --build-base /home/gbonham/turtlebot4_ws/build/lab3_pkg/build install --record /home/gbonham/turtlebot4_ws/build/lab3_pkg/install.log --single-version-externally-managed install_data
[2.206s] Level 1:colcon.colcon_core.environment:checking '/home/gbonham/turtlebot4_ws/install/lab3_pkg' for CMake config files
[2.207s] Level 1:colcon.colcon_core.environment:checking '/home/gbonham/turtlebot4_ws/install/lab3_pkg/lib'
[2.207s] Level 1:colcon.colcon_core.environment:checking '/home/gbonham/turtlebot4_ws/install/lab3_pkg/bin'
[2.207s] Level 1:colcon.colcon_core.environment:checking '/home/gbonham/turtlebot4_ws/install/lab3_pkg/lib/pkgconfig/lab3_pkg.pc'
[2.208s] Level 1:colcon.colcon_core.environment:checking '/home/gbonham/turtlebot4_ws/install/lab3_pkg/lib/python3.12/site-packages'
[2.208s] Level 1:colcon.colcon_core.shell:create_environment_hook('lab3_pkg', 'pythonpath')
[2.208s] INFO:colcon.colcon_core.shell:Creating environment hook '/home/gbonham/turtlebot4_ws/install/lab3_pkg/share/lab3_pkg/hook/pythonpath.ps1'
[2.208s] INFO:colcon.colcon_core.shell:Creating environment descriptor '/home/gbonham/turtlebot4_ws/install/lab3_pkg/share/lab3_pkg/hook/pythonpath.dsv'
[2.209s] INFO:colcon.colcon_core.shell:Creating environment hook '/home/gbonham/turtlebot4_ws/install/lab3_pkg/share/lab3_pkg/hook/pythonpath.sh'
[2.209s] Level 1:colcon.colcon_core.environment:checking '/home/gbonham/turtlebot4_ws/install/lab3_pkg/bin'
[2.209s] Level 1:colcon.colcon_core.environment:create_environment_scripts_only(lab3_pkg)
[2.210s] INFO:colcon.colcon_core.shell:Creating package script '/home/gbonham/turtlebot4_ws/install/lab3_pkg/share/lab3_pkg/package.ps1'
[2.210s] INFO:colcon.colcon_core.shell:Creating package descriptor '/home/gbonham/turtlebot4_ws/install/lab3_pkg/share/lab3_pkg/package.dsv'
[2.211s] INFO:colcon.colcon_core.shell:Creating package script '/home/gbonham/turtlebot4_ws/install/lab3_pkg/share/lab3_pkg/package.sh'
[2.211s] INFO:colcon.colcon_core.shell:Creating package script '/home/gbonham/turtlebot4_ws/install/lab3_pkg/share/lab3_pkg/package.bash'
[2.211s] INFO:colcon.colcon_core.shell:Creating package script '/home/gbonham/turtlebot4_ws/install/lab3_pkg/share/lab3_pkg/package.zsh'
[2.212s] Level 1:colcon.colcon_core.environment:create_file_with_runtime_dependencies(/home/gbonham/turtlebot4_ws/install/lab3_pkg/share/colcon-core/packages/lab3_pkg)
[2.212s] INFO:colcon.colcon_ros.task.ament_cmake.build:Building ROS package in '/home/gbonham/turtlebot4_ws/src/lab_bringup' with build type 'ament_cmake'
[2.212s] INFO:colcon.colcon_cmake.task.cmake.build:Building CMake package in '/home/gbonham/turtlebot4_ws/src/lab_bringup'
[2.213s] INFO:colcon.colcon_core.shell:Skip shell extension 'powershell' for command environment: Not usable outside of PowerShell
[2.213s] DEBUG:colcon.colcon_core.shell:Skip shell extension 'dsv' for command environment
[2.224s] DEBUG:colcon.colcon_core.event_handler.log_command:Invoking command in '/home/gbonham/turtlebot4_ws/build/lab_bringup': AMENT_PREFIX_PATH=/home/gbonham/turtlebot4_ws/install/lab3_pkg:/home/gbonham/turtlebot4_ws/install/custom_interfaces CMAKE_PREFIX_PATH=/home/gbonham/turtlebot4_ws/install/custom_interfaces LD_LIBRARY_PATH=/home/gbonham/turtlebot4_ws/install/custom_interfaces/lib PYTHONPATH=/home/gbonham/turtlebot4_ws/install/lab3_pkg/lib/python3.12/site-packages:/home/gbonham/turtlebot4_ws/install/custom_interfaces/lib/python3.12/site-packages /usr/bin/cmake --build /home/gbonham/turtlebot4_ws/build/lab_bringup -- -j16 -l16
[2.252s] Level 1:colcon.colcon_core.environment:checking '/home/gbonham/turtlebot4_ws/install/lab5_pkg' for CMake module files
[2.252s] DEBUG:colcon.colcon_core.event_handler.log_command:Invoked command in '/home/gbonham/turtlebot4_ws/src/lab5_pkg' returned '0': AMENT_PREFIX_PATH=/home/gbonham/turtlebot4_ws/install/custom_interfaces CMAKE_PREFIX_PATH=/home/gbonham/turtlebot4_ws/install/custom_interfaces LD_LIBRARY_PATH=/home/gbonham/turtlebot4_ws/install/custom_interfaces/lib PYTHONPATH=/home/gbonham/turtlebot4_ws/build/lab5_pkg/prefix_override:/usr/lib/python3/dist-packages/colcon_core/task/python/colcon_distutils_commands:/home/gbonham/turtlebot4_ws/install/lab5_pkg/lib/python3.12/site-packages:/home/gbonham/turtlebot4_ws/install/custom_interfaces/lib/python3.12/site-packages /usr/bin/python3 -W ignore:setup.py install is deprecated -W ignore:easy_install command is deprecated setup.py egg_info --egg-base ../../build/lab5_pkg build --build-base /home/gbonham/turtlebot4_ws/build/lab5_pkg/build install --record /home/gbonham/turtlebot4_ws/build/lab5_pkg/install.log --single-version-externally-managed install_data
[2.253s] Level 1:colcon.colcon_core.environment:checking '/home/gbonham/turtlebot4_ws/install/lab5_pkg' for CMake config files
[2.253s] Level 1:colcon.colcon_core.environment:checking '/home/gbonham/turtlebot4_ws/install/lab5_pkg/lib'
[2.253s] Level 1:colcon.colcon_core.environment:checking '/home/gbonham/turtlebot4_ws/install/lab5_pkg/bin'
[2.253s] Level 1:colcon.colcon_core.environment:checking '/home/gbonham/turtlebot4_ws/install/lab5_pkg/lib/pkgconfig/lab5_pkg.pc'
[2.253s] Level 1:colcon.colcon_core.environment:checking '/home/gbonham/turtlebot4_ws/install/lab5_pkg/lib/python3.12/site-packages'
[2.253s] Level 1:colcon.colcon_core.shell:create_environment_hook('lab5_pkg', 'pythonpath')
[2.254s] INFO:colcon.colcon_core.shell:Creating environment hook '/home/gbonham/turtlebot4_ws/install/lab5_pkg/share/lab5_pkg/hook/pythonpath.ps1'
[2.254s] INFO:colcon.colcon_core.shell:Creating environment descriptor '/home/gbonham/turtlebot4_ws/install/lab5_pkg/share/lab5_pkg/hook/pythonpath.dsv'
[2.254s] INFO:colcon.colcon_core.shell:Creating environment hook '/home/gbonham/turtlebot4_ws/install/lab5_pkg/share/lab5_pkg/hook/pythonpath.sh'
[2.255s] Level 1:colcon.colcon_core.environment:checking '/home/gbonham/turtlebot4_ws/install/lab5_pkg/bin'
[2.255s] Level 1:colcon.colcon_core.environment:create_environment_scripts_only(lab5_pkg)
[2.256s] INFO:colcon.colcon_core.shell:Creating package script '/home/gbonham/turtlebot4_ws/install/lab5_pkg/share/lab5_pkg/package.ps1'
[2.257s] INFO:colcon.colcon_core.shell:Creating package descriptor '/home/gbonham/turtlebot4_ws/install/lab5_pkg/share/lab5_pkg/package.dsv'
[2.257s] INFO:colcon.colcon_core.shell:Creating package script '/home/gbonham/turtlebot4_ws/install/lab5_pkg/share/lab5_pkg/package.sh'
[2.258s] INFO:colcon.colcon_core.shell:Creating package script '/home/gbonham/turtlebot4_ws/install/lab5_pkg/share/lab5_pkg/package.bash'
[2.258s] INFO:colcon.colcon_core.shell:Creating package script '/home/gbonham/turtlebot4_ws/install/lab5_pkg/share/lab5_pkg/package.zsh'
[2.259s] Level 1:colcon.colcon_core.environment:create_file_with_runtime_dependencies(/home/gbonham/turtlebot4_ws/install/lab5_pkg/share/colcon-core/packages/lab5_pkg)
[2.268s] DEBUG:colcon.colcon_core.event_handler.log_command:Invoked command in '/home/gbonham/turtlebot4_ws/build/lab_bringup' returned '0': AMENT_PREFIX_PATH=/home/gbonham/turtlebot4_ws/install/lab3_pkg:/home/gbonham/turtlebot4_ws/install/custom_interfaces CMAKE_PREFIX_PATH=/home/gbonham/turtlebot4_ws/install/custom_interfaces LD_LIBRARY_PATH=/home/gbonham/turtlebot4_ws/install/custom_interfaces/lib PYTHONPATH=/home/gbonham/turtlebot4_ws/install/lab3_pkg/lib/python3.12/site-packages:/home/gbonham/turtlebot4_ws/install/custom_interfaces/lib/python3.12/site-packages /usr/bin/cmake --build /home/gbonham/turtlebot4_ws/build/lab_bringup -- -j16 -l16
[2.268s] DEBUG:colcon.colcon_core.event_handler.log_command:Invoking command in '/home/gbonham/turtlebot4_ws/build/lab_bringup': AMENT_PREFIX_PATH=/home/gbonham/turtlebot4_ws/install/lab3_pkg:/home/gbonham/turtlebot4_ws/install/custom_interfaces CMAKE_PREFIX_PATH=/home/gbonham/turtlebot4_ws/install/custom_interfaces LD_LIBRARY_PATH=/home/gbonham/turtlebot4_ws/install/custom_interfaces/lib PYTHONPATH=/home/gbonham/turtlebot4_ws/install/lab3_pkg/lib/python3.12/site-packages:/home/gbonham/turtlebot4_ws/install/custom_interfaces/lib/python3.12/site-packages /usr/bin/cmake --install /home/gbonham/turtlebot4_ws/build/lab_bringup
[2.277s] Level 1:colcon.colcon_core.environment:checking '/home/gbonham/turtlebot4_ws/install/final' for CMake module files
[2.278s] Level 1:colcon.colcon_core.environment:checking '/home/gbonham/turtlebot4_ws/install/final' for CMake config files
[2.280s] DEBUG:colcon.colcon_core.event_handler.log_command:Invoked command in '/home/gbonham/turtlebot4_ws/src/final' returned '0': AMENT_PREFIX_PATH=/home/gbonham/turtlebot4_ws/install/custom_interfaces CMAKE_PREFIX_PATH=/home/gbonham/turtlebot4_ws/install/custom_interfaces LD_LIBRARY_PATH=/home/gbonham/turtlebot4_ws/install/custom_interfaces/lib PYTHONPATH=/home/gbonham/turtlebot4_ws/build/final/prefix_override:/usr/lib/python3/dist-packages/colcon_core/task/python/colcon_distutils_commands:/home/gbonham/turtlebot4_ws/install/final/lib/python3.12/site-packages:/home/gbonham/turtlebot4_ws/install/custom_interfaces/lib/python3.12/site-packages /usr/bin/python3 -W ignore:setup.py install is deprecated -W ignore:easy_install command is deprecated setup.py egg_info --egg-base ../../build/final build --build-base /home/gbonham/turtlebot4_ws/build/final/build install --record /home/gbonham/turtlebot4_ws/build/final/install.log --single-version-externally-managed install_data
[2.280s] Level 1:colcon.colcon_core.environment:checking '/home/gbonham/turtlebot4_ws/install/final/lib'
[2.280s] Level 1:colcon.colcon_core.environment:checking '/home/gbonham/turtlebot4_ws/install/final/bin'
[2.280s] Level 1:colcon.colcon_core.environment:checking '/home/gbonham/turtlebot4_ws/install/final/lib/pkgconfig/final.pc'
[2.281s] Level 1:colcon.colcon_core.environment:checking '/home/gbonham/turtlebot4_ws/install/final/lib/python3.12/site-packages'
[2.281s] Level 1:colcon.colcon_core.shell:create_environment_hook('final', 'pythonpath')
[2.281s] INFO:colcon.colcon_core.shell:Creating environment hook '/home/gbonham/turtlebot4_ws/install/final/share/final/hook/pythonpath.ps1'
[2.281s] INFO:colcon.colcon_core.shell:Creating environment descriptor '/home/gbonham/turtlebot4_ws/install/final/share/final/hook/pythonpath.dsv'
[2.282s] INFO:colcon.colcon_core.shell:Creating environment hook '/home/gbonham/turtlebot4_ws/install/final/share/final/hook/pythonpath.sh'
[2.282s] Level 1:colcon.colcon_core.environment:checking '/home/gbonham/turtlebot4_ws/install/final/bin'
[2.282s] Level 1:colcon.colcon_core.environment:create_environment_scripts_only(final)
[2.282s] INFO:colcon.colcon_core.shell:Creating package script '/home/gbonham/turtlebot4_ws/install/final/share/final/package.ps1'
[2.283s] INFO:colcon.colcon_core.shell:Creating package descriptor '/home/gbonham/turtlebot4_ws/install/final/share/final/package.dsv'
[2.283s] INFO:colcon.colcon_core.shell:Creating package script '/home/gbonham/turtlebot4_ws/install/final/share/final/package.sh'
[2.284s] INFO:colcon.colcon_core.shell:Creating package script '/home/gbonham/turtlebot4_ws/install/final/share/final/package.bash'
[2.284s] INFO:colcon.colcon_core.shell:Creating package script '/home/gbonham/turtlebot4_ws/install/final/share/final/package.zsh'
[2.284s] Level 1:colcon.colcon_core.environment:create_file_with_runtime_dependencies(/home/gbonham/turtlebot4_ws/install/final/share/colcon-core/packages/final)
[2.285s] INFO:colcon.colcon_ros.task.ament_cmake.build:Building ROS package in '/home/gbonham/turtlebot4_ws/src/final_bringup' with build type 'ament_cmake'
[2.285s] INFO:colcon.colcon_cmake.task.cmake.build:Building CMake package in '/home/gbonham/turtlebot4_ws/src/final_bringup'
[2.285s] INFO:colcon.colcon_core.shell:Skip shell extension 'powershell' for command environment: Not usable outside of PowerShell
[2.285s] DEBUG:colcon.colcon_core.shell:Skip shell extension 'dsv' for command environment
[2.288s] Level 1:colcon.colcon_core.environment:create_environment_scripts_only(lab_bringup)
[2.289s] Level 1:colcon.colcon_core.environment:checking '/home/gbonham/turtlebot4_ws/install/lab_bringup' for CMake module files
[2.290s] DEBUG:colcon.colcon_core.event_handler.log_command:Invoked command in '/home/gbonham/turtlebot4_ws/build/lab_bringup' returned '0': AMENT_PREFIX_PATH=/home/gbonham/turtlebot4_ws/install/lab3_pkg:/home/gbonham/turtlebot4_ws/install/custom_interfaces CMAKE_PREFIX_PATH=/home/gbonham/turtlebot4_ws/install/custom_interfaces LD_LIBRARY_PATH=/home/gbonham/turtlebot4_ws/install/custom_interfaces/lib PYTHONPATH=/home/gbonham/turtlebot4_ws/install/lab3_pkg/lib/python3.12/site-packages:/home/gbonham/turtlebot4_ws/install/custom_interfaces/lib/python3.12/site-packages /usr/bin/cmake --install /home/gbonham/turtlebot4_ws/build/lab_bringup
[2.290s] Level 1:colcon.colcon_core.environment:checking '/home/gbonham/turtlebot4_ws/install/lab_bringup' for CMake config files
[2.290s] Level 1:colcon.colcon_core.shell:create_environment_hook('lab_bringup', 'cmake_prefix_path')
[2.290s] INFO:colcon.colcon_core.shell:Creating environment hook '/home/gbonham/turtlebot4_ws/install/lab_bringup/share/lab_bringup/hook/cmake_prefix_path.ps1'
[2.291s] INFO:colcon.colcon_core.shell:Creating environment descriptor '/home/gbonham/turtlebot4_ws/install/lab_bringup/share/lab_bringup/hook/cmake_prefix_path.dsv'
[2.291s] INFO:colcon.colcon_core.shell:Creating environment hook '/home/gbonham/turtlebot4_ws/install/lab_bringup/share/lab_bringup/hook/cmake_prefix_path.sh'
[2.292s] Level 1:colcon.colcon_core.environment:checking '/home/gbonham/turtlebot4_ws/install/lab_bringup/bin'
[2.292s] Level 1:colcon.colcon_core.environment:checking '/home/gbonham/turtlebot4_ws/install/lab_bringup/lib/pkgconfig/lab_bringup.pc'
[2.292s] Level 1:colcon.colcon_core.environment:checking '/home/gbonham/turtlebot4_ws/install/lab_bringup/lib/python3.12/site-packages'
[2.293s] Level 1:colcon.colcon_core.environment:checking '/home/gbonham/turtlebot4_ws/install/lab_bringup/bin'
[2.293s] INFO:colcon.colcon_core.shell:Creating package script '/home/gbonham/turtlebot4_ws/install/lab_bringup/share/lab_bringup/package.ps1'
[2.294s] INFO:colcon.colcon_core.shell:Creating package descriptor '/home/gbonham/turtlebot4_ws/install/lab_bringup/share/lab_bringup/package.dsv'
[2.294s] INFO:colcon.colcon_core.shell:Creating package script '/home/gbonham/turtlebot4_ws/install/lab_bringup/share/lab_bringup/package.sh'
[2.294s] INFO:colcon.colcon_core.shell:Creating package script '/home/gbonham/turtlebot4_ws/install/lab_bringup/share/lab_bringup/package.bash'
[2.295s] INFO:colcon.colcon_core.shell:Creating package script '/home/gbonham/turtlebot4_ws/install/lab_bringup/share/lab_bringup/package.zsh'
[2.295s] Level 1:colcon.colcon_core.environment:create_file_with_runtime_dependencies(/home/gbonham/turtlebot4_ws/install/lab_bringup/share/colcon-core/packages/lab_bringup)
[2.296s] Level 1:colcon.colcon_core.environment:create_environment_scripts_only(lab_bringup)
[2.296s] Level 1:colcon.colcon_core.environment:checking '/home/gbonham/turtlebot4_ws/install/lab_bringup' for CMake module files
[2.297s] Level 1:colcon.colcon_core.environment:checking '/home/gbonham/turtlebot4_ws/install/lab_bringup' for CMake config files
[2.297s] Level 1:colcon.colcon_core.shell:create_environment_hook('lab_bringup', 'cmake_prefix_path')
[2.297s] INFO:colcon.colcon_core.shell:Creating environment hook '/home/gbonham/turtlebot4_ws/install/lab_bringup/share/lab_bringup/hook/cmake_prefix_path.ps1'
[2.298s] INFO:colcon.colcon_core.shell:Creating environment descriptor '/home/gbonham/turtlebot4_ws/install/lab_bringup/share/lab_bringup/hook/cmake_prefix_path.dsv'
[2.298s] INFO:colcon.colcon_core.shell:Creating environment hook '/home/gbonham/turtlebot4_ws/install/lab_bringup/share/lab_bringup/hook/cmake_prefix_path.sh'
[2.299s] Level 1:colcon.colcon_core.environment:checking '/home/gbonham/turtlebot4_ws/install/lab_bringup/bin'
[2.299s] Level 1:colcon.colcon_core.environment:checking '/home/gbonham/turtlebot4_ws/install/lab_bringup/lib/pkgconfig/lab_bringup.pc'
[2.299s] Level 1:colcon.colcon_core.environment:checking '/home/gbonham/turtlebot4_ws/install/lab_bringup/lib/python3.12/site-packages'
[2.299s] Level 1:colcon.colcon_core.environment:checking '/home/gbonham/turtlebot4_ws/install/lab_bringup/bin'
[2.300s] INFO:colcon.colcon_core.shell:Creating package script '/home/gbonham/turtlebot4_ws/install/lab_bringup/share/lab_bringup/package.ps1'
[2.343s] INFO:colcon.colcon_core.shell:Creating package descriptor '/home/gbonham/turtlebot4_ws/install/lab_bringup/share/lab_bringup/package.dsv'
[2.344s] INFO:colcon.colcon_core.shell:Creating package script '/home/gbonham/turtlebot4_ws/install/lab_bringup/share/lab_bringup/package.sh'
[2.344s] INFO:colcon.colcon_core.shell:Creating package script '/home/gbonham/turtlebot4_ws/install/lab_bringup/share/lab_bringup/package.bash'
[2.345s] INFO:colcon.colcon_core.shell:Creating package script '/home/gbonham/turtlebot4_ws/install/lab_bringup/share/lab_bringup/package.zsh'
[2.345s] Level 1:colcon.colcon_core.environment:create_file_with_runtime_dependencies(/home/gbonham/turtlebot4_ws/install/lab_bringup/share/colcon-core/packages/lab_bringup)
[2.350s] DEBUG:colcon.colcon_core.event_handler.log_command:Invoking command in '/home/gbonham/turtlebot4_ws/build/final_bringup': AMENT_PREFIX_PATH=/home/gbonham/turtlebot4_ws/install/lab3_pkg:/home/gbonham/turtlebot4_ws/install/final:/home/gbonham/turtlebot4_ws/install/custom_interfaces CMAKE_PREFIX_PATH=/home/gbonham/turtlebot4_ws/install/custom_interfaces LD_LIBRARY_PATH=/home/gbonham/turtlebot4_ws/install/custom_interfaces/lib PYTHONPATH=/home/gbonham/turtlebot4_ws/install/lab3_pkg/lib/python3.12/site-packages:/home/gbonham/turtlebot4_ws/install/final/lib/python3.12/site-packages:/home/gbonham/turtlebot4_ws/install/custom_interfaces/lib/python3.12/site-packages /usr/bin/cmake --build /home/gbonham/turtlebot4_ws/build/final_bringup -- -j16 -l16
[2.383s] DEBUG:colcon.colcon_core.event_handler.log_command:Invoked command in '/home/gbonham/turtlebot4_ws/build/final_bringup' returned '0': AMENT_PREFIX_PATH=/home/gbonham/turtlebot4_ws/install/lab3_pkg:/home/gbonham/turtlebot4_ws/install/final:/home/gbonham/turtlebot4_ws/install/custom_interfaces CMAKE_PREFIX_PATH=/home/gbonham/turtlebot4_ws/install/custom_interfaces LD_LIBRARY_PATH=/home/gbonham/turtlebot4_ws/install/custom_interfaces/lib PYTHONPATH=/home/gbonham/turtlebot4_ws/install/lab3_pkg/lib/python3.12/site-packages:/home/gbonham/turtlebot4_ws/install/final/lib/python3.12/site-packages:/home/gbonham/turtlebot4_ws/install/custom_interfaces/lib/python3.12/site-packages /usr/bin/cmake --build /home/gbonham/turtlebot4_ws/build/final_bringup -- -j16 -l16
[2.384s] DEBUG:colcon.colcon_core.event_handler.log_command:Invoking command in '/home/gbonham/turtlebot4_ws/build/final_bringup': AMENT_PREFIX_PATH=/home/gbonham/turtlebot4_ws/install/lab3_pkg:/home/gbonham/turtlebot4_ws/install/final:/home/gbonham/turtlebot4_ws/install/custom_interfaces CMAKE_PREFIX_PATH=/home/gbonham/turtlebot4_ws/install/custom_interfaces LD_LIBRARY_PATH=/home/gbonham/turtlebot4_ws/install/custom_interfaces/lib PYTHONPATH=/home/gbonham/turtlebot4_ws/install/lab3_pkg/lib/python3.12/site-packages:/home/gbonham/turtlebot4_ws/install/final/lib/python3.12/site-packages:/home/gbonham/turtlebot4_ws/install/custom_interfaces/lib/python3.12/site-packages /usr/bin/cmake --install /home/gbonham/turtlebot4_ws/build/final_bringup
[2.393s] Level 1:colcon.colcon_core.environment:create_environment_scripts_only(final_bringup)
[2.393s] Level 1:colcon.colcon_core.environment:checking '/home/gbonham/turtlebot4_ws/install/final_bringup' for CMake module files
[2.394s] DEBUG:colcon.colcon_core.event_handler.log_command:Invoked command in '/home/gbonham/turtlebot4_ws/build/final_bringup' returned '0': AMENT_PREFIX_PATH=/home/gbonham/turtlebot4_ws/install/lab3_pkg:/home/gbonham/turtlebot4_ws/install/final:/home/gbonham/turtlebot4_ws/install/custom_interfaces CMAKE_PREFIX_PATH=/home/gbonham/turtlebot4_ws/install/custom_interfaces LD_LIBRARY_PATH=/home/gbonham/turtlebot4_ws/install/custom_interfaces/lib PYTHONPATH=/home/gbonham/turtlebot4_ws/install/lab3_pkg/lib/python3.12/site-packages:/home/gbonham/turtlebot4_ws/install/final/lib/python3.12/site-packages:/home/gbonham/turtlebot4_ws/install/custom_interfaces/lib/python3.12/site-packages /usr/bin/cmake --install /home/gbonham/turtlebot4_ws/build/final_bringup
[2.394s] Level 1:colcon.colcon_core.environment:checking '/home/gbonham/turtlebot4_ws/install/final_bringup' for CMake config files
[2.394s] Level 1:colcon.colcon_core.shell:create_environment_hook('final_bringup', 'cmake_prefix_path')
[2.394s] INFO:colcon.colcon_core.shell:Creating environment hook '/home/gbonham/turtlebot4_ws/install/final_bringup/share/final_bringup/hook/cmake_prefix_path.ps1'
[2.394s] INFO:colcon.colcon_core.shell:Creating environment descriptor '/home/gbonham/turtlebot4_ws/install/final_bringup/share/final_bringup/hook/cmake_prefix_path.dsv'
[2.395s] INFO:colcon.colcon_core.shell:Creating environment hook '/home/gbonham/turtlebot4_ws/install/final_bringup/share/final_bringup/hook/cmake_prefix_path.sh'
[2.395s] Level 1:colcon.colcon_core.environment:checking '/home/gbonham/turtlebot4_ws/install/final_bringup/bin'
[2.395s] Level 1:colcon.colcon_core.environment:checking '/home/gbonham/turtlebot4_ws/install/final_bringup/lib/pkgconfig/final_bringup.pc'
[2.396s] Level 1:colcon.colcon_core.environment:checking '/home/gbonham/turtlebot4_ws/install/final_bringup/lib/python3.12/site-packages'
[2.396s] Level 1:colcon.colcon_core.environment:checking '/home/gbonham/turtlebot4_ws/install/final_bringup/bin'
[2.396s] INFO:colcon.colcon_core.shell:Creating package script '/home/gbonham/turtlebot4_ws/install/final_bringup/share/final_bringup/package.ps1'
[2.396s] INFO:colcon.colcon_core.shell:Creating package descriptor '/home/gbonham/turtlebot4_ws/install/final_bringup/share/final_bringup/package.dsv'
[2.397s] INFO:colcon.colcon_core.shell:Creating package script '/home/gbonham/turtlebot4_ws/install/final_bringup/share/final_bringup/package.sh'
[2.397s] INFO:colcon.colcon_core.shell:Creating package script '/home/gbonham/turtlebot4_ws/install/final_bringup/share/final_bringup/package.bash'
[2.398s] INFO:colcon.colcon_core.shell:Creating package script '/home/gbonham/turtlebot4_ws/install/final_bringup/share/final_bringup/package.zsh'
[2.398s] Level 1:colcon.colcon_core.environment:create_file_with_runtime_dependencies(/home/gbonham/turtlebot4_ws/install/final_bringup/share/colcon-core/packages/final_bringup)
[2.399s] Level 1:colcon.colcon_core.environment:create_environment_scripts_only(final_bringup)
[2.399s] Level 1:colcon.colcon_core.environment:checking '/home/gbonham/turtlebot4_ws/install/final_bringup' for CMake module files
[2.399s] Level 1:colcon.colcon_core.environment:checking '/home/gbonham/turtlebot4_ws/install/final_bringup' for CMake config files
[2.399s] Level 1:colcon.colcon_core.shell:create_environment_hook('final_bringup', 'cmake_prefix_path')
[2.399s] INFO:colcon.colcon_core.shell:Creating environment hook '/home/gbonham/turtlebot4_ws/install/final_bringup/share/final_bringup/hook/cmake_prefix_path.ps1'
[2.400s] INFO:colcon.colcon_core.shell:Creating environment descriptor '/home/gbonham/turtlebot4_ws/install/final_bringup/share/final_bringup/hook/cmake_prefix_path.dsv'
[2.400s] INFO:colcon.colcon_core.shell:Creating environment hook '/home/gbonham/turtlebot4_ws/install/final_bringup/share/final_bringup/hook/cmake_prefix_path.sh'
[2.401s] Level 1:colcon.colcon_core.environment:checking '/home/gbonham/turtlebot4_ws/install/final_bringup/bin'
[2.401s] Level 1:colcon.colcon_core.environment:checking '/home/gbonham/turtlebot4_ws/install/final_bringup/lib/pkgconfig/final_bringup.pc'
[2.401s] Level 1:colcon.colcon_core.environment:checking '/home/gbonham/turtlebot4_ws/install/final_bringup/lib/python3.12/site-packages'
[2.401s] Level 1:colcon.colcon_core.environment:checking '/home/gbonham/turtlebot4_ws/install/final_bringup/bin'
[2.402s] INFO:colcon.colcon_core.shell:Creating package script '/home/gbonham/turtlebot4_ws/install/final_bringup/share/final_bringup/package.ps1'
[2.445s] INFO:colcon.colcon_core.shell:Creating package descriptor '/home/gbonham/turtlebot4_ws/install/final_bringup/share/final_bringup/package.dsv'
[2.446s] INFO:colcon.colcon_core.shell:Creating package script '/home/gbonham/turtlebot4_ws/install/final_bringup/share/final_bringup/package.sh'
[2.446s] INFO:colcon.colcon_core.shell:Creating package script '/home/gbonham/turtlebot4_ws/install/final_bringup/share/final_bringup/package.bash'
[2.447s] INFO:colcon.colcon_core.shell:Creating package script '/home/gbonham/turtlebot4_ws/install/final_bringup/share/final_bringup/package.zsh'
[2.447s] Level 1:colcon.colcon_core.environment:create_file_with_runtime_dependencies(/home/gbonham/turtlebot4_ws/install/final_bringup/share/colcon-core/packages/final_bringup)
[2.447s] DEBUG:colcon.colcon_parallel_executor.executor.parallel:closing loop
[2.448s] DEBUG:colcon.colcon_parallel_executor.executor.parallel:loop closed
[2.448s] DEBUG:colcon.colcon_parallel_executor.executor.parallel:run_until_complete finished with '0'
[2.448s] DEBUG:colcon.colcon_core.event_reactor:joining thread
[2.454s] INFO:colcon.colcon_core.plugin_system:Skipping extension 'colcon_notification.desktop_notification.terminal_notifier': Not used on non-Darwin systems
[2.454s] INFO:colcon.colcon_core.plugin_system:Skipping extension 'colcon_notification.desktop_notification.win32': Not used on non-Windows systems
[2.454s] INFO:colcon.colcon_notification.desktop_notification:Sending desktop notification using 'notify2'
[2.463s] DEBUG:colcon.colcon_core.event_reactor:joined thread
[2.464s] INFO:colcon.colcon_core.shell:Creating prefix script '/home/gbonham/turtlebot4_ws/install/local_setup.ps1'
[2.464s] INFO:colcon.colcon_core.shell:Creating prefix util module '/home/gbonham/turtlebot4_ws/install/_local_setup_util_ps1.py'
[2.466s] INFO:colcon.colcon_core.shell:Creating prefix chain script '/home/gbonham/turtlebot4_ws/install/setup.ps1'
[2.466s] INFO:colcon.colcon_core.shell:Creating prefix script '/home/gbonham/turtlebot4_ws/install/local_setup.sh'
[2.467s] INFO:colcon.colcon_core.shell:Creating prefix util module '/home/gbonham/turtlebot4_ws/install/_local_setup_util_sh.py'
[2.468s] INFO:colcon.colcon_core.shell:Creating prefix chain script '/home/gbonham/turtlebot4_ws/install/setup.sh'
[2.468s] INFO:colcon.colcon_core.shell:Creating prefix script '/home/gbonham/turtlebot4_ws/install/local_setup.bash'
[2.471s] INFO:colcon.colcon_core.shell:Creating prefix chain script '/home/gbonham/turtlebot4_ws/install/setup.bash'
[2.473s] INFO:colcon.colcon_core.shell:Creating prefix script '/home/gbonham/turtlebot4_ws/install/local_setup.zsh'
[2.473s] INFO:colcon.colcon_core.shell:Creating prefix chain script '/home/gbonham/turtlebot4_ws/install/setup.zsh'
