[0.000000] (-) TimerEvent: {}
[0.000174] (custom_interfaces) JobQueued: {'identifier': 'custom_interfaces', 'dependencies': OrderedDict()}
[0.000476] (lab1_pkg) JobQueued: {'identifier': 'lab1_pkg', 'dependencies': OrderedDict()}
[0.000497] (lab2_pkg) JobQueued: {'identifier': 'lab2_pkg', 'dependencies': OrderedDict()}
[0.000527] (lab3_pkg) JobQueued: {'identifier': 'lab3_pkg', 'dependencies': OrderedDict({'custom_interfaces': '/home/nhu.nguyen/turtlebot4_ws/install/custom_interfaces'})}
[0.000546] (custom_interfaces) JobStarted: {'identifier': 'custom_interfaces'}
[0.007853] (lab1_pkg) JobStarted: {'identifier': 'lab1_pkg'}
[0.013492] (lab2_pkg) JobStarted: {'identifier': 'lab2_pkg'}
[0.019480] (custom_interfaces) JobProgress: {'identifier': 'custom_interfaces', 'progress': 'cmake'}
[0.020078] (custom_interfaces) JobProgress: {'identifier': 'custom_interfaces', 'progress': 'build'}
[0.020675] (custom_interfaces) Command: {'cmd': ['/usr/bin/cmake', '--build', '/home/nhu.nguyen/turtlebot4_ws/build/custom_interfaces', '--', '-j16', '-l16'], 'cwd': '/home/nhu.nguyen/turtlebot4_ws/build/custom_interfaces', 'env': OrderedDict({'USER': 'nhu.nguyen@plu.edu', 'GZ_SIM_RESOURCE_PATH': '/opt/ros/jazzy/share', 'GZ_CONFIG_PATH': '/opt/ros/jazzy/opt/gz_sim_vendor/share/gz:/opt/ros/jazzy/opt/sdformat_vendor/share/gz:/opt/ros/jazzy/opt/gz_gui_vendor/share/gz:/opt/ros/jazzy/opt/gz_transport_vendor/share/gz:/opt/ros/jazzy/opt/gz_rendering_vendor/share/gz:/opt/ros/jazzy/opt/gz_plugin_vendor/share/gz:/opt/ros/jazzy/opt/gz_fuel_tools_vendor/share/gz:/opt/ros/jazzy/opt/gz_msgs_vendor/share/gz:/opt/ros/jazzy/opt/gz_common_vendor/share/gz', 'XDG_SESSION_TYPE': 'wayland', 'CLUTTER_DISABLE_MIPMAPPED_TEXT': '1', 'SHLVL': '1', 'LD_LIBRARY_PATH': '/home/nhu.nguyen/turtlebot4_ws/install/custom_interfaces/lib:/opt/ros/jazzy/opt/gz_sim_vendor/lib:/opt/ros/jazzy/opt/gz_sensors_vendor/lib:/opt/ros/jazzy/opt/gz_physics_vendor/lib:/opt/ros/jazzy/opt/sdformat_vendor/lib:/opt/ros/jazzy/opt/rviz_ogre_vendor/lib:/opt/ros/jazzy/lib/x86_64-linux-gnu:/opt/ros/jazzy/opt/gz_gui_vendor/lib:/opt/ros/jazzy/opt/gz_transport_vendor/lib:/opt/ros/jazzy/opt/gz_rendering_vendor/lib:/opt/ros/jazzy/opt/gz_plugin_vendor/lib:/opt/ros/jazzy/opt/gz_fuel_tools_vendor/lib:/opt/ros/jazzy/opt/gz_msgs_vendor/lib:/opt/ros/jazzy/opt/gz_common_vendor/lib:/opt/ros/jazzy/opt/gz_math_vendor/lib:/opt/ros/jazzy/opt/gz_utils_vendor/lib:/opt/ros/jazzy/opt/gz_tools_vendor/lib:/opt/ros/jazzy/opt/gz_ogre_next_vendor/lib:/opt/ros/jazzy/opt/gz_dartsim_vendor/lib:/opt/ros/jazzy/opt/gz_cmake_vendor/lib:/opt/ros/jazzy/lib', 'OLDPWD': '/home/nhu.nguyen', 'HOME': '/home/nhu.nguyen', 'DESKTOP_SESSION': 'ubuntu', 'GTK_MODULES': 'gail:atk-bridge', 'GNOME_SHELL_SESSION_MODE': 'ubuntu', 'ROS_PYTHON_VERSION': '3', 'SYSTEMD_EXEC_PID': '15418', 'DBUS_SESSION_BUS_ADDRESS': 'unix:path=/run/user/481856793/bus', 'GSM_SKIP_SSH_AGENT_WORKAROUND': 'true', 'COLORTERM': 'truecolor', 'CONDA_CHANGEPS1': 'no', 'WAYLAND_DISPLAY': 'wayland-0', 'ROS_DISTRO': 'jazzy', 'COLCON_PREFIX_PATH': '/home/nhu.nguyen/turtlebot4_ws/install', 'LOGNAME': 'nhu.nguyen@plu.edu', '_': '/usr/bin/colcon', 'MEMORY_PRESSURE_WATCH': '/sys/fs/cgroup/user.slice/user-481856793.slice/user@481856793.service/session.slice/org.gnome.Shell@wayland.service/memory.pressure', 'XDG_SESSION_CLASS': 'user', 'ROS_VERSION': '2', 'USERNAME': 'nhu.nguyen@plu.edu', 'TERM': 'xterm-256color', 'PROMPT_EOL_MARK': '', 'ROS_SUPER_CLIENT': 'True', 'GNOME_DESKTOP_SESSION_ID': 'this-is-deprecated', 'PATH': '/opt/ros/jazzy/opt/gz_msgs_vendor/bin:/opt/ros/jazzy/opt/gz_tools_vendor/bin:/opt/ros/jazzy/opt/gz_ogre_next_vendor/bin:/opt/ros/jazzy/bin:/usr/local/sbin:/usr/local/bin:/usr/sbin:/usr/bin:/sbin:/bin:/usr/games:/usr/local/games:/snap/bin:/snap/bin', 'SESSION_MANAGER': 'local/csci20141:@/tmp/.ICE-unix/15386,unix/csci20141:/tmp/.ICE-unix/15386', 'GNOME_TERMINAL_SCREEN': '/org/gnome/Terminal/screen/8c452b6f_7fd9_4622_9e2f_990e2fc9936f', 'XDG_MENU_PREFIX': 'gnome-', 'GNOME_SETUP_DISPLAY': ':1', 'XDG_RUNTIME_DIR': '/run/user/481856793', 'DISPLAY': ':0', 'XDG_CURRENT_DESKTOP': 'ubuntu:GNOME', 'LANG': 'en_US.UTF-8', 'RMW_IMPLEMENTATION': 'rmw_fastrtps_cpp', 'XDG_SESSION_DESKTOP': 'ubuntu', 'GNOME_TERMINAL_SERVICE': ':1.120', 'XMODIFIERS': '@im=ibus', 'XAUTHORITY': '/run/user/481856793/.mutter-Xwaylandauth.WD8FL3', 'SSH_AUTH_SOCK': '/run/user/481856793/keyring/ssh', 'AMENT_PREFIX_PATH': '/home/nhu.nguyen/turtlebot4_ws/install/lab3_pkg:/home/nhu.nguyen/turtlebot4_ws/install/lab2_pkg:/home/nhu.nguyen/turtlebot4_ws/install/lab1_pkg:/home/nhu.nguyen/turtlebot4_ws/install/custom_interfaces:/opt/ros/jazzy', 'ROS_DOMAIN_ID': '0', 'KRB5CCNAME': 'FILE:/tmp/krb5cc_481856793_nMXivC', 'SHELL': '/bin/zsh', 'ROS_DISCOVERY_SERVER': '10.5.113.101:11811', 'QT_ACCESSIBILITY': '1', 'GDMSESSION': 'ubuntu', 'QT_IM_MODULE': 'ibus', 'ROS_AUTOMATIC_DISCOVERY_RANGE': 'SUBNET', 'PWD': '/home/nhu.nguyen/turtlebot4_ws/build/custom_interfaces', 'XDG_DATA_DIRS': '/usr/local/share/:/usr/share/:/var/lib/snapd/desktop', 'VIRTUAL_ENV_DISABLE_PROMPT': '12', 'PYTHONPATH': '/home/nhu.nguyen/turtlebot4_ws/install/lab3_pkg/lib/python3.12/site-packages:/home/nhu.nguyen/turtlebot4_ws/install/lab2_pkg/lib/python3.12/site-packages:/home/nhu.nguyen/turtlebot4_ws/install/lab1_pkg/lib/python3.12/site-packages:/home/nhu.nguyen/turtlebot4_ws/install/custom_interfaces/lib/python3.12/site-packages:/opt/ros/jazzy/lib/python3.12/site-packages', 'COLCON': '1', 'VTE_VERSION': '7600', 'MEMORY_PRESSURE_WRITE': 'c29tZSAyMDAwMDAgMjAwMDAwMAA=', 'CMAKE_PREFIX_PATH': '/home/nhu.nguyen/turtlebot4_ws/install/custom_interfaces:/opt/ros/jazzy/opt/gz_sim_vendor:/opt/ros/jazzy/opt/gz_sensors_vendor:/opt/ros/jazzy/opt/gz_physics_vendor:/opt/ros/jazzy/opt/sdformat_vendor:/opt/ros/jazzy/opt/gz_gui_vendor:/opt/ros/jazzy/opt/gz_transport_vendor:/opt/ros/jazzy/opt/gz_rendering_vendor:/opt/ros/jazzy/opt/gz_plugin_vendor:/opt/ros/jazzy/opt/gz_fuel_tools_vendor:/opt/ros/jazzy/opt/gz_msgs_vendor:/opt/ros/jazzy/opt/gz_common_vendor:/opt/ros/jazzy/opt/gz_math_vendor:/opt/ros/jazzy/opt/gz_utils_vendor:/opt/ros/jazzy/opt/gz_tools_vendor:/opt/ros/jazzy/opt/gz_ogre_next_vendor:/opt/ros/jazzy/opt/gz_dartsim_vendor:/opt/ros/jazzy/opt/gz_cmake_vendor:/home/nhu.nguyen/turtlebot4_ws/install/lab3_pkg:/home/nhu.nguyen/turtlebot4_ws/install/lab2_pkg:/home/nhu.nguyen/turtlebot4_ws/install/lab1_pkg:/opt/ros/jazzy'}), 'shell': False}
[0.099930] (-) TimerEvent: {}
[0.200155] (-) TimerEvent: {}
[0.269252] (custom_interfaces) StdoutLine: {'line': b'[  2%] Built target custom_interfaces__rosidl_generator_type_description\n'}
[0.269408] (custom_interfaces) StdoutLine: {'line': b'[  2%] Built target ament_cmake_python_copy_custom_interfaces\n'}
[0.269495] (custom_interfaces) StdoutLine: {'line': b'[ 17%] Built target custom_interfaces__rosidl_generator_c\n'}
[0.269573] (custom_interfaces) StdoutLine: {'line': b'[ 20%] Built target custom_interfaces__cpp\n'}
[0.269643] (custom_interfaces) StdoutLine: {'line': b'[ 44%] Built target custom_interfaces__rosidl_typesupport_cpp\n'}
[0.269718] (custom_interfaces) StdoutLine: {'line': b'[ 44%] Built target custom_interfaces__rosidl_typesupport_introspection_cpp\n'}
[0.269792] (custom_interfaces) StdoutLine: {'line': b'[ 47%] Built target custom_interfaces__rosidl_typesupport_c\n'}
[0.269865] (custom_interfaces) StdoutLine: {'line': b'[ 64%] Built target custom_interfaces__rosidl_typesupport_fastrtps_c\n'}
[0.269932] (custom_interfaces) StdoutLine: {'line': b'[ 64%] Built target custom_interfaces__rosidl_typesupport_introspection_c\n'}
[0.270031] (custom_interfaces) StdoutLine: {'line': b'[ 73%] Built target custom_interfaces__rosidl_typesupport_fastrtps_cpp\n'}
[0.270112] (custom_interfaces) StdoutLine: {'line': b'[ 73%] Built target custom_interfaces\n'}
[0.270180] (custom_interfaces) StdoutLine: {'line': b'[ 76%] Built target custom_interfaces__py\n'}
[0.270247] (custom_interfaces) StdoutLine: {'line': b'[ 82%] Built target custom_interfaces__rosidl_generator_py\n'}
[0.270324] (custom_interfaces) StdoutLine: {'line': b'[ 88%] Built target custom_interfaces_s__rosidl_typesupport_fastrtps_c\n'}
[0.270421] (custom_interfaces) StdoutLine: {'line': b'[ 94%] Built target custom_interfaces_s__rosidl_typesupport_c\n'}
[0.270507] (custom_interfaces) StdoutLine: {'line': b'[100%] Built target custom_interfaces_s__rosidl_typesupport_introspection_c\n'}
[0.300230] (-) TimerEvent: {}
[0.330755] (custom_interfaces) StdoutLine: {'line': b'running egg_info\n'}
[0.357926] (custom_interfaces) StdoutLine: {'line': b'writing custom_interfaces.egg-info/PKG-INFO\n'}
[0.358145] (custom_interfaces) StdoutLine: {'line': b'writing dependency_links to custom_interfaces.egg-info/dependency_links.txt\n'}
[0.358384] (custom_interfaces) StdoutLine: {'line': b'writing top-level names to custom_interfaces.egg-info/top_level.txt\n'}
[0.400335] (-) TimerEvent: {}
[0.428754] (custom_interfaces) StdoutLine: {'line': b"reading manifest file 'custom_interfaces.egg-info/SOURCES.txt'\n"}
[0.429212] (custom_interfaces) StdoutLine: {'line': b"writing manifest file 'custom_interfaces.egg-info/SOURCES.txt'\n"}
[0.451700] (custom_interfaces) StdoutLine: {'line': b'[100%] Built target ament_cmake_python_build_custom_interfaces_egg\n'}
[0.486278] (custom_interfaces) CommandEnded: {'returncode': 0}
[0.486817] (custom_interfaces) JobProgress: {'identifier': 'custom_interfaces', 'progress': 'install'}
[0.495571] (custom_interfaces) Command: {'cmd': ['/usr/bin/cmake', '--install', '/home/nhu.nguyen/turtlebot4_ws/build/custom_interfaces'], 'cwd': '/home/nhu.nguyen/turtlebot4_ws/build/custom_interfaces', 'env': OrderedDict({'USER': 'nhu.nguyen@plu.edu', 'GZ_SIM_RESOURCE_PATH': '/opt/ros/jazzy/share', 'GZ_CONFIG_PATH': '/opt/ros/jazzy/opt/gz_sim_vendor/share/gz:/opt/ros/jazzy/opt/sdformat_vendor/share/gz:/opt/ros/jazzy/opt/gz_gui_vendor/share/gz:/opt/ros/jazzy/opt/gz_transport_vendor/share/gz:/opt/ros/jazzy/opt/gz_rendering_vendor/share/gz:/opt/ros/jazzy/opt/gz_plugin_vendor/share/gz:/opt/ros/jazzy/opt/gz_fuel_tools_vendor/share/gz:/opt/ros/jazzy/opt/gz_msgs_vendor/share/gz:/opt/ros/jazzy/opt/gz_common_vendor/share/gz', 'XDG_SESSION_TYPE': 'wayland', 'CLUTTER_DISABLE_MIPMAPPED_TEXT': '1', 'SHLVL': '1', 'LD_LIBRARY_PATH': '/home/nhu.nguyen/turtlebot4_ws/install/custom_interfaces/lib:/opt/ros/jazzy/opt/gz_sim_vendor/lib:/opt/ros/jazzy/opt/gz_sensors_vendor/lib:/opt/ros/jazzy/opt/gz_physics_vendor/lib:/opt/ros/jazzy/opt/sdformat_vendor/lib:/opt/ros/jazzy/opt/rviz_ogre_vendor/lib:/opt/ros/jazzy/lib/x86_64-linux-gnu:/opt/ros/jazzy/opt/gz_gui_vendor/lib:/opt/ros/jazzy/opt/gz_transport_vendor/lib:/opt/ros/jazzy/opt/gz_rendering_vendor/lib:/opt/ros/jazzy/opt/gz_plugin_vendor/lib:/opt/ros/jazzy/opt/gz_fuel_tools_vendor/lib:/opt/ros/jazzy/opt/gz_msgs_vendor/lib:/opt/ros/jazzy/opt/gz_common_vendor/lib:/opt/ros/jazzy/opt/gz_math_vendor/lib:/opt/ros/jazzy/opt/gz_utils_vendor/lib:/opt/ros/jazzy/opt/gz_tools_vendor/lib:/opt/ros/jazzy/opt/gz_ogre_next_vendor/lib:/opt/ros/jazzy/opt/gz_dartsim_vendor/lib:/opt/ros/jazzy/opt/gz_cmake_vendor/lib:/opt/ros/jazzy/lib', 'OLDPWD': '/home/nhu.nguyen', 'HOME': '/home/nhu.nguyen', 'DESKTOP_SESSION': 'ubuntu', 'GTK_MODULES': 'gail:atk-bridge', 'GNOME_SHELL_SESSION_MODE': 'ubuntu', 'ROS_PYTHON_VERSION': '3', 'SYSTEMD_EXEC_PID': '15418', 'DBUS_SESSION_BUS_ADDRESS': 'unix:path=/run/user/481856793/bus', 'GSM_SKIP_SSH_AGENT_WORKAROUND': 'true', 'COLORTERM': 'truecolor', 'CONDA_CHANGEPS1': 'no', 'WAYLAND_DISPLAY': 'wayland-0', 'ROS_DISTRO': 'jazzy', 'COLCON_PREFIX_PATH': '/home/nhu.nguyen/turtlebot4_ws/install', 'LOGNAME': 'nhu.nguyen@plu.edu', '_': '/usr/bin/colcon', 'MEMORY_PRESSURE_WATCH': '/sys/fs/cgroup/user.slice/user-481856793.slice/user@481856793.service/session.slice/org.gnome.Shell@wayland.service/memory.pressure', 'XDG_SESSION_CLASS': 'user', 'ROS_VERSION': '2', 'USERNAME': 'nhu.nguyen@plu.edu', 'TERM': 'xterm-256color', 'PROMPT_EOL_MARK': '', 'ROS_SUPER_CLIENT': 'True', 'GNOME_DESKTOP_SESSION_ID': 'this-is-deprecated', 'PATH': '/opt/ros/jazzy/opt/gz_msgs_vendor/bin:/opt/ros/jazzy/opt/gz_tools_vendor/bin:/opt/ros/jazzy/opt/gz_ogre_next_vendor/bin:/opt/ros/jazzy/bin:/usr/local/sbin:/usr/local/bin:/usr/sbin:/usr/bin:/sbin:/bin:/usr/games:/usr/local/games:/snap/bin:/snap/bin', 'SESSION_MANAGER': 'local/csci20141:@/tmp/.ICE-unix/15386,unix/csci20141:/tmp/.ICE-unix/15386', 'GNOME_TERMINAL_SCREEN': '/org/gnome/Terminal/screen/8c452b6f_7fd9_4622_9e2f_990e2fc9936f', 'XDG_MENU_PREFIX': 'gnome-', 'GNOME_SETUP_DISPLAY': ':1', 'XDG_RUNTIME_DIR': '/run/user/481856793', 'DISPLAY': ':0', 'XDG_CURRENT_DESKTOP': 'ubuntu:GNOME', 'LANG': 'en_US.UTF-8', 'RMW_IMPLEMENTATION': 'rmw_fastrtps_cpp', 'XDG_SESSION_DESKTOP': 'ubuntu', 'GNOME_TERMINAL_SERVICE': ':1.120', 'XMODIFIERS': '@im=ibus', 'XAUTHORITY': '/run/user/481856793/.mutter-Xwaylandauth.WD8FL3', 'SSH_AUTH_SOCK': '/run/user/481856793/keyring/ssh', 'AMENT_PREFIX_PATH': '/home/nhu.nguyen/turtlebot4_ws/install/lab3_pkg:/home/nhu.nguyen/turtlebot4_ws/install/lab2_pkg:/home/nhu.nguyen/turtlebot4_ws/install/lab1_pkg:/home/nhu.nguyen/turtlebot4_ws/install/custom_interfaces:/opt/ros/jazzy', 'ROS_DOMAIN_ID': '0', 'KRB5CCNAME': 'FILE:/tmp/krb5cc_481856793_nMXivC', 'SHELL': '/bin/zsh', 'ROS_DISCOVERY_SERVER': '10.5.113.101:11811', 'QT_ACCESSIBILITY': '1', 'GDMSESSION': 'ubuntu', 'QT_IM_MODULE': 'ibus', 'ROS_AUTOMATIC_DISCOVERY_RANGE': 'SUBNET', 'PWD': '/home/nhu.nguyen/turtlebot4_ws/build/custom_interfaces', 'XDG_DATA_DIRS': '/usr/local/share/:/usr/share/:/var/lib/snapd/desktop', 'VIRTUAL_ENV_DISABLE_PROMPT': '12', 'PYTHONPATH': '/home/nhu.nguyen/turtlebot4_ws/install/lab3_pkg/lib/python3.12/site-packages:/home/nhu.nguyen/turtlebot4_ws/install/lab2_pkg/lib/python3.12/site-packages:/home/nhu.nguyen/turtlebot4_ws/install/lab1_pkg/lib/python3.12/site-packages:/home/nhu.nguyen/turtlebot4_ws/install/custom_interfaces/lib/python3.12/site-packages:/opt/ros/jazzy/lib/python3.12/site-packages', 'COLCON': '1', 'VTE_VERSION': '7600', 'MEMORY_PRESSURE_WRITE': 'c29tZSAyMDAwMDAgMjAwMDAwMAA=', 'CMAKE_PREFIX_PATH': '/home/nhu.nguyen/turtlebot4_ws/install/custom_interfaces:/opt/ros/jazzy/opt/gz_sim_vendor:/opt/ros/jazzy/opt/gz_sensors_vendor:/opt/ros/jazzy/opt/gz_physics_vendor:/opt/ros/jazzy/opt/sdformat_vendor:/opt/ros/jazzy/opt/gz_gui_vendor:/opt/ros/jazzy/opt/gz_transport_vendor:/opt/ros/jazzy/opt/gz_rendering_vendor:/opt/ros/jazzy/opt/gz_plugin_vendor:/opt/ros/jazzy/opt/gz_fuel_tools_vendor:/opt/ros/jazzy/opt/gz_msgs_vendor:/opt/ros/jazzy/opt/gz_common_vendor:/opt/ros/jazzy/opt/gz_math_vendor:/opt/ros/jazzy/opt/gz_utils_vendor:/opt/ros/jazzy/opt/gz_tools_vendor:/opt/ros/jazzy/opt/gz_ogre_next_vendor:/opt/ros/jazzy/opt/gz_dartsim_vendor:/opt/ros/jazzy/opt/gz_cmake_vendor:/home/nhu.nguyen/turtlebot4_ws/install/lab3_pkg:/home/nhu.nguyen/turtlebot4_ws/install/lab2_pkg:/home/nhu.nguyen/turtlebot4_ws/install/lab1_pkg:/opt/ros/jazzy'}), 'shell': False}
[0.500411] (-) TimerEvent: {}
[0.505120] (custom_interfaces) StdoutLine: {'line': b'-- Install configuration: ""\n'}
[0.505300] (custom_interfaces) StdoutLine: {'line': b'-- Up-to-date: /home/nhu.nguyen/turtlebot4_ws/install/custom_interfaces/share/ament_index/resource_index/rosidl_interfaces/custom_interfaces\n'}
[0.505438] (custom_interfaces) StdoutLine: {'line': b'-- Up-to-date: /home/nhu.nguyen/turtlebot4_ws/install/custom_interfaces/share/custom_interfaces/srv/SetCap.json\n'}
[0.505540] (custom_interfaces) StdoutLine: {'line': b'-- Up-to-date: /home/nhu.nguyen/turtlebot4_ws/install/custom_interfaces/include/custom_interfaces/custom_interfaces\n'}
[0.505610] (custom_interfaces) StdoutLine: {'line': b'-- Up-to-date: /home/nhu.nguyen/turtlebot4_ws/install/custom_interfaces/include/custom_interfaces/custom_interfaces/srv\n'}
[0.505677] (custom_interfaces) StdoutLine: {'line': b'-- Up-to-date: /home/nhu.nguyen/turtlebot4_ws/install/custom_interfaces/include/custom_interfaces/custom_interfaces/srv/set_cap.h\n'}
[0.505758] (custom_interfaces) StdoutLine: {'line': b'-- Up-to-date: /home/nhu.nguyen/turtlebot4_ws/install/custom_interfaces/include/custom_interfaces/custom_interfaces/srv/detail\n'}
[0.505831] (custom_interfaces) StdoutLine: {'line': b'-- Up-to-date: /home/nhu.nguyen/turtlebot4_ws/install/custom_interfaces/include/custom_interfaces/custom_interfaces/srv/detail/set_cap__struct.h\n'}
[0.505932] (custom_interfaces) StdoutLine: {'line': b'-- Up-to-date: /home/nhu.nguyen/turtlebot4_ws/install/custom_interfaces/include/custom_interfaces/custom_interfaces/srv/detail/set_cap__type_support.c\n'}
[0.506032] (custom_interfaces) StdoutLine: {'line': b'-- Up-to-date: /home/nhu.nguyen/turtlebot4_ws/install/custom_interfaces/include/custom_interfaces/custom_interfaces/srv/detail/set_cap__description.c\n'}
[0.506105] (custom_interfaces) StdoutLine: {'line': b'-- Up-to-date: /home/nhu.nguyen/turtlebot4_ws/install/custom_interfaces/include/custom_interfaces/custom_interfaces/srv/detail/set_cap__functions.h\n'}
[0.506194] (custom_interfaces) StdoutLine: {'line': b'-- Up-to-date: /home/nhu.nguyen/turtlebot4_ws/install/custom_interfaces/include/custom_interfaces/custom_interfaces/srv/detail/set_cap__type_support.h\n'}
[0.506261] (custom_interfaces) StdoutLine: {'line': b'-- Up-to-date: /home/nhu.nguyen/turtlebot4_ws/install/custom_interfaces/include/custom_interfaces/custom_interfaces/srv/detail/set_cap__functions.c\n'}
[0.506385] (custom_interfaces) StdoutLine: {'line': b'-- Up-to-date: /home/nhu.nguyen/turtlebot4_ws/install/custom_interfaces/include/custom_interfaces/custom_interfaces/msg\n'}
[0.506463] (custom_interfaces) StdoutLine: {'line': b'-- Up-to-date: /home/nhu.nguyen/turtlebot4_ws/install/custom_interfaces/include/custom_interfaces/custom_interfaces/msg/rosidl_generator_c__visibility_control.h\n'}
[0.506536] (custom_interfaces) StdoutLine: {'line': b'-- Up-to-date: /home/nhu.nguyen/turtlebot4_ws/install/custom_interfaces/share/custom_interfaces/environment/library_path.sh\n'}
[0.506605] (custom_interfaces) StdoutLine: {'line': b'-- Up-to-date: /home/nhu.nguyen/turtlebot4_ws/install/custom_interfaces/share/custom_interfaces/environment/library_path.dsv\n'}
[0.506673] (custom_interfaces) StdoutLine: {'line': b'-- Up-to-date: /home/nhu.nguyen/turtlebot4_ws/install/custom_interfaces/lib/libcustom_interfaces__rosidl_generator_c.so\n'}
[0.506762] (custom_interfaces) StdoutLine: {'line': b'-- Up-to-date: /home/nhu.nguyen/turtlebot4_ws/install/custom_interfaces/include/custom_interfaces/custom_interfaces\n'}
[0.506855] (custom_interfaces) StdoutLine: {'line': b'-- Up-to-date: /home/nhu.nguyen/turtlebot4_ws/install/custom_interfaces/include/custom_interfaces/custom_interfaces/srv\n'}
[0.506921] (custom_interfaces) StdoutLine: {'line': b'-- Up-to-date: /home/nhu.nguyen/turtlebot4_ws/install/custom_interfaces/include/custom_interfaces/custom_interfaces/srv/detail\n'}
[0.507031] (custom_interfaces) StdoutLine: {'line': b'-- Up-to-date: /home/nhu.nguyen/turtlebot4_ws/install/custom_interfaces/include/custom_interfaces/custom_interfaces/srv/detail/set_cap__rosidl_typesupport_fastrtps_c.h\n'}
[0.507172] (custom_interfaces) StdoutLine: {'line': b'-- Up-to-date: /home/nhu.nguyen/turtlebot4_ws/install/custom_interfaces/include/custom_interfaces/custom_interfaces/msg\n'}
[0.507247] (custom_interfaces) StdoutLine: {'line': b'-- Up-to-date: /home/nhu.nguyen/turtlebot4_ws/install/custom_interfaces/include/custom_interfaces/custom_interfaces/msg/rosidl_typesupport_fastrtps_c__visibility_control.h\n'}
[0.507395] (custom_interfaces) StdoutLine: {'line': b'-- Up-to-date: /home/nhu.nguyen/turtlebot4_ws/install/custom_interfaces/lib/libcustom_interfaces__rosidl_typesupport_fastrtps_c.so\n'}
[0.507465] (custom_interfaces) StdoutLine: {'line': b'-- Up-to-date: /home/nhu.nguyen/turtlebot4_ws/install/custom_interfaces/include/custom_interfaces/custom_interfaces\n'}
[0.507534] (custom_interfaces) StdoutLine: {'line': b'-- Up-to-date: /home/nhu.nguyen/turtlebot4_ws/install/custom_interfaces/include/custom_interfaces/custom_interfaces/srv\n'}
[0.507628] (custom_interfaces) StdoutLine: {'line': b'-- Up-to-date: /home/nhu.nguyen/turtlebot4_ws/install/custom_interfaces/include/custom_interfaces/custom_interfaces/srv/detail\n'}
[0.507695] (custom_interfaces) StdoutLine: {'line': b'-- Up-to-date: /home/nhu.nguyen/turtlebot4_ws/install/custom_interfaces/include/custom_interfaces/custom_interfaces/srv/detail/set_cap__type_support.c\n'}
[0.507764] (custom_interfaces) StdoutLine: {'line': b'-- Up-to-date: /home/nhu.nguyen/turtlebot4_ws/install/custom_interfaces/include/custom_interfaces/custom_interfaces/srv/detail/set_cap__rosidl_typesupport_introspection_c.h\n'}
[0.507871] (custom_interfaces) StdoutLine: {'line': b'-- Up-to-date: /home/nhu.nguyen/turtlebot4_ws/install/custom_interfaces/include/custom_interfaces/custom_interfaces/msg\n'}
[0.507942] (custom_interfaces) StdoutLine: {'line': b'-- Up-to-date: /home/nhu.nguyen/turtlebot4_ws/install/custom_interfaces/include/custom_interfaces/custom_interfaces/msg/rosidl_typesupport_introspection_c__visibility_control.h\n'}
[0.508010] (custom_interfaces) StdoutLine: {'line': b'-- Up-to-date: /home/nhu.nguyen/turtlebot4_ws/install/custom_interfaces/lib/libcustom_interfaces__rosidl_typesupport_introspection_c.so\n'}
[0.508098] (custom_interfaces) StdoutLine: {'line': b'-- Up-to-date: /home/nhu.nguyen/turtlebot4_ws/install/custom_interfaces/lib/libcustom_interfaces__rosidl_typesupport_c.so\n'}
[0.508167] (custom_interfaces) StdoutLine: {'line': b'-- Up-to-date: /home/nhu.nguyen/turtlebot4_ws/install/custom_interfaces/include/custom_interfaces/custom_interfaces\n'}
[0.508250] (custom_interfaces) StdoutLine: {'line': b'-- Up-to-date: /home/nhu.nguyen/turtlebot4_ws/install/custom_interfaces/include/custom_interfaces/custom_interfaces/srv\n'}
[0.508329] (custom_interfaces) StdoutLine: {'line': b'-- Up-to-date: /home/nhu.nguyen/turtlebot4_ws/install/custom_interfaces/include/custom_interfaces/custom_interfaces/srv/set_cap.hpp\n'}
[0.508441] (custom_interfaces) StdoutLine: {'line': b'-- Up-to-date: /home/nhu.nguyen/turtlebot4_ws/install/custom_interfaces/include/custom_interfaces/custom_interfaces/srv/detail\n'}
[0.508528] (custom_interfaces) StdoutLine: {'line': b'-- Up-to-date: /home/nhu.nguyen/turtlebot4_ws/install/custom_interfaces/include/custom_interfaces/custom_interfaces/srv/detail/set_cap__traits.hpp\n'}
[0.508604] (custom_interfaces) StdoutLine: {'line': b'-- Up-to-date: /home/nhu.nguyen/turtlebot4_ws/install/custom_interfaces/include/custom_interfaces/custom_interfaces/srv/detail/set_cap__builder.hpp\n'}
[0.508671] (custom_interfaces) StdoutLine: {'line': b'-- Up-to-date: /home/nhu.nguyen/turtlebot4_ws/install/custom_interfaces/include/custom_interfaces/custom_interfaces/srv/detail/set_cap__type_support.hpp\n'}
[0.508740] (custom_interfaces) StdoutLine: {'line': b'-- Up-to-date: /home/nhu.nguyen/turtlebot4_ws/install/custom_interfaces/include/custom_interfaces/custom_interfaces/srv/detail/set_cap__struct.hpp\n'}
[0.508831] (custom_interfaces) StdoutLine: {'line': b'-- Up-to-date: /home/nhu.nguyen/turtlebot4_ws/install/custom_interfaces/include/custom_interfaces/custom_interfaces/msg\n'}
[0.508902] (custom_interfaces) StdoutLine: {'line': b'-- Up-to-date: /home/nhu.nguyen/turtlebot4_ws/install/custom_interfaces/include/custom_interfaces/custom_interfaces/msg/rosidl_generator_cpp__visibility_control.hpp\n'}
[0.508968] (custom_interfaces) StdoutLine: {'line': b'-- Up-to-date: /home/nhu.nguyen/turtlebot4_ws/install/custom_interfaces/include/custom_interfaces/custom_interfaces\n'}
[0.509049] (custom_interfaces) StdoutLine: {'line': b'-- Up-to-date: /home/nhu.nguyen/turtlebot4_ws/install/custom_interfaces/include/custom_interfaces/custom_interfaces/srv\n'}
[0.509122] (custom_interfaces) StdoutLine: {'line': b'-- Up-to-date: /home/nhu.nguyen/turtlebot4_ws/install/custom_interfaces/include/custom_interfaces/custom_interfaces/srv/detail\n'}
[0.509187] (custom_interfaces) StdoutLine: {'line': b'-- Up-to-date: /home/nhu.nguyen/turtlebot4_ws/install/custom_interfaces/include/custom_interfaces/custom_interfaces/srv/detail/dds_fastrtps\n'}
[0.509260] (custom_interfaces) StdoutLine: {'line': b'-- Up-to-date: /home/nhu.nguyen/turtlebot4_ws/install/custom_interfaces/include/custom_interfaces/custom_interfaces/srv/detail/set_cap__rosidl_typesupport_fastrtps_cpp.hpp\n'}
[0.509354] (custom_interfaces) StdoutLine: {'line': b'-- Up-to-date: /home/nhu.nguyen/turtlebot4_ws/install/custom_interfaces/include/custom_interfaces/custom_interfaces/msg\n'}
[0.509424] (custom_interfaces) StdoutLine: {'line': b'-- Up-to-date: /home/nhu.nguyen/turtlebot4_ws/install/custom_interfaces/include/custom_interfaces/custom_interfaces/msg/rosidl_typesupport_fastrtps_cpp__visibility_control.h\n'}
[0.509501] (custom_interfaces) StdoutLine: {'line': b'-- Up-to-date: /home/nhu.nguyen/turtlebot4_ws/install/custom_interfaces/lib/libcustom_interfaces__rosidl_typesupport_fastrtps_cpp.so\n'}
[0.509566] (custom_interfaces) StdoutLine: {'line': b'-- Up-to-date: /home/nhu.nguyen/turtlebot4_ws/install/custom_interfaces/include/custom_interfaces/custom_interfaces\n'}
[0.509630] (custom_interfaces) StdoutLine: {'line': b'-- Up-to-date: /home/nhu.nguyen/turtlebot4_ws/install/custom_interfaces/include/custom_interfaces/custom_interfaces/srv\n'}
[0.509783] (custom_interfaces) StdoutLine: {'line': b'-- Up-to-date: /home/nhu.nguyen/turtlebot4_ws/install/custom_interfaces/include/custom_interfaces/custom_interfaces/srv/detail\n'}
[0.509905] (custom_interfaces) StdoutLine: {'line': b'-- Up-to-date: /home/nhu.nguyen/turtlebot4_ws/install/custom_interfaces/include/custom_interfaces/custom_interfaces/srv/detail/set_cap__rosidl_typesupport_introspection_cpp.hpp\n'}
[0.509974] (custom_interfaces) StdoutLine: {'line': b'-- Up-to-date: /home/nhu.nguyen/turtlebot4_ws/install/custom_interfaces/include/custom_interfaces/custom_interfaces/srv/detail/set_cap__type_support.cpp\n'}
[0.510047] (custom_interfaces) StdoutLine: {'line': b'-- Up-to-date: /home/nhu.nguyen/turtlebot4_ws/install/custom_interfaces/lib/libcustom_interfaces__rosidl_typesupport_introspection_cpp.so\n'}
[0.510121] (custom_interfaces) StdoutLine: {'line': b'-- Up-to-date: /home/nhu.nguyen/turtlebot4_ws/install/custom_interfaces/lib/libcustom_interfaces__rosidl_typesupport_cpp.so\n'}
[0.510187] (custom_interfaces) StdoutLine: {'line': b'-- Up-to-date: /home/nhu.nguyen/turtlebot4_ws/install/custom_interfaces/share/custom_interfaces/environment/pythonpath.sh\n'}
[0.510257] (custom_interfaces) StdoutLine: {'line': b'-- Up-to-date: /home/nhu.nguyen/turtlebot4_ws/install/custom_interfaces/share/custom_interfaces/environment/pythonpath.dsv\n'}
[0.510330] (custom_interfaces) StdoutLine: {'line': b'-- Up-to-date: /home/nhu.nguyen/turtlebot4_ws/install/custom_interfaces/lib/python3.12/site-packages/custom_interfaces-0.0.0-py3.12.egg-info\n'}
[0.510403] (custom_interfaces) StdoutLine: {'line': b'-- Installing: /home/nhu.nguyen/turtlebot4_ws/install/custom_interfaces/lib/python3.12/site-packages/custom_interfaces-0.0.0-py3.12.egg-info/SOURCES.txt\n'}
[0.510471] (custom_interfaces) StdoutLine: {'line': b'-- Installing: /home/nhu.nguyen/turtlebot4_ws/install/custom_interfaces/lib/python3.12/site-packages/custom_interfaces-0.0.0-py3.12.egg-info/top_level.txt\n'}
[0.510542] (custom_interfaces) StdoutLine: {'line': b'-- Installing: /home/nhu.nguyen/turtlebot4_ws/install/custom_interfaces/lib/python3.12/site-packages/custom_interfaces-0.0.0-py3.12.egg-info/dependency_links.txt\n'}
[0.510613] (custom_interfaces) StdoutLine: {'line': b'-- Installing: /home/nhu.nguyen/turtlebot4_ws/install/custom_interfaces/lib/python3.12/site-packages/custom_interfaces-0.0.0-py3.12.egg-info/PKG-INFO\n'}
[0.510684] (custom_interfaces) StdoutLine: {'line': b'-- Up-to-date: /home/nhu.nguyen/turtlebot4_ws/install/custom_interfaces/lib/python3.12/site-packages/custom_interfaces\n'}
[0.510760] (custom_interfaces) StdoutLine: {'line': b'-- Up-to-date: /home/nhu.nguyen/turtlebot4_ws/install/custom_interfaces/lib/python3.12/site-packages/custom_interfaces/srv\n'}
[0.510828] (custom_interfaces) StdoutLine: {'line': b'-- Up-to-date: /home/nhu.nguyen/turtlebot4_ws/install/custom_interfaces/lib/python3.12/site-packages/custom_interfaces/srv/_set_cap.py\n'}
[0.510912] (custom_interfaces) StdoutLine: {'line': b'-- Up-to-date: /home/nhu.nguyen/turtlebot4_ws/install/custom_interfaces/lib/python3.12/site-packages/custom_interfaces/srv/__init__.py\n'}
[0.511023] (custom_interfaces) StdoutLine: {'line': b'-- Up-to-date: /home/nhu.nguyen/turtlebot4_ws/install/custom_interfaces/lib/python3.12/site-packages/custom_interfaces/srv/_set_cap_s.c\n'}
[0.511110] (custom_interfaces) StdoutLine: {'line': b'-- Up-to-date: /home/nhu.nguyen/turtlebot4_ws/install/custom_interfaces/lib/python3.12/site-packages/custom_interfaces/custom_interfaces_s__rosidl_typesupport_introspection_c.so\n'}
[0.511230] (custom_interfaces) StdoutLine: {'line': b'-- Up-to-date: /home/nhu.nguyen/turtlebot4_ws/install/custom_interfaces/lib/python3.12/site-packages/custom_interfaces/custom_interfaces_s__rosidl_typesupport_c.so\n'}
[0.511354] (custom_interfaces) StdoutLine: {'line': b'-- Up-to-date: /home/nhu.nguyen/turtlebot4_ws/install/custom_interfaces/lib/python3.12/site-packages/custom_interfaces/custom_interfaces_s__rosidl_typesupport_fastrtps_c.so\n'}
[0.511473] (custom_interfaces) StdoutLine: {'line': b'-- Up-to-date: /home/nhu.nguyen/turtlebot4_ws/install/custom_interfaces/lib/python3.12/site-packages/custom_interfaces/__init__.py\n'}
[0.511592] (custom_interfaces) StdoutLine: {'line': b'-- Up-to-date: /home/nhu.nguyen/turtlebot4_ws/install/custom_interfaces/lib/python3.12/site-packages/custom_interfaces/_custom_interfaces_s.ep.rosidl_typesupport_c.c\n'}
[0.511701] (custom_interfaces) StdoutLine: {'line': b'-- Up-to-date: /home/nhu.nguyen/turtlebot4_ws/install/custom_interfaces/lib/python3.12/site-packages/custom_interfaces/_custom_interfaces_s.ep.rosidl_typesupport_introspection_c.c\n'}
[0.511812] (custom_interfaces) StdoutLine: {'line': b'-- Up-to-date: /home/nhu.nguyen/turtlebot4_ws/install/custom_interfaces/lib/python3.12/site-packages/custom_interfaces/_custom_interfaces_s.ep.rosidl_typesupport_fastrtps_c.c\n'}
[0.539336] (custom_interfaces) StdoutLine: {'line': b"Listing '/home/nhu.nguyen/turtlebot4_ws/install/custom_interfaces/lib/python3.12/site-packages/custom_interfaces'...\n"}
[0.539490] (custom_interfaces) StdoutLine: {'line': b"Listing '/home/nhu.nguyen/turtlebot4_ws/install/custom_interfaces/lib/python3.12/site-packages/custom_interfaces/srv'...\n"}
[0.543448] (custom_interfaces) StdoutLine: {'line': b'-- Up-to-date: /home/nhu.nguyen/turtlebot4_ws/install/custom_interfaces/lib/python3.12/site-packages/custom_interfaces/custom_interfaces_s__rosidl_typesupport_fastrtps_c.so\n'}
[0.543727] (custom_interfaces) StdoutLine: {'line': b'-- Up-to-date: /home/nhu.nguyen/turtlebot4_ws/install/custom_interfaces/lib/python3.12/site-packages/custom_interfaces/custom_interfaces_s__rosidl_typesupport_introspection_c.so\n'}
[0.543964] (custom_interfaces) StdoutLine: {'line': b'-- Up-to-date: /home/nhu.nguyen/turtlebot4_ws/install/custom_interfaces/lib/python3.12/site-packages/custom_interfaces/custom_interfaces_s__rosidl_typesupport_c.so\n'}
[0.544218] (custom_interfaces) StdoutLine: {'line': b'-- Up-to-date: /home/nhu.nguyen/turtlebot4_ws/install/custom_interfaces/lib/libcustom_interfaces__rosidl_generator_py.so\n'}
[0.544462] (custom_interfaces) StdoutLine: {'line': b'-- Up-to-date: /home/nhu.nguyen/turtlebot4_ws/install/custom_interfaces/share/custom_interfaces/srv/SetCap.idl\n'}
[0.544588] (custom_interfaces) StdoutLine: {'line': b'-- Up-to-date: /home/nhu.nguyen/turtlebot4_ws/install/custom_interfaces/share/custom_interfaces/srv/SetCap.srv\n'}
[0.544708] (custom_interfaces) StdoutLine: {'line': b'-- Up-to-date: /home/nhu.nguyen/turtlebot4_ws/install/custom_interfaces/share/ament_index/resource_index/package_run_dependencies/custom_interfaces\n'}
[0.544812] (custom_interfaces) StdoutLine: {'line': b'-- Up-to-date: /home/nhu.nguyen/turtlebot4_ws/install/custom_interfaces/share/ament_index/resource_index/parent_prefix_path/custom_interfaces\n'}
[0.544880] (custom_interfaces) StdoutLine: {'line': b'-- Up-to-date: /home/nhu.nguyen/turtlebot4_ws/install/custom_interfaces/share/custom_interfaces/environment/ament_prefix_path.sh\n'}
[0.544948] (custom_interfaces) StdoutLine: {'line': b'-- Up-to-date: /home/nhu.nguyen/turtlebot4_ws/install/custom_interfaces/share/custom_interfaces/environment/ament_prefix_path.dsv\n'}
[0.545022] (custom_interfaces) StdoutLine: {'line': b'-- Up-to-date: /home/nhu.nguyen/turtlebot4_ws/install/custom_interfaces/share/custom_interfaces/environment/path.sh\n'}
[0.545114] (custom_interfaces) StdoutLine: {'line': b'-- Up-to-date: /home/nhu.nguyen/turtlebot4_ws/install/custom_interfaces/share/custom_interfaces/environment/path.dsv\n'}
[0.545202] (custom_interfaces) StdoutLine: {'line': b'-- Up-to-date: /home/nhu.nguyen/turtlebot4_ws/install/custom_interfaces/share/custom_interfaces/local_setup.bash\n'}
[0.545292] (custom_interfaces) StdoutLine: {'line': b'-- Up-to-date: /home/nhu.nguyen/turtlebot4_ws/install/custom_interfaces/share/custom_interfaces/local_setup.sh\n'}
[0.545379] (custom_interfaces) StdoutLine: {'line': b'-- Up-to-date: /home/nhu.nguyen/turtlebot4_ws/install/custom_interfaces/share/custom_interfaces/local_setup.zsh\n'}
[0.545446] (custom_interfaces) StdoutLine: {'line': b'-- Up-to-date: /home/nhu.nguyen/turtlebot4_ws/install/custom_interfaces/share/custom_interfaces/local_setup.dsv\n'}
[0.545531] (custom_interfaces) StdoutLine: {'line': b'-- Installing: /home/nhu.nguyen/turtlebot4_ws/install/custom_interfaces/share/custom_interfaces/package.dsv\n'}
[0.545621] (custom_interfaces) StdoutLine: {'line': b'-- Up-to-date: /home/nhu.nguyen/turtlebot4_ws/install/custom_interfaces/share/ament_index/resource_index/packages/custom_interfaces\n'}
[0.545688] (custom_interfaces) StdoutLine: {'line': b'-- Up-to-date: /home/nhu.nguyen/turtlebot4_ws/install/custom_interfaces/share/custom_interfaces/cmake/export_custom_interfaces__rosidl_generator_cExport.cmake\n'}
[0.545782] (custom_interfaces) StdoutLine: {'line': b'-- Up-to-date: /home/nhu.nguyen/turtlebot4_ws/install/custom_interfaces/share/custom_interfaces/cmake/export_custom_interfaces__rosidl_generator_cExport-noconfig.cmake\n'}
[0.545850] (custom_interfaces) StdoutLine: {'line': b'-- Up-to-date: /home/nhu.nguyen/turtlebot4_ws/install/custom_interfaces/share/custom_interfaces/cmake/export_custom_interfaces__rosidl_typesupport_fastrtps_cExport.cmake\n'}
[0.545944] (custom_interfaces) StdoutLine: {'line': b'-- Up-to-date: /home/nhu.nguyen/turtlebot4_ws/install/custom_interfaces/share/custom_interfaces/cmake/export_custom_interfaces__rosidl_typesupport_fastrtps_cExport-noconfig.cmake\n'}
[0.546013] (custom_interfaces) StdoutLine: {'line': b'-- Up-to-date: /home/nhu.nguyen/turtlebot4_ws/install/custom_interfaces/share/custom_interfaces/cmake/custom_interfaces__rosidl_typesupport_introspection_cExport.cmake\n'}
[0.546091] (custom_interfaces) StdoutLine: {'line': b'-- Up-to-date: /home/nhu.nguyen/turtlebot4_ws/install/custom_interfaces/share/custom_interfaces/cmake/custom_interfaces__rosidl_typesupport_introspection_cExport-noconfig.cmake\n'}
[0.546162] (custom_interfaces) StdoutLine: {'line': b'-- Up-to-date: /home/nhu.nguyen/turtlebot4_ws/install/custom_interfaces/share/custom_interfaces/cmake/custom_interfaces__rosidl_typesupport_cExport.cmake\n'}
[0.546227] (custom_interfaces) StdoutLine: {'line': b'-- Up-to-date: /home/nhu.nguyen/turtlebot4_ws/install/custom_interfaces/share/custom_interfaces/cmake/custom_interfaces__rosidl_typesupport_cExport-noconfig.cmake\n'}
[0.546332] (custom_interfaces) StdoutLine: {'line': b'-- Up-to-date: /home/nhu.nguyen/turtlebot4_ws/install/custom_interfaces/share/custom_interfaces/cmake/export_custom_interfaces__rosidl_generator_cppExport.cmake\n'}
[0.546405] (custom_interfaces) StdoutLine: {'line': b'-- Up-to-date: /home/nhu.nguyen/turtlebot4_ws/install/custom_interfaces/share/custom_interfaces/cmake/export_custom_interfaces__rosidl_typesupport_fastrtps_cppExport.cmake\n'}
[0.546509] (custom_interfaces) StdoutLine: {'line': b'-- Up-to-date: /home/nhu.nguyen/turtlebot4_ws/install/custom_interfaces/share/custom_interfaces/cmake/export_custom_interfaces__rosidl_typesupport_fastrtps_cppExport-noconfig.cmake\n'}
[0.546579] (custom_interfaces) StdoutLine: {'line': b'-- Up-to-date: /home/nhu.nguyen/turtlebot4_ws/install/custom_interfaces/share/custom_interfaces/cmake/custom_interfaces__rosidl_typesupport_introspection_cppExport.cmake\n'}
[0.546656] (custom_interfaces) StdoutLine: {'line': b'-- Up-to-date: /home/nhu.nguyen/turtlebot4_ws/install/custom_interfaces/share/custom_interfaces/cmake/custom_interfaces__rosidl_typesupport_introspection_cppExport-noconfig.cmake\n'}
[0.546756] (custom_interfaces) StdoutLine: {'line': b'-- Up-to-date: /home/nhu.nguyen/turtlebot4_ws/install/custom_interfaces/share/custom_interfaces/cmake/custom_interfaces__rosidl_typesupport_cppExport.cmake\n'}
[0.546834] (custom_interfaces) StdoutLine: {'line': b'-- Up-to-date: /home/nhu.nguyen/turtlebot4_ws/install/custom_interfaces/share/custom_interfaces/cmake/custom_interfaces__rosidl_typesupport_cppExport-noconfig.cmake\n'}
[0.546933] (custom_interfaces) StdoutLine: {'line': b'-- Up-to-date: /home/nhu.nguyen/turtlebot4_ws/install/custom_interfaces/share/custom_interfaces/cmake/export_custom_interfaces__rosidl_generator_pyExport.cmake\n'}
[0.547034] (custom_interfaces) StdoutLine: {'line': b'-- Up-to-date: /home/nhu.nguyen/turtlebot4_ws/install/custom_interfaces/share/custom_interfaces/cmake/export_custom_interfaces__rosidl_generator_pyExport-noconfig.cmake\n'}
[0.547135] (custom_interfaces) StdoutLine: {'line': b'-- Up-to-date: /home/nhu.nguyen/turtlebot4_ws/install/custom_interfaces/share/custom_interfaces/cmake/rosidl_cmake-extras.cmake\n'}
[0.547212] (custom_interfaces) StdoutLine: {'line': b'-- Up-to-date: /home/nhu.nguyen/turtlebot4_ws/install/custom_interfaces/share/custom_interfaces/cmake/ament_cmake_export_dependencies-extras.cmake\n'}
[0.547311] (custom_interfaces) StdoutLine: {'line': b'-- Up-to-date: /home/nhu.nguyen/turtlebot4_ws/install/custom_interfaces/share/custom_interfaces/cmake/ament_cmake_export_include_directories-extras.cmake\n'}
[0.547379] (custom_interfaces) StdoutLine: {'line': b'-- Up-to-date: /home/nhu.nguyen/turtlebot4_ws/install/custom_interfaces/share/custom_interfaces/cmake/ament_cmake_export_libraries-extras.cmake\n'}
[0.547458] (custom_interfaces) StdoutLine: {'line': b'-- Up-to-date: /home/nhu.nguyen/turtlebot4_ws/install/custom_interfaces/share/custom_interfaces/cmake/ament_cmake_export_targets-extras.cmake\n'}
[0.547531] (custom_interfaces) StdoutLine: {'line': b'-- Up-to-date: /home/nhu.nguyen/turtlebot4_ws/install/custom_interfaces/share/custom_interfaces/cmake/rosidl_cmake_export_typesupport_targets-extras.cmake\n'}
[0.547608] (custom_interfaces) StdoutLine: {'line': b'-- Up-to-date: /home/nhu.nguyen/turtlebot4_ws/install/custom_interfaces/share/custom_interfaces/cmake/rosidl_cmake_export_typesupport_libraries-extras.cmake\n'}
[0.547679] (custom_interfaces) StdoutLine: {'line': b'-- Up-to-date: /home/nhu.nguyen/turtlebot4_ws/install/custom_interfaces/share/custom_interfaces/cmake/custom_interfacesConfig.cmake\n'}
[0.547749] (custom_interfaces) StdoutLine: {'line': b'-- Up-to-date: /home/nhu.nguyen/turtlebot4_ws/install/custom_interfaces/share/custom_interfaces/cmake/custom_interfacesConfig-version.cmake\n'}
[0.547816] (custom_interfaces) StdoutLine: {'line': b'-- Up-to-date: /home/nhu.nguyen/turtlebot4_ws/install/custom_interfaces/share/custom_interfaces/package.xml\n'}
[0.548689] (custom_interfaces) CommandEnded: {'returncode': 0}
[0.600491] (-) TimerEvent: {}
[0.618851] (custom_interfaces) JobEnded: {'identifier': 'custom_interfaces', 'rc': 0}
[0.620471] (lab3_pkg) JobStarted: {'identifier': 'lab3_pkg'}
[0.700610] (-) TimerEvent: {}
[0.800858] (-) TimerEvent: {}
[0.901077] (-) TimerEvent: {}
[1.001266] (-) TimerEvent: {}
[1.101501] (-) TimerEvent: {}
[1.127009] (lab1_pkg) Command: {'cmd': ['/usr/bin/python3', '-W', 'ignore:setup.py install is deprecated', '-W', 'ignore:easy_install command is deprecated', 'setup.py', 'egg_info', '--egg-base', '../../build/lab1_pkg', 'build', '--build-base', '/home/nhu.nguyen/turtlebot4_ws/build/lab1_pkg/build', 'install', '--record', '/home/nhu.nguyen/turtlebot4_ws/build/lab1_pkg/install.log', '--single-version-externally-managed', 'install_data'], 'cwd': '/home/nhu.nguyen/turtlebot4_ws/src/lab1_pkg', 'env': {'USER': 'nhu.nguyen@plu.edu', 'GZ_SIM_RESOURCE_PATH': '/opt/ros/jazzy/share', 'GZ_CONFIG_PATH': '/opt/ros/jazzy/opt/gz_sim_vendor/share/gz:/opt/ros/jazzy/opt/sdformat_vendor/share/gz:/opt/ros/jazzy/opt/gz_gui_vendor/share/gz:/opt/ros/jazzy/opt/gz_transport_vendor/share/gz:/opt/ros/jazzy/opt/gz_rendering_vendor/share/gz:/opt/ros/jazzy/opt/gz_plugin_vendor/share/gz:/opt/ros/jazzy/opt/gz_fuel_tools_vendor/share/gz:/opt/ros/jazzy/opt/gz_msgs_vendor/share/gz:/opt/ros/jazzy/opt/gz_common_vendor/share/gz', 'XDG_SESSION_TYPE': 'wayland', 'CLUTTER_DISABLE_MIPMAPPED_TEXT': '1', 'SHLVL': '1', 'LD_LIBRARY_PATH': '/home/nhu.nguyen/turtlebot4_ws/install/custom_interfaces/lib:/opt/ros/jazzy/opt/gz_sim_vendor/lib:/opt/ros/jazzy/opt/gz_sensors_vendor/lib:/opt/ros/jazzy/opt/gz_physics_vendor/lib:/opt/ros/jazzy/opt/sdformat_vendor/lib:/opt/ros/jazzy/opt/rviz_ogre_vendor/lib:/opt/ros/jazzy/lib/x86_64-linux-gnu:/opt/ros/jazzy/opt/gz_gui_vendor/lib:/opt/ros/jazzy/opt/gz_transport_vendor/lib:/opt/ros/jazzy/opt/gz_rendering_vendor/lib:/opt/ros/jazzy/opt/gz_plugin_vendor/lib:/opt/ros/jazzy/opt/gz_fuel_tools_vendor/lib:/opt/ros/jazzy/opt/gz_msgs_vendor/lib:/opt/ros/jazzy/opt/gz_common_vendor/lib:/opt/ros/jazzy/opt/gz_math_vendor/lib:/opt/ros/jazzy/opt/gz_utils_vendor/lib:/opt/ros/jazzy/opt/gz_tools_vendor/lib:/opt/ros/jazzy/opt/gz_ogre_next_vendor/lib:/opt/ros/jazzy/opt/gz_dartsim_vendor/lib:/opt/ros/jazzy/opt/gz_cmake_vendor/lib:/opt/ros/jazzy/lib', 'OLDPWD': '/home/nhu.nguyen', 'HOME': '/home/nhu.nguyen', 'DESKTOP_SESSION': 'ubuntu', 'GTK_MODULES': 'gail:atk-bridge', 'GNOME_SHELL_SESSION_MODE': 'ubuntu', 'ROS_PYTHON_VERSION': '3', 'SYSTEMD_EXEC_PID': '15418', 'DBUS_SESSION_BUS_ADDRESS': 'unix:path=/run/user/481856793/bus', 'GSM_SKIP_SSH_AGENT_WORKAROUND': 'true', 'COLORTERM': 'truecolor', 'CONDA_CHANGEPS1': 'no', 'WAYLAND_DISPLAY': 'wayland-0', 'ROS_DISTRO': 'jazzy', 'COLCON_PREFIX_PATH': '/home/nhu.nguyen/turtlebot4_ws/install', 'LOGNAME': 'nhu.nguyen@plu.edu', '_': '/usr/bin/colcon', 'MEMORY_PRESSURE_WATCH': '/sys/fs/cgroup/user.slice/user-481856793.slice/user@481856793.service/session.slice/org.gnome.Shell@wayland.service/memory.pressure', 'XDG_SESSION_CLASS': 'user', 'ROS_VERSION': '2', 'USERNAME': 'nhu.nguyen@plu.edu', 'TERM': 'xterm-256color', 'PROMPT_EOL_MARK': '', 'ROS_SUPER_CLIENT': 'True', 'GNOME_DESKTOP_SESSION_ID': 'this-is-deprecated', 'PATH': '/opt/ros/jazzy/opt/gz_msgs_vendor/bin:/opt/ros/jazzy/opt/gz_tools_vendor/bin:/opt/ros/jazzy/opt/gz_ogre_next_vendor/bin:/opt/ros/jazzy/bin:/usr/local/sbin:/usr/local/bin:/usr/sbin:/usr/bin:/sbin:/bin:/usr/games:/usr/local/games:/snap/bin:/snap/bin', 'SESSION_MANAGER': 'local/csci20141:@/tmp/.ICE-unix/15386,unix/csci20141:/tmp/.ICE-unix/15386', 'GNOME_TERMINAL_SCREEN': '/org/gnome/Terminal/screen/8c452b6f_7fd9_4622_9e2f_990e2fc9936f', 'XDG_MENU_PREFIX': 'gnome-', 'GNOME_SETUP_DISPLAY': ':1', 'XDG_RUNTIME_DIR': '/run/user/481856793', 'DISPLAY': ':0', 'XDG_CURRENT_DESKTOP': 'ubuntu:GNOME', 'LANG': 'en_US.UTF-8', 'RMW_IMPLEMENTATION': 'rmw_fastrtps_cpp', 'XDG_SESSION_DESKTOP': 'ubuntu', 'GNOME_TERMINAL_SERVICE': ':1.120', 'XMODIFIERS': '@im=ibus', 'XAUTHORITY': '/run/user/481856793/.mutter-Xwaylandauth.WD8FL3', 'SSH_AUTH_SOCK': '/run/user/481856793/keyring/ssh', 'AMENT_PREFIX_PATH': '/home/nhu.nguyen/turtlebot4_ws/install/lab3_pkg:/home/nhu.nguyen/turtlebot4_ws/install/lab2_pkg:/home/nhu.nguyen/turtlebot4_ws/install/lab1_pkg:/home/nhu.nguyen/turtlebot4_ws/install/custom_interfaces:/opt/ros/jazzy', 'ROS_DOMAIN_ID': '0', 'KRB5CCNAME': 'FILE:/tmp/krb5cc_481856793_nMXivC', 'SHELL': '/bin/zsh', 'ROS_DISCOVERY_SERVER': '10.5.113.101:11811', 'QT_ACCESSIBILITY': '1', 'GDMSESSION': 'ubuntu', 'QT_IM_MODULE': 'ibus', 'ROS_AUTOMATIC_DISCOVERY_RANGE': 'SUBNET', 'PWD': '/home/nhu.nguyen/turtlebot4_ws/build/lab1_pkg', 'XDG_DATA_DIRS': '/usr/local/share/:/usr/share/:/var/lib/snapd/desktop', 'VIRTUAL_ENV_DISABLE_PROMPT': '12', 'PYTHONPATH': '/home/nhu.nguyen/turtlebot4_ws/build/lab1_pkg/prefix_override:/usr/lib/python3/dist-packages/colcon_core/task/python/colcon_distutils_commands:/home/nhu.nguyen/turtlebot4_ws/install/lab1_pkg/lib/python3.12/site-packages:/home/nhu.nguyen/turtlebot4_ws/install/lab3_pkg/lib/python3.12/site-packages:/home/nhu.nguyen/turtlebot4_ws/install/lab2_pkg/lib/python3.12/site-packages:/home/nhu.nguyen/turtlebot4_ws/install/lab1_pkg/lib/python3.12/site-packages:/home/nhu.nguyen/turtlebot4_ws/install/custom_interfaces/lib/python3.12/site-packages:/opt/ros/jazzy/lib/python3.12/site-packages', 'COLCON': '1', 'VTE_VERSION': '7600', 'MEMORY_PRESSURE_WRITE': 'c29tZSAyMDAwMDAgMjAwMDAwMAA=', 'CMAKE_PREFIX_PATH': '/home/nhu.nguyen/turtlebot4_ws/install/custom_interfaces:/opt/ros/jazzy/opt/gz_sim_vendor:/opt/ros/jazzy/opt/gz_sensors_vendor:/opt/ros/jazzy/opt/gz_physics_vendor:/opt/ros/jazzy/opt/sdformat_vendor:/opt/ros/jazzy/opt/gz_gui_vendor:/opt/ros/jazzy/opt/gz_transport_vendor:/opt/ros/jazzy/opt/gz_rendering_vendor:/opt/ros/jazzy/opt/gz_plugin_vendor:/opt/ros/jazzy/opt/gz_fuel_tools_vendor:/opt/ros/jazzy/opt/gz_msgs_vendor:/opt/ros/jazzy/opt/gz_common_vendor:/opt/ros/jazzy/opt/gz_math_vendor:/opt/ros/jazzy/opt/gz_utils_vendor:/opt/ros/jazzy/opt/gz_tools_vendor:/opt/ros/jazzy/opt/gz_ogre_next_vendor:/opt/ros/jazzy/opt/gz_dartsim_vendor:/opt/ros/jazzy/opt/gz_cmake_vendor'}, 'shell': False}
[1.163190] (lab2_pkg) Command: {'cmd': ['/usr/bin/python3', '-W', 'ignore:setup.py install is deprecated', '-W', 'ignore:easy_install command is deprecated', 'setup.py', 'egg_info', '--egg-base', '../../build/lab2_pkg', 'build', '--build-base', '/home/nhu.nguyen/turtlebot4_ws/build/lab2_pkg/build', 'install', '--record', '/home/nhu.nguyen/turtlebot4_ws/build/lab2_pkg/install.log', '--single-version-externally-managed', 'install_data'], 'cwd': '/home/nhu.nguyen/turtlebot4_ws/src/lab2_pkg', 'env': {'USER': 'nhu.nguyen@plu.edu', 'GZ_SIM_RESOURCE_PATH': '/opt/ros/jazzy/share', 'GZ_CONFIG_PATH': '/opt/ros/jazzy/opt/gz_sim_vendor/share/gz:/opt/ros/jazzy/opt/sdformat_vendor/share/gz:/opt/ros/jazzy/opt/gz_gui_vendor/share/gz:/opt/ros/jazzy/opt/gz_transport_vendor/share/gz:/opt/ros/jazzy/opt/gz_rendering_vendor/share/gz:/opt/ros/jazzy/opt/gz_plugin_vendor/share/gz:/opt/ros/jazzy/opt/gz_fuel_tools_vendor/share/gz:/opt/ros/jazzy/opt/gz_msgs_vendor/share/gz:/opt/ros/jazzy/opt/gz_common_vendor/share/gz', 'XDG_SESSION_TYPE': 'wayland', 'CLUTTER_DISABLE_MIPMAPPED_TEXT': '1', 'SHLVL': '1', 'LD_LIBRARY_PATH': '/home/nhu.nguyen/turtlebot4_ws/install/custom_interfaces/lib:/opt/ros/jazzy/opt/gz_sim_vendor/lib:/opt/ros/jazzy/opt/gz_sensors_vendor/lib:/opt/ros/jazzy/opt/gz_physics_vendor/lib:/opt/ros/jazzy/opt/sdformat_vendor/lib:/opt/ros/jazzy/opt/rviz_ogre_vendor/lib:/opt/ros/jazzy/lib/x86_64-linux-gnu:/opt/ros/jazzy/opt/gz_gui_vendor/lib:/opt/ros/jazzy/opt/gz_transport_vendor/lib:/opt/ros/jazzy/opt/gz_rendering_vendor/lib:/opt/ros/jazzy/opt/gz_plugin_vendor/lib:/opt/ros/jazzy/opt/gz_fuel_tools_vendor/lib:/opt/ros/jazzy/opt/gz_msgs_vendor/lib:/opt/ros/jazzy/opt/gz_common_vendor/lib:/opt/ros/jazzy/opt/gz_math_vendor/lib:/opt/ros/jazzy/opt/gz_utils_vendor/lib:/opt/ros/jazzy/opt/gz_tools_vendor/lib:/opt/ros/jazzy/opt/gz_ogre_next_vendor/lib:/opt/ros/jazzy/opt/gz_dartsim_vendor/lib:/opt/ros/jazzy/opt/gz_cmake_vendor/lib:/opt/ros/jazzy/lib', 'OLDPWD': '/home/nhu.nguyen', 'HOME': '/home/nhu.nguyen', 'DESKTOP_SESSION': 'ubuntu', 'GTK_MODULES': 'gail:atk-bridge', 'GNOME_SHELL_SESSION_MODE': 'ubuntu', 'ROS_PYTHON_VERSION': '3', 'SYSTEMD_EXEC_PID': '15418', 'DBUS_SESSION_BUS_ADDRESS': 'unix:path=/run/user/481856793/bus', 'GSM_SKIP_SSH_AGENT_WORKAROUND': 'true', 'COLORTERM': 'truecolor', 'CONDA_CHANGEPS1': 'no', 'WAYLAND_DISPLAY': 'wayland-0', 'ROS_DISTRO': 'jazzy', 'COLCON_PREFIX_PATH': '/home/nhu.nguyen/turtlebot4_ws/install', 'LOGNAME': 'nhu.nguyen@plu.edu', '_': '/usr/bin/colcon', 'MEMORY_PRESSURE_WATCH': '/sys/fs/cgroup/user.slice/user-481856793.slice/user@481856793.service/session.slice/org.gnome.Shell@wayland.service/memory.pressure', 'XDG_SESSION_CLASS': 'user', 'ROS_VERSION': '2', 'USERNAME': 'nhu.nguyen@plu.edu', 'TERM': 'xterm-256color', 'PROMPT_EOL_MARK': '', 'ROS_SUPER_CLIENT': 'True', 'GNOME_DESKTOP_SESSION_ID': 'this-is-deprecated', 'PATH': '/opt/ros/jazzy/opt/gz_msgs_vendor/bin:/opt/ros/jazzy/opt/gz_tools_vendor/bin:/opt/ros/jazzy/opt/gz_ogre_next_vendor/bin:/opt/ros/jazzy/bin:/usr/local/sbin:/usr/local/bin:/usr/sbin:/usr/bin:/sbin:/bin:/usr/games:/usr/local/games:/snap/bin:/snap/bin', 'SESSION_MANAGER': 'local/csci20141:@/tmp/.ICE-unix/15386,unix/csci20141:/tmp/.ICE-unix/15386', 'GNOME_TERMINAL_SCREEN': '/org/gnome/Terminal/screen/8c452b6f_7fd9_4622_9e2f_990e2fc9936f', 'XDG_MENU_PREFIX': 'gnome-', 'GNOME_SETUP_DISPLAY': ':1', 'XDG_RUNTIME_DIR': '/run/user/481856793', 'DISPLAY': ':0', 'XDG_CURRENT_DESKTOP': 'ubuntu:GNOME', 'LANG': 'en_US.UTF-8', 'RMW_IMPLEMENTATION': 'rmw_fastrtps_cpp', 'XDG_SESSION_DESKTOP': 'ubuntu', 'GNOME_TERMINAL_SERVICE': ':1.120', 'XMODIFIERS': '@im=ibus', 'XAUTHORITY': '/run/user/481856793/.mutter-Xwaylandauth.WD8FL3', 'SSH_AUTH_SOCK': '/run/user/481856793/keyring/ssh', 'AMENT_PREFIX_PATH': '/home/nhu.nguyen/turtlebot4_ws/install/lab3_pkg:/home/nhu.nguyen/turtlebot4_ws/install/lab2_pkg:/home/nhu.nguyen/turtlebot4_ws/install/lab1_pkg:/home/nhu.nguyen/turtlebot4_ws/install/custom_interfaces:/opt/ros/jazzy', 'ROS_DOMAIN_ID': '0', 'KRB5CCNAME': 'FILE:/tmp/krb5cc_481856793_nMXivC', 'SHELL': '/bin/zsh', 'ROS_DISCOVERY_SERVER': '10.5.113.101:11811', 'QT_ACCESSIBILITY': '1', 'GDMSESSION': 'ubuntu', 'QT_IM_MODULE': 'ibus', 'ROS_AUTOMATIC_DISCOVERY_RANGE': 'SUBNET', 'PWD': '/home/nhu.nguyen/turtlebot4_ws/build/lab2_pkg', 'XDG_DATA_DIRS': '/usr/local/share/:/usr/share/:/var/lib/snapd/desktop', 'VIRTUAL_ENV_DISABLE_PROMPT': '12', 'PYTHONPATH': '/home/nhu.nguyen/turtlebot4_ws/build/lab2_pkg/prefix_override:/usr/lib/python3/dist-packages/colcon_core/task/python/colcon_distutils_commands:/home/nhu.nguyen/turtlebot4_ws/install/lab2_pkg/lib/python3.12/site-packages:/home/nhu.nguyen/turtlebot4_ws/install/lab3_pkg/lib/python3.12/site-packages:/home/nhu.nguyen/turtlebot4_ws/install/lab2_pkg/lib/python3.12/site-packages:/home/nhu.nguyen/turtlebot4_ws/install/lab1_pkg/lib/python3.12/site-packages:/home/nhu.nguyen/turtlebot4_ws/install/custom_interfaces/lib/python3.12/site-packages:/opt/ros/jazzy/lib/python3.12/site-packages', 'COLCON': '1', 'VTE_VERSION': '7600', 'MEMORY_PRESSURE_WRITE': 'c29tZSAyMDAwMDAgMjAwMDAwMAA=', 'CMAKE_PREFIX_PATH': '/home/nhu.nguyen/turtlebot4_ws/install/custom_interfaces:/opt/ros/jazzy/opt/gz_sim_vendor:/opt/ros/jazzy/opt/gz_sensors_vendor:/opt/ros/jazzy/opt/gz_physics_vendor:/opt/ros/jazzy/opt/sdformat_vendor:/opt/ros/jazzy/opt/gz_gui_vendor:/opt/ros/jazzy/opt/gz_transport_vendor:/opt/ros/jazzy/opt/gz_rendering_vendor:/opt/ros/jazzy/opt/gz_plugin_vendor:/opt/ros/jazzy/opt/gz_fuel_tools_vendor:/opt/ros/jazzy/opt/gz_msgs_vendor:/opt/ros/jazzy/opt/gz_common_vendor:/opt/ros/jazzy/opt/gz_math_vendor:/opt/ros/jazzy/opt/gz_utils_vendor:/opt/ros/jazzy/opt/gz_tools_vendor:/opt/ros/jazzy/opt/gz_ogre_next_vendor:/opt/ros/jazzy/opt/gz_dartsim_vendor:/opt/ros/jazzy/opt/gz_cmake_vendor'}, 'shell': False}
[1.201618] (-) TimerEvent: {}
[1.301813] (-) TimerEvent: {}
[1.402007] (-) TimerEvent: {}
[1.416311] (lab1_pkg) StdoutLine: {'line': b'running egg_info\n'}
[1.440348] (lab1_pkg) StdoutLine: {'line': b'writing ../../build/lab1_pkg/lab1_pkg.egg-info/PKG-INFO\n'}
[1.440584] (lab1_pkg) StdoutLine: {'line': b'writing dependency_links to ../../build/lab1_pkg/lab1_pkg.egg-info/dependency_links.txt\n'}
[1.440813] (lab1_pkg) StdoutLine: {'line': b'writing entry points to ../../build/lab1_pkg/lab1_pkg.egg-info/entry_points.txt\n'}
[1.441004] (lab1_pkg) StdoutLine: {'line': b'writing requirements to ../../build/lab1_pkg/lab1_pkg.egg-info/requires.txt\n'}
[1.441162] (lab1_pkg) StdoutLine: {'line': b'writing top-level names to ../../build/lab1_pkg/lab1_pkg.egg-info/top_level.txt\n'}
[1.466133] (lab2_pkg) StdoutLine: {'line': b'running egg_info\n'}
[1.489634] (lab2_pkg) StdoutLine: {'line': b'writing ../../build/lab2_pkg/lab2_pkg.egg-info/PKG-INFO\n'}
[1.489882] (lab2_pkg) StdoutLine: {'line': b'writing dependency_links to ../../build/lab2_pkg/lab2_pkg.egg-info/dependency_links.txt\n'}
[1.490066] (lab2_pkg) StdoutLine: {'line': b'writing entry points to ../../build/lab2_pkg/lab2_pkg.egg-info/entry_points.txt\n'}
[1.490307] (lab1_pkg) StdoutLine: {'line': b"reading manifest file '../../build/lab1_pkg/lab1_pkg.egg-info/SOURCES.txt'\n"}
[1.490486] (lab2_pkg) StdoutLine: {'line': b'writing requirements to ../../build/lab2_pkg/lab2_pkg.egg-info/requires.txt\n'}
[1.490572] (lab2_pkg) StdoutLine: {'line': b'writing top-level names to ../../build/lab2_pkg/lab2_pkg.egg-info/top_level.txt\n'}
[1.491078] (lab1_pkg) StdoutLine: {'line': b"writing manifest file '../../build/lab1_pkg/lab1_pkg.egg-info/SOURCES.txt'\n"}
[1.491248] (lab1_pkg) StdoutLine: {'line': b'running build\n'}
[1.491352] (lab1_pkg) StdoutLine: {'line': b'running build_py\n'}
[1.491592] (lab1_pkg) StdoutLine: {'line': b'running install\n'}
[1.497039] (lab1_pkg) StdoutLine: {'line': b'running install_lib\n'}
[1.502116] (-) TimerEvent: {}
[1.513413] (lab3_pkg) Command: {'cmd': ['/usr/bin/python3', '-W', 'ignore:setup.py install is deprecated', '-W', 'ignore:easy_install command is deprecated', 'setup.py', 'egg_info', '--egg-base', '../../build/lab3_pkg', 'build', '--build-base', '/home/nhu.nguyen/turtlebot4_ws/build/lab3_pkg/build', 'install', '--record', '/home/nhu.nguyen/turtlebot4_ws/build/lab3_pkg/install.log', '--single-version-externally-managed', 'install_data'], 'cwd': '/home/nhu.nguyen/turtlebot4_ws/src/lab3_pkg', 'env': {'USER': 'nhu.nguyen@plu.edu', 'GZ_SIM_RESOURCE_PATH': '/opt/ros/jazzy/share', 'GZ_CONFIG_PATH': '/opt/ros/jazzy/opt/gz_sim_vendor/share/gz:/opt/ros/jazzy/opt/sdformat_vendor/share/gz:/opt/ros/jazzy/opt/gz_gui_vendor/share/gz:/opt/ros/jazzy/opt/gz_transport_vendor/share/gz:/opt/ros/jazzy/opt/gz_rendering_vendor/share/gz:/opt/ros/jazzy/opt/gz_plugin_vendor/share/gz:/opt/ros/jazzy/opt/gz_fuel_tools_vendor/share/gz:/opt/ros/jazzy/opt/gz_msgs_vendor/share/gz:/opt/ros/jazzy/opt/gz_common_vendor/share/gz', 'XDG_SESSION_TYPE': 'wayland', 'CLUTTER_DISABLE_MIPMAPPED_TEXT': '1', 'SHLVL': '1', 'LD_LIBRARY_PATH': '/home/nhu.nguyen/turtlebot4_ws/install/custom_interfaces/lib:/opt/ros/jazzy/opt/gz_sim_vendor/lib:/opt/ros/jazzy/opt/gz_sensors_vendor/lib:/opt/ros/jazzy/opt/gz_physics_vendor/lib:/opt/ros/jazzy/opt/sdformat_vendor/lib:/opt/ros/jazzy/opt/rviz_ogre_vendor/lib:/opt/ros/jazzy/lib/x86_64-linux-gnu:/opt/ros/jazzy/opt/gz_gui_vendor/lib:/opt/ros/jazzy/opt/gz_transport_vendor/lib:/opt/ros/jazzy/opt/gz_rendering_vendor/lib:/opt/ros/jazzy/opt/gz_plugin_vendor/lib:/opt/ros/jazzy/opt/gz_fuel_tools_vendor/lib:/opt/ros/jazzy/opt/gz_msgs_vendor/lib:/opt/ros/jazzy/opt/gz_common_vendor/lib:/opt/ros/jazzy/opt/gz_math_vendor/lib:/opt/ros/jazzy/opt/gz_utils_vendor/lib:/opt/ros/jazzy/opt/gz_tools_vendor/lib:/opt/ros/jazzy/opt/gz_ogre_next_vendor/lib:/opt/ros/jazzy/opt/gz_dartsim_vendor/lib:/opt/ros/jazzy/opt/gz_cmake_vendor/lib:/opt/ros/jazzy/lib', 'OLDPWD': '/home/nhu.nguyen', 'HOME': '/home/nhu.nguyen', 'DESKTOP_SESSION': 'ubuntu', 'GTK_MODULES': 'gail:atk-bridge', 'GNOME_SHELL_SESSION_MODE': 'ubuntu', 'ROS_PYTHON_VERSION': '3', 'SYSTEMD_EXEC_PID': '15418', 'DBUS_SESSION_BUS_ADDRESS': 'unix:path=/run/user/481856793/bus', 'GSM_SKIP_SSH_AGENT_WORKAROUND': 'true', 'COLORTERM': 'truecolor', 'CONDA_CHANGEPS1': 'no', 'WAYLAND_DISPLAY': 'wayland-0', 'ROS_DISTRO': 'jazzy', 'COLCON_PREFIX_PATH': '/home/nhu.nguyen/turtlebot4_ws/install', 'LOGNAME': 'nhu.nguyen@plu.edu', '_': '/usr/bin/colcon', 'MEMORY_PRESSURE_WATCH': '/sys/fs/cgroup/user.slice/user-481856793.slice/user@481856793.service/session.slice/org.gnome.Shell@wayland.service/memory.pressure', 'XDG_SESSION_CLASS': 'user', 'ROS_VERSION': '2', 'USERNAME': 'nhu.nguyen@plu.edu', 'TERM': 'xterm-256color', 'PROMPT_EOL_MARK': '', 'ROS_SUPER_CLIENT': 'True', 'GNOME_DESKTOP_SESSION_ID': 'this-is-deprecated', 'PATH': '/opt/ros/jazzy/opt/gz_msgs_vendor/bin:/opt/ros/jazzy/opt/gz_tools_vendor/bin:/opt/ros/jazzy/opt/gz_ogre_next_vendor/bin:/opt/ros/jazzy/bin:/usr/local/sbin:/usr/local/bin:/usr/sbin:/usr/bin:/sbin:/bin:/usr/games:/usr/local/games:/snap/bin:/snap/bin', 'SESSION_MANAGER': 'local/csci20141:@/tmp/.ICE-unix/15386,unix/csci20141:/tmp/.ICE-unix/15386', 'GNOME_TERMINAL_SCREEN': '/org/gnome/Terminal/screen/8c452b6f_7fd9_4622_9e2f_990e2fc9936f', 'XDG_MENU_PREFIX': 'gnome-', 'GNOME_SETUP_DISPLAY': ':1', 'XDG_RUNTIME_DIR': '/run/user/481856793', 'DISPLAY': ':0', 'XDG_CURRENT_DESKTOP': 'ubuntu:GNOME', 'LANG': 'en_US.UTF-8', 'RMW_IMPLEMENTATION': 'rmw_fastrtps_cpp', 'XDG_SESSION_DESKTOP': 'ubuntu', 'GNOME_TERMINAL_SERVICE': ':1.120', 'XMODIFIERS': '@im=ibus', 'XAUTHORITY': '/run/user/481856793/.mutter-Xwaylandauth.WD8FL3', 'SSH_AUTH_SOCK': '/run/user/481856793/keyring/ssh', 'AMENT_PREFIX_PATH': '/home/nhu.nguyen/turtlebot4_ws/install/lab3_pkg:/home/nhu.nguyen/turtlebot4_ws/install/lab2_pkg:/home/nhu.nguyen/turtlebot4_ws/install/lab1_pkg:/home/nhu.nguyen/turtlebot4_ws/install/custom_interfaces:/opt/ros/jazzy', 'ROS_DOMAIN_ID': '0', 'KRB5CCNAME': 'FILE:/tmp/krb5cc_481856793_nMXivC', 'SHELL': '/bin/zsh', 'ROS_DISCOVERY_SERVER': '10.5.113.101:11811', 'QT_ACCESSIBILITY': '1', 'GDMSESSION': 'ubuntu', 'QT_IM_MODULE': 'ibus', 'ROS_AUTOMATIC_DISCOVERY_RANGE': 'SUBNET', 'PWD': '/home/nhu.nguyen/turtlebot4_ws/build/lab3_pkg', 'XDG_DATA_DIRS': '/usr/local/share/:/usr/share/:/var/lib/snapd/desktop', 'VIRTUAL_ENV_DISABLE_PROMPT': '12', 'PYTHONPATH': '/home/nhu.nguyen/turtlebot4_ws/build/lab3_pkg/prefix_override:/usr/lib/python3/dist-packages/colcon_core/task/python/colcon_distutils_commands:/home/nhu.nguyen/turtlebot4_ws/install/lab3_pkg/lib/python3.12/site-packages:/home/nhu.nguyen/turtlebot4_ws/install/custom_interfaces/lib/python3.12/site-packages:/home/nhu.nguyen/turtlebot4_ws/install/lab3_pkg/lib/python3.12/site-packages:/home/nhu.nguyen/turtlebot4_ws/install/lab2_pkg/lib/python3.12/site-packages:/home/nhu.nguyen/turtlebot4_ws/install/lab1_pkg/lib/python3.12/site-packages:/opt/ros/jazzy/lib/python3.12/site-packages', 'COLCON': '1', 'VTE_VERSION': '7600', 'MEMORY_PRESSURE_WRITE': 'c29tZSAyMDAwMDAgMjAwMDAwMAA=', 'CMAKE_PREFIX_PATH': '/home/nhu.nguyen/turtlebot4_ws/install/custom_interfaces:/opt/ros/jazzy/opt/gz_sim_vendor:/opt/ros/jazzy/opt/gz_sensors_vendor:/opt/ros/jazzy/opt/gz_physics_vendor:/opt/ros/jazzy/opt/sdformat_vendor:/opt/ros/jazzy/opt/gz_gui_vendor:/opt/ros/jazzy/opt/gz_transport_vendor:/opt/ros/jazzy/opt/gz_rendering_vendor:/opt/ros/jazzy/opt/gz_plugin_vendor:/opt/ros/jazzy/opt/gz_fuel_tools_vendor:/opt/ros/jazzy/opt/gz_msgs_vendor:/opt/ros/jazzy/opt/gz_common_vendor:/opt/ros/jazzy/opt/gz_math_vendor:/opt/ros/jazzy/opt/gz_utils_vendor:/opt/ros/jazzy/opt/gz_tools_vendor:/opt/ros/jazzy/opt/gz_ogre_next_vendor:/opt/ros/jazzy/opt/gz_dartsim_vendor:/opt/ros/jazzy/opt/gz_cmake_vendor'}, 'shell': False}
[1.523988] (lab1_pkg) StdoutLine: {'line': b'running install_data\n'}
[1.524119] (lab1_pkg) StdoutLine: {'line': b'running install_egg_info\n'}
[1.542264] (lab2_pkg) StdoutLine: {'line': b"reading manifest file '../../build/lab2_pkg/lab2_pkg.egg-info/SOURCES.txt'\n"}
[1.542890] (lab2_pkg) StdoutLine: {'line': b"writing manifest file '../../build/lab2_pkg/lab2_pkg.egg-info/SOURCES.txt'\n"}
[1.543032] (lab2_pkg) StdoutLine: {'line': b'running build\n'}
[1.543131] (lab2_pkg) StdoutLine: {'line': b'running build_py\n'}
[1.543345] (lab2_pkg) StdoutLine: {'line': b'running install\n'}
[1.548380] (lab2_pkg) StdoutLine: {'line': b'running install_lib\n'}
[1.550128] (lab1_pkg) StdoutLine: {'line': b"removing '/home/nhu.nguyen/turtlebot4_ws/install/lab1_pkg/lib/python3.12/site-packages/lab1_pkg-0.0.0-py3.12.egg-info' (and everything under it)\n"}
[1.550367] (lab1_pkg) StdoutLine: {'line': b'Copying ../../build/lab1_pkg/lab1_pkg.egg-info to /home/nhu.nguyen/turtlebot4_ws/install/lab1_pkg/lib/python3.12/site-packages/lab1_pkg-0.0.0-py3.12.egg-info\n'}
[1.553310] (lab1_pkg) StdoutLine: {'line': b'running install_scripts\n'}
[1.575999] (lab2_pkg) StdoutLine: {'line': b'running install_data\n'}
[1.576146] (lab2_pkg) StdoutLine: {'line': b'running install_egg_info\n'}
[1.602223] (-) TimerEvent: {}
[1.603223] (lab2_pkg) StdoutLine: {'line': b"removing '/home/nhu.nguyen/turtlebot4_ws/install/lab2_pkg/lib/python3.12/site-packages/lab2_pkg-0.0.0-py3.12.egg-info' (and everything under it)\n"}
[1.603490] (lab2_pkg) StdoutLine: {'line': b'Copying ../../build/lab2_pkg/lab2_pkg.egg-info to /home/nhu.nguyen/turtlebot4_ws/install/lab2_pkg/lib/python3.12/site-packages/lab2_pkg-0.0.0-py3.12.egg-info\n'}
[1.606929] (lab2_pkg) StdoutLine: {'line': b'running install_scripts\n'}
[1.702337] (-) TimerEvent: {}
[1.719094] (lab1_pkg) StdoutLine: {'line': b'Installing speed_behavior_node script to /home/nhu.nguyen/turtlebot4_ws/install/lab1_pkg/lib/lab1_pkg\n'}
[1.719443] (lab1_pkg) StdoutLine: {'line': b"writing list of installed files to '/home/nhu.nguyen/turtlebot4_ws/build/lab1_pkg/install.log'\n"}
[1.740860] (lab1_pkg) CommandEnded: {'returncode': 0}
[1.749914] (lab1_pkg) JobEnded: {'identifier': 'lab1_pkg', 'rc': 0}
[1.771912] (lab2_pkg) StdoutLine: {'line': b'Installing SCOD script to /home/nhu.nguyen/turtlebot4_ws/install/lab2_pkg/lib/lab2_pkg\n'}
[1.772229] (lab2_pkg) StdoutLine: {'line': b"writing list of installed files to '/home/nhu.nguyen/turtlebot4_ws/build/lab2_pkg/install.log'\n"}
[1.791020] (lab2_pkg) CommandEnded: {'returncode': 0}
[1.796290] (lab2_pkg) JobEnded: {'identifier': 'lab2_pkg', 'rc': 0}
[1.802418] (-) TimerEvent: {}
[1.823141] (lab3_pkg) StdoutLine: {'line': b'running egg_info\n'}
[1.847506] (lab3_pkg) StdoutLine: {'line': b'writing ../../build/lab3_pkg/lab3_pkg.egg-info/PKG-INFO\n'}
[1.847718] (lab3_pkg) StdoutLine: {'line': b'writing dependency_links to ../../build/lab3_pkg/lab3_pkg.egg-info/dependency_links.txt\n'}
[1.847892] (lab3_pkg) StdoutLine: {'line': b'writing entry points to ../../build/lab3_pkg/lab3_pkg.egg-info/entry_points.txt\n'}
[1.848082] (lab3_pkg) StdoutLine: {'line': b'writing requirements to ../../build/lab3_pkg/lab3_pkg.egg-info/requires.txt\n'}
[1.848255] (lab3_pkg) StdoutLine: {'line': b'writing top-level names to ../../build/lab3_pkg/lab3_pkg.egg-info/top_level.txt\n'}
[1.897442] (lab3_pkg) StdoutLine: {'line': b"reading manifest file '../../build/lab3_pkg/lab3_pkg.egg-info/SOURCES.txt'\n"}
[1.898025] (lab3_pkg) StdoutLine: {'line': b"writing manifest file '../../build/lab3_pkg/lab3_pkg.egg-info/SOURCES.txt'\n"}
[1.898170] (lab3_pkg) StdoutLine: {'line': b'running build\n'}
[1.898247] (lab3_pkg) StdoutLine: {'line': b'running build_py\n'}
[1.898444] (lab3_pkg) StdoutLine: {'line': b'copying lab3_pkg/lab3_server.py -> /home/nhu.nguyen/turtlebot4_ws/build/lab3_pkg/build/lib/lab3_pkg\n'}
[1.898724] (lab3_pkg) StdoutLine: {'line': b'running install\n'}
[1.902481] (-) TimerEvent: {}
[1.903836] (lab3_pkg) StdoutLine: {'line': b'running install_lib\n'}
[1.928890] (lab3_pkg) StdoutLine: {'line': b'copying /home/nhu.nguyen/turtlebot4_ws/build/lab3_pkg/build/lib/lab3_pkg/lab3_server.py -> /home/nhu.nguyen/turtlebot4_ws/install/lab3_pkg/lib/python3.12/site-packages/lab3_pkg\n'}
[1.929495] (lab3_pkg) StdoutLine: {'line': b'byte-compiling /home/nhu.nguyen/turtlebot4_ws/install/lab3_pkg/lib/python3.12/site-packages/lab3_pkg/lab3_server.py to lab3_server.cpython-312.pyc\n'}
[1.933392] (lab3_pkg) StdoutLine: {'line': b'running install_data\n'}
[1.933551] (lab3_pkg) StdoutLine: {'line': b'running install_egg_info\n'}
[1.958766] (lab3_pkg) StdoutLine: {'line': b"removing '/home/nhu.nguyen/turtlebot4_ws/install/lab3_pkg/lib/python3.12/site-packages/lab3_pkg-0.0.0-py3.12.egg-info' (and everything under it)\n"}
[1.958966] (lab3_pkg) StdoutLine: {'line': b'Copying ../../build/lab3_pkg/lab3_pkg.egg-info to /home/nhu.nguyen/turtlebot4_ws/install/lab3_pkg/lib/python3.12/site-packages/lab3_pkg-0.0.0-py3.12.egg-info\n'}
[1.961159] (lab3_pkg) StdoutLine: {'line': b'running install_scripts\n'}
[2.002553] (-) TimerEvent: {}
[2.102747] (-) TimerEvent: {}
[2.117116] (lab3_pkg) StdoutLine: {'line': b'Installing SCOD_server script to /home/nhu.nguyen/turtlebot4_ws/install/lab3_pkg/lib/lab3_pkg\n'}
[2.117264] (lab3_pkg) StdoutLine: {'line': b'Installing set_cap_client_node script to /home/nhu.nguyen/turtlebot4_ws/install/lab3_pkg/lib/lab3_pkg\n'}
[2.117628] (lab3_pkg) StdoutLine: {'line': b"writing list of installed files to '/home/nhu.nguyen/turtlebot4_ws/build/lab3_pkg/install.log'\n"}
[2.136473] (lab3_pkg) CommandEnded: {'returncode': 0}
[2.141848] (lab3_pkg) JobEnded: {'identifier': 'lab3_pkg', 'rc': 0}
[2.142819] (-) EventReactorShutdown: {}
