[0.101s] DEBUG:colcon:Command line arguments: ['/usr/bin/colcon', 'build']
[0.101s] DEBUG:colcon:Parsed command line arguments: Namespace(log_base=None, log_level=None, verb_name='build', build_base='build', install_base='install', merge_install=False, symlink_install=False, test_result_base=None, continue_on_error=False, executor='parallel', parallel_workers=16, event_handlers=None, ignore_user_meta=False, metas=['./colcon.meta'], base_paths=['.'], packages_ignore=None, packages_ignore_regex=None, paths=None, packages_up_to=None, packages_up_to_regex=None, packages_above=None, packages_above_and_dependencies=None, packages_above_depth=None, packages_select_by_dep=None, packages_skip_by_dep=None, packages_skip_up_to=None, packages_select_build_failed=False, packages_skip_build_finished=False, packages_select_test_failures=False, packages_skip_test_passed=False, packages_select=None, packages_skip=None, packages_select_regex=None, packages_skip_regex=None, packages_start=None, packages_end=None, allow_overriding=[], cmake_args=None, cmake_target=None, cmake_target_skip_unavailable=False, cmake_clean_cache=False, cmake_clean_first=False, cmake_force_configure=False, ament_cmake_args=None, catkin_cmake_args=None, catkin_skip_building_tests=False, mixin_files=None, mixin=None, verb_parser=<colcon_mixin.mixin.mixin_argument.MixinArgumentDecorator object at 0x7d0d8d900920>, verb_extension=<colcon_core.verb.build.BuildVerb object at 0x7d0d8c991430>, main=<bound method BuildVerb.main of <colcon_core.verb.build.BuildVerb object at 0x7d0d8c991430>>, mixin_verb=('build',))
[0.134s] Level 1:colcon.colcon_core.package_discovery:discover_packages(colcon_meta) check parameters
[0.134s] Level 1:colcon.colcon_core.package_discovery:discover_packages(recursive) check parameters
[0.134s] Level 1:colcon.colcon_core.package_discovery:discover_packages(ignore) check parameters
[0.134s] Level 1:colcon.colcon_core.package_discovery:discover_packages(path) check parameters
[0.134s] Level 1:colcon.colcon_core.package_discovery:discover_packages(colcon_meta) discover
[0.134s] Level 1:colcon.colcon_core.package_discovery:discover_packages(recursive) discover
[0.134s] INFO:colcon.colcon_core.package_discovery:Crawling recursively for packages in '/home/nhu.nguyen/turtlebot4_ws'
[0.134s] Level 1:colcon.colcon_core.package_identification:_identify(.) by extensions ['ignore', 'ignore_ament_install']
[0.134s] Level 1:colcon.colcon_core.package_identification:_identify(.) by extension 'ignore'
[0.134s] Level 1:colcon.colcon_core.package_identification:_identify(.) by extension 'ignore_ament_install'
[0.134s] Level 1:colcon.colcon_core.package_identification:_identify(.) by extensions ['colcon_pkg']
[0.134s] Level 1:colcon.colcon_core.package_identification:_identify(.) by extension 'colcon_pkg'
[0.134s] Level 1:colcon.colcon_core.package_identification:_identify(.) by extensions ['colcon_meta']
[0.134s] Level 1:colcon.colcon_core.package_identification:_identify(.) by extension 'colcon_meta'
[0.134s] Level 1:colcon.colcon_core.package_identification:_identify(.) by extensions ['ros']
[0.135s] Level 1:colcon.colcon_core.package_identification:_identify(.) by extension 'ros'
[0.154s] Level 1:colcon.colcon_core.package_identification:_identify(.) by extensions ['cmake', 'python']
[0.154s] Level 1:colcon.colcon_core.package_identification:_identify(.) by extension 'cmake'
[0.155s] Level 1:colcon.colcon_core.package_identification:_identify(.) by extension 'python'
[0.155s] Level 1:colcon.colcon_core.package_identification:_identify(.) by extensions ['python_setup_py']
[0.155s] Level 1:colcon.colcon_core.package_identification:_identify(.) by extension 'python_setup_py'
[0.155s] Level 1:colcon.colcon_core.package_identification:_identify(build) by extensions ['ignore', 'ignore_ament_install']
[0.155s] Level 1:colcon.colcon_core.package_identification:_identify(build) by extension 'ignore'
[0.155s] Level 1:colcon.colcon_core.package_identification:_identify(build) ignored
[0.155s] Level 1:colcon.colcon_core.package_identification:_identify(install) by extensions ['ignore', 'ignore_ament_install']
[0.155s] Level 1:colcon.colcon_core.package_identification:_identify(install) by extension 'ignore'
[0.155s] Level 1:colcon.colcon_core.package_identification:_identify(install) ignored
[0.155s] Level 1:colcon.colcon_core.package_identification:_identify(log) by extensions ['ignore', 'ignore_ament_install']
[0.155s] Level 1:colcon.colcon_core.package_identification:_identify(log) by extension 'ignore'
[0.155s] Level 1:colcon.colcon_core.package_identification:_identify(log) ignored
[0.155s] Level 1:colcon.colcon_core.package_identification:_identify(src) by extensions ['ignore', 'ignore_ament_install']
[0.155s] Level 1:colcon.colcon_core.package_identification:_identify(src) by extension 'ignore'
[0.155s] Level 1:colcon.colcon_core.package_identification:_identify(src) by extension 'ignore_ament_install'
[0.156s] Level 1:colcon.colcon_core.package_identification:_identify(src) by extensions ['colcon_pkg']
[0.156s] Level 1:colcon.colcon_core.package_identification:_identify(src) by extension 'colcon_pkg'
[0.156s] Level 1:colcon.colcon_core.package_identification:_identify(src) by extensions ['colcon_meta']
[0.156s] Level 1:colcon.colcon_core.package_identification:_identify(src) by extension 'colcon_meta'
[0.156s] Level 1:colcon.colcon_core.package_identification:_identify(src) by extensions ['ros']
[0.156s] Level 1:colcon.colcon_core.package_identification:_identify(src) by extension 'ros'
[0.156s] Level 1:colcon.colcon_core.package_identification:_identify(src) by extensions ['cmake', 'python']
[0.156s] Level 1:colcon.colcon_core.package_identification:_identify(src) by extension 'cmake'
[0.156s] Level 1:colcon.colcon_core.package_identification:_identify(src) by extension 'python'
[0.156s] Level 1:colcon.colcon_core.package_identification:_identify(src) by extensions ['python_setup_py']
[0.156s] Level 1:colcon.colcon_core.package_identification:_identify(src) by extension 'python_setup_py'
[0.156s] Level 1:colcon.colcon_core.package_identification:_identify(src/custom_interfaces) by extensions ['ignore', 'ignore_ament_install']
[0.156s] Level 1:colcon.colcon_core.package_identification:_identify(src/custom_interfaces) by extension 'ignore'
[0.156s] Level 1:colcon.colcon_core.package_identification:_identify(src/custom_interfaces) by extension 'ignore_ament_install'
[0.156s] Level 1:colcon.colcon_core.package_identification:_identify(src/custom_interfaces) by extensions ['colcon_pkg']
[0.156s] Level 1:colcon.colcon_core.package_identification:_identify(src/custom_interfaces) by extension 'colcon_pkg'
[0.156s] Level 1:colcon.colcon_core.package_identification:_identify(src/custom_interfaces) by extensions ['colcon_meta']
[0.156s] Level 1:colcon.colcon_core.package_identification:_identify(src/custom_interfaces) by extension 'colcon_meta'
[0.156s] Level 1:colcon.colcon_core.package_identification:_identify(src/custom_interfaces) by extensions ['ros']
[0.156s] Level 1:colcon.colcon_core.package_identification:_identify(src/custom_interfaces) by extension 'ros'
[0.158s] DEBUG:colcon.colcon_core.package_identification:Package 'src/custom_interfaces' with type 'ros.ament_cmake' and name 'custom_interfaces'
[0.158s] Level 1:colcon.colcon_core.package_identification:_identify(src/lab1_pkg) by extensions ['ignore', 'ignore_ament_install']
[0.158s] Level 1:colcon.colcon_core.package_identification:_identify(src/lab1_pkg) by extension 'ignore'
[0.158s] Level 1:colcon.colcon_core.package_identification:_identify(src/lab1_pkg) by extension 'ignore_ament_install'
[0.159s] Level 1:colcon.colcon_core.package_identification:_identify(src/lab1_pkg) by extensions ['colcon_pkg']
[0.159s] Level 1:colcon.colcon_core.package_identification:_identify(src/lab1_pkg) by extension 'colcon_pkg'
[0.159s] Level 1:colcon.colcon_core.package_identification:_identify(src/lab1_pkg) by extensions ['colcon_meta']
[0.159s] Level 1:colcon.colcon_core.package_identification:_identify(src/lab1_pkg) by extension 'colcon_meta'
[0.159s] Level 1:colcon.colcon_core.package_identification:_identify(src/lab1_pkg) by extensions ['ros']
[0.159s] Level 1:colcon.colcon_core.package_identification:_identify(src/lab1_pkg) by extension 'ros'
[0.159s] DEBUG:colcon.colcon_core.package_identification:Package 'src/lab1_pkg' with type 'ros.ament_python' and name 'lab1_pkg'
[0.159s] Level 1:colcon.colcon_core.package_identification:_identify(src/lab2_pkg) by extensions ['ignore', 'ignore_ament_install']
[0.159s] Level 1:colcon.colcon_core.package_identification:_identify(src/lab2_pkg) by extension 'ignore'
[0.159s] Level 1:colcon.colcon_core.package_identification:_identify(src/lab2_pkg) by extension 'ignore_ament_install'
[0.160s] Level 1:colcon.colcon_core.package_identification:_identify(src/lab2_pkg) by extensions ['colcon_pkg']
[0.160s] Level 1:colcon.colcon_core.package_identification:_identify(src/lab2_pkg) by extension 'colcon_pkg'
[0.160s] Level 1:colcon.colcon_core.package_identification:_identify(src/lab2_pkg) by extensions ['colcon_meta']
[0.160s] Level 1:colcon.colcon_core.package_identification:_identify(src/lab2_pkg) by extension 'colcon_meta'
[0.160s] Level 1:colcon.colcon_core.package_identification:_identify(src/lab2_pkg) by extensions ['ros']
[0.160s] Level 1:colcon.colcon_core.package_identification:_identify(src/lab2_pkg) by extension 'ros'
[0.160s] DEBUG:colcon.colcon_core.package_identification:Package 'src/lab2_pkg' with type 'ros.ament_python' and name 'lab2_pkg'
[0.160s] Level 1:colcon.colcon_core.package_identification:_identify(src/lab3_pkg) by extensions ['ignore', 'ignore_ament_install']
[0.160s] Level 1:colcon.colcon_core.package_identification:_identify(src/lab3_pkg) by extension 'ignore'
[0.160s] Level 1:colcon.colcon_core.package_identification:_identify(src/lab3_pkg) by extension 'ignore_ament_install'
[0.160s] Level 1:colcon.colcon_core.package_identification:_identify(src/lab3_pkg) by extensions ['colcon_pkg']
[0.161s] Level 1:colcon.colcon_core.package_identification:_identify(src/lab3_pkg) by extension 'colcon_pkg'
[0.161s] Level 1:colcon.colcon_core.package_identification:_identify(src/lab3_pkg) by extensions ['colcon_meta']
[0.161s] Level 1:colcon.colcon_core.package_identification:_identify(src/lab3_pkg) by extension 'colcon_meta'
[0.161s] Level 1:colcon.colcon_core.package_identification:_identify(src/lab3_pkg) by extensions ['ros']
[0.161s] Level 1:colcon.colcon_core.package_identification:_identify(src/lab3_pkg) by extension 'ros'
[0.161s] DEBUG:colcon.colcon_core.package_identification:Package 'src/lab3_pkg' with type 'ros.ament_python' and name 'lab3_pkg'
[0.161s] Level 1:colcon.colcon_core.package_discovery:discover_packages(recursive) using defaults
[0.161s] Level 1:colcon.colcon_core.package_discovery:discover_packages(ignore) discover
[0.162s] Level 1:colcon.colcon_core.package_discovery:discover_packages(ignore) using defaults
[0.162s] Level 1:colcon.colcon_core.package_discovery:discover_packages(path) discover
[0.162s] Level 1:colcon.colcon_core.package_discovery:discover_packages(path) using defaults
[0.177s] Level 1:colcon.colcon_core.package_discovery:discover_packages(prefix_path) check parameters
[0.177s] Level 1:colcon.colcon_core.package_discovery:discover_packages(prefix_path) discover
[0.179s] DEBUG:colcon.colcon_installed_package_information.package_discovery:Found 4 installed packages in /home/nhu.nguyen/turtlebot4_ws/install
[0.180s] DEBUG:colcon.colcon_installed_package_information.package_discovery:Found 439 installed packages in /opt/ros/jazzy
[0.181s] Level 1:colcon.colcon_core.package_discovery:discover_packages(prefix_path) using defaults
[0.235s] Level 5:colcon.colcon_core.verb:set package 'custom_interfaces' build argument 'cmake_args' from command line to 'None'
[0.235s] Level 5:colcon.colcon_core.verb:set package 'custom_interfaces' build argument 'cmake_target' from command line to 'None'
[0.235s] Level 5:colcon.colcon_core.verb:set package 'custom_interfaces' build argument 'cmake_target_skip_unavailable' from command line to 'False'
[0.235s] Level 5:colcon.colcon_core.verb:set package 'custom_interfaces' build argument 'cmake_clean_cache' from command line to 'False'
[0.235s] Level 5:colcon.colcon_core.verb:set package 'custom_interfaces' build argument 'cmake_clean_first' from command line to 'False'
[0.235s] Level 5:colcon.colcon_core.verb:set package 'custom_interfaces' build argument 'cmake_force_configure' from command line to 'False'
[0.235s] Level 5:colcon.colcon_core.verb:set package 'custom_interfaces' build argument 'ament_cmake_args' from command line to 'None'
[0.235s] Level 5:colcon.colcon_core.verb:set package 'custom_interfaces' build argument 'catkin_cmake_args' from command line to 'None'
[0.235s] Level 5:colcon.colcon_core.verb:set package 'custom_interfaces' build argument 'catkin_skip_building_tests' from command line to 'False'
[0.235s] DEBUG:colcon.colcon_core.verb:Building package 'custom_interfaces' with the following arguments: {'ament_cmake_args': None, 'build_base': '/home/nhu.nguyen/turtlebot4_ws/build/custom_interfaces', 'catkin_cmake_args': None, 'catkin_skip_building_tests': False, 'cmake_args': None, 'cmake_clean_cache': False, 'cmake_clean_first': False, 'cmake_force_configure': False, 'cmake_target': None, 'cmake_target_skip_unavailable': False, 'install_base': '/home/nhu.nguyen/turtlebot4_ws/install/custom_interfaces', 'merge_install': False, 'path': '/home/nhu.nguyen/turtlebot4_ws/src/custom_interfaces', 'symlink_install': False, 'test_result_base': None}
[0.235s] Level 5:colcon.colcon_core.verb:set package 'lab1_pkg' build argument 'cmake_args' from command line to 'None'
[0.236s] Level 5:colcon.colcon_core.verb:set package 'lab1_pkg' build argument 'cmake_target' from command line to 'None'
[0.236s] Level 5:colcon.colcon_core.verb:set package 'lab1_pkg' build argument 'cmake_target_skip_unavailable' from command line to 'False'
[0.236s] Level 5:colcon.colcon_core.verb:set package 'lab1_pkg' build argument 'cmake_clean_cache' from command line to 'False'
[0.236s] Level 5:colcon.colcon_core.verb:set package 'lab1_pkg' build argument 'cmake_clean_first' from command line to 'False'
[0.236s] Level 5:colcon.colcon_core.verb:set package 'lab1_pkg' build argument 'cmake_force_configure' from command line to 'False'
[0.236s] Level 5:colcon.colcon_core.verb:set package 'lab1_pkg' build argument 'ament_cmake_args' from command line to 'None'
[0.236s] Level 5:colcon.colcon_core.verb:set package 'lab1_pkg' build argument 'catkin_cmake_args' from command line to 'None'
[0.236s] Level 5:colcon.colcon_core.verb:set package 'lab1_pkg' build argument 'catkin_skip_building_tests' from command line to 'False'
[0.236s] DEBUG:colcon.colcon_core.verb:Building package 'lab1_pkg' with the following arguments: {'ament_cmake_args': None, 'build_base': '/home/nhu.nguyen/turtlebot4_ws/build/lab1_pkg', 'catkin_cmake_args': None, 'catkin_skip_building_tests': False, 'cmake_args': None, 'cmake_clean_cache': False, 'cmake_clean_first': False, 'cmake_force_configure': False, 'cmake_target': None, 'cmake_target_skip_unavailable': False, 'install_base': '/home/nhu.nguyen/turtlebot4_ws/install/lab1_pkg', 'merge_install': False, 'path': '/home/nhu.nguyen/turtlebot4_ws/src/lab1_pkg', 'symlink_install': False, 'test_result_base': None}
[0.236s] Level 5:colcon.colcon_core.verb:set package 'lab2_pkg' build argument 'cmake_args' from command line to 'None'
[0.236s] Level 5:colcon.colcon_core.verb:set package 'lab2_pkg' build argument 'cmake_target' from command line to 'None'
[0.236s] Level 5:colcon.colcon_core.verb:set package 'lab2_pkg' build argument 'cmake_target_skip_unavailable' from command line to 'False'
[0.236s] Level 5:colcon.colcon_core.verb:set package 'lab2_pkg' build argument 'cmake_clean_cache' from command line to 'False'
[0.236s] Level 5:colcon.colcon_core.verb:set package 'lab2_pkg' build argument 'cmake_clean_first' from command line to 'False'
[0.236s] Level 5:colcon.colcon_core.verb:set package 'lab2_pkg' build argument 'cmake_force_configure' from command line to 'False'
[0.236s] Level 5:colcon.colcon_core.verb:set package 'lab2_pkg' build argument 'ament_cmake_args' from command line to 'None'
[0.236s] Level 5:colcon.colcon_core.verb:set package 'lab2_pkg' build argument 'catkin_cmake_args' from command line to 'None'
[0.236s] Level 5:colcon.colcon_core.verb:set package 'lab2_pkg' build argument 'catkin_skip_building_tests' from command line to 'False'
[0.236s] DEBUG:colcon.colcon_core.verb:Building package 'lab2_pkg' with the following arguments: {'ament_cmake_args': None, 'build_base': '/home/nhu.nguyen/turtlebot4_ws/build/lab2_pkg', 'catkin_cmake_args': None, 'catkin_skip_building_tests': False, 'cmake_args': None, 'cmake_clean_cache': False, 'cmake_clean_first': False, 'cmake_force_configure': False, 'cmake_target': None, 'cmake_target_skip_unavailable': False, 'install_base': '/home/nhu.nguyen/turtlebot4_ws/install/lab2_pkg', 'merge_install': False, 'path': '/home/nhu.nguyen/turtlebot4_ws/src/lab2_pkg', 'symlink_install': False, 'test_result_base': None}
[0.236s] Level 5:colcon.colcon_core.verb:set package 'lab3_pkg' build argument 'cmake_args' from command line to 'None'
[0.236s] Level 5:colcon.colcon_core.verb:set package 'lab3_pkg' build argument 'cmake_target' from command line to 'None'
[0.237s] Level 5:colcon.colcon_core.verb:set package 'lab3_pkg' build argument 'cmake_target_skip_unavailable' from command line to 'False'
[0.237s] Level 5:colcon.colcon_core.verb:set package 'lab3_pkg' build argument 'cmake_clean_cache' from command line to 'False'
[0.237s] Level 5:colcon.colcon_core.verb:set package 'lab3_pkg' build argument 'cmake_clean_first' from command line to 'False'
[0.237s] Level 5:colcon.colcon_core.verb:set package 'lab3_pkg' build argument 'cmake_force_configure' from command line to 'False'
[0.237s] Level 5:colcon.colcon_core.verb:set package 'lab3_pkg' build argument 'ament_cmake_args' from command line to 'None'
[0.237s] Level 5:colcon.colcon_core.verb:set package 'lab3_pkg' build argument 'catkin_cmake_args' from command line to 'None'
[0.237s] Level 5:colcon.colcon_core.verb:set package 'lab3_pkg' build argument 'catkin_skip_building_tests' from command line to 'False'
[0.237s] DEBUG:colcon.colcon_core.verb:Building package 'lab3_pkg' with the following arguments: {'ament_cmake_args': None, 'build_base': '/home/nhu.nguyen/turtlebot4_ws/build/lab3_pkg', 'catkin_cmake_args': None, 'catkin_skip_building_tests': False, 'cmake_args': None, 'cmake_clean_cache': False, 'cmake_clean_first': False, 'cmake_force_configure': False, 'cmake_target': None, 'cmake_target_skip_unavailable': False, 'install_base': '/home/nhu.nguyen/turtlebot4_ws/install/lab3_pkg', 'merge_install': False, 'path': '/home/nhu.nguyen/turtlebot4_ws/src/lab3_pkg', 'symlink_install': False, 'test_result_base': None}
[0.237s] INFO:colcon.colcon_core.executor:Executing jobs using 'parallel' executor
[0.238s] DEBUG:colcon.colcon_parallel_executor.executor.parallel:run_until_complete
[0.238s] INFO:colcon.colcon_ros.task.ament_cmake.build:Building ROS package in '/home/nhu.nguyen/turtlebot4_ws/src/custom_interfaces' with build type 'ament_cmake'
[0.238s] INFO:colcon.colcon_cmake.task.cmake.build:Building CMake package in '/home/nhu.nguyen/turtlebot4_ws/src/custom_interfaces'
[0.241s] INFO:colcon.colcon_core.plugin_system:Skipping extension 'colcon_core.shell.bat': Not used on non-Windows systems
[0.241s] INFO:colcon.colcon_core.shell:Skip shell extension 'powershell' for command environment: Not usable outside of PowerShell
[0.241s] DEBUG:colcon.colcon_core.shell:Skip shell extension 'dsv' for command environment
[0.245s] INFO:colcon.colcon_ros.task.ament_python.build:Building ROS package in '/home/nhu.nguyen/turtlebot4_ws/src/lab1_pkg' with build type 'ament_python'
[0.245s] Level 1:colcon.colcon_core.shell:create_environment_hook('lab1_pkg', 'ament_prefix_path')
[0.245s] INFO:colcon.colcon_core.shell:Creating environment hook '/home/nhu.nguyen/turtlebot4_ws/install/lab1_pkg/share/lab1_pkg/hook/ament_prefix_path.ps1'
[0.246s] INFO:colcon.colcon_core.shell:Creating environment descriptor '/home/nhu.nguyen/turtlebot4_ws/install/lab1_pkg/share/lab1_pkg/hook/ament_prefix_path.dsv'
[0.246s] INFO:colcon.colcon_core.shell:Creating environment hook '/home/nhu.nguyen/turtlebot4_ws/install/lab1_pkg/share/lab1_pkg/hook/ament_prefix_path.sh'
[0.247s] INFO:colcon.colcon_core.shell:Skip shell extension 'powershell' for command environment: Not usable outside of PowerShell
[0.247s] DEBUG:colcon.colcon_core.shell:Skip shell extension 'dsv' for command environment
[0.251s] INFO:colcon.colcon_ros.task.ament_python.build:Building ROS package in '/home/nhu.nguyen/turtlebot4_ws/src/lab2_pkg' with build type 'ament_python'
[0.251s] Level 1:colcon.colcon_core.shell:create_environment_hook('lab2_pkg', 'ament_prefix_path')
[0.251s] INFO:colcon.colcon_core.shell:Creating environment hook '/home/nhu.nguyen/turtlebot4_ws/install/lab2_pkg/share/lab2_pkg/hook/ament_prefix_path.ps1'
[0.252s] INFO:colcon.colcon_core.shell:Creating environment descriptor '/home/nhu.nguyen/turtlebot4_ws/install/lab2_pkg/share/lab2_pkg/hook/ament_prefix_path.dsv'
[0.252s] INFO:colcon.colcon_core.shell:Creating environment hook '/home/nhu.nguyen/turtlebot4_ws/install/lab2_pkg/share/lab2_pkg/hook/ament_prefix_path.sh'
[0.252s] INFO:colcon.colcon_core.shell:Skip shell extension 'powershell' for command environment: Not usable outside of PowerShell
[0.252s] DEBUG:colcon.colcon_core.shell:Skip shell extension 'dsv' for command environment
[0.259s] DEBUG:colcon.colcon_core.event_handler.log_command:Invoking command in '/home/nhu.nguyen/turtlebot4_ws/build/custom_interfaces': CMAKE_PREFIX_PATH=${CMAKE_PREFIX_PATH}:/home/nhu.nguyen/turtlebot4_ws/install/lab3_pkg:/home/nhu.nguyen/turtlebot4_ws/install/lab2_pkg:/home/nhu.nguyen/turtlebot4_ws/install/lab1_pkg:/opt/ros/jazzy /usr/bin/cmake --build /home/nhu.nguyen/turtlebot4_ws/build/custom_interfaces -- -j16 -l16
[0.502s] INFO:colcon.colcon_core.task.python.build:Building Python package in '/home/nhu.nguyen/turtlebot4_ws/src/lab1_pkg'
[0.502s] INFO:colcon.colcon_core.shell:Skip shell extension 'powershell' for command environment: Not usable outside of PowerShell
[0.502s] DEBUG:colcon.colcon_core.shell:Skip shell extension 'dsv' for command environment
[0.716s] INFO:colcon.colcon_core.task.python.build:Building Python package in '/home/nhu.nguyen/turtlebot4_ws/src/lab2_pkg'
[0.716s] INFO:colcon.colcon_core.shell:Skip shell extension 'powershell' for command environment: Not usable outside of PowerShell
[0.716s] DEBUG:colcon.colcon_core.shell:Skip shell extension 'dsv' for command environment
[0.724s] DEBUG:colcon.colcon_core.event_handler.log_command:Invoked command in '/home/nhu.nguyen/turtlebot4_ws/build/custom_interfaces' returned '0': CMAKE_PREFIX_PATH=${CMAKE_PREFIX_PATH}:/home/nhu.nguyen/turtlebot4_ws/install/lab3_pkg:/home/nhu.nguyen/turtlebot4_ws/install/lab2_pkg:/home/nhu.nguyen/turtlebot4_ws/install/lab1_pkg:/opt/ros/jazzy /usr/bin/cmake --build /home/nhu.nguyen/turtlebot4_ws/build/custom_interfaces -- -j16 -l16
[0.733s] DEBUG:colcon.colcon_core.event_handler.log_command:Invoking command in '/home/nhu.nguyen/turtlebot4_ws/build/custom_interfaces': CMAKE_PREFIX_PATH=${CMAKE_PREFIX_PATH}:/home/nhu.nguyen/turtlebot4_ws/install/lab3_pkg:/home/nhu.nguyen/turtlebot4_ws/install/lab2_pkg:/home/nhu.nguyen/turtlebot4_ws/install/lab1_pkg:/opt/ros/jazzy /usr/bin/cmake --install /home/nhu.nguyen/turtlebot4_ws/build/custom_interfaces
[0.786s] Level 1:colcon.colcon_core.environment:create_environment_scripts_only(custom_interfaces)
[0.786s] DEBUG:colcon.colcon_core.event_handler.log_command:Invoked command in '/home/nhu.nguyen/turtlebot4_ws/build/custom_interfaces' returned '0': CMAKE_PREFIX_PATH=${CMAKE_PREFIX_PATH}:/home/nhu.nguyen/turtlebot4_ws/install/lab3_pkg:/home/nhu.nguyen/turtlebot4_ws/install/lab2_pkg:/home/nhu.nguyen/turtlebot4_ws/install/lab1_pkg:/opt/ros/jazzy /usr/bin/cmake --install /home/nhu.nguyen/turtlebot4_ws/build/custom_interfaces
[0.788s] Level 1:colcon.colcon_core.environment:checking '/home/nhu.nguyen/turtlebot4_ws/install/custom_interfaces' for CMake module files
[0.789s] Level 1:colcon.colcon_core.environment:checking '/home/nhu.nguyen/turtlebot4_ws/install/custom_interfaces' for CMake config files
[0.789s] Level 1:colcon.colcon_core.shell:create_environment_hook('custom_interfaces', 'cmake_prefix_path')
[0.789s] INFO:colcon.colcon_core.shell:Creating environment hook '/home/nhu.nguyen/turtlebot4_ws/install/custom_interfaces/share/custom_interfaces/hook/cmake_prefix_path.ps1'
[0.792s] INFO:colcon.colcon_core.shell:Creating environment descriptor '/home/nhu.nguyen/turtlebot4_ws/install/custom_interfaces/share/custom_interfaces/hook/cmake_prefix_path.dsv'
[0.792s] INFO:colcon.colcon_core.shell:Creating environment hook '/home/nhu.nguyen/turtlebot4_ws/install/custom_interfaces/share/custom_interfaces/hook/cmake_prefix_path.sh'
[0.793s] Level 1:colcon.colcon_core.environment:checking '/home/nhu.nguyen/turtlebot4_ws/install/custom_interfaces/lib'
[0.793s] Level 1:colcon.colcon_core.shell:create_environment_hook('custom_interfaces', 'ld_library_path_lib')
[0.793s] INFO:colcon.colcon_core.shell:Creating environment hook '/home/nhu.nguyen/turtlebot4_ws/install/custom_interfaces/share/custom_interfaces/hook/ld_library_path_lib.ps1'
[0.794s] INFO:colcon.colcon_core.shell:Creating environment descriptor '/home/nhu.nguyen/turtlebot4_ws/install/custom_interfaces/share/custom_interfaces/hook/ld_library_path_lib.dsv'
[0.794s] INFO:colcon.colcon_core.shell:Creating environment hook '/home/nhu.nguyen/turtlebot4_ws/install/custom_interfaces/share/custom_interfaces/hook/ld_library_path_lib.sh'
[0.794s] Level 1:colcon.colcon_core.environment:checking '/home/nhu.nguyen/turtlebot4_ws/install/custom_interfaces/bin'
[0.795s] Level 1:colcon.colcon_core.environment:checking '/home/nhu.nguyen/turtlebot4_ws/install/custom_interfaces/lib/pkgconfig/custom_interfaces.pc'
[0.795s] Level 1:colcon.colcon_core.environment:checking '/home/nhu.nguyen/turtlebot4_ws/install/custom_interfaces/lib/python3.12/site-packages'
[0.795s] Level 1:colcon.colcon_core.shell:create_environment_hook('custom_interfaces', 'pythonpath')
[0.795s] INFO:colcon.colcon_core.shell:Creating environment hook '/home/nhu.nguyen/turtlebot4_ws/install/custom_interfaces/share/custom_interfaces/hook/pythonpath.ps1'
[0.795s] INFO:colcon.colcon_core.shell:Creating environment descriptor '/home/nhu.nguyen/turtlebot4_ws/install/custom_interfaces/share/custom_interfaces/hook/pythonpath.dsv'
[0.796s] INFO:colcon.colcon_core.shell:Creating environment hook '/home/nhu.nguyen/turtlebot4_ws/install/custom_interfaces/share/custom_interfaces/hook/pythonpath.sh'
[0.796s] Level 1:colcon.colcon_core.environment:checking '/home/nhu.nguyen/turtlebot4_ws/install/custom_interfaces/bin'
[0.797s] INFO:colcon.colcon_core.shell:Creating package script '/home/nhu.nguyen/turtlebot4_ws/install/custom_interfaces/share/custom_interfaces/package.ps1'
[0.797s] INFO:colcon.colcon_core.shell:Creating package descriptor '/home/nhu.nguyen/turtlebot4_ws/install/custom_interfaces/share/custom_interfaces/package.dsv'
[0.798s] INFO:colcon.colcon_core.shell:Creating package script '/home/nhu.nguyen/turtlebot4_ws/install/custom_interfaces/share/custom_interfaces/package.sh'
[0.799s] INFO:colcon.colcon_core.shell:Creating package script '/home/nhu.nguyen/turtlebot4_ws/install/custom_interfaces/share/custom_interfaces/package.bash'
[0.799s] INFO:colcon.colcon_core.shell:Creating package script '/home/nhu.nguyen/turtlebot4_ws/install/custom_interfaces/share/custom_interfaces/package.zsh'
[0.800s] Level 1:colcon.colcon_core.environment:create_file_with_runtime_dependencies(/home/nhu.nguyen/turtlebot4_ws/install/custom_interfaces/share/colcon-core/packages/custom_interfaces)
[0.800s] Level 1:colcon.colcon_core.environment:create_environment_scripts_only(custom_interfaces)
[0.800s] Level 1:colcon.colcon_core.environment:checking '/home/nhu.nguyen/turtlebot4_ws/install/custom_interfaces' for CMake module files
[0.801s] Level 1:colcon.colcon_core.environment:checking '/home/nhu.nguyen/turtlebot4_ws/install/custom_interfaces' for CMake config files
[0.801s] Level 1:colcon.colcon_core.shell:create_environment_hook('custom_interfaces', 'cmake_prefix_path')
[0.801s] INFO:colcon.colcon_core.shell:Creating environment hook '/home/nhu.nguyen/turtlebot4_ws/install/custom_interfaces/share/custom_interfaces/hook/cmake_prefix_path.ps1'
[0.802s] INFO:colcon.colcon_core.shell:Creating environment descriptor '/home/nhu.nguyen/turtlebot4_ws/install/custom_interfaces/share/custom_interfaces/hook/cmake_prefix_path.dsv'
[0.802s] INFO:colcon.colcon_core.shell:Creating environment hook '/home/nhu.nguyen/turtlebot4_ws/install/custom_interfaces/share/custom_interfaces/hook/cmake_prefix_path.sh'
[0.803s] Level 1:colcon.colcon_core.environment:checking '/home/nhu.nguyen/turtlebot4_ws/install/custom_interfaces/lib'
[0.803s] Level 1:colcon.colcon_core.shell:create_environment_hook('custom_interfaces', 'ld_library_path_lib')
[0.803s] INFO:colcon.colcon_core.shell:Creating environment hook '/home/nhu.nguyen/turtlebot4_ws/install/custom_interfaces/share/custom_interfaces/hook/ld_library_path_lib.ps1'
[0.803s] INFO:colcon.colcon_core.shell:Creating environment descriptor '/home/nhu.nguyen/turtlebot4_ws/install/custom_interfaces/share/custom_interfaces/hook/ld_library_path_lib.dsv'
[0.804s] INFO:colcon.colcon_core.shell:Creating environment hook '/home/nhu.nguyen/turtlebot4_ws/install/custom_interfaces/share/custom_interfaces/hook/ld_library_path_lib.sh'
[0.804s] Level 1:colcon.colcon_core.environment:checking '/home/nhu.nguyen/turtlebot4_ws/install/custom_interfaces/bin'
[0.804s] Level 1:colcon.colcon_core.environment:checking '/home/nhu.nguyen/turtlebot4_ws/install/custom_interfaces/lib/pkgconfig/custom_interfaces.pc'
[0.804s] Level 1:colcon.colcon_core.environment:checking '/home/nhu.nguyen/turtlebot4_ws/install/custom_interfaces/lib/python3.12/site-packages'
[0.805s] Level 1:colcon.colcon_core.shell:create_environment_hook('custom_interfaces', 'pythonpath')
[0.805s] INFO:colcon.colcon_core.shell:Creating environment hook '/home/nhu.nguyen/turtlebot4_ws/install/custom_interfaces/share/custom_interfaces/hook/pythonpath.ps1'
[0.805s] INFO:colcon.colcon_core.shell:Creating environment descriptor '/home/nhu.nguyen/turtlebot4_ws/install/custom_interfaces/share/custom_interfaces/hook/pythonpath.dsv'
[0.806s] INFO:colcon.colcon_core.shell:Creating environment hook '/home/nhu.nguyen/turtlebot4_ws/install/custom_interfaces/share/custom_interfaces/hook/pythonpath.sh'
[0.806s] Level 1:colcon.colcon_core.environment:checking '/home/nhu.nguyen/turtlebot4_ws/install/custom_interfaces/bin'
[0.806s] INFO:colcon.colcon_core.shell:Creating package script '/home/nhu.nguyen/turtlebot4_ws/install/custom_interfaces/share/custom_interfaces/package.ps1'
[0.854s] INFO:colcon.colcon_core.shell:Creating package descriptor '/home/nhu.nguyen/turtlebot4_ws/install/custom_interfaces/share/custom_interfaces/package.dsv'
[0.854s] INFO:colcon.colcon_core.shell:Creating package script '/home/nhu.nguyen/turtlebot4_ws/install/custom_interfaces/share/custom_interfaces/package.sh'
[0.855s] INFO:colcon.colcon_core.shell:Creating package script '/home/nhu.nguyen/turtlebot4_ws/install/custom_interfaces/share/custom_interfaces/package.bash'
[0.855s] INFO:colcon.colcon_core.shell:Creating package script '/home/nhu.nguyen/turtlebot4_ws/install/custom_interfaces/share/custom_interfaces/package.zsh'
[0.856s] Level 1:colcon.colcon_core.environment:create_file_with_runtime_dependencies(/home/nhu.nguyen/turtlebot4_ws/install/custom_interfaces/share/colcon-core/packages/custom_interfaces)
[0.856s] INFO:colcon.colcon_ros.task.ament_python.build:Building ROS package in '/home/nhu.nguyen/turtlebot4_ws/src/lab3_pkg' with build type 'ament_python'
[0.856s] Level 1:colcon.colcon_core.shell:create_environment_hook('lab3_pkg', 'ament_prefix_path')
[0.857s] INFO:colcon.colcon_core.shell:Creating environment hook '/home/nhu.nguyen/turtlebot4_ws/install/lab3_pkg/share/lab3_pkg/hook/ament_prefix_path.ps1'
[0.857s] INFO:colcon.colcon_core.shell:Creating environment descriptor '/home/nhu.nguyen/turtlebot4_ws/install/lab3_pkg/share/lab3_pkg/hook/ament_prefix_path.dsv'
[0.858s] INFO:colcon.colcon_core.shell:Creating environment hook '/home/nhu.nguyen/turtlebot4_ws/install/lab3_pkg/share/lab3_pkg/hook/ament_prefix_path.sh'
[0.859s] INFO:colcon.colcon_core.shell:Skip shell extension 'powershell' for command environment: Not usable outside of PowerShell
[0.859s] DEBUG:colcon.colcon_core.shell:Skip shell extension 'dsv' for command environment
[1.092s] INFO:colcon.colcon_core.task.python.build:Building Python package in '/home/nhu.nguyen/turtlebot4_ws/src/lab3_pkg'
[1.093s] INFO:colcon.colcon_core.shell:Skip shell extension 'powershell' for command environment: Not usable outside of PowerShell
[1.093s] DEBUG:colcon.colcon_core.shell:Skip shell extension 'dsv' for command environment
[1.366s] DEBUG:colcon.colcon_core.event_handler.log_command:Invoking command in '/home/nhu.nguyen/turtlebot4_ws/src/lab1_pkg': PYTHONPATH=/home/nhu.nguyen/turtlebot4_ws/build/lab1_pkg/prefix_override:/usr/lib/python3/dist-packages/colcon_core/task/python/colcon_distutils_commands:/home/nhu.nguyen/turtlebot4_ws/install/lab1_pkg/lib/python3.12/site-packages:${PYTHONPATH} /usr/bin/python3 -W ignore:setup.py install is deprecated -W ignore:easy_install command is deprecated setup.py egg_info --egg-base ../../build/lab1_pkg build --build-base /home/nhu.nguyen/turtlebot4_ws/build/lab1_pkg/build install --record /home/nhu.nguyen/turtlebot4_ws/build/lab1_pkg/install.log --single-version-externally-managed install_data
[1.402s] DEBUG:colcon.colcon_core.event_handler.log_command:Invoking command in '/home/nhu.nguyen/turtlebot4_ws/src/lab2_pkg': PYTHONPATH=/home/nhu.nguyen/turtlebot4_ws/build/lab2_pkg/prefix_override:/usr/lib/python3/dist-packages/colcon_core/task/python/colcon_distutils_commands:/home/nhu.nguyen/turtlebot4_ws/install/lab2_pkg/lib/python3.12/site-packages:${PYTHONPATH} /usr/bin/python3 -W ignore:setup.py install is deprecated -W ignore:easy_install command is deprecated setup.py egg_info --egg-base ../../build/lab2_pkg build --build-base /home/nhu.nguyen/turtlebot4_ws/build/lab2_pkg/build install --record /home/nhu.nguyen/turtlebot4_ws/build/lab2_pkg/install.log --single-version-externally-managed install_data
[1.752s] DEBUG:colcon.colcon_core.event_handler.log_command:Invoking command in '/home/nhu.nguyen/turtlebot4_ws/src/lab3_pkg': PYTHONPATH=/home/nhu.nguyen/turtlebot4_ws/build/lab3_pkg/prefix_override:/usr/lib/python3/dist-packages/colcon_core/task/python/colcon_distutils_commands:/home/nhu.nguyen/turtlebot4_ws/install/lab3_pkg/lib/python3.12/site-packages:/home/nhu.nguyen/turtlebot4_ws/install/custom_interfaces/lib/python3.12/site-packages:/home/nhu.nguyen/turtlebot4_ws/install/lab3_pkg/lib/python3.12/site-packages:/home/nhu.nguyen/turtlebot4_ws/install/lab2_pkg/lib/python3.12/site-packages:/home/nhu.nguyen/turtlebot4_ws/install/lab1_pkg/lib/python3.12/site-packages:/opt/ros/jazzy/lib/python3.12/site-packages /usr/bin/python3 -W ignore:setup.py install is deprecated -W ignore:easy_install command is deprecated setup.py egg_info --egg-base ../../build/lab3_pkg build --build-base /home/nhu.nguyen/turtlebot4_ws/build/lab3_pkg/build install --record /home/nhu.nguyen/turtlebot4_ws/build/lab3_pkg/install.log --single-version-externally-managed install_data
[1.978s] Level 1:colcon.colcon_core.environment:checking '/home/nhu.nguyen/turtlebot4_ws/install/lab1_pkg' for CMake module files
[1.979s] DEBUG:colcon.colcon_core.event_handler.log_command:Invoked command in '/home/nhu.nguyen/turtlebot4_ws/src/lab1_pkg' returned '0': PYTHONPATH=/home/nhu.nguyen/turtlebot4_ws/build/lab1_pkg/prefix_override:/usr/lib/python3/dist-packages/colcon_core/task/python/colcon_distutils_commands:/home/nhu.nguyen/turtlebot4_ws/install/lab1_pkg/lib/python3.12/site-packages:${PYTHONPATH} /usr/bin/python3 -W ignore:setup.py install is deprecated -W ignore:easy_install command is deprecated setup.py egg_info --egg-base ../../build/lab1_pkg build --build-base /home/nhu.nguyen/turtlebot4_ws/build/lab1_pkg/build install --record /home/nhu.nguyen/turtlebot4_ws/build/lab1_pkg/install.log --single-version-externally-managed install_data
[1.979s] Level 1:colcon.colcon_core.environment:checking '/home/nhu.nguyen/turtlebot4_ws/install/lab1_pkg' for CMake config files
[1.979s] Level 1:colcon.colcon_core.environment:checking '/home/nhu.nguyen/turtlebot4_ws/install/lab1_pkg/lib'
[1.979s] Level 1:colcon.colcon_core.environment:checking '/home/nhu.nguyen/turtlebot4_ws/install/lab1_pkg/bin'
[1.979s] Level 1:colcon.colcon_core.environment:checking '/home/nhu.nguyen/turtlebot4_ws/install/lab1_pkg/lib/pkgconfig/lab1_pkg.pc'
[1.980s] Level 1:colcon.colcon_core.environment:checking '/home/nhu.nguyen/turtlebot4_ws/install/lab1_pkg/lib/python3.12/site-packages'
[1.980s] Level 1:colcon.colcon_core.shell:create_environment_hook('lab1_pkg', 'pythonpath')
[1.980s] INFO:colcon.colcon_core.shell:Creating environment hook '/home/nhu.nguyen/turtlebot4_ws/install/lab1_pkg/share/lab1_pkg/hook/pythonpath.ps1'
[1.983s] INFO:colcon.colcon_core.shell:Creating environment descriptor '/home/nhu.nguyen/turtlebot4_ws/install/lab1_pkg/share/lab1_pkg/hook/pythonpath.dsv'
[1.984s] INFO:colcon.colcon_core.shell:Creating environment hook '/home/nhu.nguyen/turtlebot4_ws/install/lab1_pkg/share/lab1_pkg/hook/pythonpath.sh'
[1.985s] Level 1:colcon.colcon_core.environment:checking '/home/nhu.nguyen/turtlebot4_ws/install/lab1_pkg/bin'
[1.985s] Level 1:colcon.colcon_core.environment:create_environment_scripts_only(lab1_pkg)
[1.985s] INFO:colcon.colcon_core.shell:Creating package script '/home/nhu.nguyen/turtlebot4_ws/install/lab1_pkg/share/lab1_pkg/package.ps1'
[1.985s] INFO:colcon.colcon_core.shell:Creating package descriptor '/home/nhu.nguyen/turtlebot4_ws/install/lab1_pkg/share/lab1_pkg/package.dsv'
[1.986s] INFO:colcon.colcon_core.shell:Creating package script '/home/nhu.nguyen/turtlebot4_ws/install/lab1_pkg/share/lab1_pkg/package.sh'
[1.986s] INFO:colcon.colcon_core.shell:Creating package script '/home/nhu.nguyen/turtlebot4_ws/install/lab1_pkg/share/lab1_pkg/package.bash'
[1.987s] INFO:colcon.colcon_core.shell:Creating package script '/home/nhu.nguyen/turtlebot4_ws/install/lab1_pkg/share/lab1_pkg/package.zsh'
[1.987s] Level 1:colcon.colcon_core.environment:create_file_with_runtime_dependencies(/home/nhu.nguyen/turtlebot4_ws/install/lab1_pkg/share/colcon-core/packages/lab1_pkg)
[2.028s] Level 1:colcon.colcon_core.environment:checking '/home/nhu.nguyen/turtlebot4_ws/install/lab2_pkg' for CMake module files
[2.029s] DEBUG:colcon.colcon_core.event_handler.log_command:Invoked command in '/home/nhu.nguyen/turtlebot4_ws/src/lab2_pkg' returned '0': PYTHONPATH=/home/nhu.nguyen/turtlebot4_ws/build/lab2_pkg/prefix_override:/usr/lib/python3/dist-packages/colcon_core/task/python/colcon_distutils_commands:/home/nhu.nguyen/turtlebot4_ws/install/lab2_pkg/lib/python3.12/site-packages:${PYTHONPATH} /usr/bin/python3 -W ignore:setup.py install is deprecated -W ignore:easy_install command is deprecated setup.py egg_info --egg-base ../../build/lab2_pkg build --build-base /home/nhu.nguyen/turtlebot4_ws/build/lab2_pkg/build install --record /home/nhu.nguyen/turtlebot4_ws/build/lab2_pkg/install.log --single-version-externally-managed install_data
[2.029s] Level 1:colcon.colcon_core.environment:checking '/home/nhu.nguyen/turtlebot4_ws/install/lab2_pkg' for CMake config files
[2.029s] Level 1:colcon.colcon_core.environment:checking '/home/nhu.nguyen/turtlebot4_ws/install/lab2_pkg/lib'
[2.029s] Level 1:colcon.colcon_core.environment:checking '/home/nhu.nguyen/turtlebot4_ws/install/lab2_pkg/bin'
[2.029s] Level 1:colcon.colcon_core.environment:checking '/home/nhu.nguyen/turtlebot4_ws/install/lab2_pkg/lib/pkgconfig/lab2_pkg.pc'
[2.030s] Level 1:colcon.colcon_core.environment:checking '/home/nhu.nguyen/turtlebot4_ws/install/lab2_pkg/lib/python3.12/site-packages'
[2.030s] Level 1:colcon.colcon_core.shell:create_environment_hook('lab2_pkg', 'pythonpath')
[2.030s] INFO:colcon.colcon_core.shell:Creating environment hook '/home/nhu.nguyen/turtlebot4_ws/install/lab2_pkg/share/lab2_pkg/hook/pythonpath.ps1'
[2.030s] INFO:colcon.colcon_core.shell:Creating environment descriptor '/home/nhu.nguyen/turtlebot4_ws/install/lab2_pkg/share/lab2_pkg/hook/pythonpath.dsv'
[2.031s] INFO:colcon.colcon_core.shell:Creating environment hook '/home/nhu.nguyen/turtlebot4_ws/install/lab2_pkg/share/lab2_pkg/hook/pythonpath.sh'
[2.031s] Level 1:colcon.colcon_core.environment:checking '/home/nhu.nguyen/turtlebot4_ws/install/lab2_pkg/bin'
[2.031s] Level 1:colcon.colcon_core.environment:create_environment_scripts_only(lab2_pkg)
[2.031s] INFO:colcon.colcon_core.shell:Creating package script '/home/nhu.nguyen/turtlebot4_ws/install/lab2_pkg/share/lab2_pkg/package.ps1'
[2.032s] INFO:colcon.colcon_core.shell:Creating package descriptor '/home/nhu.nguyen/turtlebot4_ws/install/lab2_pkg/share/lab2_pkg/package.dsv'
[2.032s] INFO:colcon.colcon_core.shell:Creating package script '/home/nhu.nguyen/turtlebot4_ws/install/lab2_pkg/share/lab2_pkg/package.sh'
[2.033s] INFO:colcon.colcon_core.shell:Creating package script '/home/nhu.nguyen/turtlebot4_ws/install/lab2_pkg/share/lab2_pkg/package.bash'
[2.033s] INFO:colcon.colcon_core.shell:Creating package script '/home/nhu.nguyen/turtlebot4_ws/install/lab2_pkg/share/lab2_pkg/package.zsh'
[2.033s] Level 1:colcon.colcon_core.environment:create_file_with_runtime_dependencies(/home/nhu.nguyen/turtlebot4_ws/install/lab2_pkg/share/colcon-core/packages/lab2_pkg)
[2.374s] Level 1:colcon.colcon_core.environment:checking '/home/nhu.nguyen/turtlebot4_ws/install/lab3_pkg' for CMake module files
[2.374s] DEBUG:colcon.colcon_core.event_handler.log_command:Invoked command in '/home/nhu.nguyen/turtlebot4_ws/src/lab3_pkg' returned '0': PYTHONPATH=/home/nhu.nguyen/turtlebot4_ws/build/lab3_pkg/prefix_override:/usr/lib/python3/dist-packages/colcon_core/task/python/colcon_distutils_commands:/home/nhu.nguyen/turtlebot4_ws/install/lab3_pkg/lib/python3.12/site-packages:/home/nhu.nguyen/turtlebot4_ws/install/custom_interfaces/lib/python3.12/site-packages:/home/nhu.nguyen/turtlebot4_ws/install/lab3_pkg/lib/python3.12/site-packages:/home/nhu.nguyen/turtlebot4_ws/install/lab2_pkg/lib/python3.12/site-packages:/home/nhu.nguyen/turtlebot4_ws/install/lab1_pkg/lib/python3.12/site-packages:/opt/ros/jazzy/lib/python3.12/site-packages /usr/bin/python3 -W ignore:setup.py install is deprecated -W ignore:easy_install command is deprecated setup.py egg_info --egg-base ../../build/lab3_pkg build --build-base /home/nhu.nguyen/turtlebot4_ws/build/lab3_pkg/build install --record /home/nhu.nguyen/turtlebot4_ws/build/lab3_pkg/install.log --single-version-externally-managed install_data
[2.374s] Level 1:colcon.colcon_core.environment:checking '/home/nhu.nguyen/turtlebot4_ws/install/lab3_pkg' for CMake config files
[2.375s] Level 1:colcon.colcon_core.environment:checking '/home/nhu.nguyen/turtlebot4_ws/install/lab3_pkg/lib'
[2.375s] Level 1:colcon.colcon_core.environment:checking '/home/nhu.nguyen/turtlebot4_ws/install/lab3_pkg/bin'
[2.375s] Level 1:colcon.colcon_core.environment:checking '/home/nhu.nguyen/turtlebot4_ws/install/lab3_pkg/lib/pkgconfig/lab3_pkg.pc'
[2.375s] Level 1:colcon.colcon_core.environment:checking '/home/nhu.nguyen/turtlebot4_ws/install/lab3_pkg/lib/python3.12/site-packages'
[2.375s] Level 1:colcon.colcon_core.shell:create_environment_hook('lab3_pkg', 'pythonpath')
[2.375s] INFO:colcon.colcon_core.shell:Creating environment hook '/home/nhu.nguyen/turtlebot4_ws/install/lab3_pkg/share/lab3_pkg/hook/pythonpath.ps1'
[2.376s] INFO:colcon.colcon_core.shell:Creating environment descriptor '/home/nhu.nguyen/turtlebot4_ws/install/lab3_pkg/share/lab3_pkg/hook/pythonpath.dsv'
[2.376s] INFO:colcon.colcon_core.shell:Creating environment hook '/home/nhu.nguyen/turtlebot4_ws/install/lab3_pkg/share/lab3_pkg/hook/pythonpath.sh'
[2.377s] Level 1:colcon.colcon_core.environment:checking '/home/nhu.nguyen/turtlebot4_ws/install/lab3_pkg/bin'
[2.377s] Level 1:colcon.colcon_core.environment:create_environment_scripts_only(lab3_pkg)
[2.377s] INFO:colcon.colcon_core.shell:Creating package script '/home/nhu.nguyen/turtlebot4_ws/install/lab3_pkg/share/lab3_pkg/package.ps1'
[2.377s] INFO:colcon.colcon_core.shell:Creating package descriptor '/home/nhu.nguyen/turtlebot4_ws/install/lab3_pkg/share/lab3_pkg/package.dsv'
[2.378s] INFO:colcon.colcon_core.shell:Creating package script '/home/nhu.nguyen/turtlebot4_ws/install/lab3_pkg/share/lab3_pkg/package.sh'
[2.378s] INFO:colcon.colcon_core.shell:Creating package script '/home/nhu.nguyen/turtlebot4_ws/install/lab3_pkg/share/lab3_pkg/package.bash'
[2.379s] INFO:colcon.colcon_core.shell:Creating package script '/home/nhu.nguyen/turtlebot4_ws/install/lab3_pkg/share/lab3_pkg/package.zsh'
[2.379s] Level 1:colcon.colcon_core.environment:create_file_with_runtime_dependencies(/home/nhu.nguyen/turtlebot4_ws/install/lab3_pkg/share/colcon-core/packages/lab3_pkg)
[2.379s] DEBUG:colcon.colcon_parallel_executor.executor.parallel:closing loop
[2.379s] DEBUG:colcon.colcon_parallel_executor.executor.parallel:loop closed
[2.380s] DEBUG:colcon.colcon_parallel_executor.executor.parallel:run_until_complete finished with '0'
[2.380s] DEBUG:colcon.colcon_core.event_reactor:joining thread
[2.394s] INFO:colcon.colcon_core.plugin_system:Skipping extension 'colcon_notification.desktop_notification.terminal_notifier': Not used on non-Darwin systems
[2.394s] INFO:colcon.colcon_core.plugin_system:Skipping extension 'colcon_notification.desktop_notification.win32': Not used on non-Windows systems
[2.394s] INFO:colcon.colcon_notification.desktop_notification:Sending desktop notification using 'notify2'
[2.404s] DEBUG:colcon.colcon_core.event_reactor:joined thread
[2.404s] INFO:colcon.colcon_core.shell:Creating prefix script '/home/nhu.nguyen/turtlebot4_ws/install/local_setup.ps1'
[2.405s] INFO:colcon.colcon_core.shell:Creating prefix util module '/home/nhu.nguyen/turtlebot4_ws/install/_local_setup_util_ps1.py'
[2.406s] INFO:colcon.colcon_core.shell:Creating prefix chain script '/home/nhu.nguyen/turtlebot4_ws/install/setup.ps1'
[2.407s] INFO:colcon.colcon_core.shell:Creating prefix script '/home/nhu.nguyen/turtlebot4_ws/install/local_setup.sh'
[2.408s] INFO:colcon.colcon_core.shell:Creating prefix util module '/home/nhu.nguyen/turtlebot4_ws/install/_local_setup_util_sh.py'
[2.408s] INFO:colcon.colcon_core.shell:Creating prefix chain script '/home/nhu.nguyen/turtlebot4_ws/install/setup.sh'
[2.409s] INFO:colcon.colcon_core.shell:Creating prefix script '/home/nhu.nguyen/turtlebot4_ws/install/local_setup.bash'
[2.410s] INFO:colcon.colcon_core.shell:Creating prefix chain script '/home/nhu.nguyen/turtlebot4_ws/install/setup.bash'
[2.411s] INFO:colcon.colcon_core.shell:Creating prefix script '/home/nhu.nguyen/turtlebot4_ws/install/local_setup.zsh'
[2.412s] INFO:colcon.colcon_core.shell:Creating prefix chain script '/home/nhu.nguyen/turtlebot4_ws/install/setup.zsh'
