[1.209s] Invoking command in '/home/nhu.nguyen/turtlebot4_ws/src/lab2_pkg': PYTHONPATH=/home/nhu.nguyen/turtlebot4_ws/build/lab2_pkg/prefix_override:/usr/lib/python3/dist-packages/colcon_core/task/python/colcon_distutils_commands:/home/nhu.nguyen/turtlebot4_ws/install/lab2_pkg/lib/python3.12/site-packages:${PYTHONPATH} /usr/bin/python3 -W ignore:setup.py install is deprecated -W ignore:easy_install command is deprecated setup.py egg_info --egg-base ../../build/lab2_pkg build --build-base /home/nhu.nguyen/turtlebot4_ws/build/lab2_pkg/build install --record /home/nhu.nguyen/turtlebot4_ws/build/lab2_pkg/install.log --single-version-externally-managed install_data
[1.504s] running egg_info
[1.530s] writing ../../build/lab2_pkg/lab2_pkg.egg-info/PKG-INFO
[1.530s] writing dependency_links to ../../build/lab2_pkg/lab2_pkg.egg-info/dependency_links.txt
[1.530s] writing entry points to ../../build/lab2_pkg/lab2_pkg.egg-info/entry_points.txt
[1.530s] writing requirements to ../../build/lab2_pkg/lab2_pkg.egg-info/requires.txt
[1.531s] writing top-level names to ../../build/lab2_pkg/lab2_pkg.egg-info/top_level.txt
[1.580s] reading manifest file '../../build/lab2_pkg/lab2_pkg.egg-info/SOURCES.txt'
[1.581s] writing manifest file '../../build/lab2_pkg/lab2_pkg.egg-info/SOURCES.txt'
[1.581s] running build
[1.581s] running build_py
[1.581s] running install
[1.587s] running install_lib
[1.611s] running install_data
[1.611s] running install_egg_info
[1.638s] removing '/home/nhu.nguyen/turtlebot4_ws/install/lab2_pkg/lib/python3.12/site-packages/lab2_pkg-0.0.0-py3.12.egg-info' (and everything under it)
[1.638s] Copying ../../build/lab2_pkg/lab2_pkg.egg-info to /home/nhu.nguyen/turtlebot4_ws/install/lab2_pkg/lib/python3.12/site-packages/lab2_pkg-0.0.0-py3.12.egg-info
[1.640s] running install_scripts
[1.791s] Installing SCOD script to /home/nhu.nguyen/turtlebot4_ws/install/lab2_pkg/lib/lab2_pkg
[1.791s] writing list of installed files to '/home/nhu.nguyen/turtlebot4_ws/build/lab2_pkg/install.log'
[1.818s] Invoked command in '/home/nhu.nguyen/turtlebot4_ws/src/lab2_pkg' returned '0': PYTHONPATH=/home/nhu.nguyen/turtlebot4_ws/build/lab2_pkg/prefix_override:/usr/lib/python3/dist-packages/colcon_core/task/python/colcon_distutils_commands:/home/nhu.nguyen/turtlebot4_ws/install/lab2_pkg/lib/python3.12/site-packages:${PYTHONPATH} /usr/bin/python3 -W ignore:setup.py install is deprecated -W ignore:easy_install command is deprecated setup.py egg_info --egg-base ../../build/lab2_pkg build --build-base /home/nhu.nguyen/turtlebot4_ws/build/lab2_pkg/build install --record /home/nhu.nguyen/turtlebot4_ws/build/lab2_pkg/install.log --single-version-externally-managed install_data
