[0.000000] (-) TimerEvent: {}
[0.000170] (custom_interfaces) JobQueued: {'identifier': 'custom_interfaces', 'dependencies': OrderedDict()}
[0.000350] (lab1_pkg) JobQueued: {'identifier': 'lab1_pkg', 'dependencies': OrderedDict()}
[0.000439] (lab2_pkg) JobQueued: {'identifier': 'lab2_pkg', 'dependencies': OrderedDict()}
[0.000541] (lab3_pkg) JobQueued: {'identifier': 'lab3_pkg', 'dependencies': OrderedDict({'custom_interfaces': '/home/buenr/CS488/install/custom_interfaces'})}
[0.000575] (lab5_pkg) JobQueued: {'identifier': 'lab5_pkg', 'dependencies': OrderedDict({'custom_interfaces': '/home/buenr/CS488/install/custom_interfaces'})}
[0.000602] (lab_bringup) JobQueued: {'identifier': 'lab_bringup', 'dependencies': OrderedDict({'custom_interfaces': '/home/buenr/CS488/install/custom_interfaces', 'lab3_pkg': '/home/buenr/CS488/install/lab3_pkg'})}
[0.000632] (custom_interfaces) JobStarted: {'identifier': 'custom_interfaces'}
[0.006230] (lab1_pkg) JobStarted: {'identifier': 'lab1_pkg'}
[0.011958] (lab2_pkg) JobStarted: {'identifier': 'lab2_pkg'}
[0.017903] (custom_interfaces) JobProgress: {'identifier': 'custom_interfaces', 'progress': 'cmake'}
[0.018485] (custom_interfaces) JobProgress: {'identifier': 'custom_interfaces', 'progress': 'build'}
[0.019059] (custom_interfaces) Command: {'cmd': ['/usr/bin/cmake', '--build', '/home/buenr/CS488/build/custom_interfaces', '--', '-j16', '-l16'], 'cwd': '/home/buenr/CS488/build/custom_interfaces', 'env': OrderedDict({'USER': 'buenr', 'GZ_SIM_RESOURCE_PATH': '/opt/ros/jazzy/share', 'GZ_CONFIG_PATH': '/opt/ros/jazzy/opt/gz_sim_vendor/share/gz:/opt/ros/jazzy/opt/sdformat_vendor/share/gz:/opt/ros/jazzy/opt/gz_gui_vendor/share/gz:/opt/ros/jazzy/opt/gz_transport_vendor/share/gz:/opt/ros/jazzy/opt/gz_rendering_vendor/share/gz:/opt/ros/jazzy/opt/gz_plugin_vendor/share/gz:/opt/ros/jazzy/opt/gz_fuel_tools_vendor/share/gz:/opt/ros/jazzy/opt/gz_msgs_vendor/share/gz:/opt/ros/jazzy/opt/gz_common_vendor/share/gz', 'XDG_SESSION_TYPE': 'wayland', 'CLUTTER_DISABLE_MIPMAPPED_TEXT': '1', 'SHLVL': '1', 'LD_LIBRARY_PATH': '/home/buenr/CS488/install/custom_interfaces/lib:/opt/ros/jazzy/opt/gz_sim_vendor/lib:/opt/ros/jazzy/opt/gz_sensors_vendor/lib:/opt/ros/jazzy/opt/gz_physics_vendor/lib:/opt/ros/jazzy/opt/sdformat_vendor/lib:/opt/ros/jazzy/opt/rviz_ogre_vendor/lib:/opt/ros/jazzy/lib/x86_64-linux-gnu:/opt/ros/jazzy/opt/gz_gui_vendor/lib:/opt/ros/jazzy/opt/gz_transport_vendor/lib:/opt/ros/jazzy/opt/gz_rendering_vendor/lib:/opt/ros/jazzy/opt/gz_plugin_vendor/lib:/opt/ros/jazzy/opt/gz_fuel_tools_vendor/lib:/opt/ros/jazzy/opt/gz_msgs_vendor/lib:/opt/ros/jazzy/opt/gz_common_vendor/lib:/opt/ros/jazzy/opt/gz_math_vendor/lib:/opt/ros/jazzy/opt/gz_utils_vendor/lib:/opt/ros/jazzy/opt/gz_tools_vendor/lib:/opt/ros/jazzy/opt/gz_ogre_next_vendor/lib:/opt/ros/jazzy/opt/gz_dartsim_vendor/lib:/opt/ros/jazzy/opt/gz_cmake_vendor/lib:/opt/ros/jazzy/lib', 'OLDPWD': '/home/buenr', 'HOME': '/home/buenr', 'DESKTOP_SESSION': 'ubuntu', 'GTK_MODULES': 'gail:atk-bridge', 'GNOME_SHELL_SESSION_MODE': 'ubuntu', 'ROS_PYTHON_VERSION': '3', 'SYSTEMD_EXEC_PID': '30152', 'DBUS_SESSION_BUS_ADDRESS': 'unix:path=/run/user/481846386/bus', 'GSM_SKIP_SSH_AGENT_WORKAROUND': 'true', 'COLORTERM': 'truecolor', 'CONDA_CHANGEPS1': 'no', 'WAYLAND_DISPLAY': 'wayland-0', 'ROS_DISTRO': 'jazzy', 'COLCON_PREFIX_PATH': '/home/buenr/CS488/install', 'LOGNAME': 'buenr', '_': '/usr/bin/colcon', 'MEMORY_PRESSURE_WATCH': '/sys/fs/cgroup/user.slice/user-481846386.slice/user@481846386.service/session.slice/org.gnome.Shell@wayland.service/memory.pressure', 'XDG_SESSION_CLASS': 'user', 'ROS_VERSION': '2', 'USERNAME': 'buenr', 'TERM': 'xterm-256color', 'PROMPT_EOL_MARK': '', 'ROS_SUPER_CLIENT': 'True', 'GNOME_DESKTOP_SESSION_ID': 'this-is-deprecated', 'PATH': '/opt/ros/jazzy/opt/gz_msgs_vendor/bin:/opt/ros/jazzy/opt/gz_tools_vendor/bin:/opt/ros/jazzy/opt/gz_ogre_next_vendor/bin:/opt/ros/jazzy/bin:/usr/local/sbin:/usr/local/bin:/usr/sbin:/usr/bin:/sbin:/bin:/usr/games:/usr/local/games:/snap/bin:/snap/bin', 'SESSION_MANAGER': 'local/csci20122:@/tmp/.ICE-unix/30099,unix/csci20122:/tmp/.ICE-unix/30099', 'GNOME_TERMINAL_SCREEN': '/org/gnome/Terminal/screen/1a901996_0f2e_4952_89b1_916fe3d67c76', 'XDG_MENU_PREFIX': 'gnome-', 'GNOME_SETUP_DISPLAY': ':1', 'XDG_RUNTIME_DIR': '/run/user/481846386', 'DISPLAY': ':0', 'XDG_CURRENT_DESKTOP': 'ubuntu:GNOME', 'LANG': 'en_US.UTF-8', 'RMW_IMPLEMENTATION': 'rmw_fastrtps_cpp', 'XDG_SESSION_DESKTOP': 'ubuntu', 'GNOME_TERMINAL_SERVICE': ':1.226', 'XMODIFIERS': '@im=ibus', 'XAUTHORITY': '/run/user/481846386/.mutter-Xwaylandauth.1MMGN3', 'SSH_AUTH_SOCK': '/run/user/481846386/keyring/ssh', 'AMENT_PREFIX_PATH': '/home/buenr/CS488/install/lab_bringup:/home/buenr/CS488/install/lab5_pkg:/home/buenr/CS488/install/lab3_pkg:/home/buenr/CS488/install/lab2_pkg:/home/buenr/CS488/install/lab1_pkg:/home/buenr/CS488/install/custom_interfaces:/opt/ros/jazzy', 'ROS_DOMAIN_ID': '0', 'KRB5CCNAME': 'FILE:/tmp/krb5cc_481846386_s7E0DV', 'SHELL': '/bin/zsh', 'ROS_DISCOVERY_SERVER': '10.5.113.101:11811', 'QT_ACCESSIBILITY': '1', 'GDMSESSION': 'ubuntu', 'QT_IM_MODULE': 'ibus', 'ROS_AUTOMATIC_DISCOVERY_RANGE': 'SUBNET', 'PWD': '/home/buenr/CS488/build/custom_interfaces', 'XDG_DATA_DIRS': '/usr/local/share/:/usr/share/:/var/lib/snapd/desktop', 'VIRTUAL_ENV_DISABLE_PROMPT': '12', 'PYTHONPATH': '/home/buenr/CS488/install/lab5_pkg/lib/python3.12/site-packages:/home/buenr/CS488/install/lab3_pkg/lib/python3.12/site-packages:/home/buenr/CS488/install/lab2_pkg/lib/python3.12/site-packages:/home/buenr/CS488/install/lab1_pkg/lib/python3.12/site-packages:/home/buenr/CS488/install/custom_interfaces/lib/python3.12/site-packages:/opt/ros/jazzy/lib/python3.12/site-packages', 'COLCON': '1', 'VTE_VERSION': '7600', 'MEMORY_PRESSURE_WRITE': 'c29tZSAyMDAwMDAgMjAwMDAwMAA=', 'CMAKE_PREFIX_PATH': '/home/buenr/CS488/install/lab_bringup:/home/buenr/CS488/install/custom_interfaces:/opt/ros/jazzy/opt/gz_sim_vendor:/opt/ros/jazzy/opt/gz_sensors_vendor:/opt/ros/jazzy/opt/gz_physics_vendor:/opt/ros/jazzy/opt/sdformat_vendor:/opt/ros/jazzy/opt/gz_gui_vendor:/opt/ros/jazzy/opt/gz_transport_vendor:/opt/ros/jazzy/opt/gz_rendering_vendor:/opt/ros/jazzy/opt/gz_plugin_vendor:/opt/ros/jazzy/opt/gz_fuel_tools_vendor:/opt/ros/jazzy/opt/gz_msgs_vendor:/opt/ros/jazzy/opt/gz_common_vendor:/opt/ros/jazzy/opt/gz_math_vendor:/opt/ros/jazzy/opt/gz_utils_vendor:/opt/ros/jazzy/opt/gz_tools_vendor:/opt/ros/jazzy/opt/gz_ogre_next_vendor:/opt/ros/jazzy/opt/gz_dartsim_vendor:/opt/ros/jazzy/opt/gz_cmake_vendor:/home/buenr/CS488/install/lab5_pkg:/home/buenr/CS488/install/lab3_pkg:/home/buenr/CS488/install/lab2_pkg:/home/buenr/CS488/install/lab1_pkg:/opt/ros/jazzy'}), 'shell': False}
[0.099835] (-) TimerEvent: {}
[0.200085] (-) TimerEvent: {}
[0.265446] (custom_interfaces) StdoutLine: {'line': b'[  2%] Built target custom_interfaces__rosidl_generator_type_description\n'}
[0.265722] (custom_interfaces) StdoutLine: {'line': b'[  2%] Built target ament_cmake_python_copy_custom_interfaces\n'}
[0.265917] (custom_interfaces) StdoutLine: {'line': b'[  4%] Built target custom_interfaces__cpp\n'}
[0.266006] (custom_interfaces) StdoutLine: {'line': b'[ 22%] Built target custom_interfaces__rosidl_generator_c\n'}
[0.266112] (custom_interfaces) StdoutLine: {'line': b'[ 56%] Built target custom_interfaces__rosidl_typesupport_cpp\n'}
[0.266200] (custom_interfaces) StdoutLine: {'line': b'[ 56%] Built target custom_interfaces__rosidl_typesupport_introspection_c\n'}
[0.266277] (custom_interfaces) StdoutLine: {'line': b'[ 59%] Built target custom_interfaces__rosidl_typesupport_fastrtps_cpp\n'}
[0.266358] (custom_interfaces) StdoutLine: {'line': b'[ 59%] Built target custom_interfaces__rosidl_typesupport_fastrtps_c\n'}
[0.266431] (custom_interfaces) StdoutLine: {'line': b'[ 68%] Built target custom_interfaces__rosidl_typesupport_c\n'}
[0.266501] (custom_interfaces) StdoutLine: {'line': b'[ 77%] Built target custom_interfaces__rosidl_typesupport_introspection_cpp\n'}
[0.266580] (custom_interfaces) StdoutLine: {'line': b'[ 77%] Built target custom_interfaces\n'}
[0.266655] (custom_interfaces) StdoutLine: {'line': b'[ 79%] Built target custom_interfaces__py\n'}
[0.266741] (custom_interfaces) StdoutLine: {'line': b'[ 86%] Built target custom_interfaces__rosidl_generator_py\n'}
[0.266866] (custom_interfaces) StdoutLine: {'line': b'[100%] Built target custom_interfaces_s__rosidl_typesupport_fastrtps_c\n'}
[0.266991] (custom_interfaces) StdoutLine: {'line': b'[100%] Built target custom_interfaces_s__rosidl_typesupport_c\n'}
[0.267108] (custom_interfaces) StdoutLine: {'line': b'[100%] Built target custom_interfaces_s__rosidl_typesupport_introspection_c\n'}
[0.300169] (-) TimerEvent: {}
[0.323931] (custom_interfaces) StdoutLine: {'line': b'running egg_info\n'}
[0.348203] (custom_interfaces) StdoutLine: {'line': b'writing custom_interfaces.egg-info/PKG-INFO\n'}
[0.348410] (custom_interfaces) StdoutLine: {'line': b'writing dependency_links to custom_interfaces.egg-info/dependency_links.txt\n'}
[0.348613] (custom_interfaces) StdoutLine: {'line': b'writing top-level names to custom_interfaces.egg-info/top_level.txt\n'}
[0.400280] (-) TimerEvent: {}
[0.424066] (custom_interfaces) StdoutLine: {'line': b"reading manifest file 'custom_interfaces.egg-info/SOURCES.txt'\n"}
[0.424580] (custom_interfaces) StdoutLine: {'line': b"writing manifest file 'custom_interfaces.egg-info/SOURCES.txt'\n"}
[0.446237] (custom_interfaces) StdoutLine: {'line': b'[100%] Built target ament_cmake_python_build_custom_interfaces_egg\n'}
[0.486402] (custom_interfaces) CommandEnded: {'returncode': 0}
[0.486990] (custom_interfaces) JobProgress: {'identifier': 'custom_interfaces', 'progress': 'install'}
[0.495406] (custom_interfaces) Command: {'cmd': ['/usr/bin/cmake', '--install', '/home/buenr/CS488/build/custom_interfaces'], 'cwd': '/home/buenr/CS488/build/custom_interfaces', 'env': OrderedDict({'USER': 'buenr', 'GZ_SIM_RESOURCE_PATH': '/opt/ros/jazzy/share', 'GZ_CONFIG_PATH': '/opt/ros/jazzy/opt/gz_sim_vendor/share/gz:/opt/ros/jazzy/opt/sdformat_vendor/share/gz:/opt/ros/jazzy/opt/gz_gui_vendor/share/gz:/opt/ros/jazzy/opt/gz_transport_vendor/share/gz:/opt/ros/jazzy/opt/gz_rendering_vendor/share/gz:/opt/ros/jazzy/opt/gz_plugin_vendor/share/gz:/opt/ros/jazzy/opt/gz_fuel_tools_vendor/share/gz:/opt/ros/jazzy/opt/gz_msgs_vendor/share/gz:/opt/ros/jazzy/opt/gz_common_vendor/share/gz', 'XDG_SESSION_TYPE': 'wayland', 'CLUTTER_DISABLE_MIPMAPPED_TEXT': '1', 'SHLVL': '1', 'LD_LIBRARY_PATH': '/home/buenr/CS488/install/custom_interfaces/lib:/opt/ros/jazzy/opt/gz_sim_vendor/lib:/opt/ros/jazzy/opt/gz_sensors_vendor/lib:/opt/ros/jazzy/opt/gz_physics_vendor/lib:/opt/ros/jazzy/opt/sdformat_vendor/lib:/opt/ros/jazzy/opt/rviz_ogre_vendor/lib:/opt/ros/jazzy/lib/x86_64-linux-gnu:/opt/ros/jazzy/opt/gz_gui_vendor/lib:/opt/ros/jazzy/opt/gz_transport_vendor/lib:/opt/ros/jazzy/opt/gz_rendering_vendor/lib:/opt/ros/jazzy/opt/gz_plugin_vendor/lib:/opt/ros/jazzy/opt/gz_fuel_tools_vendor/lib:/opt/ros/jazzy/opt/gz_msgs_vendor/lib:/opt/ros/jazzy/opt/gz_common_vendor/lib:/opt/ros/jazzy/opt/gz_math_vendor/lib:/opt/ros/jazzy/opt/gz_utils_vendor/lib:/opt/ros/jazzy/opt/gz_tools_vendor/lib:/opt/ros/jazzy/opt/gz_ogre_next_vendor/lib:/opt/ros/jazzy/opt/gz_dartsim_vendor/lib:/opt/ros/jazzy/opt/gz_cmake_vendor/lib:/opt/ros/jazzy/lib', 'OLDPWD': '/home/buenr', 'HOME': '/home/buenr', 'DESKTOP_SESSION': 'ubuntu', 'GTK_MODULES': 'gail:atk-bridge', 'GNOME_SHELL_SESSION_MODE': 'ubuntu', 'ROS_PYTHON_VERSION': '3', 'SYSTEMD_EXEC_PID': '30152', 'DBUS_SESSION_BUS_ADDRESS': 'unix:path=/run/user/481846386/bus', 'GSM_SKIP_SSH_AGENT_WORKAROUND': 'true', 'COLORTERM': 'truecolor', 'CONDA_CHANGEPS1': 'no', 'WAYLAND_DISPLAY': 'wayland-0', 'ROS_DISTRO': 'jazzy', 'COLCON_PREFIX_PATH': '/home/buenr/CS488/install', 'LOGNAME': 'buenr', '_': '/usr/bin/colcon', 'MEMORY_PRESSURE_WATCH': '/sys/fs/cgroup/user.slice/user-481846386.slice/user@481846386.service/session.slice/org.gnome.Shell@wayland.service/memory.pressure', 'XDG_SESSION_CLASS': 'user', 'ROS_VERSION': '2', 'USERNAME': 'buenr', 'TERM': 'xterm-256color', 'PROMPT_EOL_MARK': '', 'ROS_SUPER_CLIENT': 'True', 'GNOME_DESKTOP_SESSION_ID': 'this-is-deprecated', 'PATH': '/opt/ros/jazzy/opt/gz_msgs_vendor/bin:/opt/ros/jazzy/opt/gz_tools_vendor/bin:/opt/ros/jazzy/opt/gz_ogre_next_vendor/bin:/opt/ros/jazzy/bin:/usr/local/sbin:/usr/local/bin:/usr/sbin:/usr/bin:/sbin:/bin:/usr/games:/usr/local/games:/snap/bin:/snap/bin', 'SESSION_MANAGER': 'local/csci20122:@/tmp/.ICE-unix/30099,unix/csci20122:/tmp/.ICE-unix/30099', 'GNOME_TERMINAL_SCREEN': '/org/gnome/Terminal/screen/1a901996_0f2e_4952_89b1_916fe3d67c76', 'XDG_MENU_PREFIX': 'gnome-', 'GNOME_SETUP_DISPLAY': ':1', 'XDG_RUNTIME_DIR': '/run/user/481846386', 'DISPLAY': ':0', 'XDG_CURRENT_DESKTOP': 'ubuntu:GNOME', 'LANG': 'en_US.UTF-8', 'RMW_IMPLEMENTATION': 'rmw_fastrtps_cpp', 'XDG_SESSION_DESKTOP': 'ubuntu', 'GNOME_TERMINAL_SERVICE': ':1.226', 'XMODIFIERS': '@im=ibus', 'XAUTHORITY': '/run/user/481846386/.mutter-Xwaylandauth.1MMGN3', 'SSH_AUTH_SOCK': '/run/user/481846386/keyring/ssh', 'AMENT_PREFIX_PATH': '/home/buenr/CS488/install/lab_bringup:/home/buenr/CS488/install/lab5_pkg:/home/buenr/CS488/install/lab3_pkg:/home/buenr/CS488/install/lab2_pkg:/home/buenr/CS488/install/lab1_pkg:/home/buenr/CS488/install/custom_interfaces:/opt/ros/jazzy', 'ROS_DOMAIN_ID': '0', 'KRB5CCNAME': 'FILE:/tmp/krb5cc_481846386_s7E0DV', 'SHELL': '/bin/zsh', 'ROS_DISCOVERY_SERVER': '10.5.113.101:11811', 'QT_ACCESSIBILITY': '1', 'GDMSESSION': 'ubuntu', 'QT_IM_MODULE': 'ibus', 'ROS_AUTOMATIC_DISCOVERY_RANGE': 'SUBNET', 'PWD': '/home/buenr/CS488/build/custom_interfaces', 'XDG_DATA_DIRS': '/usr/local/share/:/usr/share/:/var/lib/snapd/desktop', 'VIRTUAL_ENV_DISABLE_PROMPT': '12', 'PYTHONPATH': '/home/buenr/CS488/install/lab5_pkg/lib/python3.12/site-packages:/home/buenr/CS488/install/lab3_pkg/lib/python3.12/site-packages:/home/buenr/CS488/install/lab2_pkg/lib/python3.12/site-packages:/home/buenr/CS488/install/lab1_pkg/lib/python3.12/site-packages:/home/buenr/CS488/install/custom_interfaces/lib/python3.12/site-packages:/opt/ros/jazzy/lib/python3.12/site-packages', 'COLCON': '1', 'VTE_VERSION': '7600', 'MEMORY_PRESSURE_WRITE': 'c29tZSAyMDAwMDAgMjAwMDAwMAA=', 'CMAKE_PREFIX_PATH': '/home/buenr/CS488/install/lab_bringup:/home/buenr/CS488/install/custom_interfaces:/opt/ros/jazzy/opt/gz_sim_vendor:/opt/ros/jazzy/opt/gz_sensors_vendor:/opt/ros/jazzy/opt/gz_physics_vendor:/opt/ros/jazzy/opt/sdformat_vendor:/opt/ros/jazzy/opt/gz_gui_vendor:/opt/ros/jazzy/opt/gz_transport_vendor:/opt/ros/jazzy/opt/gz_rendering_vendor:/opt/ros/jazzy/opt/gz_plugin_vendor:/opt/ros/jazzy/opt/gz_fuel_tools_vendor:/opt/ros/jazzy/opt/gz_msgs_vendor:/opt/ros/jazzy/opt/gz_common_vendor:/opt/ros/jazzy/opt/gz_math_vendor:/opt/ros/jazzy/opt/gz_utils_vendor:/opt/ros/jazzy/opt/gz_tools_vendor:/opt/ros/jazzy/opt/gz_ogre_next_vendor:/opt/ros/jazzy/opt/gz_dartsim_vendor:/opt/ros/jazzy/opt/gz_cmake_vendor:/home/buenr/CS488/install/lab5_pkg:/home/buenr/CS488/install/lab3_pkg:/home/buenr/CS488/install/lab2_pkg:/home/buenr/CS488/install/lab1_pkg:/opt/ros/jazzy'}), 'shell': False}
[0.500359] (-) TimerEvent: {}
[0.505565] (custom_interfaces) StdoutLine: {'line': b'-- Install configuration: ""\n'}
[0.505851] (custom_interfaces) StdoutLine: {'line': b'-- Up-to-date: /home/buenr/CS488/install/custom_interfaces/share/ament_index/resource_index/rosidl_interfaces/custom_interfaces\n'}
[0.506045] (custom_interfaces) StdoutLine: {'line': b'-- Up-to-date: /home/buenr/CS488/install/custom_interfaces/share/custom_interfaces/srv/SetCap.json\n'}
[0.506198] (custom_interfaces) StdoutLine: {'line': b'-- Up-to-date: /home/buenr/CS488/install/custom_interfaces/share/custom_interfaces/action/RobotGoal.json\n'}
[0.506323] (custom_interfaces) StdoutLine: {'line': b'-- Up-to-date: /home/buenr/CS488/install/custom_interfaces/include/custom_interfaces/custom_interfaces\n'}
[0.506442] (custom_interfaces) StdoutLine: {'line': b'-- Up-to-date: /home/buenr/CS488/install/custom_interfaces/include/custom_interfaces/custom_interfaces/srv\n'}
[0.506582] (custom_interfaces) StdoutLine: {'line': b'-- Up-to-date: /home/buenr/CS488/install/custom_interfaces/include/custom_interfaces/custom_interfaces/srv/detail\n'}
[0.506748] (custom_interfaces) StdoutLine: {'line': b'-- Up-to-date: /home/buenr/CS488/install/custom_interfaces/include/custom_interfaces/custom_interfaces/srv/detail/set_cap__type_support.h\n'}
[0.506897] (custom_interfaces) StdoutLine: {'line': b'-- Up-to-date: /home/buenr/CS488/install/custom_interfaces/include/custom_interfaces/custom_interfaces/srv/detail/set_cap__description.c\n'}
[0.507024] (custom_interfaces) StdoutLine: {'line': b'-- Up-to-date: /home/buenr/CS488/install/custom_interfaces/include/custom_interfaces/custom_interfaces/srv/detail/set_cap__type_support.c\n'}
[0.507176] (custom_interfaces) StdoutLine: {'line': b'-- Up-to-date: /home/buenr/CS488/install/custom_interfaces/include/custom_interfaces/custom_interfaces/srv/detail/set_cap__functions.c\n'}
[0.507321] (custom_interfaces) StdoutLine: {'line': b'-- Up-to-date: /home/buenr/CS488/install/custom_interfaces/include/custom_interfaces/custom_interfaces/srv/detail/set_cap__functions.h\n'}
[0.507465] (custom_interfaces) StdoutLine: {'line': b'-- Up-to-date: /home/buenr/CS488/install/custom_interfaces/include/custom_interfaces/custom_interfaces/srv/detail/set_cap__struct.h\n'}
[0.507589] (custom_interfaces) StdoutLine: {'line': b'-- Up-to-date: /home/buenr/CS488/install/custom_interfaces/include/custom_interfaces/custom_interfaces/srv/set_cap.h\n'}
[0.507745] (custom_interfaces) StdoutLine: {'line': b'-- Up-to-date: /home/buenr/CS488/install/custom_interfaces/include/custom_interfaces/custom_interfaces/action\n'}
[0.507884] (custom_interfaces) StdoutLine: {'line': b'-- Up-to-date: /home/buenr/CS488/install/custom_interfaces/include/custom_interfaces/custom_interfaces/action/detail\n'}
[0.508030] (custom_interfaces) StdoutLine: {'line': b'-- Up-to-date: /home/buenr/CS488/install/custom_interfaces/include/custom_interfaces/custom_interfaces/action/detail/robot_goal__struct.h\n'}
[0.508147] (custom_interfaces) StdoutLine: {'line': b'-- Up-to-date: /home/buenr/CS488/install/custom_interfaces/include/custom_interfaces/custom_interfaces/action/detail/robot_goal__functions.c\n'}
[0.508260] (custom_interfaces) StdoutLine: {'line': b'-- Up-to-date: /home/buenr/CS488/install/custom_interfaces/include/custom_interfaces/custom_interfaces/action/detail/robot_goal__description.c\n'}
[0.508376] (custom_interfaces) StdoutLine: {'line': b'-- Up-to-date: /home/buenr/CS488/install/custom_interfaces/include/custom_interfaces/custom_interfaces/action/detail/robot_goal__functions.h\n'}
[0.508464] (custom_interfaces) StdoutLine: {'line': b'-- Up-to-date: /home/buenr/CS488/install/custom_interfaces/include/custom_interfaces/custom_interfaces/action/detail/robot_goal__type_support.h\n'}
[0.508545] (custom_interfaces) StdoutLine: {'line': b'-- Up-to-date: /home/buenr/CS488/install/custom_interfaces/include/custom_interfaces/custom_interfaces/action/detail/robot_goal__type_support.c\n'}
[0.508631] (custom_interfaces) StdoutLine: {'line': b'-- Up-to-date: /home/buenr/CS488/install/custom_interfaces/include/custom_interfaces/custom_interfaces/action/robot_goal.h\n'}
[0.508722] (custom_interfaces) StdoutLine: {'line': b'-- Up-to-date: /home/buenr/CS488/install/custom_interfaces/include/custom_interfaces/custom_interfaces/msg\n'}
[0.508821] (custom_interfaces) StdoutLine: {'line': b'-- Up-to-date: /home/buenr/CS488/install/custom_interfaces/include/custom_interfaces/custom_interfaces/msg/rosidl_generator_c__visibility_control.h\n'}
[0.508933] (custom_interfaces) StdoutLine: {'line': b'-- Up-to-date: /home/buenr/CS488/install/custom_interfaces/share/custom_interfaces/environment/library_path.sh\n'}
[0.509016] (custom_interfaces) StdoutLine: {'line': b'-- Up-to-date: /home/buenr/CS488/install/custom_interfaces/share/custom_interfaces/environment/library_path.dsv\n'}
[0.509098] (custom_interfaces) StdoutLine: {'line': b'-- Up-to-date: /home/buenr/CS488/install/custom_interfaces/lib/libcustom_interfaces__rosidl_generator_c.so\n'}
[0.509202] (custom_interfaces) StdoutLine: {'line': b'-- Up-to-date: /home/buenr/CS488/install/custom_interfaces/include/custom_interfaces/custom_interfaces\n'}
[0.509309] (custom_interfaces) StdoutLine: {'line': b'-- Up-to-date: /home/buenr/CS488/install/custom_interfaces/include/custom_interfaces/custom_interfaces/srv\n'}
[0.509386] (custom_interfaces) StdoutLine: {'line': b'-- Up-to-date: /home/buenr/CS488/install/custom_interfaces/include/custom_interfaces/custom_interfaces/srv/detail\n'}
[0.509482] (custom_interfaces) StdoutLine: {'line': b'-- Up-to-date: /home/buenr/CS488/install/custom_interfaces/include/custom_interfaces/custom_interfaces/srv/detail/set_cap__rosidl_typesupport_fastrtps_c.h\n'}
[0.509613] (custom_interfaces) StdoutLine: {'line': b'-- Up-to-date: /home/buenr/CS488/install/custom_interfaces/include/custom_interfaces/custom_interfaces/action\n'}
[0.509742] (custom_interfaces) StdoutLine: {'line': b'-- Up-to-date: /home/buenr/CS488/install/custom_interfaces/include/custom_interfaces/custom_interfaces/action/detail\n'}
[0.509829] (custom_interfaces) StdoutLine: {'line': b'-- Up-to-date: /home/buenr/CS488/install/custom_interfaces/include/custom_interfaces/custom_interfaces/action/detail/robot_goal__rosidl_typesupport_fastrtps_c.h\n'}
[0.509905] (custom_interfaces) StdoutLine: {'line': b'-- Up-to-date: /home/buenr/CS488/install/custom_interfaces/include/custom_interfaces/custom_interfaces/msg\n'}
[0.509982] (custom_interfaces) StdoutLine: {'line': b'-- Up-to-date: /home/buenr/CS488/install/custom_interfaces/include/custom_interfaces/custom_interfaces/msg/rosidl_typesupport_fastrtps_c__visibility_control.h\n'}
[0.510063] (custom_interfaces) StdoutLine: {'line': b'-- Up-to-date: /home/buenr/CS488/install/custom_interfaces/lib/libcustom_interfaces__rosidl_typesupport_fastrtps_c.so\n'}
[0.510180] (custom_interfaces) StdoutLine: {'line': b'-- Up-to-date: /home/buenr/CS488/install/custom_interfaces/include/custom_interfaces/custom_interfaces\n'}
[0.510292] (custom_interfaces) StdoutLine: {'line': b'-- Up-to-date: /home/buenr/CS488/install/custom_interfaces/include/custom_interfaces/custom_interfaces/srv\n'}
[0.510407] (custom_interfaces) StdoutLine: {'line': b'-- Up-to-date: /home/buenr/CS488/install/custom_interfaces/include/custom_interfaces/custom_interfaces/srv/detail\n'}
[0.510521] (custom_interfaces) StdoutLine: {'line': b'-- Up-to-date: /home/buenr/CS488/install/custom_interfaces/include/custom_interfaces/custom_interfaces/srv/detail/set_cap__type_support.c\n'}
[0.510612] (custom_interfaces) StdoutLine: {'line': b'-- Up-to-date: /home/buenr/CS488/install/custom_interfaces/include/custom_interfaces/custom_interfaces/srv/detail/set_cap__rosidl_typesupport_introspection_c.h\n'}
[0.510714] (custom_interfaces) StdoutLine: {'line': b'-- Up-to-date: /home/buenr/CS488/install/custom_interfaces/include/custom_interfaces/custom_interfaces/action\n'}
[0.510814] (custom_interfaces) StdoutLine: {'line': b'-- Up-to-date: /home/buenr/CS488/install/custom_interfaces/include/custom_interfaces/custom_interfaces/action/detail\n'}
[0.510928] (custom_interfaces) StdoutLine: {'line': b'-- Up-to-date: /home/buenr/CS488/install/custom_interfaces/include/custom_interfaces/custom_interfaces/action/detail/robot_goal__rosidl_typesupport_introspection_c.h\n'}
[0.511020] (custom_interfaces) StdoutLine: {'line': b'-- Up-to-date: /home/buenr/CS488/install/custom_interfaces/include/custom_interfaces/custom_interfaces/action/detail/robot_goal__type_support.c\n'}
[0.511123] (custom_interfaces) StdoutLine: {'line': b'-- Up-to-date: /home/buenr/CS488/install/custom_interfaces/include/custom_interfaces/custom_interfaces/msg\n'}
[0.511230] (custom_interfaces) StdoutLine: {'line': b'-- Up-to-date: /home/buenr/CS488/install/custom_interfaces/include/custom_interfaces/custom_interfaces/msg/rosidl_typesupport_introspection_c__visibility_control.h\n'}
[0.511300] (custom_interfaces) StdoutLine: {'line': b'-- Up-to-date: /home/buenr/CS488/install/custom_interfaces/lib/libcustom_interfaces__rosidl_typesupport_introspection_c.so\n'}
[0.511404] (custom_interfaces) StdoutLine: {'line': b'-- Up-to-date: /home/buenr/CS488/install/custom_interfaces/lib/libcustom_interfaces__rosidl_typesupport_c.so\n'}
[0.511514] (custom_interfaces) StdoutLine: {'line': b'-- Up-to-date: /home/buenr/CS488/install/custom_interfaces/include/custom_interfaces/custom_interfaces\n'}
[0.511620] (custom_interfaces) StdoutLine: {'line': b'-- Up-to-date: /home/buenr/CS488/install/custom_interfaces/include/custom_interfaces/custom_interfaces/srv\n'}
[0.511738] (custom_interfaces) StdoutLine: {'line': b'-- Up-to-date: /home/buenr/CS488/install/custom_interfaces/include/custom_interfaces/custom_interfaces/srv/detail\n'}
[0.511851] (custom_interfaces) StdoutLine: {'line': b'-- Up-to-date: /home/buenr/CS488/install/custom_interfaces/include/custom_interfaces/custom_interfaces/srv/detail/set_cap__traits.hpp\n'}
[0.511953] (custom_interfaces) StdoutLine: {'line': b'-- Up-to-date: /home/buenr/CS488/install/custom_interfaces/include/custom_interfaces/custom_interfaces/srv/detail/set_cap__struct.hpp\n'}
[0.512068] (custom_interfaces) StdoutLine: {'line': b'-- Up-to-date: /home/buenr/CS488/install/custom_interfaces/include/custom_interfaces/custom_interfaces/srv/detail/set_cap__builder.hpp\n'}
[0.512193] (custom_interfaces) StdoutLine: {'line': b'-- Up-to-date: /home/buenr/CS488/install/custom_interfaces/include/custom_interfaces/custom_interfaces/srv/detail/set_cap__type_support.hpp\n'}
[0.512314] (custom_interfaces) StdoutLine: {'line': b'-- Up-to-date: /home/buenr/CS488/install/custom_interfaces/include/custom_interfaces/custom_interfaces/srv/set_cap.hpp\n'}
[0.512420] (custom_interfaces) StdoutLine: {'line': b'-- Up-to-date: /home/buenr/CS488/install/custom_interfaces/include/custom_interfaces/custom_interfaces/action\n'}
[0.512522] (custom_interfaces) StdoutLine: {'line': b'-- Up-to-date: /home/buenr/CS488/install/custom_interfaces/include/custom_interfaces/custom_interfaces/action/detail\n'}
[0.512623] (custom_interfaces) StdoutLine: {'line': b'-- Up-to-date: /home/buenr/CS488/install/custom_interfaces/include/custom_interfaces/custom_interfaces/action/detail/robot_goal__struct.hpp\n'}
[0.512729] (custom_interfaces) StdoutLine: {'line': b'-- Up-to-date: /home/buenr/CS488/install/custom_interfaces/include/custom_interfaces/custom_interfaces/action/detail/robot_goal__type_support.hpp\n'}
[0.512850] (custom_interfaces) StdoutLine: {'line': b'-- Up-to-date: /home/buenr/CS488/install/custom_interfaces/include/custom_interfaces/custom_interfaces/action/detail/robot_goal__traits.hpp\n'}
[0.512973] (custom_interfaces) StdoutLine: {'line': b'-- Up-to-date: /home/buenr/CS488/install/custom_interfaces/include/custom_interfaces/custom_interfaces/action/detail/robot_goal__builder.hpp\n'}
[0.513114] (custom_interfaces) StdoutLine: {'line': b'-- Up-to-date: /home/buenr/CS488/install/custom_interfaces/include/custom_interfaces/custom_interfaces/action/robot_goal.hpp\n'}
[0.513226] (custom_interfaces) StdoutLine: {'line': b'-- Up-to-date: /home/buenr/CS488/install/custom_interfaces/include/custom_interfaces/custom_interfaces/msg\n'}
[0.513304] (custom_interfaces) StdoutLine: {'line': b'-- Up-to-date: /home/buenr/CS488/install/custom_interfaces/include/custom_interfaces/custom_interfaces/msg/rosidl_generator_cpp__visibility_control.hpp\n'}
[0.513382] (custom_interfaces) StdoutLine: {'line': b'-- Up-to-date: /home/buenr/CS488/install/custom_interfaces/include/custom_interfaces/custom_interfaces\n'}
[0.513459] (custom_interfaces) StdoutLine: {'line': b'-- Up-to-date: /home/buenr/CS488/install/custom_interfaces/include/custom_interfaces/custom_interfaces/srv\n'}
[0.513574] (custom_interfaces) StdoutLine: {'line': b'-- Up-to-date: /home/buenr/CS488/install/custom_interfaces/include/custom_interfaces/custom_interfaces/srv/detail\n'}
[0.513670] (custom_interfaces) StdoutLine: {'line': b'-- Up-to-date: /home/buenr/CS488/install/custom_interfaces/include/custom_interfaces/custom_interfaces/srv/detail/set_cap__rosidl_typesupport_fastrtps_cpp.hpp\n'}
[0.513792] (custom_interfaces) StdoutLine: {'line': b'-- Up-to-date: /home/buenr/CS488/install/custom_interfaces/include/custom_interfaces/custom_interfaces/srv/detail/dds_fastrtps\n'}
[0.513908] (custom_interfaces) StdoutLine: {'line': b'-- Up-to-date: /home/buenr/CS488/install/custom_interfaces/include/custom_interfaces/custom_interfaces/action\n'}
[0.514012] (custom_interfaces) StdoutLine: {'line': b'-- Up-to-date: /home/buenr/CS488/install/custom_interfaces/include/custom_interfaces/custom_interfaces/action/detail\n'}
[0.514114] (custom_interfaces) StdoutLine: {'line': b'-- Up-to-date: /home/buenr/CS488/install/custom_interfaces/include/custom_interfaces/custom_interfaces/action/detail/robot_goal__rosidl_typesupport_fastrtps_cpp.hpp\n'}
[0.514224] (custom_interfaces) StdoutLine: {'line': b'-- Up-to-date: /home/buenr/CS488/install/custom_interfaces/include/custom_interfaces/custom_interfaces/action/detail/dds_fastrtps\n'}
[0.514339] (custom_interfaces) StdoutLine: {'line': b'-- Up-to-date: /home/buenr/CS488/install/custom_interfaces/include/custom_interfaces/custom_interfaces/msg\n'}
[0.514449] (custom_interfaces) StdoutLine: {'line': b'-- Up-to-date: /home/buenr/CS488/install/custom_interfaces/include/custom_interfaces/custom_interfaces/msg/rosidl_typesupport_fastrtps_cpp__visibility_control.h\n'}
[0.514544] (custom_interfaces) StdoutLine: {'line': b'-- Up-to-date: /home/buenr/CS488/install/custom_interfaces/lib/libcustom_interfaces__rosidl_typesupport_fastrtps_cpp.so\n'}
[0.514658] (custom_interfaces) StdoutLine: {'line': b'-- Up-to-date: /home/buenr/CS488/install/custom_interfaces/include/custom_interfaces/custom_interfaces\n'}
[0.514773] (custom_interfaces) StdoutLine: {'line': b'-- Up-to-date: /home/buenr/CS488/install/custom_interfaces/include/custom_interfaces/custom_interfaces/srv\n'}
[0.514943] (custom_interfaces) StdoutLine: {'line': b'-- Up-to-date: /home/buenr/CS488/install/custom_interfaces/include/custom_interfaces/custom_interfaces/srv/detail\n'}
[0.515101] (custom_interfaces) StdoutLine: {'line': b'-- Up-to-date: /home/buenr/CS488/install/custom_interfaces/include/custom_interfaces/custom_interfaces/srv/detail/set_cap__rosidl_typesupport_introspection_cpp.hpp\n'}
[0.515221] (custom_interfaces) StdoutLine: {'line': b'-- Up-to-date: /home/buenr/CS488/install/custom_interfaces/include/custom_interfaces/custom_interfaces/srv/detail/set_cap__type_support.cpp\n'}
[0.515324] (custom_interfaces) StdoutLine: {'line': b'-- Up-to-date: /home/buenr/CS488/install/custom_interfaces/include/custom_interfaces/custom_interfaces/action\n'}
[0.515441] (custom_interfaces) StdoutLine: {'line': b'-- Up-to-date: /home/buenr/CS488/install/custom_interfaces/include/custom_interfaces/custom_interfaces/action/detail\n'}
[0.515531] (custom_interfaces) StdoutLine: {'line': b'-- Up-to-date: /home/buenr/CS488/install/custom_interfaces/include/custom_interfaces/custom_interfaces/action/detail/robot_goal__rosidl_typesupport_introspection_cpp.hpp\n'}
[0.515622] (custom_interfaces) StdoutLine: {'line': b'-- Up-to-date: /home/buenr/CS488/install/custom_interfaces/include/custom_interfaces/custom_interfaces/action/detail/robot_goal__type_support.cpp\n'}
[0.515733] (custom_interfaces) StdoutLine: {'line': b'-- Up-to-date: /home/buenr/CS488/install/custom_interfaces/lib/libcustom_interfaces__rosidl_typesupport_introspection_cpp.so\n'}
[0.515847] (custom_interfaces) StdoutLine: {'line': b'-- Up-to-date: /home/buenr/CS488/install/custom_interfaces/lib/libcustom_interfaces__rosidl_typesupport_cpp.so\n'}
[0.515939] (custom_interfaces) StdoutLine: {'line': b'-- Up-to-date: /home/buenr/CS488/install/custom_interfaces/share/custom_interfaces/environment/pythonpath.sh\n'}
[0.516012] (custom_interfaces) StdoutLine: {'line': b'-- Up-to-date: /home/buenr/CS488/install/custom_interfaces/share/custom_interfaces/environment/pythonpath.dsv\n'}
[0.516085] (custom_interfaces) StdoutLine: {'line': b'-- Up-to-date: /home/buenr/CS488/install/custom_interfaces/lib/python3.12/site-packages/custom_interfaces-0.0.0-py3.12.egg-info\n'}
[0.516159] (custom_interfaces) StdoutLine: {'line': b'-- Installing: /home/buenr/CS488/install/custom_interfaces/lib/python3.12/site-packages/custom_interfaces-0.0.0-py3.12.egg-info/SOURCES.txt\n'}
[0.516227] (custom_interfaces) StdoutLine: {'line': b'-- Installing: /home/buenr/CS488/install/custom_interfaces/lib/python3.12/site-packages/custom_interfaces-0.0.0-py3.12.egg-info/dependency_links.txt\n'}
[0.516303] (custom_interfaces) StdoutLine: {'line': b'-- Installing: /home/buenr/CS488/install/custom_interfaces/lib/python3.12/site-packages/custom_interfaces-0.0.0-py3.12.egg-info/PKG-INFO\n'}
[0.516373] (custom_interfaces) StdoutLine: {'line': b'-- Installing: /home/buenr/CS488/install/custom_interfaces/lib/python3.12/site-packages/custom_interfaces-0.0.0-py3.12.egg-info/top_level.txt\n'}
[0.516451] (custom_interfaces) StdoutLine: {'line': b'-- Up-to-date: /home/buenr/CS488/install/custom_interfaces/lib/python3.12/site-packages/custom_interfaces\n'}
[0.516522] (custom_interfaces) StdoutLine: {'line': b'-- Up-to-date: /home/buenr/CS488/install/custom_interfaces/lib/python3.12/site-packages/custom_interfaces/custom_interfaces_s__rosidl_typesupport_c.so\n'}
[0.516595] (custom_interfaces) StdoutLine: {'line': b'-- Up-to-date: /home/buenr/CS488/install/custom_interfaces/lib/python3.12/site-packages/custom_interfaces/custom_interfaces_s__rosidl_typesupport_fastrtps_c.so\n'}
[0.516668] (custom_interfaces) StdoutLine: {'line': b'-- Up-to-date: /home/buenr/CS488/install/custom_interfaces/lib/python3.12/site-packages/custom_interfaces/__init__.py\n'}
[0.516761] (custom_interfaces) StdoutLine: {'line': b'-- Up-to-date: /home/buenr/CS488/install/custom_interfaces/lib/python3.12/site-packages/custom_interfaces/custom_interfaces_s__rosidl_typesupport_introspection_c.so\n'}
[0.516843] (custom_interfaces) StdoutLine: {'line': b'-- Up-to-date: /home/buenr/CS488/install/custom_interfaces/lib/python3.12/site-packages/custom_interfaces/srv\n'}
[0.516915] (custom_interfaces) StdoutLine: {'line': b'-- Up-to-date: /home/buenr/CS488/install/custom_interfaces/lib/python3.12/site-packages/custom_interfaces/srv/_set_cap.py\n'}
[0.516989] (custom_interfaces) StdoutLine: {'line': b'-- Up-to-date: /home/buenr/CS488/install/custom_interfaces/lib/python3.12/site-packages/custom_interfaces/srv/__init__.py\n'}
[0.517063] (custom_interfaces) StdoutLine: {'line': b'-- Up-to-date: /home/buenr/CS488/install/custom_interfaces/lib/python3.12/site-packages/custom_interfaces/srv/_set_cap_s.c\n'}
[0.517139] (custom_interfaces) StdoutLine: {'line': b'-- Up-to-date: /home/buenr/CS488/install/custom_interfaces/lib/python3.12/site-packages/custom_interfaces/_custom_interfaces_s.ep.rosidl_typesupport_introspection_c.c\n'}
[0.517209] (custom_interfaces) StdoutLine: {'line': b'-- Up-to-date: /home/buenr/CS488/install/custom_interfaces/lib/python3.12/site-packages/custom_interfaces/action\n'}
[0.517285] (custom_interfaces) StdoutLine: {'line': b'-- Up-to-date: /home/buenr/CS488/install/custom_interfaces/lib/python3.12/site-packages/custom_interfaces/action/_robot_goal.py\n'}
[0.517358] (custom_interfaces) StdoutLine: {'line': b'-- Up-to-date: /home/buenr/CS488/install/custom_interfaces/lib/python3.12/site-packages/custom_interfaces/action/__init__.py\n'}
[0.517439] (custom_interfaces) StdoutLine: {'line': b'-- Up-to-date: /home/buenr/CS488/install/custom_interfaces/lib/python3.12/site-packages/custom_interfaces/action/_robot_goal_s.c\n'}
[0.517514] (custom_interfaces) StdoutLine: {'line': b'-- Up-to-date: /home/buenr/CS488/install/custom_interfaces/lib/python3.12/site-packages/custom_interfaces/_custom_interfaces_s.ep.rosidl_typesupport_fastrtps_c.c\n'}
[0.517591] (custom_interfaces) StdoutLine: {'line': b'-- Up-to-date: /home/buenr/CS488/install/custom_interfaces/lib/python3.12/site-packages/custom_interfaces/_custom_interfaces_s.ep.rosidl_typesupport_c.c\n'}
[0.545690] (custom_interfaces) StdoutLine: {'line': b"Listing '/home/buenr/CS488/install/custom_interfaces/lib/python3.12/site-packages/custom_interfaces'...\n"}
[0.545855] (custom_interfaces) StdoutLine: {'line': b"Listing '/home/buenr/CS488/install/custom_interfaces/lib/python3.12/site-packages/custom_interfaces/action'...\n"}
[0.545949] (custom_interfaces) StdoutLine: {'line': b"Listing '/home/buenr/CS488/install/custom_interfaces/lib/python3.12/site-packages/custom_interfaces/srv'...\n"}
[0.550172] (custom_interfaces) StdoutLine: {'line': b'-- Up-to-date: /home/buenr/CS488/install/custom_interfaces/lib/python3.12/site-packages/custom_interfaces/custom_interfaces_s__rosidl_typesupport_fastrtps_c.so\n'}
[0.550427] (custom_interfaces) StdoutLine: {'line': b'-- Up-to-date: /home/buenr/CS488/install/custom_interfaces/lib/python3.12/site-packages/custom_interfaces/custom_interfaces_s__rosidl_typesupport_introspection_c.so\n'}
[0.550760] (custom_interfaces) StdoutLine: {'line': b'-- Up-to-date: /home/buenr/CS488/install/custom_interfaces/lib/python3.12/site-packages/custom_interfaces/custom_interfaces_s__rosidl_typesupport_c.so\n'}
[0.551009] (custom_interfaces) StdoutLine: {'line': b'-- Up-to-date: /home/buenr/CS488/install/custom_interfaces/lib/libcustom_interfaces__rosidl_generator_py.so\n'}
[0.551223] (custom_interfaces) StdoutLine: {'line': b'-- Up-to-date: /home/buenr/CS488/install/custom_interfaces/share/custom_interfaces/srv/SetCap.idl\n'}
[0.551388] (custom_interfaces) StdoutLine: {'line': b'-- Up-to-date: /home/buenr/CS488/install/custom_interfaces/share/custom_interfaces/action/RobotGoal.idl\n'}
[0.551521] (custom_interfaces) StdoutLine: {'line': b'-- Up-to-date: /home/buenr/CS488/install/custom_interfaces/share/custom_interfaces/srv/SetCap.srv\n'}
[0.551626] (custom_interfaces) StdoutLine: {'line': b'-- Up-to-date: /home/buenr/CS488/install/custom_interfaces/share/custom_interfaces/action/RobotGoal.action\n'}
[0.551731] (custom_interfaces) StdoutLine: {'line': b'-- Up-to-date: /home/buenr/CS488/install/custom_interfaces/share/ament_index/resource_index/package_run_dependencies/custom_interfaces\n'}
[0.551823] (custom_interfaces) StdoutLine: {'line': b'-- Up-to-date: /home/buenr/CS488/install/custom_interfaces/share/ament_index/resource_index/parent_prefix_path/custom_interfaces\n'}
[0.551898] (custom_interfaces) StdoutLine: {'line': b'-- Up-to-date: /home/buenr/CS488/install/custom_interfaces/share/custom_interfaces/environment/ament_prefix_path.sh\n'}
[0.551978] (custom_interfaces) StdoutLine: {'line': b'-- Up-to-date: /home/buenr/CS488/install/custom_interfaces/share/custom_interfaces/environment/ament_prefix_path.dsv\n'}
[0.552072] (custom_interfaces) StdoutLine: {'line': b'-- Up-to-date: /home/buenr/CS488/install/custom_interfaces/share/custom_interfaces/environment/path.sh\n'}
[0.552147] (custom_interfaces) StdoutLine: {'line': b'-- Up-to-date: /home/buenr/CS488/install/custom_interfaces/share/custom_interfaces/environment/path.dsv\n'}
[0.552235] (custom_interfaces) StdoutLine: {'line': b'-- Up-to-date: /home/buenr/CS488/install/custom_interfaces/share/custom_interfaces/local_setup.bash\n'}
[0.552324] (custom_interfaces) StdoutLine: {'line': b'-- Up-to-date: /home/buenr/CS488/install/custom_interfaces/share/custom_interfaces/local_setup.sh\n'}
[0.552417] (custom_interfaces) StdoutLine: {'line': b'-- Up-to-date: /home/buenr/CS488/install/custom_interfaces/share/custom_interfaces/local_setup.zsh\n'}
[0.552502] (custom_interfaces) StdoutLine: {'line': b'-- Up-to-date: /home/buenr/CS488/install/custom_interfaces/share/custom_interfaces/local_setup.dsv\n'}
[0.552578] (custom_interfaces) StdoutLine: {'line': b'-- Installing: /home/buenr/CS488/install/custom_interfaces/share/custom_interfaces/package.dsv\n'}
[0.552689] (custom_interfaces) StdoutLine: {'line': b'-- Up-to-date: /home/buenr/CS488/install/custom_interfaces/share/ament_index/resource_index/packages/custom_interfaces\n'}
[0.552784] (custom_interfaces) StdoutLine: {'line': b'-- Up-to-date: /home/buenr/CS488/install/custom_interfaces/share/custom_interfaces/cmake/export_custom_interfaces__rosidl_generator_cExport.cmake\n'}
[0.552876] (custom_interfaces) StdoutLine: {'line': b'-- Up-to-date: /home/buenr/CS488/install/custom_interfaces/share/custom_interfaces/cmake/export_custom_interfaces__rosidl_generator_cExport-noconfig.cmake\n'}
[0.552972] (custom_interfaces) StdoutLine: {'line': b'-- Up-to-date: /home/buenr/CS488/install/custom_interfaces/share/custom_interfaces/cmake/export_custom_interfaces__rosidl_typesupport_fastrtps_cExport.cmake\n'}
[0.553049] (custom_interfaces) StdoutLine: {'line': b'-- Up-to-date: /home/buenr/CS488/install/custom_interfaces/share/custom_interfaces/cmake/export_custom_interfaces__rosidl_typesupport_fastrtps_cExport-noconfig.cmake\n'}
[0.553151] (custom_interfaces) StdoutLine: {'line': b'-- Up-to-date: /home/buenr/CS488/install/custom_interfaces/share/custom_interfaces/cmake/custom_interfaces__rosidl_typesupport_introspection_cExport.cmake\n'}
[0.553240] (custom_interfaces) StdoutLine: {'line': b'-- Up-to-date: /home/buenr/CS488/install/custom_interfaces/share/custom_interfaces/cmake/custom_interfaces__rosidl_typesupport_introspection_cExport-noconfig.cmake\n'}
[0.553334] (custom_interfaces) StdoutLine: {'line': b'-- Up-to-date: /home/buenr/CS488/install/custom_interfaces/share/custom_interfaces/cmake/custom_interfaces__rosidl_typesupport_cExport.cmake\n'}
[0.553432] (custom_interfaces) StdoutLine: {'line': b'-- Up-to-date: /home/buenr/CS488/install/custom_interfaces/share/custom_interfaces/cmake/custom_interfaces__rosidl_typesupport_cExport-noconfig.cmake\n'}
[0.553500] (custom_interfaces) StdoutLine: {'line': b'-- Up-to-date: /home/buenr/CS488/install/custom_interfaces/share/custom_interfaces/cmake/export_custom_interfaces__rosidl_generator_cppExport.cmake\n'}
[0.553609] (custom_interfaces) StdoutLine: {'line': b'-- Up-to-date: /home/buenr/CS488/install/custom_interfaces/share/custom_interfaces/cmake/export_custom_interfaces__rosidl_typesupport_fastrtps_cppExport.cmake\n'}
[0.553686] (custom_interfaces) StdoutLine: {'line': b'-- Up-to-date: /home/buenr/CS488/install/custom_interfaces/share/custom_interfaces/cmake/export_custom_interfaces__rosidl_typesupport_fastrtps_cppExport-noconfig.cmake\n'}
[0.553807] (custom_interfaces) StdoutLine: {'line': b'-- Up-to-date: /home/buenr/CS488/install/custom_interfaces/share/custom_interfaces/cmake/custom_interfaces__rosidl_typesupport_introspection_cppExport.cmake\n'}
[0.553926] (custom_interfaces) StdoutLine: {'line': b'-- Up-to-date: /home/buenr/CS488/install/custom_interfaces/share/custom_interfaces/cmake/custom_interfaces__rosidl_typesupport_introspection_cppExport-noconfig.cmake\n'}
[0.554058] (custom_interfaces) StdoutLine: {'line': b'-- Up-to-date: /home/buenr/CS488/install/custom_interfaces/share/custom_interfaces/cmake/custom_interfaces__rosidl_typesupport_cppExport.cmake\n'}
[0.554168] (custom_interfaces) StdoutLine: {'line': b'-- Up-to-date: /home/buenr/CS488/install/custom_interfaces/share/custom_interfaces/cmake/custom_interfaces__rosidl_typesupport_cppExport-noconfig.cmake\n'}
[0.554244] (custom_interfaces) StdoutLine: {'line': b'-- Up-to-date: /home/buenr/CS488/install/custom_interfaces/share/custom_interfaces/cmake/export_custom_interfaces__rosidl_generator_pyExport.cmake\n'}
[0.554322] (custom_interfaces) StdoutLine: {'line': b'-- Up-to-date: /home/buenr/CS488/install/custom_interfaces/share/custom_interfaces/cmake/export_custom_interfaces__rosidl_generator_pyExport-noconfig.cmake\n'}
[0.554417] (custom_interfaces) StdoutLine: {'line': b'-- Up-to-date: /home/buenr/CS488/install/custom_interfaces/share/custom_interfaces/cmake/rosidl_cmake-extras.cmake\n'}
[0.554513] (custom_interfaces) StdoutLine: {'line': b'-- Up-to-date: /home/buenr/CS488/install/custom_interfaces/share/custom_interfaces/cmake/ament_cmake_export_dependencies-extras.cmake\n'}
[0.554587] (custom_interfaces) StdoutLine: {'line': b'-- Up-to-date: /home/buenr/CS488/install/custom_interfaces/share/custom_interfaces/cmake/ament_cmake_export_include_directories-extras.cmake\n'}
[0.554658] (custom_interfaces) StdoutLine: {'line': b'-- Up-to-date: /home/buenr/CS488/install/custom_interfaces/share/custom_interfaces/cmake/ament_cmake_export_libraries-extras.cmake\n'}
[0.554740] (custom_interfaces) StdoutLine: {'line': b'-- Up-to-date: /home/buenr/CS488/install/custom_interfaces/share/custom_interfaces/cmake/ament_cmake_export_targets-extras.cmake\n'}
[0.554817] (custom_interfaces) StdoutLine: {'line': b'-- Up-to-date: /home/buenr/CS488/install/custom_interfaces/share/custom_interfaces/cmake/rosidl_cmake_export_typesupport_targets-extras.cmake\n'}
[0.554899] (custom_interfaces) StdoutLine: {'line': b'-- Up-to-date: /home/buenr/CS488/install/custom_interfaces/share/custom_interfaces/cmake/rosidl_cmake_export_typesupport_libraries-extras.cmake\n'}
[0.554974] (custom_interfaces) StdoutLine: {'line': b'-- Up-to-date: /home/buenr/CS488/install/custom_interfaces/share/custom_interfaces/cmake/custom_interfacesConfig.cmake\n'}
[0.555042] (custom_interfaces) StdoutLine: {'line': b'-- Up-to-date: /home/buenr/CS488/install/custom_interfaces/share/custom_interfaces/cmake/custom_interfacesConfig-version.cmake\n'}
[0.555124] (custom_interfaces) StdoutLine: {'line': b'-- Up-to-date: /home/buenr/CS488/install/custom_interfaces/share/custom_interfaces/package.xml\n'}
[0.555658] (custom_interfaces) CommandEnded: {'returncode': 0}
[0.600445] (-) TimerEvent: {}
[0.623816] (custom_interfaces) JobEnded: {'identifier': 'custom_interfaces', 'rc': 0}
[0.625068] (lab3_pkg) JobStarted: {'identifier': 'lab3_pkg'}
[0.632194] (lab5_pkg) JobStarted: {'identifier': 'lab5_pkg'}
[0.700532] (-) TimerEvent: {}
[0.800738] (-) TimerEvent: {}
[0.900982] (-) TimerEvent: {}
[1.001222] (-) TimerEvent: {}
[1.101461] (-) TimerEvent: {}
[1.191359] (lab1_pkg) Command: {'cmd': ['/usr/bin/python3', '-W', 'ignore:setup.py install is deprecated', '-W', 'ignore:easy_install command is deprecated', 'setup.py', 'egg_info', '--egg-base', '../../build/lab1_pkg', 'build', '--build-base', '/home/buenr/CS488/build/lab1_pkg/build', 'install', '--record', '/home/buenr/CS488/build/lab1_pkg/install.log', '--single-version-externally-managed', 'install_data'], 'cwd': '/home/buenr/CS488/src/lab1_pkg', 'env': {'USER': 'buenr', 'GZ_SIM_RESOURCE_PATH': '/opt/ros/jazzy/share', 'GZ_CONFIG_PATH': '/opt/ros/jazzy/opt/gz_sim_vendor/share/gz:/opt/ros/jazzy/opt/sdformat_vendor/share/gz:/opt/ros/jazzy/opt/gz_gui_vendor/share/gz:/opt/ros/jazzy/opt/gz_transport_vendor/share/gz:/opt/ros/jazzy/opt/gz_rendering_vendor/share/gz:/opt/ros/jazzy/opt/gz_plugin_vendor/share/gz:/opt/ros/jazzy/opt/gz_fuel_tools_vendor/share/gz:/opt/ros/jazzy/opt/gz_msgs_vendor/share/gz:/opt/ros/jazzy/opt/gz_common_vendor/share/gz', 'XDG_SESSION_TYPE': 'wayland', 'CLUTTER_DISABLE_MIPMAPPED_TEXT': '1', 'SHLVL': '1', 'LD_LIBRARY_PATH': '/home/buenr/CS488/install/custom_interfaces/lib:/opt/ros/jazzy/opt/gz_sim_vendor/lib:/opt/ros/jazzy/opt/gz_sensors_vendor/lib:/opt/ros/jazzy/opt/gz_physics_vendor/lib:/opt/ros/jazzy/opt/sdformat_vendor/lib:/opt/ros/jazzy/opt/rviz_ogre_vendor/lib:/opt/ros/jazzy/lib/x86_64-linux-gnu:/opt/ros/jazzy/opt/gz_gui_vendor/lib:/opt/ros/jazzy/opt/gz_transport_vendor/lib:/opt/ros/jazzy/opt/gz_rendering_vendor/lib:/opt/ros/jazzy/opt/gz_plugin_vendor/lib:/opt/ros/jazzy/opt/gz_fuel_tools_vendor/lib:/opt/ros/jazzy/opt/gz_msgs_vendor/lib:/opt/ros/jazzy/opt/gz_common_vendor/lib:/opt/ros/jazzy/opt/gz_math_vendor/lib:/opt/ros/jazzy/opt/gz_utils_vendor/lib:/opt/ros/jazzy/opt/gz_tools_vendor/lib:/opt/ros/jazzy/opt/gz_ogre_next_vendor/lib:/opt/ros/jazzy/opt/gz_dartsim_vendor/lib:/opt/ros/jazzy/opt/gz_cmake_vendor/lib:/opt/ros/jazzy/lib', 'OLDPWD': '/home/buenr', 'HOME': '/home/buenr', 'DESKTOP_SESSION': 'ubuntu', 'GTK_MODULES': 'gail:atk-bridge', 'GNOME_SHELL_SESSION_MODE': 'ubuntu', 'ROS_PYTHON_VERSION': '3', 'SYSTEMD_EXEC_PID': '30152', 'DBUS_SESSION_BUS_ADDRESS': 'unix:path=/run/user/481846386/bus', 'GSM_SKIP_SSH_AGENT_WORKAROUND': 'true', 'COLORTERM': 'truecolor', 'CONDA_CHANGEPS1': 'no', 'WAYLAND_DISPLAY': 'wayland-0', 'ROS_DISTRO': 'jazzy', 'COLCON_PREFIX_PATH': '/home/buenr/CS488/install', 'LOGNAME': 'buenr', '_': '/usr/bin/colcon', 'MEMORY_PRESSURE_WATCH': '/sys/fs/cgroup/user.slice/user-481846386.slice/user@481846386.service/session.slice/org.gnome.Shell@wayland.service/memory.pressure', 'XDG_SESSION_CLASS': 'user', 'ROS_VERSION': '2', 'USERNAME': 'buenr', 'TERM': 'xterm-256color', 'PROMPT_EOL_MARK': '', 'ROS_SUPER_CLIENT': 'True', 'GNOME_DESKTOP_SESSION_ID': 'this-is-deprecated', 'PATH': '/opt/ros/jazzy/opt/gz_msgs_vendor/bin:/opt/ros/jazzy/opt/gz_tools_vendor/bin:/opt/ros/jazzy/opt/gz_ogre_next_vendor/bin:/opt/ros/jazzy/bin:/usr/local/sbin:/usr/local/bin:/usr/sbin:/usr/bin:/sbin:/bin:/usr/games:/usr/local/games:/snap/bin:/snap/bin', 'SESSION_MANAGER': 'local/csci20122:@/tmp/.ICE-unix/30099,unix/csci20122:/tmp/.ICE-unix/30099', 'GNOME_TERMINAL_SCREEN': '/org/gnome/Terminal/screen/1a901996_0f2e_4952_89b1_916fe3d67c76', 'XDG_MENU_PREFIX': 'gnome-', 'GNOME_SETUP_DISPLAY': ':1', 'XDG_RUNTIME_DIR': '/run/user/481846386', 'DISPLAY': ':0', 'XDG_CURRENT_DESKTOP': 'ubuntu:GNOME', 'LANG': 'en_US.UTF-8', 'RMW_IMPLEMENTATION': 'rmw_fastrtps_cpp', 'XDG_SESSION_DESKTOP': 'ubuntu', 'GNOME_TERMINAL_SERVICE': ':1.226', 'XMODIFIERS': '@im=ibus', 'XAUTHORITY': '/run/user/481846386/.mutter-Xwaylandauth.1MMGN3', 'SSH_AUTH_SOCK': '/run/user/481846386/keyring/ssh', 'AMENT_PREFIX_PATH': '/home/buenr/CS488/install/lab_bringup:/home/buenr/CS488/install/lab5_pkg:/home/buenr/CS488/install/lab3_pkg:/home/buenr/CS488/install/lab2_pkg:/home/buenr/CS488/install/lab1_pkg:/home/buenr/CS488/install/custom_interfaces:/opt/ros/jazzy', 'ROS_DOMAIN_ID': '0', 'KRB5CCNAME': 'FILE:/tmp/krb5cc_481846386_s7E0DV', 'SHELL': '/bin/zsh', 'ROS_DISCOVERY_SERVER': '10.5.113.101:11811', 'QT_ACCESSIBILITY': '1', 'GDMSESSION': 'ubuntu', 'QT_IM_MODULE': 'ibus', 'ROS_AUTOMATIC_DISCOVERY_RANGE': 'SUBNET', 'PWD': '/home/buenr/CS488/build/lab1_pkg', 'XDG_DATA_DIRS': '/usr/local/share/:/usr/share/:/var/lib/snapd/desktop', 'VIRTUAL_ENV_DISABLE_PROMPT': '12', 'PYTHONPATH': '/home/buenr/CS488/build/lab1_pkg/prefix_override:/usr/lib/python3/dist-packages/colcon_core/task/python/colcon_distutils_commands:/home/buenr/CS488/install/lab1_pkg/lib/python3.12/site-packages:/home/buenr/CS488/install/lab5_pkg/lib/python3.12/site-packages:/home/buenr/CS488/install/lab3_pkg/lib/python3.12/site-packages:/home/buenr/CS488/install/lab2_pkg/lib/python3.12/site-packages:/home/buenr/CS488/install/lab1_pkg/lib/python3.12/site-packages:/home/buenr/CS488/install/custom_interfaces/lib/python3.12/site-packages:/opt/ros/jazzy/lib/python3.12/site-packages', 'COLCON': '1', 'VTE_VERSION': '7600', 'MEMORY_PRESSURE_WRITE': 'c29tZSAyMDAwMDAgMjAwMDAwMAA=', 'CMAKE_PREFIX_PATH': '/home/buenr/CS488/install/lab_bringup:/home/buenr/CS488/install/custom_interfaces:/opt/ros/jazzy/opt/gz_sim_vendor:/opt/ros/jazzy/opt/gz_sensors_vendor:/opt/ros/jazzy/opt/gz_physics_vendor:/opt/ros/jazzy/opt/sdformat_vendor:/opt/ros/jazzy/opt/gz_gui_vendor:/opt/ros/jazzy/opt/gz_transport_vendor:/opt/ros/jazzy/opt/gz_rendering_vendor:/opt/ros/jazzy/opt/gz_plugin_vendor:/opt/ros/jazzy/opt/gz_fuel_tools_vendor:/opt/ros/jazzy/opt/gz_msgs_vendor:/opt/ros/jazzy/opt/gz_common_vendor:/opt/ros/jazzy/opt/gz_math_vendor:/opt/ros/jazzy/opt/gz_utils_vendor:/opt/ros/jazzy/opt/gz_tools_vendor:/opt/ros/jazzy/opt/gz_ogre_next_vendor:/opt/ros/jazzy/opt/gz_dartsim_vendor:/opt/ros/jazzy/opt/gz_cmake_vendor'}, 'shell': False}
[1.201561] (-) TimerEvent: {}
[1.204260] (lab2_pkg) Command: {'cmd': ['/usr/bin/python3', '-W', 'ignore:setup.py install is deprecated', '-W', 'ignore:easy_install command is deprecated', 'setup.py', 'egg_info', '--egg-base', '../../build/lab2_pkg', 'build', '--build-base', '/home/buenr/CS488/build/lab2_pkg/build', 'install', '--record', '/home/buenr/CS488/build/lab2_pkg/install.log', '--single-version-externally-managed', 'install_data'], 'cwd': '/home/buenr/CS488/src/lab2_pkg', 'env': {'USER': 'buenr', 'GZ_SIM_RESOURCE_PATH': '/opt/ros/jazzy/share', 'GZ_CONFIG_PATH': '/opt/ros/jazzy/opt/gz_sim_vendor/share/gz:/opt/ros/jazzy/opt/sdformat_vendor/share/gz:/opt/ros/jazzy/opt/gz_gui_vendor/share/gz:/opt/ros/jazzy/opt/gz_transport_vendor/share/gz:/opt/ros/jazzy/opt/gz_rendering_vendor/share/gz:/opt/ros/jazzy/opt/gz_plugin_vendor/share/gz:/opt/ros/jazzy/opt/gz_fuel_tools_vendor/share/gz:/opt/ros/jazzy/opt/gz_msgs_vendor/share/gz:/opt/ros/jazzy/opt/gz_common_vendor/share/gz', 'XDG_SESSION_TYPE': 'wayland', 'CLUTTER_DISABLE_MIPMAPPED_TEXT': '1', 'SHLVL': '1', 'LD_LIBRARY_PATH': '/home/buenr/CS488/install/custom_interfaces/lib:/opt/ros/jazzy/opt/gz_sim_vendor/lib:/opt/ros/jazzy/opt/gz_sensors_vendor/lib:/opt/ros/jazzy/opt/gz_physics_vendor/lib:/opt/ros/jazzy/opt/sdformat_vendor/lib:/opt/ros/jazzy/opt/rviz_ogre_vendor/lib:/opt/ros/jazzy/lib/x86_64-linux-gnu:/opt/ros/jazzy/opt/gz_gui_vendor/lib:/opt/ros/jazzy/opt/gz_transport_vendor/lib:/opt/ros/jazzy/opt/gz_rendering_vendor/lib:/opt/ros/jazzy/opt/gz_plugin_vendor/lib:/opt/ros/jazzy/opt/gz_fuel_tools_vendor/lib:/opt/ros/jazzy/opt/gz_msgs_vendor/lib:/opt/ros/jazzy/opt/gz_common_vendor/lib:/opt/ros/jazzy/opt/gz_math_vendor/lib:/opt/ros/jazzy/opt/gz_utils_vendor/lib:/opt/ros/jazzy/opt/gz_tools_vendor/lib:/opt/ros/jazzy/opt/gz_ogre_next_vendor/lib:/opt/ros/jazzy/opt/gz_dartsim_vendor/lib:/opt/ros/jazzy/opt/gz_cmake_vendor/lib:/opt/ros/jazzy/lib', 'OLDPWD': '/home/buenr', 'HOME': '/home/buenr', 'DESKTOP_SESSION': 'ubuntu', 'GTK_MODULES': 'gail:atk-bridge', 'GNOME_SHELL_SESSION_MODE': 'ubuntu', 'ROS_PYTHON_VERSION': '3', 'SYSTEMD_EXEC_PID': '30152', 'DBUS_SESSION_BUS_ADDRESS': 'unix:path=/run/user/481846386/bus', 'GSM_SKIP_SSH_AGENT_WORKAROUND': 'true', 'COLORTERM': 'truecolor', 'CONDA_CHANGEPS1': 'no', 'WAYLAND_DISPLAY': 'wayland-0', 'ROS_DISTRO': 'jazzy', 'COLCON_PREFIX_PATH': '/home/buenr/CS488/install', 'LOGNAME': 'buenr', '_': '/usr/bin/colcon', 'MEMORY_PRESSURE_WATCH': '/sys/fs/cgroup/user.slice/user-481846386.slice/user@481846386.service/session.slice/org.gnome.Shell@wayland.service/memory.pressure', 'XDG_SESSION_CLASS': 'user', 'ROS_VERSION': '2', 'USERNAME': 'buenr', 'TERM': 'xterm-256color', 'PROMPT_EOL_MARK': '', 'ROS_SUPER_CLIENT': 'True', 'GNOME_DESKTOP_SESSION_ID': 'this-is-deprecated', 'PATH': '/opt/ros/jazzy/opt/gz_msgs_vendor/bin:/opt/ros/jazzy/opt/gz_tools_vendor/bin:/opt/ros/jazzy/opt/gz_ogre_next_vendor/bin:/opt/ros/jazzy/bin:/usr/local/sbin:/usr/local/bin:/usr/sbin:/usr/bin:/sbin:/bin:/usr/games:/usr/local/games:/snap/bin:/snap/bin', 'SESSION_MANAGER': 'local/csci20122:@/tmp/.ICE-unix/30099,unix/csci20122:/tmp/.ICE-unix/30099', 'GNOME_TERMINAL_SCREEN': '/org/gnome/Terminal/screen/1a901996_0f2e_4952_89b1_916fe3d67c76', 'XDG_MENU_PREFIX': 'gnome-', 'GNOME_SETUP_DISPLAY': ':1', 'XDG_RUNTIME_DIR': '/run/user/481846386', 'DISPLAY': ':0', 'XDG_CURRENT_DESKTOP': 'ubuntu:GNOME', 'LANG': 'en_US.UTF-8', 'RMW_IMPLEMENTATION': 'rmw_fastrtps_cpp', 'XDG_SESSION_DESKTOP': 'ubuntu', 'GNOME_TERMINAL_SERVICE': ':1.226', 'XMODIFIERS': '@im=ibus', 'XAUTHORITY': '/run/user/481846386/.mutter-Xwaylandauth.1MMGN3', 'SSH_AUTH_SOCK': '/run/user/481846386/keyring/ssh', 'AMENT_PREFIX_PATH': '/home/buenr/CS488/install/lab_bringup:/home/buenr/CS488/install/lab5_pkg:/home/buenr/CS488/install/lab3_pkg:/home/buenr/CS488/install/lab2_pkg:/home/buenr/CS488/install/lab1_pkg:/home/buenr/CS488/install/custom_interfaces:/opt/ros/jazzy', 'ROS_DOMAIN_ID': '0', 'KRB5CCNAME': 'FILE:/tmp/krb5cc_481846386_s7E0DV', 'SHELL': '/bin/zsh', 'ROS_DISCOVERY_SERVER': '10.5.113.101:11811', 'QT_ACCESSIBILITY': '1', 'GDMSESSION': 'ubuntu', 'QT_IM_MODULE': 'ibus', 'ROS_AUTOMATIC_DISCOVERY_RANGE': 'SUBNET', 'PWD': '/home/buenr/CS488/build/lab2_pkg', 'XDG_DATA_DIRS': '/usr/local/share/:/usr/share/:/var/lib/snapd/desktop', 'VIRTUAL_ENV_DISABLE_PROMPT': '12', 'PYTHONPATH': '/home/buenr/CS488/build/lab2_pkg/prefix_override:/usr/lib/python3/dist-packages/colcon_core/task/python/colcon_distutils_commands:/home/buenr/CS488/install/lab2_pkg/lib/python3.12/site-packages:/home/buenr/CS488/install/lab5_pkg/lib/python3.12/site-packages:/home/buenr/CS488/install/lab3_pkg/lib/python3.12/site-packages:/home/buenr/CS488/install/lab2_pkg/lib/python3.12/site-packages:/home/buenr/CS488/install/lab1_pkg/lib/python3.12/site-packages:/home/buenr/CS488/install/custom_interfaces/lib/python3.12/site-packages:/opt/ros/jazzy/lib/python3.12/site-packages', 'COLCON': '1', 'VTE_VERSION': '7600', 'MEMORY_PRESSURE_WRITE': 'c29tZSAyMDAwMDAgMjAwMDAwMAA=', 'CMAKE_PREFIX_PATH': '/home/buenr/CS488/install/lab_bringup:/home/buenr/CS488/install/custom_interfaces:/opt/ros/jazzy/opt/gz_sim_vendor:/opt/ros/jazzy/opt/gz_sensors_vendor:/opt/ros/jazzy/opt/gz_physics_vendor:/opt/ros/jazzy/opt/sdformat_vendor:/opt/ros/jazzy/opt/gz_gui_vendor:/opt/ros/jazzy/opt/gz_transport_vendor:/opt/ros/jazzy/opt/gz_rendering_vendor:/opt/ros/jazzy/opt/gz_plugin_vendor:/opt/ros/jazzy/opt/gz_fuel_tools_vendor:/opt/ros/jazzy/opt/gz_msgs_vendor:/opt/ros/jazzy/opt/gz_common_vendor:/opt/ros/jazzy/opt/gz_math_vendor:/opt/ros/jazzy/opt/gz_utils_vendor:/opt/ros/jazzy/opt/gz_tools_vendor:/opt/ros/jazzy/opt/gz_ogre_next_vendor:/opt/ros/jazzy/opt/gz_dartsim_vendor:/opt/ros/jazzy/opt/gz_cmake_vendor'}, 'shell': False}
[1.301634] (-) TimerEvent: {}
[1.401840] (-) TimerEvent: {}
[1.500949] (lab1_pkg) StdoutLine: {'line': b'running egg_info\n'}
[1.501910] (-) TimerEvent: {}
[1.526616] (lab1_pkg) StdoutLine: {'line': b'writing ../../build/lab1_pkg/lab1_pkg.egg-info/PKG-INFO\n'}
[1.526869] (lab1_pkg) StdoutLine: {'line': b'writing dependency_links to ../../build/lab1_pkg/lab1_pkg.egg-info/dependency_links.txt\n'}
[1.527105] (lab1_pkg) StdoutLine: {'line': b'writing entry points to ../../build/lab1_pkg/lab1_pkg.egg-info/entry_points.txt\n'}
[1.527276] (lab1_pkg) StdoutLine: {'line': b'writing requirements to ../../build/lab1_pkg/lab1_pkg.egg-info/requires.txt\n'}
[1.527460] (lab1_pkg) StdoutLine: {'line': b'writing top-level names to ../../build/lab1_pkg/lab1_pkg.egg-info/top_level.txt\n'}
[1.537054] (lab2_pkg) StdoutLine: {'line': b'running egg_info\n'}
[1.562116] (lab2_pkg) StdoutLine: {'line': b'writing ../../build/lab2_pkg/lab2_pkg.egg-info/PKG-INFO\n'}
[1.562349] (lab2_pkg) StdoutLine: {'line': b'writing dependency_links to ../../build/lab2_pkg/lab2_pkg.egg-info/dependency_links.txt\n'}
[1.562539] (lab2_pkg) StdoutLine: {'line': b'writing entry points to ../../build/lab2_pkg/lab2_pkg.egg-info/entry_points.txt\n'}
[1.562710] (lab2_pkg) StdoutLine: {'line': b'writing requirements to ../../build/lab2_pkg/lab2_pkg.egg-info/requires.txt\n'}
[1.562860] (lab2_pkg) StdoutLine: {'line': b'writing top-level names to ../../build/lab2_pkg/lab2_pkg.egg-info/top_level.txt\n'}
[1.578896] (lab1_pkg) StdoutLine: {'line': b"reading manifest file '../../build/lab1_pkg/lab1_pkg.egg-info/SOURCES.txt'\n"}
[1.579462] (lab1_pkg) StdoutLine: {'line': b"writing manifest file '../../build/lab1_pkg/lab1_pkg.egg-info/SOURCES.txt'\n"}
[1.579619] (lab1_pkg) StdoutLine: {'line': b'running build\n'}
[1.579737] (lab1_pkg) StdoutLine: {'line': b'running build_py\n'}
[1.579916] (lab1_pkg) StdoutLine: {'line': b'running install\n'}
[1.585051] (lab1_pkg) StdoutLine: {'line': b'running install_lib\n'}
[1.588595] (lab2_pkg) StdoutLine: {'line': b"reading manifest file '../../build/lab2_pkg/lab2_pkg.egg-info/SOURCES.txt'\n"}
[1.589214] (lab2_pkg) StdoutLine: {'line': b"writing manifest file '../../build/lab2_pkg/lab2_pkg.egg-info/SOURCES.txt'\n"}
[1.589372] (lab2_pkg) StdoutLine: {'line': b'running build\n'}
[1.589486] (lab2_pkg) StdoutLine: {'line': b'running install\n'}
[1.594675] (lab2_pkg) StdoutLine: {'line': b'running install_data\n'}
[1.594842] (lab2_pkg) StdoutLine: {'line': b'running install_egg_info\n'}
[1.601972] (-) TimerEvent: {}
[1.611098] (lab1_pkg) StdoutLine: {'line': b'running install_data\n'}
[1.611245] (lab1_pkg) StdoutLine: {'line': b'running install_egg_info\n'}
[1.637229] (lab1_pkg) StdoutLine: {'line': b"removing '/home/buenr/CS488/install/lab1_pkg/lib/python3.12/site-packages/lab1_pkg-0.0.0-py3.12.egg-info' (and everything under it)\n"}
[1.637466] (lab1_pkg) StdoutLine: {'line': b'Copying ../../build/lab1_pkg/lab1_pkg.egg-info to /home/buenr/CS488/install/lab1_pkg/lib/python3.12/site-packages/lab1_pkg-0.0.0-py3.12.egg-info\n'}
[1.640112] (lab1_pkg) StdoutLine: {'line': b'running install_scripts\n'}
[1.652240] (lab2_pkg) StdoutLine: {'line': b"removing '/home/buenr/CS488/install/lab2_pkg/lib/python3.12/site-packages/lab2_pkg-0.0.0-py3.12.egg-info' (and everything under it)\n"}
[1.652472] (lab2_pkg) StdoutLine: {'line': b'Copying ../../build/lab2_pkg/lab2_pkg.egg-info to /home/buenr/CS488/install/lab2_pkg/lib/python3.12/site-packages/lab2_pkg-0.0.0-py3.12.egg-info\n'}
[1.655271] (lab2_pkg) StdoutLine: {'line': b'running install_scripts\n'}
[1.702053] (-) TimerEvent: {}
[1.800181] (lab3_pkg) Command: {'cmd': ['/usr/bin/python3', '-W', 'ignore:setup.py install is deprecated', '-W', 'ignore:easy_install command is deprecated', 'setup.py', 'egg_info', '--egg-base', '../../build/lab3_pkg', 'build', '--build-base', '/home/buenr/CS488/build/lab3_pkg/build', 'install', '--record', '/home/buenr/CS488/build/lab3_pkg/install.log', '--single-version-externally-managed', 'install_data'], 'cwd': '/home/buenr/CS488/src/lab3_pkg', 'env': {'USER': 'buenr', 'GZ_SIM_RESOURCE_PATH': '/opt/ros/jazzy/share', 'GZ_CONFIG_PATH': '/opt/ros/jazzy/opt/gz_sim_vendor/share/gz:/opt/ros/jazzy/opt/sdformat_vendor/share/gz:/opt/ros/jazzy/opt/gz_gui_vendor/share/gz:/opt/ros/jazzy/opt/gz_transport_vendor/share/gz:/opt/ros/jazzy/opt/gz_rendering_vendor/share/gz:/opt/ros/jazzy/opt/gz_plugin_vendor/share/gz:/opt/ros/jazzy/opt/gz_fuel_tools_vendor/share/gz:/opt/ros/jazzy/opt/gz_msgs_vendor/share/gz:/opt/ros/jazzy/opt/gz_common_vendor/share/gz', 'XDG_SESSION_TYPE': 'wayland', 'CLUTTER_DISABLE_MIPMAPPED_TEXT': '1', 'SHLVL': '1', 'LD_LIBRARY_PATH': '/home/buenr/CS488/install/custom_interfaces/lib:/opt/ros/jazzy/opt/gz_sim_vendor/lib:/opt/ros/jazzy/opt/gz_sensors_vendor/lib:/opt/ros/jazzy/opt/gz_physics_vendor/lib:/opt/ros/jazzy/opt/sdformat_vendor/lib:/opt/ros/jazzy/opt/rviz_ogre_vendor/lib:/opt/ros/jazzy/lib/x86_64-linux-gnu:/opt/ros/jazzy/opt/gz_gui_vendor/lib:/opt/ros/jazzy/opt/gz_transport_vendor/lib:/opt/ros/jazzy/opt/gz_rendering_vendor/lib:/opt/ros/jazzy/opt/gz_plugin_vendor/lib:/opt/ros/jazzy/opt/gz_fuel_tools_vendor/lib:/opt/ros/jazzy/opt/gz_msgs_vendor/lib:/opt/ros/jazzy/opt/gz_common_vendor/lib:/opt/ros/jazzy/opt/gz_math_vendor/lib:/opt/ros/jazzy/opt/gz_utils_vendor/lib:/opt/ros/jazzy/opt/gz_tools_vendor/lib:/opt/ros/jazzy/opt/gz_ogre_next_vendor/lib:/opt/ros/jazzy/opt/gz_dartsim_vendor/lib:/opt/ros/jazzy/opt/gz_cmake_vendor/lib:/opt/ros/jazzy/lib', 'OLDPWD': '/home/buenr', 'HOME': '/home/buenr', 'DESKTOP_SESSION': 'ubuntu', 'GTK_MODULES': 'gail:atk-bridge', 'GNOME_SHELL_SESSION_MODE': 'ubuntu', 'ROS_PYTHON_VERSION': '3', 'SYSTEMD_EXEC_PID': '30152', 'DBUS_SESSION_BUS_ADDRESS': 'unix:path=/run/user/481846386/bus', 'GSM_SKIP_SSH_AGENT_WORKAROUND': 'true', 'COLORTERM': 'truecolor', 'CONDA_CHANGEPS1': 'no', 'WAYLAND_DISPLAY': 'wayland-0', 'ROS_DISTRO': 'jazzy', 'COLCON_PREFIX_PATH': '/home/buenr/CS488/install', 'LOGNAME': 'buenr', '_': '/usr/bin/colcon', 'MEMORY_PRESSURE_WATCH': '/sys/fs/cgroup/user.slice/user-481846386.slice/user@481846386.service/session.slice/org.gnome.Shell@wayland.service/memory.pressure', 'XDG_SESSION_CLASS': 'user', 'ROS_VERSION': '2', 'USERNAME': 'buenr', 'TERM': 'xterm-256color', 'PROMPT_EOL_MARK': '', 'ROS_SUPER_CLIENT': 'True', 'GNOME_DESKTOP_SESSION_ID': 'this-is-deprecated', 'PATH': '/opt/ros/jazzy/opt/gz_msgs_vendor/bin:/opt/ros/jazzy/opt/gz_tools_vendor/bin:/opt/ros/jazzy/opt/gz_ogre_next_vendor/bin:/opt/ros/jazzy/bin:/usr/local/sbin:/usr/local/bin:/usr/sbin:/usr/bin:/sbin:/bin:/usr/games:/usr/local/games:/snap/bin:/snap/bin', 'SESSION_MANAGER': 'local/csci20122:@/tmp/.ICE-unix/30099,unix/csci20122:/tmp/.ICE-unix/30099', 'GNOME_TERMINAL_SCREEN': '/org/gnome/Terminal/screen/1a901996_0f2e_4952_89b1_916fe3d67c76', 'XDG_MENU_PREFIX': 'gnome-', 'GNOME_SETUP_DISPLAY': ':1', 'XDG_RUNTIME_DIR': '/run/user/481846386', 'DISPLAY': ':0', 'XDG_CURRENT_DESKTOP': 'ubuntu:GNOME', 'LANG': 'en_US.UTF-8', 'RMW_IMPLEMENTATION': 'rmw_fastrtps_cpp', 'XDG_SESSION_DESKTOP': 'ubuntu', 'GNOME_TERMINAL_SERVICE': ':1.226', 'XMODIFIERS': '@im=ibus', 'XAUTHORITY': '/run/user/481846386/.mutter-Xwaylandauth.1MMGN3', 'SSH_AUTH_SOCK': '/run/user/481846386/keyring/ssh', 'AMENT_PREFIX_PATH': '/home/buenr/CS488/install/lab_bringup:/home/buenr/CS488/install/lab5_pkg:/home/buenr/CS488/install/lab3_pkg:/home/buenr/CS488/install/lab2_pkg:/home/buenr/CS488/install/lab1_pkg:/home/buenr/CS488/install/custom_interfaces:/opt/ros/jazzy', 'ROS_DOMAIN_ID': '0', 'KRB5CCNAME': 'FILE:/tmp/krb5cc_481846386_s7E0DV', 'SHELL': '/bin/zsh', 'ROS_DISCOVERY_SERVER': '10.5.113.101:11811', 'QT_ACCESSIBILITY': '1', 'GDMSESSION': 'ubuntu', 'QT_IM_MODULE': 'ibus', 'ROS_AUTOMATIC_DISCOVERY_RANGE': 'SUBNET', 'PWD': '/home/buenr/CS488/build/lab3_pkg', 'XDG_DATA_DIRS': '/usr/local/share/:/usr/share/:/var/lib/snapd/desktop', 'VIRTUAL_ENV_DISABLE_PROMPT': '12', 'PYTHONPATH': '/home/buenr/CS488/build/lab3_pkg/prefix_override:/usr/lib/python3/dist-packages/colcon_core/task/python/colcon_distutils_commands:/home/buenr/CS488/install/lab3_pkg/lib/python3.12/site-packages:/home/buenr/CS488/install/custom_interfaces/lib/python3.12/site-packages:/home/buenr/CS488/install/lab5_pkg/lib/python3.12/site-packages:/home/buenr/CS488/install/lab3_pkg/lib/python3.12/site-packages:/home/buenr/CS488/install/lab2_pkg/lib/python3.12/site-packages:/home/buenr/CS488/install/lab1_pkg/lib/python3.12/site-packages:/opt/ros/jazzy/lib/python3.12/site-packages', 'COLCON': '1', 'VTE_VERSION': '7600', 'MEMORY_PRESSURE_WRITE': 'c29tZSAyMDAwMDAgMjAwMDAwMAA=', 'CMAKE_PREFIX_PATH': '/home/buenr/CS488/install/custom_interfaces:/home/buenr/CS488/install/lab_bringup:/opt/ros/jazzy/opt/gz_sim_vendor:/opt/ros/jazzy/opt/gz_sensors_vendor:/opt/ros/jazzy/opt/gz_physics_vendor:/opt/ros/jazzy/opt/sdformat_vendor:/opt/ros/jazzy/opt/gz_gui_vendor:/opt/ros/jazzy/opt/gz_transport_vendor:/opt/ros/jazzy/opt/gz_rendering_vendor:/opt/ros/jazzy/opt/gz_plugin_vendor:/opt/ros/jazzy/opt/gz_fuel_tools_vendor:/opt/ros/jazzy/opt/gz_msgs_vendor:/opt/ros/jazzy/opt/gz_common_vendor:/opt/ros/jazzy/opt/gz_math_vendor:/opt/ros/jazzy/opt/gz_utils_vendor:/opt/ros/jazzy/opt/gz_tools_vendor:/opt/ros/jazzy/opt/gz_ogre_next_vendor:/opt/ros/jazzy/opt/gz_dartsim_vendor:/opt/ros/jazzy/opt/gz_cmake_vendor'}, 'shell': False}
[1.801355] (lab1_pkg) StdoutLine: {'line': b'Installing speed_behavior_node script to /home/buenr/CS488/install/lab1_pkg/lib/lab1_pkg\n'}
[1.801634] (lab1_pkg) StdoutLine: {'line': b"writing list of installed files to '/home/buenr/CS488/build/lab1_pkg/install.log'\n"}
[1.802434] (-) TimerEvent: {}
[1.802556] (lab5_pkg) Command: {'cmd': ['/usr/bin/python3', '-W', 'ignore:setup.py install is deprecated', '-W', 'ignore:easy_install command is deprecated', 'setup.py', 'egg_info', '--egg-base', '../../build/lab5_pkg', 'build', '--build-base', '/home/buenr/CS488/build/lab5_pkg/build', 'install', '--record', '/home/buenr/CS488/build/lab5_pkg/install.log', '--single-version-externally-managed', 'install_data'], 'cwd': '/home/buenr/CS488/src/lab5_pkg', 'env': {'USER': 'buenr', 'GZ_SIM_RESOURCE_PATH': '/opt/ros/jazzy/share', 'GZ_CONFIG_PATH': '/opt/ros/jazzy/opt/gz_sim_vendor/share/gz:/opt/ros/jazzy/opt/sdformat_vendor/share/gz:/opt/ros/jazzy/opt/gz_gui_vendor/share/gz:/opt/ros/jazzy/opt/gz_transport_vendor/share/gz:/opt/ros/jazzy/opt/gz_rendering_vendor/share/gz:/opt/ros/jazzy/opt/gz_plugin_vendor/share/gz:/opt/ros/jazzy/opt/gz_fuel_tools_vendor/share/gz:/opt/ros/jazzy/opt/gz_msgs_vendor/share/gz:/opt/ros/jazzy/opt/gz_common_vendor/share/gz', 'XDG_SESSION_TYPE': 'wayland', 'CLUTTER_DISABLE_MIPMAPPED_TEXT': '1', 'SHLVL': '1', 'LD_LIBRARY_PATH': '/home/buenr/CS488/install/custom_interfaces/lib:/opt/ros/jazzy/opt/gz_sim_vendor/lib:/opt/ros/jazzy/opt/gz_sensors_vendor/lib:/opt/ros/jazzy/opt/gz_physics_vendor/lib:/opt/ros/jazzy/opt/sdformat_vendor/lib:/opt/ros/jazzy/opt/rviz_ogre_vendor/lib:/opt/ros/jazzy/lib/x86_64-linux-gnu:/opt/ros/jazzy/opt/gz_gui_vendor/lib:/opt/ros/jazzy/opt/gz_transport_vendor/lib:/opt/ros/jazzy/opt/gz_rendering_vendor/lib:/opt/ros/jazzy/opt/gz_plugin_vendor/lib:/opt/ros/jazzy/opt/gz_fuel_tools_vendor/lib:/opt/ros/jazzy/opt/gz_msgs_vendor/lib:/opt/ros/jazzy/opt/gz_common_vendor/lib:/opt/ros/jazzy/opt/gz_math_vendor/lib:/opt/ros/jazzy/opt/gz_utils_vendor/lib:/opt/ros/jazzy/opt/gz_tools_vendor/lib:/opt/ros/jazzy/opt/gz_ogre_next_vendor/lib:/opt/ros/jazzy/opt/gz_dartsim_vendor/lib:/opt/ros/jazzy/opt/gz_cmake_vendor/lib:/opt/ros/jazzy/lib', 'OLDPWD': '/home/buenr', 'HOME': '/home/buenr', 'DESKTOP_SESSION': 'ubuntu', 'GTK_MODULES': 'gail:atk-bridge', 'GNOME_SHELL_SESSION_MODE': 'ubuntu', 'ROS_PYTHON_VERSION': '3', 'SYSTEMD_EXEC_PID': '30152', 'DBUS_SESSION_BUS_ADDRESS': 'unix:path=/run/user/481846386/bus', 'GSM_SKIP_SSH_AGENT_WORKAROUND': 'true', 'COLORTERM': 'truecolor', 'CONDA_CHANGEPS1': 'no', 'WAYLAND_DISPLAY': 'wayland-0', 'ROS_DISTRO': 'jazzy', 'COLCON_PREFIX_PATH': '/home/buenr/CS488/install', 'LOGNAME': 'buenr', '_': '/usr/bin/colcon', 'MEMORY_PRESSURE_WATCH': '/sys/fs/cgroup/user.slice/user-481846386.slice/user@481846386.service/session.slice/org.gnome.Shell@wayland.service/memory.pressure', 'XDG_SESSION_CLASS': 'user', 'ROS_VERSION': '2', 'USERNAME': 'buenr', 'TERM': 'xterm-256color', 'PROMPT_EOL_MARK': '', 'ROS_SUPER_CLIENT': 'True', 'GNOME_DESKTOP_SESSION_ID': 'this-is-deprecated', 'PATH': '/opt/ros/jazzy/opt/gz_msgs_vendor/bin:/opt/ros/jazzy/opt/gz_tools_vendor/bin:/opt/ros/jazzy/opt/gz_ogre_next_vendor/bin:/opt/ros/jazzy/bin:/usr/local/sbin:/usr/local/bin:/usr/sbin:/usr/bin:/sbin:/bin:/usr/games:/usr/local/games:/snap/bin:/snap/bin', 'SESSION_MANAGER': 'local/csci20122:@/tmp/.ICE-unix/30099,unix/csci20122:/tmp/.ICE-unix/30099', 'GNOME_TERMINAL_SCREEN': '/org/gnome/Terminal/screen/1a901996_0f2e_4952_89b1_916fe3d67c76', 'XDG_MENU_PREFIX': 'gnome-', 'GNOME_SETUP_DISPLAY': ':1', 'XDG_RUNTIME_DIR': '/run/user/481846386', 'DISPLAY': ':0', 'XDG_CURRENT_DESKTOP': 'ubuntu:GNOME', 'LANG': 'en_US.UTF-8', 'RMW_IMPLEMENTATION': 'rmw_fastrtps_cpp', 'XDG_SESSION_DESKTOP': 'ubuntu', 'GNOME_TERMINAL_SERVICE': ':1.226', 'XMODIFIERS': '@im=ibus', 'XAUTHORITY': '/run/user/481846386/.mutter-Xwaylandauth.1MMGN3', 'SSH_AUTH_SOCK': '/run/user/481846386/keyring/ssh', 'AMENT_PREFIX_PATH': '/home/buenr/CS488/install/lab_bringup:/home/buenr/CS488/install/lab5_pkg:/home/buenr/CS488/install/lab3_pkg:/home/buenr/CS488/install/lab2_pkg:/home/buenr/CS488/install/lab1_pkg:/home/buenr/CS488/install/custom_interfaces:/opt/ros/jazzy', 'ROS_DOMAIN_ID': '0', 'KRB5CCNAME': 'FILE:/tmp/krb5cc_481846386_s7E0DV', 'SHELL': '/bin/zsh', 'ROS_DISCOVERY_SERVER': '10.5.113.101:11811', 'QT_ACCESSIBILITY': '1', 'GDMSESSION': 'ubuntu', 'QT_IM_MODULE': 'ibus', 'ROS_AUTOMATIC_DISCOVERY_RANGE': 'SUBNET', 'PWD': '/home/buenr/CS488/build/lab5_pkg', 'XDG_DATA_DIRS': '/usr/local/share/:/usr/share/:/var/lib/snapd/desktop', 'VIRTUAL_ENV_DISABLE_PROMPT': '12', 'PYTHONPATH': '/home/buenr/CS488/build/lab5_pkg/prefix_override:/usr/lib/python3/dist-packages/colcon_core/task/python/colcon_distutils_commands:/home/buenr/CS488/install/lab5_pkg/lib/python3.12/site-packages:/home/buenr/CS488/install/custom_interfaces/lib/python3.12/site-packages:/home/buenr/CS488/install/lab5_pkg/lib/python3.12/site-packages:/home/buenr/CS488/install/lab3_pkg/lib/python3.12/site-packages:/home/buenr/CS488/install/lab2_pkg/lib/python3.12/site-packages:/home/buenr/CS488/install/lab1_pkg/lib/python3.12/site-packages:/opt/ros/jazzy/lib/python3.12/site-packages', 'COLCON': '1', 'VTE_VERSION': '7600', 'MEMORY_PRESSURE_WRITE': 'c29tZSAyMDAwMDAgMjAwMDAwMAA=', 'CMAKE_PREFIX_PATH': '/home/buenr/CS488/install/custom_interfaces:/home/buenr/CS488/install/lab_bringup:/opt/ros/jazzy/opt/gz_sim_vendor:/opt/ros/jazzy/opt/gz_sensors_vendor:/opt/ros/jazzy/opt/gz_physics_vendor:/opt/ros/jazzy/opt/sdformat_vendor:/opt/ros/jazzy/opt/gz_gui_vendor:/opt/ros/jazzy/opt/gz_transport_vendor:/opt/ros/jazzy/opt/gz_rendering_vendor:/opt/ros/jazzy/opt/gz_plugin_vendor:/opt/ros/jazzy/opt/gz_fuel_tools_vendor:/opt/ros/jazzy/opt/gz_msgs_vendor:/opt/ros/jazzy/opt/gz_common_vendor:/opt/ros/jazzy/opt/gz_math_vendor:/opt/ros/jazzy/opt/gz_utils_vendor:/opt/ros/jazzy/opt/gz_tools_vendor:/opt/ros/jazzy/opt/gz_ogre_next_vendor:/opt/ros/jazzy/opt/gz_dartsim_vendor:/opt/ros/jazzy/opt/gz_cmake_vendor'}, 'shell': False}
[1.821240] (lab2_pkg) StdoutLine: {'line': b'Installing SCOD script to /home/buenr/CS488/install/lab2_pkg/lib/lab2_pkg\n'}
[1.821492] (lab2_pkg) StdoutLine: {'line': b"writing list of installed files to '/home/buenr/CS488/build/lab2_pkg/install.log'\n"}
[1.830096] (lab1_pkg) CommandEnded: {'returncode': 0}
[1.835992] (lab1_pkg) JobEnded: {'identifier': 'lab1_pkg', 'rc': 0}
[1.855632] (lab2_pkg) CommandEnded: {'returncode': 0}
[1.863188] (lab2_pkg) JobEnded: {'identifier': 'lab2_pkg', 'rc': 0}
[1.902550] (-) TimerEvent: {}
[2.002763] (-) TimerEvent: {}
[2.093708] (lab5_pkg) StdoutLine: {'line': b'running egg_info\n'}
[2.099860] (lab3_pkg) StdoutLine: {'line': b'running egg_info\n'}
[2.102829] (-) TimerEvent: {}
[2.117510] (lab5_pkg) StdoutLine: {'line': b'writing ../../build/lab5_pkg/lab5_pkg.egg-info/PKG-INFO\n'}
[2.117765] (lab5_pkg) StdoutLine: {'line': b'writing dependency_links to ../../build/lab5_pkg/lab5_pkg.egg-info/dependency_links.txt\n'}
[2.118014] (lab5_pkg) StdoutLine: {'line': b'writing entry points to ../../build/lab5_pkg/lab5_pkg.egg-info/entry_points.txt\n'}
[2.118200] (lab5_pkg) StdoutLine: {'line': b'writing requirements to ../../build/lab5_pkg/lab5_pkg.egg-info/requires.txt\n'}
[2.118406] (lab5_pkg) StdoutLine: {'line': b'writing top-level names to ../../build/lab5_pkg/lab5_pkg.egg-info/top_level.txt\n'}
[2.124399] (lab3_pkg) StdoutLine: {'line': b'writing ../../build/lab3_pkg/lab3_pkg.egg-info/PKG-INFO\n'}
[2.124635] (lab3_pkg) StdoutLine: {'line': b'writing dependency_links to ../../build/lab3_pkg/lab3_pkg.egg-info/dependency_links.txt\n'}
[2.124893] (lab3_pkg) StdoutLine: {'line': b'writing entry points to ../../build/lab3_pkg/lab3_pkg.egg-info/entry_points.txt\n'}
[2.125056] (lab3_pkg) StdoutLine: {'line': b'writing requirements to ../../build/lab3_pkg/lab3_pkg.egg-info/requires.txt\n'}
[2.125212] (lab3_pkg) StdoutLine: {'line': b'writing top-level names to ../../build/lab3_pkg/lab3_pkg.egg-info/top_level.txt\n'}
[2.166101] (lab5_pkg) StdoutLine: {'line': b"reading manifest file '../../build/lab5_pkg/lab5_pkg.egg-info/SOURCES.txt'\n"}
[2.166745] (lab5_pkg) StdoutLine: {'line': b"writing manifest file '../../build/lab5_pkg/lab5_pkg.egg-info/SOURCES.txt'\n"}
[2.166912] (lab5_pkg) StdoutLine: {'line': b'running build\n'}
[2.167057] (lab5_pkg) StdoutLine: {'line': b'running build_py\n'}
[2.167186] (lab5_pkg) StdoutLine: {'line': b'copying lab5_pkg/go_to_goal_server.py -> /home/buenr/CS488/build/lab5_pkg/build/lib/lab5_pkg\n'}
[2.167536] (lab5_pkg) StdoutLine: {'line': b'running install\n'}
[2.172654] (lab5_pkg) StdoutLine: {'line': b'running install_lib\n'}
[2.174745] (lab3_pkg) StdoutLine: {'line': b"reading manifest file '../../build/lab3_pkg/lab3_pkg.egg-info/SOURCES.txt'\n"}
[2.175351] (lab3_pkg) StdoutLine: {'line': b"writing manifest file '../../build/lab3_pkg/lab3_pkg.egg-info/SOURCES.txt'\n"}
[2.175519] (lab3_pkg) StdoutLine: {'line': b'running build\n'}
[2.175639] (lab3_pkg) StdoutLine: {'line': b'running build_py\n'}
[2.175844] (lab3_pkg) StdoutLine: {'line': b'running install\n'}
[2.181355] (lab3_pkg) StdoutLine: {'line': b'running install_lib\n'}
[2.196406] (lab5_pkg) StdoutLine: {'line': b'copying /home/buenr/CS488/build/lab5_pkg/build/lib/lab5_pkg/go_to_goal_server.py -> /home/buenr/CS488/install/lab5_pkg/lib/python3.12/site-packages/lab5_pkg\n'}
[2.197020] (lab5_pkg) StdoutLine: {'line': b'byte-compiling /home/buenr/CS488/install/lab5_pkg/lib/python3.12/site-packages/lab5_pkg/go_to_goal_server.py to go_to_goal_server.cpython-312.pyc\n'}
[2.202184] (lab5_pkg) StdoutLine: {'line': b'running install_data\n'}
[2.202339] (lab5_pkg) StdoutLine: {'line': b'running install_egg_info\n'}
[2.202895] (-) TimerEvent: {}
[2.207744] (lab3_pkg) StdoutLine: {'line': b'running install_data\n'}
[2.207966] (lab3_pkg) StdoutLine: {'line': b'running install_egg_info\n'}
[2.226955] (lab5_pkg) StdoutLine: {'line': b"removing '/home/buenr/CS488/install/lab5_pkg/lib/python3.12/site-packages/lab5_pkg-0.0.0-py3.12.egg-info' (and everything under it)\n"}
[2.227196] (lab5_pkg) StdoutLine: {'line': b'Copying ../../build/lab5_pkg/lab5_pkg.egg-info to /home/buenr/CS488/install/lab5_pkg/lib/python3.12/site-packages/lab5_pkg-0.0.0-py3.12.egg-info\n'}
[2.231450] (lab5_pkg) StdoutLine: {'line': b'running install_scripts\n'}
[2.234262] (lab3_pkg) StdoutLine: {'line': b"removing '/home/buenr/CS488/install/lab3_pkg/lib/python3.12/site-packages/lab3_pkg-0.0.0-py3.12.egg-info' (and everything under it)\n"}
[2.234476] (lab3_pkg) StdoutLine: {'line': b'Copying ../../build/lab3_pkg/lab3_pkg.egg-info to /home/buenr/CS488/install/lab3_pkg/lib/python3.12/site-packages/lab3_pkg-0.0.0-py3.12.egg-info\n'}
[2.236899] (lab3_pkg) StdoutLine: {'line': b'running install_scripts\n'}
[2.302985] (-) TimerEvent: {}
[2.378312] (lab5_pkg) StdoutLine: {'line': b'Installing go_to_goal_client script to /home/buenr/CS488/install/lab5_pkg/lib/lab5_pkg\n'}
[2.378529] (lab5_pkg) StdoutLine: {'line': b'Installing go_to_goal_server script to /home/buenr/CS488/install/lab5_pkg/lib/lab5_pkg\n'}
[2.378830] (lab5_pkg) StdoutLine: {'line': b"writing list of installed files to '/home/buenr/CS488/build/lab5_pkg/install.log'\n"}
[2.387083] (lab3_pkg) StdoutLine: {'line': b'Installing SCOD_server script to /home/buenr/CS488/install/lab3_pkg/lib/lab3_pkg\n'}
[2.387286] (lab3_pkg) StdoutLine: {'line': b'Installing set_cap_client_node script to /home/buenr/CS488/install/lab3_pkg/lib/lab3_pkg\n'}
[2.387652] (lab3_pkg) StdoutLine: {'line': b"writing list of installed files to '/home/buenr/CS488/build/lab3_pkg/install.log'\n"}
[2.399578] (lab5_pkg) CommandEnded: {'returncode': 0}
[2.403053] (-) TimerEvent: {}
[2.405550] (lab5_pkg) JobEnded: {'identifier': 'lab5_pkg', 'rc': 0}
[2.415071] (lab3_pkg) CommandEnded: {'returncode': 0}
[2.421089] (lab3_pkg) JobEnded: {'identifier': 'lab3_pkg', 'rc': 0}
[2.421983] (lab_bringup) JobStarted: {'identifier': 'lab_bringup'}
[2.434171] (lab_bringup) JobProgress: {'identifier': 'lab_bringup', 'progress': 'cmake'}
[2.434691] (lab_bringup) JobProgress: {'identifier': 'lab_bringup', 'progress': 'build'}
[2.434943] (lab_bringup) Command: {'cmd': ['/usr/bin/cmake', '--build', '/home/buenr/CS488/build/lab_bringup', '--', '-j16', '-l16'], 'cwd': '/home/buenr/CS488/build/lab_bringup', 'env': OrderedDict({'USER': 'buenr', 'GZ_SIM_RESOURCE_PATH': '/opt/ros/jazzy/share', 'GZ_CONFIG_PATH': '/opt/ros/jazzy/opt/gz_sim_vendor/share/gz:/opt/ros/jazzy/opt/sdformat_vendor/share/gz:/opt/ros/jazzy/opt/gz_gui_vendor/share/gz:/opt/ros/jazzy/opt/gz_transport_vendor/share/gz:/opt/ros/jazzy/opt/gz_rendering_vendor/share/gz:/opt/ros/jazzy/opt/gz_plugin_vendor/share/gz:/opt/ros/jazzy/opt/gz_fuel_tools_vendor/share/gz:/opt/ros/jazzy/opt/gz_msgs_vendor/share/gz:/opt/ros/jazzy/opt/gz_common_vendor/share/gz', 'XDG_SESSION_TYPE': 'wayland', 'CLUTTER_DISABLE_MIPMAPPED_TEXT': '1', 'SHLVL': '1', 'LD_LIBRARY_PATH': '/home/buenr/CS488/install/custom_interfaces/lib:/opt/ros/jazzy/opt/gz_sim_vendor/lib:/opt/ros/jazzy/opt/gz_sensors_vendor/lib:/opt/ros/jazzy/opt/gz_physics_vendor/lib:/opt/ros/jazzy/opt/sdformat_vendor/lib:/opt/ros/jazzy/opt/rviz_ogre_vendor/lib:/opt/ros/jazzy/lib/x86_64-linux-gnu:/opt/ros/jazzy/opt/gz_gui_vendor/lib:/opt/ros/jazzy/opt/gz_transport_vendor/lib:/opt/ros/jazzy/opt/gz_rendering_vendor/lib:/opt/ros/jazzy/opt/gz_plugin_vendor/lib:/opt/ros/jazzy/opt/gz_fuel_tools_vendor/lib:/opt/ros/jazzy/opt/gz_msgs_vendor/lib:/opt/ros/jazzy/opt/gz_common_vendor/lib:/opt/ros/jazzy/opt/gz_math_vendor/lib:/opt/ros/jazzy/opt/gz_utils_vendor/lib:/opt/ros/jazzy/opt/gz_tools_vendor/lib:/opt/ros/jazzy/opt/gz_ogre_next_vendor/lib:/opt/ros/jazzy/opt/gz_dartsim_vendor/lib:/opt/ros/jazzy/opt/gz_cmake_vendor/lib:/opt/ros/jazzy/lib', 'OLDPWD': '/home/buenr', 'HOME': '/home/buenr', 'DESKTOP_SESSION': 'ubuntu', 'GTK_MODULES': 'gail:atk-bridge', 'GNOME_SHELL_SESSION_MODE': 'ubuntu', 'ROS_PYTHON_VERSION': '3', 'SYSTEMD_EXEC_PID': '30152', 'DBUS_SESSION_BUS_ADDRESS': 'unix:path=/run/user/481846386/bus', 'GSM_SKIP_SSH_AGENT_WORKAROUND': 'true', 'COLORTERM': 'truecolor', 'CONDA_CHANGEPS1': 'no', 'WAYLAND_DISPLAY': 'wayland-0', 'ROS_DISTRO': 'jazzy', 'COLCON_PREFIX_PATH': '/home/buenr/CS488/install', 'LOGNAME': 'buenr', '_': '/usr/bin/colcon', 'MEMORY_PRESSURE_WATCH': '/sys/fs/cgroup/user.slice/user-481846386.slice/user@481846386.service/session.slice/org.gnome.Shell@wayland.service/memory.pressure', 'XDG_SESSION_CLASS': 'user', 'ROS_VERSION': '2', 'USERNAME': 'buenr', 'TERM': 'xterm-256color', 'PROMPT_EOL_MARK': '', 'ROS_SUPER_CLIENT': 'True', 'GNOME_DESKTOP_SESSION_ID': 'this-is-deprecated', 'PATH': '/opt/ros/jazzy/opt/gz_msgs_vendor/bin:/opt/ros/jazzy/opt/gz_tools_vendor/bin:/opt/ros/jazzy/opt/gz_ogre_next_vendor/bin:/opt/ros/jazzy/bin:/usr/local/sbin:/usr/local/bin:/usr/sbin:/usr/bin:/sbin:/bin:/usr/games:/usr/local/games:/snap/bin:/snap/bin', 'SESSION_MANAGER': 'local/csci20122:@/tmp/.ICE-unix/30099,unix/csci20122:/tmp/.ICE-unix/30099', 'GNOME_TERMINAL_SCREEN': '/org/gnome/Terminal/screen/1a901996_0f2e_4952_89b1_916fe3d67c76', 'XDG_MENU_PREFIX': 'gnome-', 'GNOME_SETUP_DISPLAY': ':1', 'XDG_RUNTIME_DIR': '/run/user/481846386', 'DISPLAY': ':0', 'XDG_CURRENT_DESKTOP': 'ubuntu:GNOME', 'LANG': 'en_US.UTF-8', 'RMW_IMPLEMENTATION': 'rmw_fastrtps_cpp', 'XDG_SESSION_DESKTOP': 'ubuntu', 'GNOME_TERMINAL_SERVICE': ':1.226', 'XMODIFIERS': '@im=ibus', 'XAUTHORITY': '/run/user/481846386/.mutter-Xwaylandauth.1MMGN3', 'SSH_AUTH_SOCK': '/run/user/481846386/keyring/ssh', 'AMENT_PREFIX_PATH': '/home/buenr/CS488/install/lab3_pkg:/home/buenr/CS488/install/lab_bringup:/home/buenr/CS488/install/lab5_pkg:/home/buenr/CS488/install/lab2_pkg:/home/buenr/CS488/install/lab1_pkg:/home/buenr/CS488/install/custom_interfaces:/opt/ros/jazzy', 'ROS_DOMAIN_ID': '0', 'KRB5CCNAME': 'FILE:/tmp/krb5cc_481846386_s7E0DV', 'SHELL': '/bin/zsh', 'ROS_DISCOVERY_SERVER': '10.5.113.101:11811', 'QT_ACCESSIBILITY': '1', 'GDMSESSION': 'ubuntu', 'QT_IM_MODULE': 'ibus', 'ROS_AUTOMATIC_DISCOVERY_RANGE': 'SUBNET', 'PWD': '/home/buenr/CS488/build/lab_bringup', 'XDG_DATA_DIRS': '/usr/local/share/:/usr/share/:/var/lib/snapd/desktop', 'VIRTUAL_ENV_DISABLE_PROMPT': '12', 'PYTHONPATH': '/home/buenr/CS488/install/lab3_pkg/lib/python3.12/site-packages:/home/buenr/CS488/install/custom_interfaces/lib/python3.12/site-packages:/home/buenr/CS488/install/lab5_pkg/lib/python3.12/site-packages:/home/buenr/CS488/install/lab2_pkg/lib/python3.12/site-packages:/home/buenr/CS488/install/lab1_pkg/lib/python3.12/site-packages:/opt/ros/jazzy/lib/python3.12/site-packages', 'COLCON': '1', 'VTE_VERSION': '7600', 'MEMORY_PRESSURE_WRITE': 'c29tZSAyMDAwMDAgMjAwMDAwMAA=', 'CMAKE_PREFIX_PATH': '/home/buenr/CS488/install/custom_interfaces:/home/buenr/CS488/install/lab_bringup:/opt/ros/jazzy/opt/gz_sim_vendor:/opt/ros/jazzy/opt/gz_sensors_vendor:/opt/ros/jazzy/opt/gz_physics_vendor:/opt/ros/jazzy/opt/sdformat_vendor:/opt/ros/jazzy/opt/gz_gui_vendor:/opt/ros/jazzy/opt/gz_transport_vendor:/opt/ros/jazzy/opt/gz_rendering_vendor:/opt/ros/jazzy/opt/gz_plugin_vendor:/opt/ros/jazzy/opt/gz_fuel_tools_vendor:/opt/ros/jazzy/opt/gz_msgs_vendor:/opt/ros/jazzy/opt/gz_common_vendor:/opt/ros/jazzy/opt/gz_math_vendor:/opt/ros/jazzy/opt/gz_utils_vendor:/opt/ros/jazzy/opt/gz_tools_vendor:/opt/ros/jazzy/opt/gz_ogre_next_vendor:/opt/ros/jazzy/opt/gz_dartsim_vendor:/opt/ros/jazzy/opt/gz_cmake_vendor:/home/buenr/CS488/install/lab5_pkg:/home/buenr/CS488/install/lab3_pkg:/home/buenr/CS488/install/lab2_pkg:/home/buenr/CS488/install/lab1_pkg:/opt/ros/jazzy'}), 'shell': False}
[2.469986] (lab_bringup) CommandEnded: {'returncode': 0}
[2.470487] (lab_bringup) JobProgress: {'identifier': 'lab_bringup', 'progress': 'install'}
[2.470805] (lab_bringup) Command: {'cmd': ['/usr/bin/cmake', '--install', '/home/buenr/CS488/build/lab_bringup'], 'cwd': '/home/buenr/CS488/build/lab_bringup', 'env': OrderedDict({'USER': 'buenr', 'GZ_SIM_RESOURCE_PATH': '/opt/ros/jazzy/share', 'GZ_CONFIG_PATH': '/opt/ros/jazzy/opt/gz_sim_vendor/share/gz:/opt/ros/jazzy/opt/sdformat_vendor/share/gz:/opt/ros/jazzy/opt/gz_gui_vendor/share/gz:/opt/ros/jazzy/opt/gz_transport_vendor/share/gz:/opt/ros/jazzy/opt/gz_rendering_vendor/share/gz:/opt/ros/jazzy/opt/gz_plugin_vendor/share/gz:/opt/ros/jazzy/opt/gz_fuel_tools_vendor/share/gz:/opt/ros/jazzy/opt/gz_msgs_vendor/share/gz:/opt/ros/jazzy/opt/gz_common_vendor/share/gz', 'XDG_SESSION_TYPE': 'wayland', 'CLUTTER_DISABLE_MIPMAPPED_TEXT': '1', 'SHLVL': '1', 'LD_LIBRARY_PATH': '/home/buenr/CS488/install/custom_interfaces/lib:/opt/ros/jazzy/opt/gz_sim_vendor/lib:/opt/ros/jazzy/opt/gz_sensors_vendor/lib:/opt/ros/jazzy/opt/gz_physics_vendor/lib:/opt/ros/jazzy/opt/sdformat_vendor/lib:/opt/ros/jazzy/opt/rviz_ogre_vendor/lib:/opt/ros/jazzy/lib/x86_64-linux-gnu:/opt/ros/jazzy/opt/gz_gui_vendor/lib:/opt/ros/jazzy/opt/gz_transport_vendor/lib:/opt/ros/jazzy/opt/gz_rendering_vendor/lib:/opt/ros/jazzy/opt/gz_plugin_vendor/lib:/opt/ros/jazzy/opt/gz_fuel_tools_vendor/lib:/opt/ros/jazzy/opt/gz_msgs_vendor/lib:/opt/ros/jazzy/opt/gz_common_vendor/lib:/opt/ros/jazzy/opt/gz_math_vendor/lib:/opt/ros/jazzy/opt/gz_utils_vendor/lib:/opt/ros/jazzy/opt/gz_tools_vendor/lib:/opt/ros/jazzy/opt/gz_ogre_next_vendor/lib:/opt/ros/jazzy/opt/gz_dartsim_vendor/lib:/opt/ros/jazzy/opt/gz_cmake_vendor/lib:/opt/ros/jazzy/lib', 'OLDPWD': '/home/buenr', 'HOME': '/home/buenr', 'DESKTOP_SESSION': 'ubuntu', 'GTK_MODULES': 'gail:atk-bridge', 'GNOME_SHELL_SESSION_MODE': 'ubuntu', 'ROS_PYTHON_VERSION': '3', 'SYSTEMD_EXEC_PID': '30152', 'DBUS_SESSION_BUS_ADDRESS': 'unix:path=/run/user/481846386/bus', 'GSM_SKIP_SSH_AGENT_WORKAROUND': 'true', 'COLORTERM': 'truecolor', 'CONDA_CHANGEPS1': 'no', 'WAYLAND_DISPLAY': 'wayland-0', 'ROS_DISTRO': 'jazzy', 'COLCON_PREFIX_PATH': '/home/buenr/CS488/install', 'LOGNAME': 'buenr', '_': '/usr/bin/colcon', 'MEMORY_PRESSURE_WATCH': '/sys/fs/cgroup/user.slice/user-481846386.slice/user@481846386.service/session.slice/org.gnome.Shell@wayland.service/memory.pressure', 'XDG_SESSION_CLASS': 'user', 'ROS_VERSION': '2', 'USERNAME': 'buenr', 'TERM': 'xterm-256color', 'PROMPT_EOL_MARK': '', 'ROS_SUPER_CLIENT': 'True', 'GNOME_DESKTOP_SESSION_ID': 'this-is-deprecated', 'PATH': '/opt/ros/jazzy/opt/gz_msgs_vendor/bin:/opt/ros/jazzy/opt/gz_tools_vendor/bin:/opt/ros/jazzy/opt/gz_ogre_next_vendor/bin:/opt/ros/jazzy/bin:/usr/local/sbin:/usr/local/bin:/usr/sbin:/usr/bin:/sbin:/bin:/usr/games:/usr/local/games:/snap/bin:/snap/bin', 'SESSION_MANAGER': 'local/csci20122:@/tmp/.ICE-unix/30099,unix/csci20122:/tmp/.ICE-unix/30099', 'GNOME_TERMINAL_SCREEN': '/org/gnome/Terminal/screen/1a901996_0f2e_4952_89b1_916fe3d67c76', 'XDG_MENU_PREFIX': 'gnome-', 'GNOME_SETUP_DISPLAY': ':1', 'XDG_RUNTIME_DIR': '/run/user/481846386', 'DISPLAY': ':0', 'XDG_CURRENT_DESKTOP': 'ubuntu:GNOME', 'LANG': 'en_US.UTF-8', 'RMW_IMPLEMENTATION': 'rmw_fastrtps_cpp', 'XDG_SESSION_DESKTOP': 'ubuntu', 'GNOME_TERMINAL_SERVICE': ':1.226', 'XMODIFIERS': '@im=ibus', 'XAUTHORITY': '/run/user/481846386/.mutter-Xwaylandauth.1MMGN3', 'SSH_AUTH_SOCK': '/run/user/481846386/keyring/ssh', 'AMENT_PREFIX_PATH': '/home/buenr/CS488/install/lab3_pkg:/home/buenr/CS488/install/lab_bringup:/home/buenr/CS488/install/lab5_pkg:/home/buenr/CS488/install/lab2_pkg:/home/buenr/CS488/install/lab1_pkg:/home/buenr/CS488/install/custom_interfaces:/opt/ros/jazzy', 'ROS_DOMAIN_ID': '0', 'KRB5CCNAME': 'FILE:/tmp/krb5cc_481846386_s7E0DV', 'SHELL': '/bin/zsh', 'ROS_DISCOVERY_SERVER': '10.5.113.101:11811', 'QT_ACCESSIBILITY': '1', 'GDMSESSION': 'ubuntu', 'QT_IM_MODULE': 'ibus', 'ROS_AUTOMATIC_DISCOVERY_RANGE': 'SUBNET', 'PWD': '/home/buenr/CS488/build/lab_bringup', 'XDG_DATA_DIRS': '/usr/local/share/:/usr/share/:/var/lib/snapd/desktop', 'VIRTUAL_ENV_DISABLE_PROMPT': '12', 'PYTHONPATH': '/home/buenr/CS488/install/lab3_pkg/lib/python3.12/site-packages:/home/buenr/CS488/install/custom_interfaces/lib/python3.12/site-packages:/home/buenr/CS488/install/lab5_pkg/lib/python3.12/site-packages:/home/buenr/CS488/install/lab2_pkg/lib/python3.12/site-packages:/home/buenr/CS488/install/lab1_pkg/lib/python3.12/site-packages:/opt/ros/jazzy/lib/python3.12/site-packages', 'COLCON': '1', 'VTE_VERSION': '7600', 'MEMORY_PRESSURE_WRITE': 'c29tZSAyMDAwMDAgMjAwMDAwMAA=', 'CMAKE_PREFIX_PATH': '/home/buenr/CS488/install/custom_interfaces:/home/buenr/CS488/install/lab_bringup:/opt/ros/jazzy/opt/gz_sim_vendor:/opt/ros/jazzy/opt/gz_sensors_vendor:/opt/ros/jazzy/opt/gz_physics_vendor:/opt/ros/jazzy/opt/sdformat_vendor:/opt/ros/jazzy/opt/gz_gui_vendor:/opt/ros/jazzy/opt/gz_transport_vendor:/opt/ros/jazzy/opt/gz_rendering_vendor:/opt/ros/jazzy/opt/gz_plugin_vendor:/opt/ros/jazzy/opt/gz_fuel_tools_vendor:/opt/ros/jazzy/opt/gz_msgs_vendor:/opt/ros/jazzy/opt/gz_common_vendor:/opt/ros/jazzy/opt/gz_math_vendor:/opt/ros/jazzy/opt/gz_utils_vendor:/opt/ros/jazzy/opt/gz_tools_vendor:/opt/ros/jazzy/opt/gz_ogre_next_vendor:/opt/ros/jazzy/opt/gz_dartsim_vendor:/opt/ros/jazzy/opt/gz_cmake_vendor:/home/buenr/CS488/install/lab5_pkg:/home/buenr/CS488/install/lab3_pkg:/home/buenr/CS488/install/lab2_pkg:/home/buenr/CS488/install/lab1_pkg:/opt/ros/jazzy'}), 'shell': False}
[2.478313] (lab_bringup) StdoutLine: {'line': b'-- Install configuration: ""\n'}
[2.478511] (lab_bringup) StdoutLine: {'line': b'-- Up-to-date: /home/buenr/CS488/install/lab_bringup/share/lab_bringup//launch\n'}
[2.478691] (lab_bringup) StdoutLine: {'line': b'-- Up-to-date: /home/buenr/CS488/install/lab_bringup/share/lab_bringup//launch/lab4.launch.xml\n'}
[2.478856] (lab_bringup) StdoutLine: {'line': b'-- Up-to-date: /home/buenr/CS488/install/lab_bringup/share/lab_bringup//launch/lab3.launch.xml\n'}
[2.478968] (lab_bringup) StdoutLine: {'line': b'-- Up-to-date: /home/buenr/CS488/install/lab_bringup/share/ament_index/resource_index/package_run_dependencies/lab_bringup\n'}
[2.479048] (lab_bringup) StdoutLine: {'line': b'-- Up-to-date: /home/buenr/CS488/install/lab_bringup/share/ament_index/resource_index/parent_prefix_path/lab_bringup\n'}
[2.479152] (lab_bringup) StdoutLine: {'line': b'-- Up-to-date: /home/buenr/CS488/install/lab_bringup/share/lab_bringup/environment/ament_prefix_path.sh\n'}
[2.479266] (lab_bringup) StdoutLine: {'line': b'-- Up-to-date: /home/buenr/CS488/install/lab_bringup/share/lab_bringup/environment/ament_prefix_path.dsv\n'}
[2.479420] (lab_bringup) StdoutLine: {'line': b'-- Up-to-date: /home/buenr/CS488/install/lab_bringup/share/lab_bringup/environment/path.sh\n'}
[2.479497] (lab_bringup) StdoutLine: {'line': b'-- Up-to-date: /home/buenr/CS488/install/lab_bringup/share/lab_bringup/environment/path.dsv\n'}
[2.479569] (lab_bringup) StdoutLine: {'line': b'-- Up-to-date: /home/buenr/CS488/install/lab_bringup/share/lab_bringup/local_setup.bash\n'}
[2.479645] (lab_bringup) StdoutLine: {'line': b'-- Up-to-date: /home/buenr/CS488/install/lab_bringup/share/lab_bringup/local_setup.sh\n'}
[2.479723] (lab_bringup) StdoutLine: {'line': b'-- Up-to-date: /home/buenr/CS488/install/lab_bringup/share/lab_bringup/local_setup.zsh\n'}
[2.479796] (lab_bringup) StdoutLine: {'line': b'-- Up-to-date: /home/buenr/CS488/install/lab_bringup/share/lab_bringup/local_setup.dsv\n'}
[2.479865] (lab_bringup) StdoutLine: {'line': b'-- Installing: /home/buenr/CS488/install/lab_bringup/share/lab_bringup/package.dsv\n'}
[2.479940] (lab_bringup) StdoutLine: {'line': b'-- Up-to-date: /home/buenr/CS488/install/lab_bringup/share/ament_index/resource_index/packages/lab_bringup\n'}
[2.480010] (lab_bringup) StdoutLine: {'line': b'-- Up-to-date: /home/buenr/CS488/install/lab_bringup/share/lab_bringup/cmake/lab_bringupConfig.cmake\n'}
[2.480078] (lab_bringup) StdoutLine: {'line': b'-- Up-to-date: /home/buenr/CS488/install/lab_bringup/share/lab_bringup/cmake/lab_bringupConfig-version.cmake\n'}
[2.480152] (lab_bringup) StdoutLine: {'line': b'-- Up-to-date: /home/buenr/CS488/install/lab_bringup/share/lab_bringup/package.xml\n'}
[2.480671] (lab_bringup) CommandEnded: {'returncode': 0}
[2.503178] (-) TimerEvent: {}
[2.545811] (lab_bringup) JobEnded: {'identifier': 'lab_bringup', 'rc': 0}
[2.546713] (-) EventReactorShutdown: {}
