[1.098s] Invoking command in '/home/gbonham/turtlebot4_ws/src/final': AMENT_PREFIX_PATH=/home/gbonham/turtlebot4_ws/install/custom_interfaces CMAKE_PREFIX_PATH=/home/gbonham/turtlebot4_ws/install/custom_interfaces LD_LIBRARY_PATH=/home/gbonham/turtlebot4_ws/install/custom_interfaces/lib PYTHONPATH=/home/gbonham/turtlebot4_ws/build/final/prefix_override:/usr/lib/python3/dist-packages/colcon_core/task/python/colcon_distutils_commands:/home/gbonham/turtlebot4_ws/install/final/lib/python3.12/site-packages:/home/gbonham/turtlebot4_ws/install/custom_interfaces/lib/python3.12/site-packages /usr/bin/python3 -W ignore:setup.py install is deprecated -W ignore:easy_install command is deprecated setup.py egg_info --egg-base ../../build/final build --build-base /home/gbonham/turtlebot4_ws/build/final/build install --record /home/gbonham/turtlebot4_ws/build/final/install.log --single-version-externally-managed install_data
[1.304s] running egg_info
[1.318s] writing ../../build/final/final.egg-info/PKG-INFO
[1.318s] writing dependency_links to ../../build/final/final.egg-info/dependency_links.txt
[1.318s] writing entry points to ../../build/final/final.egg-info/entry_points.txt
[1.319s] writing requirements to ../../build/final/final.egg-info/requires.txt
[1.319s] writing top-level names to ../../build/final/final.egg-info/top_level.txt
[1.359s] reading manifest file '../../build/final/final.egg-info/SOURCES.txt'
[1.360s] writing manifest file '../../build/final/final.egg-info/SOURCES.txt'
[1.360s] running build
[1.360s] running build_py
[1.360s] copying final/nav_pf.py -> /home/gbonham/turtlebot4_ws/build/final/build/lib/final
[1.361s] running install
[1.369s] running install_lib
[1.384s] copying /home/gbonham/turtlebot4_ws/build/final/build/lib/final/nav_pf.py -> /home/gbonham/turtlebot4_ws/install/final/lib/python3.12/site-packages/final
[1.385s] byte-compiling /home/gbonham/turtlebot4_ws/install/final/lib/python3.12/site-packages/final/nav_pf.py to nav_pf.cpython-312.pyc
[1.390s] running install_data
[1.391s] running install_egg_info
[1.406s] removing '/home/gbonham/turtlebot4_ws/install/final/lib/python3.12/site-packages/final-0.0.0-py3.12.egg-info' (and everything under it)
[1.406s] Copying ../../build/final/final.egg-info to /home/gbonham/turtlebot4_ws/install/final/lib/python3.12/site-packages/final-0.0.0-py3.12.egg-info
[1.409s] running install_scripts
[1.525s] Installing color_vision script to /home/gbonham/turtlebot4_ws/install/final/lib/final
[1.525s] Installing get_obs script to /home/gbonham/turtlebot4_ws/install/final/lib/final
[1.526s] Installing go_to_goal script to /home/gbonham/turtlebot4_ws/install/final/lib/final
[1.527s] Installing goal_client script to /home/gbonham/turtlebot4_ws/install/final/lib/final
[1.527s] Installing nav_pf script to /home/gbonham/turtlebot4_ws/install/final/lib/final
[1.528s] writing list of installed files to '/home/gbonham/turtlebot4_ws/build/final/install.log'
[1.563s] Invoked command in '/home/gbonham/turtlebot4_ws/src/final' returned '0': AMENT_PREFIX_PATH=/home/gbonham/turtlebot4_ws/install/custom_interfaces CMAKE_PREFIX_PATH=/home/gbonham/turtlebot4_ws/install/custom_interfaces LD_LIBRARY_PATH=/home/gbonham/turtlebot4_ws/install/custom_interfaces/lib PYTHONPATH=/home/gbonham/turtlebot4_ws/build/final/prefix_override:/usr/lib/python3/dist-packages/colcon_core/task/python/colcon_distutils_commands:/home/gbonham/turtlebot4_ws/install/final/lib/python3.12/site-packages:/home/gbonham/turtlebot4_ws/install/custom_interfaces/lib/python3.12/site-packages /usr/bin/python3 -W ignore:setup.py install is deprecated -W ignore:easy_install command is deprecated setup.py egg_info --egg-base ../../build/final build --build-base /home/gbonham/turtlebot4_ws/build/final/build install --record /home/gbonham/turtlebot4_ws/build/final/install.log --single-version-externally-managed install_data
