[0.863s] Invoking command in '/home/nhu.nguyen/turtlebot4_ws/src/lab3_pkg': PYTHONPATH=/home/nhu.nguyen/turtlebot4_ws/build/lab3_pkg/prefix_override:/usr/lib/python3/dist-packages/colcon_core/task/python/colcon_distutils_commands:/home/nhu.nguyen/turtlebot4_ws/install/lab3_pkg/lib/python3.12/site-packages:/home/nhu.nguyen/turtlebot4_ws/install/custom_interfaces/lib/python3.12/site-packages:/home/nhu.nguyen/turtlebot4_ws/install/lab3_pkg/lib/python3.12/site-packages:/home/nhu.nguyen/turtlebot4_ws/install/lab2_pkg/lib/python3.12/site-packages:/home/nhu.nguyen/turtlebot4_ws/install/lab1_pkg/lib/python3.12/site-packages:/opt/ros/jazzy/lib/python3.12/site-packages /usr/bin/python3 -W ignore:setup.py install is deprecated -W ignore:easy_install command is deprecated setup.py egg_info --egg-base ../../build/lab3_pkg build --build-base /home/nhu.nguyen/turtlebot4_ws/build/lab3_pkg/build install --record /home/nhu.nguyen/turtlebot4_ws/build/lab3_pkg/install.log --single-version-externally-managed install_data
[1.171s] running egg_info
[1.196s] writing ../../build/lab3_pkg/lab3_pkg.egg-info/PKG-INFO
[1.197s] writing dependency_links to ../../build/lab3_pkg/lab3_pkg.egg-info/dependency_links.txt
[1.197s] writing entry points to ../../build/lab3_pkg/lab3_pkg.egg-info/entry_points.txt
[1.197s] writing requirements to ../../build/lab3_pkg/lab3_pkg.egg-info/requires.txt
[1.197s] writing top-level names to ../../build/lab3_pkg/lab3_pkg.egg-info/top_level.txt
[1.246s] reading manifest file '../../build/lab3_pkg/lab3_pkg.egg-info/SOURCES.txt'
[1.247s] writing manifest file '../../build/lab3_pkg/lab3_pkg.egg-info/SOURCES.txt'
[1.247s] running build
[1.247s] running build_py
[1.247s] copying lab3_pkg/set_cap_client.py -> /home/nhu.nguyen/turtlebot4_ws/build/lab3_pkg/build/lib/lab3_pkg
[1.248s] running install
[1.253s] running install_lib
[1.278s] copying /home/nhu.nguyen/turtlebot4_ws/build/lab3_pkg/build/lib/lab3_pkg/set_cap_client.py -> /home/nhu.nguyen/turtlebot4_ws/install/lab3_pkg/lib/python3.12/site-packages/lab3_pkg
[1.278s] byte-compiling /home/nhu.nguyen/turtlebot4_ws/install/lab3_pkg/lib/python3.12/site-packages/lab3_pkg/set_cap_client.py to set_cap_client.cpython-312.pyc
[1.281s] running install_data
[1.281s] running install_egg_info
[1.307s] removing '/home/nhu.nguyen/turtlebot4_ws/install/lab3_pkg/lib/python3.12/site-packages/lab3_pkg-0.0.0-py3.12.egg-info' (and everything under it)
[1.307s] Copying ../../build/lab3_pkg/lab3_pkg.egg-info to /home/nhu.nguyen/turtlebot4_ws/install/lab3_pkg/lib/python3.12/site-packages/lab3_pkg-0.0.0-py3.12.egg-info
[1.310s] running install_scripts
[1.463s] Installing SCOD_server script to /home/nhu.nguyen/turtlebot4_ws/install/lab3_pkg/lib/lab3_pkg
[1.463s] Installing set_cap_client_node script to /home/nhu.nguyen/turtlebot4_ws/install/lab3_pkg/lib/lab3_pkg
[1.463s] writing list of installed files to '/home/nhu.nguyen/turtlebot4_ws/build/lab3_pkg/install.log'
[1.483s] Invoked command in '/home/nhu.nguyen/turtlebot4_ws/src/lab3_pkg' returned '0': PYTHONPATH=/home/nhu.nguyen/turtlebot4_ws/build/lab3_pkg/prefix_override:/usr/lib/python3/dist-packages/colcon_core/task/python/colcon_distutils_commands:/home/nhu.nguyen/turtlebot4_ws/install/lab3_pkg/lib/python3.12/site-packages:/home/nhu.nguyen/turtlebot4_ws/install/custom_interfaces/lib/python3.12/site-packages:/home/nhu.nguyen/turtlebot4_ws/install/lab3_pkg/lib/python3.12/site-packages:/home/nhu.nguyen/turtlebot4_ws/install/lab2_pkg/lib/python3.12/site-packages:/home/nhu.nguyen/turtlebot4_ws/install/lab1_pkg/lib/python3.12/site-packages:/opt/ros/jazzy/lib/python3.12/site-packages /usr/bin/python3 -W ignore:setup.py install is deprecated -W ignore:easy_install command is deprecated setup.py egg_info --egg-base ../../build/lab3_pkg build --build-base /home/nhu.nguyen/turtlebot4_ws/build/lab3_pkg/build install --record /home/nhu.nguyen/turtlebot4_ws/build/lab3_pkg/install.log --single-version-externally-managed install_data
