[1.301s] Invoking command in '/home/cnutter/turtlebot4_ws/src/lab5_pkg': AMENT_PREFIX_PATH=/home/cnutter/turtlebot4_ws/install/custom_interfaces:${AMENT_PREFIX_PATH} CMAKE_PREFIX_PATH=/home/cnutter/turtlebot4_ws/install/custom_interfaces:${CMAKE_PREFIX_PATH} LD_LIBRARY_PATH=/home/cnutter/turtlebot4_ws/install/custom_interfaces/lib:${LD_LIBRARY_PATH} PYTHONPATH=/home/cnutter/turtlebot4_ws/build/lab5_pkg/prefix_override:/usr/lib/python3/dist-packages/colcon_core/task/python/colcon_distutils_commands:/home/cnutter/turtlebot4_ws/install/lab5_pkg/lib/python3.12/site-packages:/home/cnutter/turtlebot4_ws/install/custom_interfaces/lib/python3.12/site-packages:${PYTHONPATH} /usr/bin/python3 -W ignore:setup.py install is deprecated -W ignore:easy_install command is deprecated setup.py egg_info --egg-base ../../build/lab5_pkg build --build-base /home/cnutter/turtlebot4_ws/build/lab5_pkg/build install --record /home/cnutter/turtlebot4_ws/build/lab5_pkg/install.log --single-version-externally-managed install_data
[1.594s] running egg_info
[1.594s] creating ../../build/lab5_pkg/lab5_pkg.egg-info
[1.619s] writing ../../build/lab5_pkg/lab5_pkg.egg-info/PKG-INFO
[1.619s] writing dependency_links to ../../build/lab5_pkg/lab5_pkg.egg-info/dependency_links.txt
[1.620s] writing entry points to ../../build/lab5_pkg/lab5_pkg.egg-info/entry_points.txt
[1.620s] writing requirements to ../../build/lab5_pkg/lab5_pkg.egg-info/requires.txt
[1.620s] writing top-level names to ../../build/lab5_pkg/lab5_pkg.egg-info/top_level.txt
[1.620s] writing manifest file '../../build/lab5_pkg/lab5_pkg.egg-info/SOURCES.txt'
[1.671s] reading manifest file '../../build/lab5_pkg/lab5_pkg.egg-info/SOURCES.txt'
[1.672s] writing manifest file '../../build/lab5_pkg/lab5_pkg.egg-info/SOURCES.txt'
[1.672s] running build
[1.672s] running build_py
[1.672s] creating /home/cnutter/turtlebot4_ws/build/lab5_pkg/build
[1.672s] creating /home/cnutter/turtlebot4_ws/build/lab5_pkg/build/lib
[1.672s] creating /home/cnutter/turtlebot4_ws/build/lab5_pkg/build/lib/lab5_pkg
[1.672s] copying lab5_pkg/go_to_goal_server.py -> /home/cnutter/turtlebot4_ws/build/lab5_pkg/build/lib/lab5_pkg
[1.674s] copying lab5_pkg/__init__.py -> /home/cnutter/turtlebot4_ws/build/lab5_pkg/build/lib/lab5_pkg
[1.674s] copying lab5_pkg/go_to_goal_client.py -> /home/cnutter/turtlebot4_ws/build/lab5_pkg/build/lib/lab5_pkg
[1.676s] running install
[1.681s] running install_lib
[1.705s] running install_data
[1.705s] running install_egg_info
[1.733s] removing '/home/cnutter/turtlebot4_ws/install/lab5_pkg/lib/python3.12/site-packages/lab5_pkg-0.0.0-py3.12.egg-info' (and everything under it)
[1.734s] Copying ../../build/lab5_pkg/lab5_pkg.egg-info to /home/cnutter/turtlebot4_ws/install/lab5_pkg/lib/python3.12/site-packages/lab5_pkg-0.0.0-py3.12.egg-info
[1.735s] running install_scripts
[1.909s] Installing go_to_goal_client script to /home/cnutter/turtlebot4_ws/install/lab5_pkg/lib/lab5_pkg
[1.911s] Installing go_to_goal_server script to /home/cnutter/turtlebot4_ws/install/lab5_pkg/lib/lab5_pkg
[1.912s] writing list of installed files to '/home/cnutter/turtlebot4_ws/build/lab5_pkg/install.log'
[1.977s] Invoked command in '/home/cnutter/turtlebot4_ws/src/lab5_pkg' returned '0': AMENT_PREFIX_PATH=/home/cnutter/turtlebot4_ws/install/custom_interfaces:${AMENT_PREFIX_PATH} CMAKE_PREFIX_PATH=/home/cnutter/turtlebot4_ws/install/custom_interfaces:${CMAKE_PREFIX_PATH} LD_LIBRARY_PATH=/home/cnutter/turtlebot4_ws/install/custom_interfaces/lib:${LD_LIBRARY_PATH} PYTHONPATH=/home/cnutter/turtlebot4_ws/build/lab5_pkg/prefix_override:/usr/lib/python3/dist-packages/colcon_core/task/python/colcon_distutils_commands:/home/cnutter/turtlebot4_ws/install/lab5_pkg/lib/python3.12/site-packages:/home/cnutter/turtlebot4_ws/install/custom_interfaces/lib/python3.12/site-packages:${PYTHONPATH} /usr/bin/python3 -W ignore:setup.py install is deprecated -W ignore:easy_install command is deprecated setup.py egg_info --egg-base ../../build/lab5_pkg build --build-base /home/cnutter/turtlebot4_ws/build/lab5_pkg/build install --record /home/cnutter/turtlebot4_ws/build/lab5_pkg/install.log --single-version-externally-managed install_data
