[3.205s] Invoking command in '/home/gbonham/turtlebot4_ws/src/final': PYTHONPATH=/home/gbonham/turtlebot4_ws/build/final/prefix_override:/usr/lib/python3/dist-packages/colcon_core/task/python/colcon_distutils_commands:/home/gbonham/turtlebot4_ws/install/final/lib/python3.12/site-packages:${PYTHONPATH} /usr/bin/python3 -W ignore:setup.py install is deprecated -W ignore:easy_install command is deprecated setup.py egg_info --egg-base ../../build/final build --build-base /home/gbonham/turtlebot4_ws/build/final/build install --record /home/gbonham/turtlebot4_ws/build/final/install.log --single-version-externally-managed install_data
[3.502s] running egg_info
[3.532s] writing ../../build/final/final.egg-info/PKG-INFO
[3.534s] writing dependency_links to ../../build/final/final.egg-info/dependency_links.txt
[3.535s] writing entry points to ../../build/final/final.egg-info/entry_points.txt
[3.536s] writing requirements to ../../build/final/final.egg-info/requires.txt
[3.537s] writing top-level names to ../../build/final/final.egg-info/top_level.txt
[3.591s] reading manifest file '../../build/final/final.egg-info/SOURCES.txt'
[3.593s] writing manifest file '../../build/final/final.egg-info/SOURCES.txt'
[3.594s] running build
[3.594s] running build_py
[3.594s] copying final/color_vision.py -> /home/gbonham/turtlebot4_ws/build/final/build/lib/final
[3.594s] running install
[3.599s] running install_lib
[3.624s] copying /home/gbonham/turtlebot4_ws/build/final/build/lib/final/color_vision.py -> /home/gbonham/turtlebot4_ws/install/final/lib/python3.12/site-packages/final
[3.625s] byte-compiling /home/gbonham/turtlebot4_ws/install/final/lib/python3.12/site-packages/final/color_vision.py to color_vision.cpython-312.pyc
[3.628s] running install_data
[3.628s] running install_egg_info
[3.656s] removing '/home/gbonham/turtlebot4_ws/install/final/lib/python3.12/site-packages/final-0.0.0-py3.12.egg-info' (and everything under it)
[3.656s] Copying ../../build/final/final.egg-info to /home/gbonham/turtlebot4_ws/install/final/lib/python3.12/site-packages/final-0.0.0-py3.12.egg-info
[3.659s] running install_scripts
[3.821s] Installing color_vision script to /home/gbonham/turtlebot4_ws/install/final/lib/final
[3.830s] writing list of installed files to '/home/gbonham/turtlebot4_ws/build/final/install.log'
[4.401s] Invoked command in '/home/gbonham/turtlebot4_ws/src/final' returned '0': PYTHONPATH=/home/gbonham/turtlebot4_ws/build/final/prefix_override:/usr/lib/python3/dist-packages/colcon_core/task/python/colcon_distutils_commands:/home/gbonham/turtlebot4_ws/install/final/lib/python3.12/site-packages:${PYTHONPATH} /usr/bin/python3 -W ignore:setup.py install is deprecated -W ignore:easy_install command is deprecated setup.py egg_info --egg-base ../../build/final build --build-base /home/gbonham/turtlebot4_ws/build/final/build install --record /home/gbonham/turtlebot4_ws/build/final/install.log --single-version-externally-managed install_data
