[0.015s] Invoking command in '/home/buenr/CS488/build/lab_bringup': AMENT_PREFIX_PATH=/home/buenr/CS488/install/lab3_pkg:/home/buenr/CS488/install/lab_bringup:/home/buenr/CS488/install/lab5_pkg:/home/buenr/CS488/install/lab2_pkg:/home/buenr/CS488/install/lab1_pkg:/home/buenr/CS488/install/custom_interfaces:/opt/ros/jazzy CMAKE_PREFIX_PATH=/home/buenr/CS488/install/custom_interfaces:/home/buenr/CS488/install/lab_bringup:/opt/ros/jazzy/opt/gz_sim_vendor:/opt/ros/jazzy/opt/gz_sensors_vendor:/opt/ros/jazzy/opt/gz_physics_vendor:/opt/ros/jazzy/opt/sdformat_vendor:/opt/ros/jazzy/opt/gz_gui_vendor:/opt/ros/jazzy/opt/gz_transport_vendor:/opt/ros/jazzy/opt/gz_rendering_vendor:/opt/ros/jazzy/opt/gz_plugin_vendor:/opt/ros/jazzy/opt/gz_fuel_tools_vendor:/opt/ros/jazzy/opt/gz_msgs_vendor:/opt/ros/jazzy/opt/gz_common_vendor:/opt/ros/jazzy/opt/gz_math_vendor:/opt/ros/jazzy/opt/gz_utils_vendor:/opt/ros/jazzy/opt/gz_tools_vendor:/opt/ros/jazzy/opt/gz_ogre_next_vendor:/opt/ros/jazzy/opt/gz_dartsim_vendor:/opt/ros/jazzy/opt/gz_cmake_vendor:/home/buenr/CS488/install/lab5_pkg:/home/buenr/CS488/install/lab3_pkg:/home/buenr/CS488/install/lab2_pkg:/home/buenr/CS488/install/lab1_pkg:/opt/ros/jazzy PYTHONPATH=/home/buenr/CS488/install/lab3_pkg/lib/python3.12/site-packages:/home/buenr/CS488/install/custom_interfaces/lib/python3.12/site-packages:/home/buenr/CS488/install/lab5_pkg/lib/python3.12/site-packages:/home/buenr/CS488/install/lab2_pkg/lib/python3.12/site-packages:/home/buenr/CS488/install/lab1_pkg/lib/python3.12/site-packages:/opt/ros/jazzy/lib/python3.12/site-packages /usr/bin/cmake /home/buenr/CS488/src/lab_bringup -DCMAKE_INSTALL_PREFIX=/home/buenr/CS488/install/lab_bringup
[0.103s] -- The C compiler identification is GNU 13.3.0
[0.182s] -- The CXX compiler identification is GNU 13.3.0
[0.228s] -- Detecting C compiler ABI info
[0.332s] -- Detecting C compiler ABI info - done
[0.340s] -- Check for working C compiler: /usr/bin/cc - skipped
[0.340s] -- Detecting C compile features
[0.341s] -- Detecting C compile features - done
[0.383s] -- Detecting CXX compiler ABI info
[0.491s] -- Detecting CXX compiler ABI info - done
[0.499s] -- Check for working CXX compiler: /usr/bin/c++ - skipped
[0.500s] -- Detecting CXX compile features
[0.500s] -- Detecting CXX compile features - done
[0.535s] -- Found ament_cmake: 2.5.5 (/opt/ros/jazzy/share/ament_cmake/cmake)
[0.665s] -- Found Python3: /usr/bin/python3 (found version "3.12.3") found components: Interpreter 
[0.788s] -- Found ament_lint_auto: 0.17.4 (/opt/ros/jazzy/share/ament_lint_auto/cmake)
[0.901s] -- Added test 'lint_cmake' to check CMake code style
[0.903s] -- Added test 'xmllint' to check XML markup files
[0.915s] -- Configuring done (0.9s)
[0.921s] -- Generating done (0.0s)
[0.938s] -- Build files have been written to: /home/buenr/CS488/build/lab_bringup
[0.941s] Invoked command in '/home/buenr/CS488/build/lab_bringup' returned '0': AMENT_PREFIX_PATH=/home/buenr/CS488/install/lab3_pkg:/home/buenr/CS488/install/lab_bringup:/home/buenr/CS488/install/lab5_pkg:/home/buenr/CS488/install/lab2_pkg:/home/buenr/CS488/install/lab1_pkg:/home/buenr/CS488/install/custom_interfaces:/opt/ros/jazzy CMAKE_PREFIX_PATH=/home/buenr/CS488/install/custom_interfaces:/home/buenr/CS488/install/lab_bringup:/opt/ros/jazzy/opt/gz_sim_vendor:/opt/ros/jazzy/opt/gz_sensors_vendor:/opt/ros/jazzy/opt/gz_physics_vendor:/opt/ros/jazzy/opt/sdformat_vendor:/opt/ros/jazzy/opt/gz_gui_vendor:/opt/ros/jazzy/opt/gz_transport_vendor:/opt/ros/jazzy/opt/gz_rendering_vendor:/opt/ros/jazzy/opt/gz_plugin_vendor:/opt/ros/jazzy/opt/gz_fuel_tools_vendor:/opt/ros/jazzy/opt/gz_msgs_vendor:/opt/ros/jazzy/opt/gz_common_vendor:/opt/ros/jazzy/opt/gz_math_vendor:/opt/ros/jazzy/opt/gz_utils_vendor:/opt/ros/jazzy/opt/gz_tools_vendor:/opt/ros/jazzy/opt/gz_ogre_next_vendor:/opt/ros/jazzy/opt/gz_dartsim_vendor:/opt/ros/jazzy/opt/gz_cmake_vendor:/home/buenr/CS488/install/lab5_pkg:/home/buenr/CS488/install/lab3_pkg:/home/buenr/CS488/install/lab2_pkg:/home/buenr/CS488/install/lab1_pkg:/opt/ros/jazzy PYTHONPATH=/home/buenr/CS488/install/lab3_pkg/lib/python3.12/site-packages:/home/buenr/CS488/install/custom_interfaces/lib/python3.12/site-packages:/home/buenr/CS488/install/lab5_pkg/lib/python3.12/site-packages:/home/buenr/CS488/install/lab2_pkg/lib/python3.12/site-packages:/home/buenr/CS488/install/lab1_pkg/lib/python3.12/site-packages:/opt/ros/jazzy/lib/python3.12/site-packages /usr/bin/cmake /home/buenr/CS488/src/lab_bringup -DCMAKE_INSTALL_PREFIX=/home/buenr/CS488/install/lab_bringup
[0.942s] Invoking command in '/home/buenr/CS488/build/lab_bringup': AMENT_PREFIX_PATH=/home/buenr/CS488/install/lab3_pkg:/home/buenr/CS488/install/lab_bringup:/home/buenr/CS488/install/lab5_pkg:/home/buenr/CS488/install/lab2_pkg:/home/buenr/CS488/install/lab1_pkg:/home/buenr/CS488/install/custom_interfaces:/opt/ros/jazzy CMAKE_PREFIX_PATH=/home/buenr/CS488/install/custom_interfaces:/home/buenr/CS488/install/lab_bringup:/opt/ros/jazzy/opt/gz_sim_vendor:/opt/ros/jazzy/opt/gz_sensors_vendor:/opt/ros/jazzy/opt/gz_physics_vendor:/opt/ros/jazzy/opt/sdformat_vendor:/opt/ros/jazzy/opt/gz_gui_vendor:/opt/ros/jazzy/opt/gz_transport_vendor:/opt/ros/jazzy/opt/gz_rendering_vendor:/opt/ros/jazzy/opt/gz_plugin_vendor:/opt/ros/jazzy/opt/gz_fuel_tools_vendor:/opt/ros/jazzy/opt/gz_msgs_vendor:/opt/ros/jazzy/opt/gz_common_vendor:/opt/ros/jazzy/opt/gz_math_vendor:/opt/ros/jazzy/opt/gz_utils_vendor:/opt/ros/jazzy/opt/gz_tools_vendor:/opt/ros/jazzy/opt/gz_ogre_next_vendor:/opt/ros/jazzy/opt/gz_dartsim_vendor:/opt/ros/jazzy/opt/gz_cmake_vendor:/home/buenr/CS488/install/lab5_pkg:/home/buenr/CS488/install/lab3_pkg:/home/buenr/CS488/install/lab2_pkg:/home/buenr/CS488/install/lab1_pkg:/opt/ros/jazzy PYTHONPATH=/home/buenr/CS488/install/lab3_pkg/lib/python3.12/site-packages:/home/buenr/CS488/install/custom_interfaces/lib/python3.12/site-packages:/home/buenr/CS488/install/lab5_pkg/lib/python3.12/site-packages:/home/buenr/CS488/install/lab2_pkg/lib/python3.12/site-packages:/home/buenr/CS488/install/lab1_pkg/lib/python3.12/site-packages:/opt/ros/jazzy/lib/python3.12/site-packages /usr/bin/cmake --build /home/buenr/CS488/build/lab_bringup -- -j16 -l16
[0.982s] Invoked command in '/home/buenr/CS488/build/lab_bringup' returned '0': AMENT_PREFIX_PATH=/home/buenr/CS488/install/lab3_pkg:/home/buenr/CS488/install/lab_bringup:/home/buenr/CS488/install/lab5_pkg:/home/buenr/CS488/install/lab2_pkg:/home/buenr/CS488/install/lab1_pkg:/home/buenr/CS488/install/custom_interfaces:/opt/ros/jazzy CMAKE_PREFIX_PATH=/home/buenr/CS488/install/custom_interfaces:/home/buenr/CS488/install/lab_bringup:/opt/ros/jazzy/opt/gz_sim_vendor:/opt/ros/jazzy/opt/gz_sensors_vendor:/opt/ros/jazzy/opt/gz_physics_vendor:/opt/ros/jazzy/opt/sdformat_vendor:/opt/ros/jazzy/opt/gz_gui_vendor:/opt/ros/jazzy/opt/gz_transport_vendor:/opt/ros/jazzy/opt/gz_rendering_vendor:/opt/ros/jazzy/opt/gz_plugin_vendor:/opt/ros/jazzy/opt/gz_fuel_tools_vendor:/opt/ros/jazzy/opt/gz_msgs_vendor:/opt/ros/jazzy/opt/gz_common_vendor:/opt/ros/jazzy/opt/gz_math_vendor:/opt/ros/jazzy/opt/gz_utils_vendor:/opt/ros/jazzy/opt/gz_tools_vendor:/opt/ros/jazzy/opt/gz_ogre_next_vendor:/opt/ros/jazzy/opt/gz_dartsim_vendor:/opt/ros/jazzy/opt/gz_cmake_vendor:/home/buenr/CS488/install/lab5_pkg:/home/buenr/CS488/install/lab3_pkg:/home/buenr/CS488/install/lab2_pkg:/home/buenr/CS488/install/lab1_pkg:/opt/ros/jazzy PYTHONPATH=/home/buenr/CS488/install/lab3_pkg/lib/python3.12/site-packages:/home/buenr/CS488/install/custom_interfaces/lib/python3.12/site-packages:/home/buenr/CS488/install/lab5_pkg/lib/python3.12/site-packages:/home/buenr/CS488/install/lab2_pkg/lib/python3.12/site-packages:/home/buenr/CS488/install/lab1_pkg/lib/python3.12/site-packages:/opt/ros/jazzy/lib/python3.12/site-packages /usr/bin/cmake --build /home/buenr/CS488/build/lab_bringup -- -j16 -l16
[0.985s] Invoking command in '/home/buenr/CS488/build/lab_bringup': AMENT_PREFIX_PATH=/home/buenr/CS488/install/lab3_pkg:/home/buenr/CS488/install/lab_bringup:/home/buenr/CS488/install/lab5_pkg:/home/buenr/CS488/install/lab2_pkg:/home/buenr/CS488/install/lab1_pkg:/home/buenr/CS488/install/custom_interfaces:/opt/ros/jazzy CMAKE_PREFIX_PATH=/home/buenr/CS488/install/custom_interfaces:/home/buenr/CS488/install/lab_bringup:/opt/ros/jazzy/opt/gz_sim_vendor:/opt/ros/jazzy/opt/gz_sensors_vendor:/opt/ros/jazzy/opt/gz_physics_vendor:/opt/ros/jazzy/opt/sdformat_vendor:/opt/ros/jazzy/opt/gz_gui_vendor:/opt/ros/jazzy/opt/gz_transport_vendor:/opt/ros/jazzy/opt/gz_rendering_vendor:/opt/ros/jazzy/opt/gz_plugin_vendor:/opt/ros/jazzy/opt/gz_fuel_tools_vendor:/opt/ros/jazzy/opt/gz_msgs_vendor:/opt/ros/jazzy/opt/gz_common_vendor:/opt/ros/jazzy/opt/gz_math_vendor:/opt/ros/jazzy/opt/gz_utils_vendor:/opt/ros/jazzy/opt/gz_tools_vendor:/opt/ros/jazzy/opt/gz_ogre_next_vendor:/opt/ros/jazzy/opt/gz_dartsim_vendor:/opt/ros/jazzy/opt/gz_cmake_vendor:/home/buenr/CS488/install/lab5_pkg:/home/buenr/CS488/install/lab3_pkg:/home/buenr/CS488/install/lab2_pkg:/home/buenr/CS488/install/lab1_pkg:/opt/ros/jazzy PYTHONPATH=/home/buenr/CS488/install/lab3_pkg/lib/python3.12/site-packages:/home/buenr/CS488/install/custom_interfaces/lib/python3.12/site-packages:/home/buenr/CS488/install/lab5_pkg/lib/python3.12/site-packages:/home/buenr/CS488/install/lab2_pkg/lib/python3.12/site-packages:/home/buenr/CS488/install/lab1_pkg/lib/python3.12/site-packages:/opt/ros/jazzy/lib/python3.12/site-packages /usr/bin/cmake --install /home/buenr/CS488/build/lab_bringup
[0.996s] -- Install configuration: ""
[0.996s] -- Installing: /home/buenr/CS488/install/lab_bringup/share/lab_bringup//launch
[0.996s] -- Installing: /home/buenr/CS488/install/lab_bringup/share/lab_bringup//launch/lab4.launch.xml
[0.997s] -- Installing: /home/buenr/CS488/install/lab_bringup/share/lab_bringup//launch/lab3.launch.xml
[0.997s] -- Installing: /home/buenr/CS488/install/lab_bringup/share/ament_index/resource_index/package_run_dependencies/lab_bringup
[0.998s] -- Installing: /home/buenr/CS488/install/lab_bringup/share/ament_index/resource_index/parent_prefix_path/lab_bringup
[0.999s] -- Installing: /home/buenr/CS488/install/lab_bringup/share/lab_bringup/environment/ament_prefix_path.sh
[1.000s] -- Installing: /home/buenr/CS488/install/lab_bringup/share/lab_bringup/environment/ament_prefix_path.dsv
[1.001s] -- Installing: /home/buenr/CS488/install/lab_bringup/share/lab_bringup/environment/path.sh
[1.001s] -- Installing: /home/buenr/CS488/install/lab_bringup/share/lab_bringup/environment/path.dsv
[1.002s] -- Installing: /home/buenr/CS488/install/lab_bringup/share/lab_bringup/local_setup.bash
[1.003s] -- Installing: /home/buenr/CS488/install/lab_bringup/share/lab_bringup/local_setup.sh
[1.003s] -- Installing: /home/buenr/CS488/install/lab_bringup/share/lab_bringup/local_setup.zsh
[1.003s] -- Installing: /home/buenr/CS488/install/lab_bringup/share/lab_bringup/local_setup.dsv
[1.005s] -- Installing: /home/buenr/CS488/install/lab_bringup/share/lab_bringup/package.dsv
[1.005s] -- Installing: /home/buenr/CS488/install/lab_bringup/share/ament_index/resource_index/packages/lab_bringup
[1.005s] -- Installing: /home/buenr/CS488/install/lab_bringup/share/lab_bringup/cmake/lab_bringupConfig.cmake
[1.006s] -- Installing: /home/buenr/CS488/install/lab_bringup/share/lab_bringup/cmake/lab_bringupConfig-version.cmake
[1.006s] -- Installing: /home/buenr/CS488/install/lab_bringup/share/lab_bringup/package.xml
[1.008s] Invoked command in '/home/buenr/CS488/build/lab_bringup' returned '0': AMENT_PREFIX_PATH=/home/buenr/CS488/install/lab3_pkg:/home/buenr/CS488/install/lab_bringup:/home/buenr/CS488/install/lab5_pkg:/home/buenr/CS488/install/lab2_pkg:/home/buenr/CS488/install/lab1_pkg:/home/buenr/CS488/install/custom_interfaces:/opt/ros/jazzy CMAKE_PREFIX_PATH=/home/buenr/CS488/install/custom_interfaces:/home/buenr/CS488/install/lab_bringup:/opt/ros/jazzy/opt/gz_sim_vendor:/opt/ros/jazzy/opt/gz_sensors_vendor:/opt/ros/jazzy/opt/gz_physics_vendor:/opt/ros/jazzy/opt/sdformat_vendor:/opt/ros/jazzy/opt/gz_gui_vendor:/opt/ros/jazzy/opt/gz_transport_vendor:/opt/ros/jazzy/opt/gz_rendering_vendor:/opt/ros/jazzy/opt/gz_plugin_vendor:/opt/ros/jazzy/opt/gz_fuel_tools_vendor:/opt/ros/jazzy/opt/gz_msgs_vendor:/opt/ros/jazzy/opt/gz_common_vendor:/opt/ros/jazzy/opt/gz_math_vendor:/opt/ros/jazzy/opt/gz_utils_vendor:/opt/ros/jazzy/opt/gz_tools_vendor:/opt/ros/jazzy/opt/gz_ogre_next_vendor:/opt/ros/jazzy/opt/gz_dartsim_vendor:/opt/ros/jazzy/opt/gz_cmake_vendor:/home/buenr/CS488/install/lab5_pkg:/home/buenr/CS488/install/lab3_pkg:/home/buenr/CS488/install/lab2_pkg:/home/buenr/CS488/install/lab1_pkg:/opt/ros/jazzy PYTHONPATH=/home/buenr/CS488/install/lab3_pkg/lib/python3.12/site-packages:/home/buenr/CS488/install/custom_interfaces/lib/python3.12/site-packages:/home/buenr/CS488/install/lab5_pkg/lib/python3.12/site-packages:/home/buenr/CS488/install/lab2_pkg/lib/python3.12/site-packages:/home/buenr/CS488/install/lab1_pkg/lib/python3.12/site-packages:/opt/ros/jazzy/lib/python3.12/site-packages /usr/bin/cmake --install /home/buenr/CS488/build/lab_bringup
