[1.329s] Invoking command in '/home/buenr/CS488/src/lab3_pkg': CMAKE_PREFIX_PATH=/home/buenr/CS488/install/custom_interfaces:/home/buenr/CS488/install/lab_bringup:/opt/ros/jazzy/opt/gz_sim_vendor:/opt/ros/jazzy/opt/gz_sensors_vendor:/opt/ros/jazzy/opt/gz_physics_vendor:/opt/ros/jazzy/opt/sdformat_vendor:/opt/ros/jazzy/opt/gz_gui_vendor:/opt/ros/jazzy/opt/gz_transport_vendor:/opt/ros/jazzy/opt/gz_rendering_vendor:/opt/ros/jazzy/opt/gz_plugin_vendor:/opt/ros/jazzy/opt/gz_fuel_tools_vendor:/opt/ros/jazzy/opt/gz_msgs_vendor:/opt/ros/jazzy/opt/gz_common_vendor:/opt/ros/jazzy/opt/gz_math_vendor:/opt/ros/jazzy/opt/gz_utils_vendor:/opt/ros/jazzy/opt/gz_tools_vendor:/opt/ros/jazzy/opt/gz_ogre_next_vendor:/opt/ros/jazzy/opt/gz_dartsim_vendor:/opt/ros/jazzy/opt/gz_cmake_vendor PYTHONPATH=/home/buenr/CS488/build/lab3_pkg/prefix_override:/usr/lib/python3/dist-packages/colcon_core/task/python/colcon_distutils_commands:/home/buenr/CS488/install/lab3_pkg/lib/python3.12/site-packages:/home/buenr/CS488/install/custom_interfaces/lib/python3.12/site-packages:/home/buenr/CS488/install/lab5_pkg/lib/python3.12/site-packages:/home/buenr/CS488/install/lab3_pkg/lib/python3.12/site-packages:/home/buenr/CS488/install/lab2_pkg/lib/python3.12/site-packages:/home/buenr/CS488/install/lab1_pkg/lib/python3.12/site-packages:/opt/ros/jazzy/lib/python3.12/site-packages /usr/bin/python3 -W ignore:setup.py install is deprecated -W ignore:easy_install command is deprecated setup.py egg_info --egg-base ../../build/lab3_pkg build --build-base /home/buenr/CS488/build/lab3_pkg/build install --record /home/buenr/CS488/build/lab3_pkg/install.log --single-version-externally-managed install_data
[1.616s] running egg_info
[1.616s] creating ../../build/lab3_pkg/lab3_pkg.egg-info
[1.640s] writing ../../build/lab3_pkg/lab3_pkg.egg-info/PKG-INFO
[1.640s] writing dependency_links to ../../build/lab3_pkg/lab3_pkg.egg-info/dependency_links.txt
[1.641s] writing entry points to ../../build/lab3_pkg/lab3_pkg.egg-info/entry_points.txt
[1.641s] writing requirements to ../../build/lab3_pkg/lab3_pkg.egg-info/requires.txt
[1.641s] writing top-level names to ../../build/lab3_pkg/lab3_pkg.egg-info/top_level.txt
[1.641s] writing manifest file '../../build/lab3_pkg/lab3_pkg.egg-info/SOURCES.txt'
[1.689s] reading manifest file '../../build/lab3_pkg/lab3_pkg.egg-info/SOURCES.txt'
[1.690s] writing manifest file '../../build/lab3_pkg/lab3_pkg.egg-info/SOURCES.txt'
[1.690s] running build
[1.690s] running build_py
[1.690s] creating /home/buenr/CS488/build/lab3_pkg/build
[1.690s] creating /home/buenr/CS488/build/lab3_pkg/build/lib
[1.690s] creating /home/buenr/CS488/build/lab3_pkg/build/lib/lab3_pkg
[1.690s] copying lab3_pkg/set_cap_client.py -> /home/buenr/CS488/build/lab3_pkg/build/lib/lab3_pkg
[1.690s] copying lab3_pkg/__init__.py -> /home/buenr/CS488/build/lab3_pkg/build/lib/lab3_pkg
[1.690s] copying lab3_pkg/lab3_server.py -> /home/buenr/CS488/build/lab3_pkg/build/lib/lab3_pkg
[1.691s] running install
[1.696s] running install_lib
[1.721s] creating /home/buenr/CS488/install/lab3_pkg/lib/python3.12/site-packages/lab3_pkg
[1.721s] copying /home/buenr/CS488/build/lab3_pkg/build/lib/lab3_pkg/set_cap_client.py -> /home/buenr/CS488/install/lab3_pkg/lib/python3.12/site-packages/lab3_pkg
[1.721s] copying /home/buenr/CS488/build/lab3_pkg/build/lib/lab3_pkg/__init__.py -> /home/buenr/CS488/install/lab3_pkg/lib/python3.12/site-packages/lab3_pkg
[1.721s] copying /home/buenr/CS488/build/lab3_pkg/build/lib/lab3_pkg/lab3_server.py -> /home/buenr/CS488/install/lab3_pkg/lib/python3.12/site-packages/lab3_pkg
[1.722s] byte-compiling /home/buenr/CS488/install/lab3_pkg/lib/python3.12/site-packages/lab3_pkg/set_cap_client.py to set_cap_client.cpython-312.pyc
[1.724s] byte-compiling /home/buenr/CS488/install/lab3_pkg/lib/python3.12/site-packages/lab3_pkg/__init__.py to __init__.cpython-312.pyc
[1.724s] byte-compiling /home/buenr/CS488/install/lab3_pkg/lib/python3.12/site-packages/lab3_pkg/lab3_server.py to lab3_server.cpython-312.pyc
[1.725s] running install_data
[1.725s] creating /home/buenr/CS488/install/lab3_pkg/share/ament_index
[1.725s] creating /home/buenr/CS488/install/lab3_pkg/share/ament_index/resource_index
[1.725s] creating /home/buenr/CS488/install/lab3_pkg/share/ament_index/resource_index/packages
[1.726s] copying resource/lab3_pkg -> /home/buenr/CS488/install/lab3_pkg/share/ament_index/resource_index/packages
[1.726s] copying package.xml -> /home/buenr/CS488/install/lab3_pkg/share/lab3_pkg
[1.726s] running install_egg_info
[1.751s] Copying ../../build/lab3_pkg/lab3_pkg.egg-info to /home/buenr/CS488/install/lab3_pkg/lib/python3.12/site-packages/lab3_pkg-0.0.0-py3.12.egg-info
[1.752s] running install_scripts
[1.907s] Installing SCOD_server script to /home/buenr/CS488/install/lab3_pkg/lib/lab3_pkg
[1.907s] Installing set_cap_client_node script to /home/buenr/CS488/install/lab3_pkg/lib/lab3_pkg
[1.907s] writing list of installed files to '/home/buenr/CS488/build/lab3_pkg/install.log'
[1.929s] Invoked command in '/home/buenr/CS488/src/lab3_pkg' returned '0': CMAKE_PREFIX_PATH=/home/buenr/CS488/install/custom_interfaces:/home/buenr/CS488/install/lab_bringup:/opt/ros/jazzy/opt/gz_sim_vendor:/opt/ros/jazzy/opt/gz_sensors_vendor:/opt/ros/jazzy/opt/gz_physics_vendor:/opt/ros/jazzy/opt/sdformat_vendor:/opt/ros/jazzy/opt/gz_gui_vendor:/opt/ros/jazzy/opt/gz_transport_vendor:/opt/ros/jazzy/opt/gz_rendering_vendor:/opt/ros/jazzy/opt/gz_plugin_vendor:/opt/ros/jazzy/opt/gz_fuel_tools_vendor:/opt/ros/jazzy/opt/gz_msgs_vendor:/opt/ros/jazzy/opt/gz_common_vendor:/opt/ros/jazzy/opt/gz_math_vendor:/opt/ros/jazzy/opt/gz_utils_vendor:/opt/ros/jazzy/opt/gz_tools_vendor:/opt/ros/jazzy/opt/gz_ogre_next_vendor:/opt/ros/jazzy/opt/gz_dartsim_vendor:/opt/ros/jazzy/opt/gz_cmake_vendor PYTHONPATH=/home/buenr/CS488/build/lab3_pkg/prefix_override:/usr/lib/python3/dist-packages/colcon_core/task/python/colcon_distutils_commands:/home/buenr/CS488/install/lab3_pkg/lib/python3.12/site-packages:/home/buenr/CS488/install/custom_interfaces/lib/python3.12/site-packages:/home/buenr/CS488/install/lab5_pkg/lib/python3.12/site-packages:/home/buenr/CS488/install/lab3_pkg/lib/python3.12/site-packages:/home/buenr/CS488/install/lab2_pkg/lib/python3.12/site-packages:/home/buenr/CS488/install/lab1_pkg/lib/python3.12/site-packages:/opt/ros/jazzy/lib/python3.12/site-packages /usr/bin/python3 -W ignore:setup.py install is deprecated -W ignore:easy_install command is deprecated setup.py egg_info --egg-base ../../build/lab3_pkg build --build-base /home/buenr/CS488/build/lab3_pkg/build install --record /home/buenr/CS488/build/lab3_pkg/install.log --single-version-externally-managed install_data
