[1.493s] Invoking command in '/home/gbonham/turtlebot4_ws/src/final': AMENT_PREFIX_PATH=/home/gbonham/turtlebot4_ws/install/custom_interfaces CMAKE_PREFIX_PATH=/home/gbonham/turtlebot4_ws/install/custom_interfaces LD_LIBRARY_PATH=/home/gbonham/turtlebot4_ws/install/custom_interfaces/lib PYTHONPATH=/home/gbonham/turtlebot4_ws/build/final/prefix_override:/usr/lib/python3/dist-packages/colcon_core/task/python/colcon_distutils_commands:/home/gbonham/turtlebot4_ws/install/final/lib/python3.12/site-packages:/home/gbonham/turtlebot4_ws/install/custom_interfaces/lib/python3.12/site-packages /usr/bin/python3 -W ignore:setup.py install is deprecated -W ignore:easy_install command is deprecated setup.py egg_info --egg-base ../../build/final build --build-base /home/gbonham/turtlebot4_ws/build/final/build install --record /home/gbonham/turtlebot4_ws/build/final/install.log --single-version-externally-managed install_data
[1.722s] running egg_info
[1.736s] writing ../../build/final/final.egg-info/PKG-INFO
[1.738s] writing dependency_links to ../../build/final/final.egg-info/dependency_links.txt
[1.738s] writing entry points to ../../build/final/final.egg-info/entry_points.txt
[1.740s] writing requirements to ../../build/final/final.egg-info/requires.txt
[1.741s] writing top-level names to ../../build/final/final.egg-info/top_level.txt
[1.777s] reading manifest file '../../build/final/final.egg-info/SOURCES.txt'
[1.779s] writing manifest file '../../build/final/final.egg-info/SOURCES.txt'
[1.779s] running build
[1.779s] running build_py
[1.779s] running install
[1.785s] running install_lib
[1.801s] running install_data
[1.801s] running install_egg_info
[1.820s] removing '/home/gbonham/turtlebot4_ws/install/final/lib/python3.12/site-packages/final-0.0.0-py3.12.egg-info' (and everything under it)
[1.821s] Copying ../../build/final/final.egg-info to /home/gbonham/turtlebot4_ws/install/final/lib/python3.12/site-packages/final-0.0.0-py3.12.egg-info
[1.824s] running install_scripts
[1.927s] Installing color_vision script to /home/gbonham/turtlebot4_ws/install/final/lib/final
[1.929s] Installing get_obs script to /home/gbonham/turtlebot4_ws/install/final/lib/final
[1.930s] Installing go_to_goal script to /home/gbonham/turtlebot4_ws/install/final/lib/final
[1.932s] Installing goal_client script to /home/gbonham/turtlebot4_ws/install/final/lib/final
[1.933s] Installing nav_pf script to /home/gbonham/turtlebot4_ws/install/final/lib/final
[1.935s] writing list of installed files to '/home/gbonham/turtlebot4_ws/build/final/install.log'
[2.060s] Invoked command in '/home/gbonham/turtlebot4_ws/src/final' returned '0': AMENT_PREFIX_PATH=/home/gbonham/turtlebot4_ws/install/custom_interfaces CMAKE_PREFIX_PATH=/home/gbonham/turtlebot4_ws/install/custom_interfaces LD_LIBRARY_PATH=/home/gbonham/turtlebot4_ws/install/custom_interfaces/lib PYTHONPATH=/home/gbonham/turtlebot4_ws/build/final/prefix_override:/usr/lib/python3/dist-packages/colcon_core/task/python/colcon_distutils_commands:/home/gbonham/turtlebot4_ws/install/final/lib/python3.12/site-packages:/home/gbonham/turtlebot4_ws/install/custom_interfaces/lib/python3.12/site-packages /usr/bin/python3 -W ignore:setup.py install is deprecated -W ignore:easy_install command is deprecated setup.py egg_info --egg-base ../../build/final build --build-base /home/gbonham/turtlebot4_ws/build/final/build install --record /home/gbonham/turtlebot4_ws/build/final/install.log --single-version-externally-managed install_data
