running egg_info
writing ../../build/lab5_pkg/lab5_pkg.egg-info/PKG-INFO
writing dependency_links to ../../build/lab5_pkg/lab5_pkg.egg-info/dependency_links.txt
writing entry points to ../../build/lab5_pkg/lab5_pkg.egg-info/entry_points.txt
writing requirements to ../../build/lab5_pkg/lab5_pkg.egg-info/requires.txt
writing top-level names to ../../build/lab5_pkg/lab5_pkg.egg-info/top_level.txt
reading manifest file '../../build/lab5_pkg/lab5_pkg.egg-info/SOURCES.txt'
writing manifest file '../../build/lab5_pkg/lab5_pkg.egg-info/SOURCES.txt'
running build
running build_py
running install
running install_lib
running install_data
copying package.xml -> /home/gbonham/turtlebot4_ws/install/lab5_pkg/share/lab5_pkg
running install_egg_info
removing '/home/gbonham/turtlebot4_ws/install/lab5_pkg/lib/python3.12/site-packages/lab5_pkg-0.0.0-py3.12.egg-info' (and everything under it)
Copying ../../build/lab5_pkg/lab5_pkg.egg-info to /home/gbonham/turtlebot4_ws/install/lab5_pkg/lib/python3.12/site-packages/lab5_pkg-0.0.0-py3.12.egg-info
running install_scripts
Installing go_to_goal_server script to /home/gbonham/turtlebot4_ws/install/lab5_pkg/lib/lab5_pkg
writing list of installed files to '/home/gbonham/turtlebot4_ws/build/lab5_pkg/install.log'
