running egg_info
creating ../../build/lab5_pkg/lab5_pkg.egg-info
writing ../../build/lab5_pkg/lab5_pkg.egg-info/PKG-INFO
writing dependency_links to ../../build/lab5_pkg/lab5_pkg.egg-info/dependency_links.txt
writing requirements to ../../build/lab5_pkg/lab5_pkg.egg-info/requires.txt
writing top-level names to ../../build/lab5_pkg/lab5_pkg.egg-info/top_level.txt
writing manifest file '../../build/lab5_pkg/lab5_pkg.egg-info/SOURCES.txt'
reading manifest file '../../build/lab5_pkg/lab5_pkg.egg-info/SOURCES.txt'
writing manifest file '../../build/lab5_pkg/lab5_pkg.egg-info/SOURCES.txt'
running build
running build_py
creating /home/gbonham/turtlebot4_ws/build/lab5_pkg/build
creating /home/gbonham/turtlebot4_ws/build/lab5_pkg/build/lib
creating /home/gbonham/turtlebot4_ws/build/lab5_pkg/build/lib/lab5_pkg
copying lab5_pkg/__init__.py -> /home/gbonham/turtlebot4_ws/build/lab5_pkg/build/lib/lab5_pkg
copying lab5_pkg/go_to_goal_server.py -> /home/gbonham/turtlebot4_ws/build/lab5_pkg/build/lib/lab5_pkg
running install
running install_lib
creating /home/gbonham/turtlebot4_ws/install/lab5_pkg/lib/python3.12/site-packages/lab5_pkg
copying /home/gbonham/turtlebot4_ws/build/lab5_pkg/build/lib/lab5_pkg/__init__.py -> /home/gbonham/turtlebot4_ws/install/lab5_pkg/lib/python3.12/site-packages/lab5_pkg
copying /home/gbonham/turtlebot4_ws/build/lab5_pkg/build/lib/lab5_pkg/go_to_goal_server.py -> /home/gbonham/turtlebot4_ws/install/lab5_pkg/lib/python3.12/site-packages/lab5_pkg
byte-compiling /home/gbonham/turtlebot4_ws/install/lab5_pkg/lib/python3.12/site-packages/lab5_pkg/__init__.py to __init__.cpython-312.pyc
byte-compiling /home/gbonham/turtlebot4_ws/install/lab5_pkg/lib/python3.12/site-packages/lab5_pkg/go_to_goal_server.py to go_to_goal_server.cpython-312.pyc
running install_data
creating /home/gbonham/turtlebot4_ws/install/lab5_pkg/share/ament_index
creating /home/gbonham/turtlebot4_ws/install/lab5_pkg/share/ament_index/resource_index
creating /home/gbonham/turtlebot4_ws/install/lab5_pkg/share/ament_index/resource_index/packages
copying resource/lab5_pkg -> /home/gbonham/turtlebot4_ws/install/lab5_pkg/share/ament_index/resource_index/packages
copying package.xml -> /home/gbonham/turtlebot4_ws/install/lab5_pkg/share/lab5_pkg
running install_egg_info
Copying ../../build/lab5_pkg/lab5_pkg.egg-info to /home/gbonham/turtlebot4_ws/install/lab5_pkg/lib/python3.12/site-packages/lab5_pkg-0.0.0-py3.12.egg-info
running install_scripts
writing list of installed files to '/home/gbonham/turtlebot4_ws/build/lab5_pkg/install.log'
