[0.000000] (-) TimerEvent: {}
[0.000329] (custom_interfaces) JobQueued: {'identifier': 'custom_interfaces', 'dependencies': OrderedDict()}
[0.000620] (lab1_pkg) JobQueued: {'identifier': 'lab1_pkg', 'dependencies': OrderedDict()}
[0.000667] (lab2_pkg) JobQueued: {'identifier': 'lab2_pkg', 'dependencies': OrderedDict()}
[0.000693] (lab3_pkg) JobQueued: {'identifier': 'lab3_pkg', 'dependencies': OrderedDict({'custom_interfaces': '/home/buenr/CS488/install/custom_interfaces'})}
[0.000755] (lab5_pkg) JobQueued: {'identifier': 'lab5_pkg', 'dependencies': OrderedDict({'custom_interfaces': '/home/buenr/CS488/install/custom_interfaces'})}
[0.000780] (lab_bringup) JobQueued: {'identifier': 'lab_bringup', 'dependencies': OrderedDict({'custom_interfaces': '/home/buenr/CS488/install/custom_interfaces', 'lab3_pkg': '/home/buenr/CS488/install/lab3_pkg'})}
[0.000817] (custom_interfaces) JobStarted: {'identifier': 'custom_interfaces'}
[0.007004] (lab1_pkg) JobStarted: {'identifier': 'lab1_pkg'}
[0.012269] (lab2_pkg) JobStarted: {'identifier': 'lab2_pkg'}
[0.018473] (custom_interfaces) JobProgress: {'identifier': 'custom_interfaces', 'progress': 'cmake'}
[0.019071] (custom_interfaces) JobProgress: {'identifier': 'custom_interfaces', 'progress': 'build'}
[0.019546] (custom_interfaces) Command: {'cmd': ['/usr/bin/cmake', '--build', '/home/buenr/CS488/build/custom_interfaces', '--', '-j16', '-l16'], 'cwd': '/home/buenr/CS488/build/custom_interfaces', 'env': OrderedDict({'USER': 'buenr', 'GZ_SIM_RESOURCE_PATH': '/opt/ros/jazzy/share', 'GZ_CONFIG_PATH': '/opt/ros/jazzy/opt/gz_sim_vendor/share/gz:/opt/ros/jazzy/opt/sdformat_vendor/share/gz:/opt/ros/jazzy/opt/gz_gui_vendor/share/gz:/opt/ros/jazzy/opt/gz_transport_vendor/share/gz:/opt/ros/jazzy/opt/gz_rendering_vendor/share/gz:/opt/ros/jazzy/opt/gz_plugin_vendor/share/gz:/opt/ros/jazzy/opt/gz_fuel_tools_vendor/share/gz:/opt/ros/jazzy/opt/gz_msgs_vendor/share/gz:/opt/ros/jazzy/opt/gz_common_vendor/share/gz', 'XDG_SESSION_TYPE': 'wayland', 'CLUTTER_DISABLE_MIPMAPPED_TEXT': '1', 'SHLVL': '1', 'LD_LIBRARY_PATH': '/home/buenr/CS488/install/custom_interfaces/lib:/opt/ros/jazzy/opt/gz_sim_vendor/lib:/opt/ros/jazzy/opt/gz_sensors_vendor/lib:/opt/ros/jazzy/opt/gz_physics_vendor/lib:/opt/ros/jazzy/opt/sdformat_vendor/lib:/opt/ros/jazzy/opt/rviz_ogre_vendor/lib:/opt/ros/jazzy/lib/x86_64-linux-gnu:/opt/ros/jazzy/opt/gz_gui_vendor/lib:/opt/ros/jazzy/opt/gz_transport_vendor/lib:/opt/ros/jazzy/opt/gz_rendering_vendor/lib:/opt/ros/jazzy/opt/gz_plugin_vendor/lib:/opt/ros/jazzy/opt/gz_fuel_tools_vendor/lib:/opt/ros/jazzy/opt/gz_msgs_vendor/lib:/opt/ros/jazzy/opt/gz_common_vendor/lib:/opt/ros/jazzy/opt/gz_math_vendor/lib:/opt/ros/jazzy/opt/gz_utils_vendor/lib:/opt/ros/jazzy/opt/gz_tools_vendor/lib:/opt/ros/jazzy/opt/gz_ogre_next_vendor/lib:/opt/ros/jazzy/opt/gz_dartsim_vendor/lib:/opt/ros/jazzy/opt/gz_cmake_vendor/lib:/opt/ros/jazzy/lib', 'OLDPWD': '/home/buenr', 'HOME': '/home/buenr', 'DESKTOP_SESSION': 'ubuntu', 'GTK_MODULES': 'gail:atk-bridge', 'GNOME_SHELL_SESSION_MODE': 'ubuntu', 'ROS_PYTHON_VERSION': '3', 'SYSTEMD_EXEC_PID': '30152', 'DBUS_SESSION_BUS_ADDRESS': 'unix:path=/run/user/481846386/bus', 'GSM_SKIP_SSH_AGENT_WORKAROUND': 'true', 'COLORTERM': 'truecolor', 'CONDA_CHANGEPS1': 'no', 'WAYLAND_DISPLAY': 'wayland-0', 'ROS_DISTRO': 'jazzy', 'COLCON_PREFIX_PATH': '/home/buenr/CS488/install', 'LOGNAME': 'buenr', '_': '/usr/bin/colcon', 'MEMORY_PRESSURE_WATCH': '/sys/fs/cgroup/user.slice/user-481846386.slice/user@481846386.service/session.slice/org.gnome.Shell@wayland.service/memory.pressure', 'XDG_SESSION_CLASS': 'user', 'ROS_VERSION': '2', 'USERNAME': 'buenr', 'TERM': 'xterm-256color', 'PROMPT_EOL_MARK': '', 'ROS_SUPER_CLIENT': 'True', 'GNOME_DESKTOP_SESSION_ID': 'this-is-deprecated', 'PATH': '/opt/ros/jazzy/opt/gz_msgs_vendor/bin:/opt/ros/jazzy/opt/gz_tools_vendor/bin:/opt/ros/jazzy/opt/gz_ogre_next_vendor/bin:/opt/ros/jazzy/bin:/usr/local/sbin:/usr/local/bin:/usr/sbin:/usr/bin:/sbin:/bin:/usr/games:/usr/local/games:/snap/bin:/snap/bin', 'SESSION_MANAGER': 'local/csci20122:@/tmp/.ICE-unix/30099,unix/csci20122:/tmp/.ICE-unix/30099', 'GNOME_TERMINAL_SCREEN': '/org/gnome/Terminal/screen/7d6d0661_eb5b_4e50_84b1_79b4a45519ac', 'XDG_MENU_PREFIX': 'gnome-', 'GNOME_SETUP_DISPLAY': ':1', 'XDG_RUNTIME_DIR': '/run/user/481846386', 'DISPLAY': ':0', 'XDG_CURRENT_DESKTOP': 'ubuntu:GNOME', 'LANG': 'en_US.UTF-8', 'RMW_IMPLEMENTATION': 'rmw_fastrtps_cpp', 'XDG_SESSION_DESKTOP': 'ubuntu', 'GNOME_TERMINAL_SERVICE': ':1.194', 'XMODIFIERS': '@im=ibus', 'XAUTHORITY': '/run/user/481846386/.mutter-Xwaylandauth.1MMGN3', 'SSH_AUTH_SOCK': '/run/user/481846386/keyring/ssh', 'AMENT_PREFIX_PATH': '/home/buenr/CS488/install/lab_bringup:/home/buenr/CS488/install/lab5_pkg:/home/buenr/CS488/install/lab3_pkg:/home/buenr/CS488/install/lab2_pkg:/home/buenr/CS488/install/lab1_pkg:/home/buenr/CS488/install/custom_interfaces:/opt/ros/jazzy', 'ROS_DOMAIN_ID': '0', 'KRB5CCNAME': 'FILE:/tmp/krb5cc_481846386_s7E0DV', 'SHELL': '/bin/zsh', 'ROS_DISCOVERY_SERVER': '10.5.113.101:11811', 'QT_ACCESSIBILITY': '1', 'GDMSESSION': 'ubuntu', 'QT_IM_MODULE': 'ibus', 'ROS_AUTOMATIC_DISCOVERY_RANGE': 'SUBNET', 'PWD': '/home/buenr/CS488/build/custom_interfaces', 'XDG_DATA_DIRS': '/usr/local/share/:/usr/share/:/var/lib/snapd/desktop', 'VIRTUAL_ENV_DISABLE_PROMPT': '12', 'PYTHONPATH': '/home/buenr/CS488/install/lab5_pkg/lib/python3.12/site-packages:/home/buenr/CS488/install/lab3_pkg/lib/python3.12/site-packages:/home/buenr/CS488/install/lab2_pkg/lib/python3.12/site-packages:/home/buenr/CS488/install/lab1_pkg/lib/python3.12/site-packages:/home/buenr/CS488/install/custom_interfaces/lib/python3.12/site-packages:/opt/ros/jazzy/lib/python3.12/site-packages', 'COLCON': '1', 'VTE_VERSION': '7600', 'MEMORY_PRESSURE_WRITE': 'c29tZSAyMDAwMDAgMjAwMDAwMAA=', 'CMAKE_PREFIX_PATH': '/home/buenr/CS488/install/lab_bringup:/home/buenr/CS488/install/custom_interfaces:/opt/ros/jazzy/opt/gz_sim_vendor:/opt/ros/jazzy/opt/gz_sensors_vendor:/opt/ros/jazzy/opt/gz_physics_vendor:/opt/ros/jazzy/opt/sdformat_vendor:/opt/ros/jazzy/opt/gz_gui_vendor:/opt/ros/jazzy/opt/gz_transport_vendor:/opt/ros/jazzy/opt/gz_rendering_vendor:/opt/ros/jazzy/opt/gz_plugin_vendor:/opt/ros/jazzy/opt/gz_fuel_tools_vendor:/opt/ros/jazzy/opt/gz_msgs_vendor:/opt/ros/jazzy/opt/gz_common_vendor:/opt/ros/jazzy/opt/gz_math_vendor:/opt/ros/jazzy/opt/gz_utils_vendor:/opt/ros/jazzy/opt/gz_tools_vendor:/opt/ros/jazzy/opt/gz_ogre_next_vendor:/opt/ros/jazzy/opt/gz_dartsim_vendor:/opt/ros/jazzy/opt/gz_cmake_vendor:/home/buenr/CS488/install/lab5_pkg:/home/buenr/CS488/install/lab3_pkg:/home/buenr/CS488/install/lab2_pkg:/home/buenr/CS488/install/lab1_pkg:/opt/ros/jazzy'}), 'shell': False}
[0.099891] (-) TimerEvent: {}
[0.200180] (-) TimerEvent: {}
[0.268016] (custom_interfaces) StdoutLine: {'line': b'[  2%] Built target custom_interfaces__rosidl_generator_type_description\n'}
[0.268391] (custom_interfaces) StdoutLine: {'line': b'[  2%] Built target ament_cmake_python_copy_custom_interfaces\n'}
[0.268638] (custom_interfaces) StdoutLine: {'line': b'[  4%] Built target custom_interfaces__cpp\n'}
[0.268744] (custom_interfaces) StdoutLine: {'line': b'[ 22%] Built target custom_interfaces__rosidl_generator_c\n'}
[0.268871] (custom_interfaces) StdoutLine: {'line': b'[ 47%] Built target custom_interfaces__rosidl_typesupport_introspection_c\n'}
[0.269048] (custom_interfaces) StdoutLine: {'line': b'[ 50%] Built target custom_interfaces__rosidl_typesupport_c\n'}
[0.269174] (custom_interfaces) StdoutLine: {'line': b'[ 50%] Built target custom_interfaces__rosidl_typesupport_fastrtps_c\n'}
[0.269287] (custom_interfaces) StdoutLine: {'line': b'[ 63%] Built target custom_interfaces__rosidl_typesupport_fastrtps_cpp\n'}
[0.269394] (custom_interfaces) StdoutLine: {'line': b'[ 68%] Built target custom_interfaces__rosidl_typesupport_introspection_cpp\n'}
[0.269499] (custom_interfaces) StdoutLine: {'line': b'[ 77%] Built target custom_interfaces__rosidl_typesupport_cpp\n'}
[0.269625] (custom_interfaces) StdoutLine: {'line': b'[ 77%] Built target custom_interfaces\n'}
[0.269752] (custom_interfaces) StdoutLine: {'line': b'[ 79%] Built target custom_interfaces__py\n'}
[0.269866] (custom_interfaces) StdoutLine: {'line': b'[ 86%] Built target custom_interfaces__rosidl_generator_py\n'}
[0.269997] (custom_interfaces) StdoutLine: {'line': b'[ 95%] Built target custom_interfaces_s__rosidl_typesupport_introspection_c\n'}
[0.270117] (custom_interfaces) StdoutLine: {'line': b'[ 95%] Built target custom_interfaces_s__rosidl_typesupport_fastrtps_c\n'}
[0.270228] (custom_interfaces) StdoutLine: {'line': b'[100%] Built target custom_interfaces_s__rosidl_typesupport_c\n'}
[0.300293] (-) TimerEvent: {}
[0.345691] (custom_interfaces) StdoutLine: {'line': b'running egg_info\n'}
[0.371797] (custom_interfaces) StdoutLine: {'line': b'writing custom_interfaces.egg-info/PKG-INFO\n'}
[0.372022] (custom_interfaces) StdoutLine: {'line': b'writing dependency_links to custom_interfaces.egg-info/dependency_links.txt\n'}
[0.372214] (custom_interfaces) StdoutLine: {'line': b'writing top-level names to custom_interfaces.egg-info/top_level.txt\n'}
[0.400360] (-) TimerEvent: {}
[0.447675] (custom_interfaces) StdoutLine: {'line': b"reading manifest file 'custom_interfaces.egg-info/SOURCES.txt'\n"}
[0.448164] (custom_interfaces) StdoutLine: {'line': b"writing manifest file 'custom_interfaces.egg-info/SOURCES.txt'\n"}
[0.469408] (custom_interfaces) StdoutLine: {'line': b'[100%] Built target ament_cmake_python_build_custom_interfaces_egg\n'}
[0.505103] (-) TimerEvent: {}
[0.513289] (custom_interfaces) CommandEnded: {'returncode': 0}
[0.513873] (custom_interfaces) JobProgress: {'identifier': 'custom_interfaces', 'progress': 'install'}
[0.522123] (custom_interfaces) Command: {'cmd': ['/usr/bin/cmake', '--install', '/home/buenr/CS488/build/custom_interfaces'], 'cwd': '/home/buenr/CS488/build/custom_interfaces', 'env': OrderedDict({'USER': 'buenr', 'GZ_SIM_RESOURCE_PATH': '/opt/ros/jazzy/share', 'GZ_CONFIG_PATH': '/opt/ros/jazzy/opt/gz_sim_vendor/share/gz:/opt/ros/jazzy/opt/sdformat_vendor/share/gz:/opt/ros/jazzy/opt/gz_gui_vendor/share/gz:/opt/ros/jazzy/opt/gz_transport_vendor/share/gz:/opt/ros/jazzy/opt/gz_rendering_vendor/share/gz:/opt/ros/jazzy/opt/gz_plugin_vendor/share/gz:/opt/ros/jazzy/opt/gz_fuel_tools_vendor/share/gz:/opt/ros/jazzy/opt/gz_msgs_vendor/share/gz:/opt/ros/jazzy/opt/gz_common_vendor/share/gz', 'XDG_SESSION_TYPE': 'wayland', 'CLUTTER_DISABLE_MIPMAPPED_TEXT': '1', 'SHLVL': '1', 'LD_LIBRARY_PATH': '/home/buenr/CS488/install/custom_interfaces/lib:/opt/ros/jazzy/opt/gz_sim_vendor/lib:/opt/ros/jazzy/opt/gz_sensors_vendor/lib:/opt/ros/jazzy/opt/gz_physics_vendor/lib:/opt/ros/jazzy/opt/sdformat_vendor/lib:/opt/ros/jazzy/opt/rviz_ogre_vendor/lib:/opt/ros/jazzy/lib/x86_64-linux-gnu:/opt/ros/jazzy/opt/gz_gui_vendor/lib:/opt/ros/jazzy/opt/gz_transport_vendor/lib:/opt/ros/jazzy/opt/gz_rendering_vendor/lib:/opt/ros/jazzy/opt/gz_plugin_vendor/lib:/opt/ros/jazzy/opt/gz_fuel_tools_vendor/lib:/opt/ros/jazzy/opt/gz_msgs_vendor/lib:/opt/ros/jazzy/opt/gz_common_vendor/lib:/opt/ros/jazzy/opt/gz_math_vendor/lib:/opt/ros/jazzy/opt/gz_utils_vendor/lib:/opt/ros/jazzy/opt/gz_tools_vendor/lib:/opt/ros/jazzy/opt/gz_ogre_next_vendor/lib:/opt/ros/jazzy/opt/gz_dartsim_vendor/lib:/opt/ros/jazzy/opt/gz_cmake_vendor/lib:/opt/ros/jazzy/lib', 'OLDPWD': '/home/buenr', 'HOME': '/home/buenr', 'DESKTOP_SESSION': 'ubuntu', 'GTK_MODULES': 'gail:atk-bridge', 'GNOME_SHELL_SESSION_MODE': 'ubuntu', 'ROS_PYTHON_VERSION': '3', 'SYSTEMD_EXEC_PID': '30152', 'DBUS_SESSION_BUS_ADDRESS': 'unix:path=/run/user/481846386/bus', 'GSM_SKIP_SSH_AGENT_WORKAROUND': 'true', 'COLORTERM': 'truecolor', 'CONDA_CHANGEPS1': 'no', 'WAYLAND_DISPLAY': 'wayland-0', 'ROS_DISTRO': 'jazzy', 'COLCON_PREFIX_PATH': '/home/buenr/CS488/install', 'LOGNAME': 'buenr', '_': '/usr/bin/colcon', 'MEMORY_PRESSURE_WATCH': '/sys/fs/cgroup/user.slice/user-481846386.slice/user@481846386.service/session.slice/org.gnome.Shell@wayland.service/memory.pressure', 'XDG_SESSION_CLASS': 'user', 'ROS_VERSION': '2', 'USERNAME': 'buenr', 'TERM': 'xterm-256color', 'PROMPT_EOL_MARK': '', 'ROS_SUPER_CLIENT': 'True', 'GNOME_DESKTOP_SESSION_ID': 'this-is-deprecated', 'PATH': '/opt/ros/jazzy/opt/gz_msgs_vendor/bin:/opt/ros/jazzy/opt/gz_tools_vendor/bin:/opt/ros/jazzy/opt/gz_ogre_next_vendor/bin:/opt/ros/jazzy/bin:/usr/local/sbin:/usr/local/bin:/usr/sbin:/usr/bin:/sbin:/bin:/usr/games:/usr/local/games:/snap/bin:/snap/bin', 'SESSION_MANAGER': 'local/csci20122:@/tmp/.ICE-unix/30099,unix/csci20122:/tmp/.ICE-unix/30099', 'GNOME_TERMINAL_SCREEN': '/org/gnome/Terminal/screen/7d6d0661_eb5b_4e50_84b1_79b4a45519ac', 'XDG_MENU_PREFIX': 'gnome-', 'GNOME_SETUP_DISPLAY': ':1', 'XDG_RUNTIME_DIR': '/run/user/481846386', 'DISPLAY': ':0', 'XDG_CURRENT_DESKTOP': 'ubuntu:GNOME', 'LANG': 'en_US.UTF-8', 'RMW_IMPLEMENTATION': 'rmw_fastrtps_cpp', 'XDG_SESSION_DESKTOP': 'ubuntu', 'GNOME_TERMINAL_SERVICE': ':1.194', 'XMODIFIERS': '@im=ibus', 'XAUTHORITY': '/run/user/481846386/.mutter-Xwaylandauth.1MMGN3', 'SSH_AUTH_SOCK': '/run/user/481846386/keyring/ssh', 'AMENT_PREFIX_PATH': '/home/buenr/CS488/install/lab_bringup:/home/buenr/CS488/install/lab5_pkg:/home/buenr/CS488/install/lab3_pkg:/home/buenr/CS488/install/lab2_pkg:/home/buenr/CS488/install/lab1_pkg:/home/buenr/CS488/install/custom_interfaces:/opt/ros/jazzy', 'ROS_DOMAIN_ID': '0', 'KRB5CCNAME': 'FILE:/tmp/krb5cc_481846386_s7E0DV', 'SHELL': '/bin/zsh', 'ROS_DISCOVERY_SERVER': '10.5.113.101:11811', 'QT_ACCESSIBILITY': '1', 'GDMSESSION': 'ubuntu', 'QT_IM_MODULE': 'ibus', 'ROS_AUTOMATIC_DISCOVERY_RANGE': 'SUBNET', 'PWD': '/home/buenr/CS488/build/custom_interfaces', 'XDG_DATA_DIRS': '/usr/local/share/:/usr/share/:/var/lib/snapd/desktop', 'VIRTUAL_ENV_DISABLE_PROMPT': '12', 'PYTHONPATH': '/home/buenr/CS488/install/lab5_pkg/lib/python3.12/site-packages:/home/buenr/CS488/install/lab3_pkg/lib/python3.12/site-packages:/home/buenr/CS488/install/lab2_pkg/lib/python3.12/site-packages:/home/buenr/CS488/install/lab1_pkg/lib/python3.12/site-packages:/home/buenr/CS488/install/custom_interfaces/lib/python3.12/site-packages:/opt/ros/jazzy/lib/python3.12/site-packages', 'COLCON': '1', 'VTE_VERSION': '7600', 'MEMORY_PRESSURE_WRITE': 'c29tZSAyMDAwMDAgMjAwMDAwMAA=', 'CMAKE_PREFIX_PATH': '/home/buenr/CS488/install/lab_bringup:/home/buenr/CS488/install/custom_interfaces:/opt/ros/jazzy/opt/gz_sim_vendor:/opt/ros/jazzy/opt/gz_sensors_vendor:/opt/ros/jazzy/opt/gz_physics_vendor:/opt/ros/jazzy/opt/sdformat_vendor:/opt/ros/jazzy/opt/gz_gui_vendor:/opt/ros/jazzy/opt/gz_transport_vendor:/opt/ros/jazzy/opt/gz_rendering_vendor:/opt/ros/jazzy/opt/gz_plugin_vendor:/opt/ros/jazzy/opt/gz_fuel_tools_vendor:/opt/ros/jazzy/opt/gz_msgs_vendor:/opt/ros/jazzy/opt/gz_common_vendor:/opt/ros/jazzy/opt/gz_math_vendor:/opt/ros/jazzy/opt/gz_utils_vendor:/opt/ros/jazzy/opt/gz_tools_vendor:/opt/ros/jazzy/opt/gz_ogre_next_vendor:/opt/ros/jazzy/opt/gz_dartsim_vendor:/opt/ros/jazzy/opt/gz_cmake_vendor:/home/buenr/CS488/install/lab5_pkg:/home/buenr/CS488/install/lab3_pkg:/home/buenr/CS488/install/lab2_pkg:/home/buenr/CS488/install/lab1_pkg:/opt/ros/jazzy'}), 'shell': False}
[0.530999] (custom_interfaces) StdoutLine: {'line': b'-- Install configuration: ""\n'}
[0.531278] (custom_interfaces) StdoutLine: {'line': b'-- Up-to-date: /home/buenr/CS488/install/custom_interfaces/share/ament_index/resource_index/rosidl_interfaces/custom_interfaces\n'}
[0.531508] (custom_interfaces) StdoutLine: {'line': b'-- Up-to-date: /home/buenr/CS488/install/custom_interfaces/share/custom_interfaces/srv/SetCap.json\n'}
[0.531712] (custom_interfaces) StdoutLine: {'line': b'-- Up-to-date: /home/buenr/CS488/install/custom_interfaces/share/custom_interfaces/action/RobotGoal.json\n'}
[0.531846] (custom_interfaces) StdoutLine: {'line': b'-- Up-to-date: /home/buenr/CS488/install/custom_interfaces/include/custom_interfaces/custom_interfaces\n'}
[0.531987] (custom_interfaces) StdoutLine: {'line': b'-- Up-to-date: /home/buenr/CS488/install/custom_interfaces/include/custom_interfaces/custom_interfaces/srv\n'}
[0.532121] (custom_interfaces) StdoutLine: {'line': b'-- Up-to-date: /home/buenr/CS488/install/custom_interfaces/include/custom_interfaces/custom_interfaces/srv/detail\n'}
[0.532258] (custom_interfaces) StdoutLine: {'line': b'-- Up-to-date: /home/buenr/CS488/install/custom_interfaces/include/custom_interfaces/custom_interfaces/srv/detail/set_cap__type_support.h\n'}
[0.532339] (custom_interfaces) StdoutLine: {'line': b'-- Up-to-date: /home/buenr/CS488/install/custom_interfaces/include/custom_interfaces/custom_interfaces/srv/detail/set_cap__description.c\n'}
[0.532425] (custom_interfaces) StdoutLine: {'line': b'-- Up-to-date: /home/buenr/CS488/install/custom_interfaces/include/custom_interfaces/custom_interfaces/srv/detail/set_cap__type_support.c\n'}
[0.532499] (custom_interfaces) StdoutLine: {'line': b'-- Up-to-date: /home/buenr/CS488/install/custom_interfaces/include/custom_interfaces/custom_interfaces/srv/detail/set_cap__functions.c\n'}
[0.532595] (custom_interfaces) StdoutLine: {'line': b'-- Up-to-date: /home/buenr/CS488/install/custom_interfaces/include/custom_interfaces/custom_interfaces/srv/detail/set_cap__functions.h\n'}
[0.532724] (custom_interfaces) StdoutLine: {'line': b'-- Up-to-date: /home/buenr/CS488/install/custom_interfaces/include/custom_interfaces/custom_interfaces/srv/detail/set_cap__struct.h\n'}
[0.532851] (custom_interfaces) StdoutLine: {'line': b'-- Up-to-date: /home/buenr/CS488/install/custom_interfaces/include/custom_interfaces/custom_interfaces/srv/set_cap.h\n'}
[0.532926] (custom_interfaces) StdoutLine: {'line': b'-- Up-to-date: /home/buenr/CS488/install/custom_interfaces/include/custom_interfaces/custom_interfaces/action\n'}
[0.533018] (custom_interfaces) StdoutLine: {'line': b'-- Up-to-date: /home/buenr/CS488/install/custom_interfaces/include/custom_interfaces/custom_interfaces/action/detail\n'}
[0.533090] (custom_interfaces) StdoutLine: {'line': b'-- Up-to-date: /home/buenr/CS488/install/custom_interfaces/include/custom_interfaces/custom_interfaces/action/detail/robot_goal__struct.h\n'}
[0.533160] (custom_interfaces) StdoutLine: {'line': b'-- Up-to-date: /home/buenr/CS488/install/custom_interfaces/include/custom_interfaces/custom_interfaces/action/detail/robot_goal__functions.c\n'}
[0.533229] (custom_interfaces) StdoutLine: {'line': b'-- Up-to-date: /home/buenr/CS488/install/custom_interfaces/include/custom_interfaces/custom_interfaces/action/detail/robot_goal__description.c\n'}
[0.533322] (custom_interfaces) StdoutLine: {'line': b'-- Up-to-date: /home/buenr/CS488/install/custom_interfaces/include/custom_interfaces/custom_interfaces/action/detail/robot_goal__functions.h\n'}
[0.533392] (custom_interfaces) StdoutLine: {'line': b'-- Up-to-date: /home/buenr/CS488/install/custom_interfaces/include/custom_interfaces/custom_interfaces/action/detail/robot_goal__type_support.h\n'}
[0.533460] (custom_interfaces) StdoutLine: {'line': b'-- Up-to-date: /home/buenr/CS488/install/custom_interfaces/include/custom_interfaces/custom_interfaces/action/detail/robot_goal__type_support.c\n'}
[0.533573] (custom_interfaces) StdoutLine: {'line': b'-- Up-to-date: /home/buenr/CS488/install/custom_interfaces/include/custom_interfaces/custom_interfaces/action/robot_goal.h\n'}
[0.533708] (custom_interfaces) StdoutLine: {'line': b'-- Up-to-date: /home/buenr/CS488/install/custom_interfaces/include/custom_interfaces/custom_interfaces/msg\n'}
[0.533822] (custom_interfaces) StdoutLine: {'line': b'-- Up-to-date: /home/buenr/CS488/install/custom_interfaces/include/custom_interfaces/custom_interfaces/msg/rosidl_generator_c__visibility_control.h\n'}
[0.533947] (custom_interfaces) StdoutLine: {'line': b'-- Up-to-date: /home/buenr/CS488/install/custom_interfaces/share/custom_interfaces/environment/library_path.sh\n'}
[0.534049] (custom_interfaces) StdoutLine: {'line': b'-- Up-to-date: /home/buenr/CS488/install/custom_interfaces/share/custom_interfaces/environment/library_path.dsv\n'}
[0.534171] (custom_interfaces) StdoutLine: {'line': b'-- Up-to-date: /home/buenr/CS488/install/custom_interfaces/lib/libcustom_interfaces__rosidl_generator_c.so\n'}
[0.534280] (custom_interfaces) StdoutLine: {'line': b'-- Up-to-date: /home/buenr/CS488/install/custom_interfaces/include/custom_interfaces/custom_interfaces\n'}
[0.534388] (custom_interfaces) StdoutLine: {'line': b'-- Up-to-date: /home/buenr/CS488/install/custom_interfaces/include/custom_interfaces/custom_interfaces/srv\n'}
[0.534468] (custom_interfaces) StdoutLine: {'line': b'-- Up-to-date: /home/buenr/CS488/install/custom_interfaces/include/custom_interfaces/custom_interfaces/srv/detail\n'}
[0.534549] (custom_interfaces) StdoutLine: {'line': b'-- Up-to-date: /home/buenr/CS488/install/custom_interfaces/include/custom_interfaces/custom_interfaces/srv/detail/set_cap__rosidl_typesupport_fastrtps_c.h\n'}
[0.534638] (custom_interfaces) StdoutLine: {'line': b'-- Up-to-date: /home/buenr/CS488/install/custom_interfaces/include/custom_interfaces/custom_interfaces/action\n'}
[0.534715] (custom_interfaces) StdoutLine: {'line': b'-- Up-to-date: /home/buenr/CS488/install/custom_interfaces/include/custom_interfaces/custom_interfaces/action/detail\n'}
[0.534789] (custom_interfaces) StdoutLine: {'line': b'-- Up-to-date: /home/buenr/CS488/install/custom_interfaces/include/custom_interfaces/custom_interfaces/action/detail/robot_goal__rosidl_typesupport_fastrtps_c.h\n'}
[0.534895] (custom_interfaces) StdoutLine: {'line': b'-- Up-to-date: /home/buenr/CS488/install/custom_interfaces/include/custom_interfaces/custom_interfaces/msg\n'}
[0.535013] (custom_interfaces) StdoutLine: {'line': b'-- Up-to-date: /home/buenr/CS488/install/custom_interfaces/include/custom_interfaces/custom_interfaces/msg/rosidl_typesupport_fastrtps_c__visibility_control.h\n'}
[0.535125] (custom_interfaces) StdoutLine: {'line': b'-- Up-to-date: /home/buenr/CS488/install/custom_interfaces/lib/libcustom_interfaces__rosidl_typesupport_fastrtps_c.so\n'}
[0.535201] (custom_interfaces) StdoutLine: {'line': b'-- Up-to-date: /home/buenr/CS488/install/custom_interfaces/include/custom_interfaces/custom_interfaces\n'}
[0.535278] (custom_interfaces) StdoutLine: {'line': b'-- Up-to-date: /home/buenr/CS488/install/custom_interfaces/include/custom_interfaces/custom_interfaces/srv\n'}
[0.535367] (custom_interfaces) StdoutLine: {'line': b'-- Up-to-date: /home/buenr/CS488/install/custom_interfaces/include/custom_interfaces/custom_interfaces/srv/detail\n'}
[0.535442] (custom_interfaces) StdoutLine: {'line': b'-- Up-to-date: /home/buenr/CS488/install/custom_interfaces/include/custom_interfaces/custom_interfaces/srv/detail/set_cap__type_support.c\n'}
[0.535522] (custom_interfaces) StdoutLine: {'line': b'-- Up-to-date: /home/buenr/CS488/install/custom_interfaces/include/custom_interfaces/custom_interfaces/srv/detail/set_cap__rosidl_typesupport_introspection_c.h\n'}
[0.535609] (custom_interfaces) StdoutLine: {'line': b'-- Up-to-date: /home/buenr/CS488/install/custom_interfaces/include/custom_interfaces/custom_interfaces/action\n'}
[0.535684] (custom_interfaces) StdoutLine: {'line': b'-- Up-to-date: /home/buenr/CS488/install/custom_interfaces/include/custom_interfaces/custom_interfaces/action/detail\n'}
[0.535775] (custom_interfaces) StdoutLine: {'line': b'-- Up-to-date: /home/buenr/CS488/install/custom_interfaces/include/custom_interfaces/custom_interfaces/action/detail/robot_goal__rosidl_typesupport_introspection_c.h\n'}
[0.535851] (custom_interfaces) StdoutLine: {'line': b'-- Up-to-date: /home/buenr/CS488/install/custom_interfaces/include/custom_interfaces/custom_interfaces/action/detail/robot_goal__type_support.c\n'}
[0.535974] (custom_interfaces) StdoutLine: {'line': b'-- Up-to-date: /home/buenr/CS488/install/custom_interfaces/include/custom_interfaces/custom_interfaces/msg\n'}
[0.536062] (custom_interfaces) StdoutLine: {'line': b'-- Up-to-date: /home/buenr/CS488/install/custom_interfaces/include/custom_interfaces/custom_interfaces/msg/rosidl_typesupport_introspection_c__visibility_control.h\n'}
[0.536137] (custom_interfaces) StdoutLine: {'line': b'-- Up-to-date: /home/buenr/CS488/install/custom_interfaces/lib/libcustom_interfaces__rosidl_typesupport_introspection_c.so\n'}
[0.536213] (custom_interfaces) StdoutLine: {'line': b'-- Up-to-date: /home/buenr/CS488/install/custom_interfaces/lib/libcustom_interfaces__rosidl_typesupport_c.so\n'}
[0.536310] (custom_interfaces) StdoutLine: {'line': b'-- Up-to-date: /home/buenr/CS488/install/custom_interfaces/include/custom_interfaces/custom_interfaces\n'}
[0.536389] (custom_interfaces) StdoutLine: {'line': b'-- Up-to-date: /home/buenr/CS488/install/custom_interfaces/include/custom_interfaces/custom_interfaces/srv\n'}
[0.536466] (custom_interfaces) StdoutLine: {'line': b'-- Up-to-date: /home/buenr/CS488/install/custom_interfaces/include/custom_interfaces/custom_interfaces/srv/detail\n'}
[0.536579] (custom_interfaces) StdoutLine: {'line': b'-- Up-to-date: /home/buenr/CS488/install/custom_interfaces/include/custom_interfaces/custom_interfaces/srv/detail/set_cap__traits.hpp\n'}
[0.536708] (custom_interfaces) StdoutLine: {'line': b'-- Up-to-date: /home/buenr/CS488/install/custom_interfaces/include/custom_interfaces/custom_interfaces/srv/detail/set_cap__struct.hpp\n'}
[0.536853] (custom_interfaces) StdoutLine: {'line': b'-- Up-to-date: /home/buenr/CS488/install/custom_interfaces/include/custom_interfaces/custom_interfaces/srv/detail/set_cap__builder.hpp\n'}
[0.536974] (custom_interfaces) StdoutLine: {'line': b'-- Up-to-date: /home/buenr/CS488/install/custom_interfaces/include/custom_interfaces/custom_interfaces/srv/detail/set_cap__type_support.hpp\n'}
[0.537059] (custom_interfaces) StdoutLine: {'line': b'-- Up-to-date: /home/buenr/CS488/install/custom_interfaces/include/custom_interfaces/custom_interfaces/srv/set_cap.hpp\n'}
[0.537267] (custom_interfaces) StdoutLine: {'line': b'-- Up-to-date: /home/buenr/CS488/install/custom_interfaces/include/custom_interfaces/custom_interfaces/action\n'}
[0.537443] (custom_interfaces) StdoutLine: {'line': b'-- Up-to-date: /home/buenr/CS488/install/custom_interfaces/include/custom_interfaces/custom_interfaces/action/detail\n'}
[0.537571] (custom_interfaces) StdoutLine: {'line': b'-- Up-to-date: /home/buenr/CS488/install/custom_interfaces/include/custom_interfaces/custom_interfaces/action/detail/robot_goal__struct.hpp\n'}
[0.537700] (custom_interfaces) StdoutLine: {'line': b'-- Up-to-date: /home/buenr/CS488/install/custom_interfaces/include/custom_interfaces/custom_interfaces/action/detail/robot_goal__type_support.hpp\n'}
[0.537813] (custom_interfaces) StdoutLine: {'line': b'-- Up-to-date: /home/buenr/CS488/install/custom_interfaces/include/custom_interfaces/custom_interfaces/action/detail/robot_goal__traits.hpp\n'}
[0.537928] (custom_interfaces) StdoutLine: {'line': b'-- Up-to-date: /home/buenr/CS488/install/custom_interfaces/include/custom_interfaces/custom_interfaces/action/detail/robot_goal__builder.hpp\n'}
[0.538050] (custom_interfaces) StdoutLine: {'line': b'-- Up-to-date: /home/buenr/CS488/install/custom_interfaces/include/custom_interfaces/custom_interfaces/action/robot_goal.hpp\n'}
[0.538164] (custom_interfaces) StdoutLine: {'line': b'-- Up-to-date: /home/buenr/CS488/install/custom_interfaces/include/custom_interfaces/custom_interfaces/msg\n'}
[0.538269] (custom_interfaces) StdoutLine: {'line': b'-- Up-to-date: /home/buenr/CS488/install/custom_interfaces/include/custom_interfaces/custom_interfaces/msg/rosidl_generator_cpp__visibility_control.hpp\n'}
[0.538374] (custom_interfaces) StdoutLine: {'line': b'-- Up-to-date: /home/buenr/CS488/install/custom_interfaces/include/custom_interfaces/custom_interfaces\n'}
[0.538489] (custom_interfaces) StdoutLine: {'line': b'-- Up-to-date: /home/buenr/CS488/install/custom_interfaces/include/custom_interfaces/custom_interfaces/srv\n'}
[0.538616] (custom_interfaces) StdoutLine: {'line': b'-- Up-to-date: /home/buenr/CS488/install/custom_interfaces/include/custom_interfaces/custom_interfaces/srv/detail\n'}
[0.538730] (custom_interfaces) StdoutLine: {'line': b'-- Up-to-date: /home/buenr/CS488/install/custom_interfaces/include/custom_interfaces/custom_interfaces/srv/detail/set_cap__rosidl_typesupport_fastrtps_cpp.hpp\n'}
[0.538850] (custom_interfaces) StdoutLine: {'line': b'-- Up-to-date: /home/buenr/CS488/install/custom_interfaces/include/custom_interfaces/custom_interfaces/srv/detail/dds_fastrtps\n'}
[0.538979] (custom_interfaces) StdoutLine: {'line': b'-- Up-to-date: /home/buenr/CS488/install/custom_interfaces/include/custom_interfaces/custom_interfaces/action\n'}
[0.539100] (custom_interfaces) StdoutLine: {'line': b'-- Up-to-date: /home/buenr/CS488/install/custom_interfaces/include/custom_interfaces/custom_interfaces/action/detail\n'}
[0.539222] (custom_interfaces) StdoutLine: {'line': b'-- Up-to-date: /home/buenr/CS488/install/custom_interfaces/include/custom_interfaces/custom_interfaces/action/detail/robot_goal__rosidl_typesupport_fastrtps_cpp.hpp\n'}
[0.539343] (custom_interfaces) StdoutLine: {'line': b'-- Up-to-date: /home/buenr/CS488/install/custom_interfaces/include/custom_interfaces/custom_interfaces/action/detail/dds_fastrtps\n'}
[0.539463] (custom_interfaces) StdoutLine: {'line': b'-- Up-to-date: /home/buenr/CS488/install/custom_interfaces/include/custom_interfaces/custom_interfaces/msg\n'}
[0.539588] (custom_interfaces) StdoutLine: {'line': b'-- Up-to-date: /home/buenr/CS488/install/custom_interfaces/include/custom_interfaces/custom_interfaces/msg/rosidl_typesupport_fastrtps_cpp__visibility_control.h\n'}
[0.539713] (custom_interfaces) StdoutLine: {'line': b'-- Up-to-date: /home/buenr/CS488/install/custom_interfaces/lib/libcustom_interfaces__rosidl_typesupport_fastrtps_cpp.so\n'}
[0.539836] (custom_interfaces) StdoutLine: {'line': b'-- Up-to-date: /home/buenr/CS488/install/custom_interfaces/include/custom_interfaces/custom_interfaces\n'}
[0.539959] (custom_interfaces) StdoutLine: {'line': b'-- Up-to-date: /home/buenr/CS488/install/custom_interfaces/include/custom_interfaces/custom_interfaces/srv\n'}
[0.540079] (custom_interfaces) StdoutLine: {'line': b'-- Up-to-date: /home/buenr/CS488/install/custom_interfaces/include/custom_interfaces/custom_interfaces/srv/detail\n'}
[0.540195] (custom_interfaces) StdoutLine: {'line': b'-- Up-to-date: /home/buenr/CS488/install/custom_interfaces/include/custom_interfaces/custom_interfaces/srv/detail/set_cap__rosidl_typesupport_introspection_cpp.hpp\n'}
[0.540314] (custom_interfaces) StdoutLine: {'line': b'-- Up-to-date: /home/buenr/CS488/install/custom_interfaces/include/custom_interfaces/custom_interfaces/srv/detail/set_cap__type_support.cpp\n'}
[0.540431] (custom_interfaces) StdoutLine: {'line': b'-- Up-to-date: /home/buenr/CS488/install/custom_interfaces/include/custom_interfaces/custom_interfaces/action\n'}
[0.540558] (custom_interfaces) StdoutLine: {'line': b'-- Up-to-date: /home/buenr/CS488/install/custom_interfaces/include/custom_interfaces/custom_interfaces/action/detail\n'}
[0.540682] (custom_interfaces) StdoutLine: {'line': b'-- Up-to-date: /home/buenr/CS488/install/custom_interfaces/include/custom_interfaces/custom_interfaces/action/detail/robot_goal__rosidl_typesupport_introspection_cpp.hpp\n'}
[0.540810] (custom_interfaces) StdoutLine: {'line': b'-- Up-to-date: /home/buenr/CS488/install/custom_interfaces/include/custom_interfaces/custom_interfaces/action/detail/robot_goal__type_support.cpp\n'}
[0.540930] (custom_interfaces) StdoutLine: {'line': b'-- Up-to-date: /home/buenr/CS488/install/custom_interfaces/lib/libcustom_interfaces__rosidl_typesupport_introspection_cpp.so\n'}
[0.541047] (custom_interfaces) StdoutLine: {'line': b'-- Up-to-date: /home/buenr/CS488/install/custom_interfaces/lib/libcustom_interfaces__rosidl_typesupport_cpp.so\n'}
[0.541166] (custom_interfaces) StdoutLine: {'line': b'-- Up-to-date: /home/buenr/CS488/install/custom_interfaces/share/custom_interfaces/environment/pythonpath.sh\n'}
[0.541288] (custom_interfaces) StdoutLine: {'line': b'-- Up-to-date: /home/buenr/CS488/install/custom_interfaces/share/custom_interfaces/environment/pythonpath.dsv\n'}
[0.541408] (custom_interfaces) StdoutLine: {'line': b'-- Up-to-date: /home/buenr/CS488/install/custom_interfaces/lib/python3.12/site-packages/custom_interfaces-0.0.0-py3.12.egg-info\n'}
[0.541538] (custom_interfaces) StdoutLine: {'line': b'-- Installing: /home/buenr/CS488/install/custom_interfaces/lib/python3.12/site-packages/custom_interfaces-0.0.0-py3.12.egg-info/SOURCES.txt\n'}
[0.541659] (custom_interfaces) StdoutLine: {'line': b'-- Installing: /home/buenr/CS488/install/custom_interfaces/lib/python3.12/site-packages/custom_interfaces-0.0.0-py3.12.egg-info/dependency_links.txt\n'}
[0.541781] (custom_interfaces) StdoutLine: {'line': b'-- Installing: /home/buenr/CS488/install/custom_interfaces/lib/python3.12/site-packages/custom_interfaces-0.0.0-py3.12.egg-info/PKG-INFO\n'}
[0.541895] (custom_interfaces) StdoutLine: {'line': b'-- Installing: /home/buenr/CS488/install/custom_interfaces/lib/python3.12/site-packages/custom_interfaces-0.0.0-py3.12.egg-info/top_level.txt\n'}
[0.542007] (custom_interfaces) StdoutLine: {'line': b'-- Up-to-date: /home/buenr/CS488/install/custom_interfaces/lib/python3.12/site-packages/custom_interfaces\n'}
[0.542120] (custom_interfaces) StdoutLine: {'line': b'-- Up-to-date: /home/buenr/CS488/install/custom_interfaces/lib/python3.12/site-packages/custom_interfaces/custom_interfaces_s__rosidl_typesupport_c.so\n'}
[0.542232] (custom_interfaces) StdoutLine: {'line': b'-- Up-to-date: /home/buenr/CS488/install/custom_interfaces/lib/python3.12/site-packages/custom_interfaces/custom_interfaces_s__rosidl_typesupport_fastrtps_c.so\n'}
[0.542345] (custom_interfaces) StdoutLine: {'line': b'-- Up-to-date: /home/buenr/CS488/install/custom_interfaces/lib/python3.12/site-packages/custom_interfaces/__init__.py\n'}
[0.542468] (custom_interfaces) StdoutLine: {'line': b'-- Up-to-date: /home/buenr/CS488/install/custom_interfaces/lib/python3.12/site-packages/custom_interfaces/custom_interfaces_s__rosidl_typesupport_introspection_c.so\n'}
[0.542598] (custom_interfaces) StdoutLine: {'line': b'-- Up-to-date: /home/buenr/CS488/install/custom_interfaces/lib/python3.12/site-packages/custom_interfaces/srv\n'}
[0.542714] (custom_interfaces) StdoutLine: {'line': b'-- Up-to-date: /home/buenr/CS488/install/custom_interfaces/lib/python3.12/site-packages/custom_interfaces/srv/_set_cap.py\n'}
[0.542829] (custom_interfaces) StdoutLine: {'line': b'-- Up-to-date: /home/buenr/CS488/install/custom_interfaces/lib/python3.12/site-packages/custom_interfaces/srv/__init__.py\n'}
[0.542944] (custom_interfaces) StdoutLine: {'line': b'-- Up-to-date: /home/buenr/CS488/install/custom_interfaces/lib/python3.12/site-packages/custom_interfaces/srv/_set_cap_s.c\n'}
[0.543058] (custom_interfaces) StdoutLine: {'line': b'-- Up-to-date: /home/buenr/CS488/install/custom_interfaces/lib/python3.12/site-packages/custom_interfaces/_custom_interfaces_s.ep.rosidl_typesupport_introspection_c.c\n'}
[0.543172] (custom_interfaces) StdoutLine: {'line': b'-- Up-to-date: /home/buenr/CS488/install/custom_interfaces/lib/python3.12/site-packages/custom_interfaces/action\n'}
[0.543289] (custom_interfaces) StdoutLine: {'line': b'-- Up-to-date: /home/buenr/CS488/install/custom_interfaces/lib/python3.12/site-packages/custom_interfaces/action/_robot_goal.py\n'}
[0.543408] (custom_interfaces) StdoutLine: {'line': b'-- Up-to-date: /home/buenr/CS488/install/custom_interfaces/lib/python3.12/site-packages/custom_interfaces/action/__init__.py\n'}
[0.543529] (custom_interfaces) StdoutLine: {'line': b'-- Up-to-date: /home/buenr/CS488/install/custom_interfaces/lib/python3.12/site-packages/custom_interfaces/action/_robot_goal_s.c\n'}
[0.543653] (custom_interfaces) StdoutLine: {'line': b'-- Up-to-date: /home/buenr/CS488/install/custom_interfaces/lib/python3.12/site-packages/custom_interfaces/_custom_interfaces_s.ep.rosidl_typesupport_fastrtps_c.c\n'}
[0.543771] (custom_interfaces) StdoutLine: {'line': b'-- Up-to-date: /home/buenr/CS488/install/custom_interfaces/lib/python3.12/site-packages/custom_interfaces/_custom_interfaces_s.ep.rosidl_typesupport_c.c\n'}
[0.577077] (custom_interfaces) StdoutLine: {'line': b"Listing '/home/buenr/CS488/install/custom_interfaces/lib/python3.12/site-packages/custom_interfaces'...\n"}
[0.577289] (custom_interfaces) StdoutLine: {'line': b"Listing '/home/buenr/CS488/install/custom_interfaces/lib/python3.12/site-packages/custom_interfaces/action'...\n"}
[0.577420] (custom_interfaces) StdoutLine: {'line': b"Listing '/home/buenr/CS488/install/custom_interfaces/lib/python3.12/site-packages/custom_interfaces/srv'...\n"}
[0.581443] (custom_interfaces) StdoutLine: {'line': b'-- Up-to-date: /home/buenr/CS488/install/custom_interfaces/lib/python3.12/site-packages/custom_interfaces/custom_interfaces_s__rosidl_typesupport_fastrtps_c.so\n'}
[0.581699] (custom_interfaces) StdoutLine: {'line': b'-- Up-to-date: /home/buenr/CS488/install/custom_interfaces/lib/python3.12/site-packages/custom_interfaces/custom_interfaces_s__rosidl_typesupport_introspection_c.so\n'}
[0.581972] (custom_interfaces) StdoutLine: {'line': b'-- Up-to-date: /home/buenr/CS488/install/custom_interfaces/lib/python3.12/site-packages/custom_interfaces/custom_interfaces_s__rosidl_typesupport_c.so\n'}
[0.582213] (custom_interfaces) StdoutLine: {'line': b'-- Up-to-date: /home/buenr/CS488/install/custom_interfaces/lib/libcustom_interfaces__rosidl_generator_py.so\n'}
[0.582365] (custom_interfaces) StdoutLine: {'line': b'-- Up-to-date: /home/buenr/CS488/install/custom_interfaces/share/custom_interfaces/srv/SetCap.idl\n'}
[0.582511] (custom_interfaces) StdoutLine: {'line': b'-- Up-to-date: /home/buenr/CS488/install/custom_interfaces/share/custom_interfaces/action/RobotGoal.idl\n'}
[0.582660] (custom_interfaces) StdoutLine: {'line': b'-- Up-to-date: /home/buenr/CS488/install/custom_interfaces/share/custom_interfaces/srv/SetCap.srv\n'}
[0.582801] (custom_interfaces) StdoutLine: {'line': b'-- Up-to-date: /home/buenr/CS488/install/custom_interfaces/share/custom_interfaces/action/RobotGoal.action\n'}
[0.582935] (custom_interfaces) StdoutLine: {'line': b'-- Up-to-date: /home/buenr/CS488/install/custom_interfaces/share/ament_index/resource_index/package_run_dependencies/custom_interfaces\n'}
[0.583054] (custom_interfaces) StdoutLine: {'line': b'-- Up-to-date: /home/buenr/CS488/install/custom_interfaces/share/ament_index/resource_index/parent_prefix_path/custom_interfaces\n'}
[0.583172] (custom_interfaces) StdoutLine: {'line': b'-- Up-to-date: /home/buenr/CS488/install/custom_interfaces/share/custom_interfaces/environment/ament_prefix_path.sh\n'}
[0.583305] (custom_interfaces) StdoutLine: {'line': b'-- Up-to-date: /home/buenr/CS488/install/custom_interfaces/share/custom_interfaces/environment/ament_prefix_path.dsv\n'}
[0.583445] (custom_interfaces) StdoutLine: {'line': b'-- Up-to-date: /home/buenr/CS488/install/custom_interfaces/share/custom_interfaces/environment/path.sh\n'}
[0.583578] (custom_interfaces) StdoutLine: {'line': b'-- Up-to-date: /home/buenr/CS488/install/custom_interfaces/share/custom_interfaces/environment/path.dsv\n'}
[0.583712] (custom_interfaces) StdoutLine: {'line': b'-- Up-to-date: /home/buenr/CS488/install/custom_interfaces/share/custom_interfaces/local_setup.bash\n'}
[0.583836] (custom_interfaces) StdoutLine: {'line': b'-- Up-to-date: /home/buenr/CS488/install/custom_interfaces/share/custom_interfaces/local_setup.sh\n'}
[0.583967] (custom_interfaces) StdoutLine: {'line': b'-- Up-to-date: /home/buenr/CS488/install/custom_interfaces/share/custom_interfaces/local_setup.zsh\n'}
[0.584095] (custom_interfaces) StdoutLine: {'line': b'-- Up-to-date: /home/buenr/CS488/install/custom_interfaces/share/custom_interfaces/local_setup.dsv\n'}
[0.584229] (custom_interfaces) StdoutLine: {'line': b'-- Installing: /home/buenr/CS488/install/custom_interfaces/share/custom_interfaces/package.dsv\n'}
[0.584366] (custom_interfaces) StdoutLine: {'line': b'-- Up-to-date: /home/buenr/CS488/install/custom_interfaces/share/ament_index/resource_index/packages/custom_interfaces\n'}
[0.584491] (custom_interfaces) StdoutLine: {'line': b'-- Up-to-date: /home/buenr/CS488/install/custom_interfaces/share/custom_interfaces/cmake/export_custom_interfaces__rosidl_generator_cExport.cmake\n'}
[0.584630] (custom_interfaces) StdoutLine: {'line': b'-- Up-to-date: /home/buenr/CS488/install/custom_interfaces/share/custom_interfaces/cmake/export_custom_interfaces__rosidl_generator_cExport-noconfig.cmake\n'}
[0.584755] (custom_interfaces) StdoutLine: {'line': b'-- Up-to-date: /home/buenr/CS488/install/custom_interfaces/share/custom_interfaces/cmake/export_custom_interfaces__rosidl_typesupport_fastrtps_cExport.cmake\n'}
[0.584898] (custom_interfaces) StdoutLine: {'line': b'-- Up-to-date: /home/buenr/CS488/install/custom_interfaces/share/custom_interfaces/cmake/export_custom_interfaces__rosidl_typesupport_fastrtps_cExport-noconfig.cmake\n'}
[0.585054] (custom_interfaces) StdoutLine: {'line': b'-- Up-to-date: /home/buenr/CS488/install/custom_interfaces/share/custom_interfaces/cmake/custom_interfaces__rosidl_typesupport_introspection_cExport.cmake\n'}
[0.585205] (custom_interfaces) StdoutLine: {'line': b'-- Up-to-date: /home/buenr/CS488/install/custom_interfaces/share/custom_interfaces/cmake/custom_interfaces__rosidl_typesupport_introspection_cExport-noconfig.cmake\n'}
[0.585349] (custom_interfaces) StdoutLine: {'line': b'-- Up-to-date: /home/buenr/CS488/install/custom_interfaces/share/custom_interfaces/cmake/custom_interfaces__rosidl_typesupport_cExport.cmake\n'}
[0.585465] (custom_interfaces) StdoutLine: {'line': b'-- Up-to-date: /home/buenr/CS488/install/custom_interfaces/share/custom_interfaces/cmake/custom_interfaces__rosidl_typesupport_cExport-noconfig.cmake\n'}
[0.585586] (custom_interfaces) StdoutLine: {'line': b'-- Up-to-date: /home/buenr/CS488/install/custom_interfaces/share/custom_interfaces/cmake/export_custom_interfaces__rosidl_generator_cppExport.cmake\n'}
[0.585703] (custom_interfaces) StdoutLine: {'line': b'-- Up-to-date: /home/buenr/CS488/install/custom_interfaces/share/custom_interfaces/cmake/export_custom_interfaces__rosidl_typesupport_fastrtps_cppExport.cmake\n'}
[0.585826] (custom_interfaces) StdoutLine: {'line': b'-- Up-to-date: /home/buenr/CS488/install/custom_interfaces/share/custom_interfaces/cmake/export_custom_interfaces__rosidl_typesupport_fastrtps_cppExport-noconfig.cmake\n'}
[0.585936] (custom_interfaces) StdoutLine: {'line': b'-- Up-to-date: /home/buenr/CS488/install/custom_interfaces/share/custom_interfaces/cmake/custom_interfaces__rosidl_typesupport_introspection_cppExport.cmake\n'}
[0.586058] (custom_interfaces) StdoutLine: {'line': b'-- Up-to-date: /home/buenr/CS488/install/custom_interfaces/share/custom_interfaces/cmake/custom_interfaces__rosidl_typesupport_introspection_cppExport-noconfig.cmake\n'}
[0.586178] (custom_interfaces) StdoutLine: {'line': b'-- Up-to-date: /home/buenr/CS488/install/custom_interfaces/share/custom_interfaces/cmake/custom_interfaces__rosidl_typesupport_cppExport.cmake\n'}
[0.586299] (custom_interfaces) StdoutLine: {'line': b'-- Up-to-date: /home/buenr/CS488/install/custom_interfaces/share/custom_interfaces/cmake/custom_interfaces__rosidl_typesupport_cppExport-noconfig.cmake\n'}
[0.586415] (custom_interfaces) StdoutLine: {'line': b'-- Up-to-date: /home/buenr/CS488/install/custom_interfaces/share/custom_interfaces/cmake/export_custom_interfaces__rosidl_generator_pyExport.cmake\n'}
[0.586643] (custom_interfaces) StdoutLine: {'line': b'-- Up-to-date: /home/buenr/CS488/install/custom_interfaces/share/custom_interfaces/cmake/export_custom_interfaces__rosidl_generator_pyExport-noconfig.cmake\n'}
[0.587247] (custom_interfaces) StdoutLine: {'line': b'-- Up-to-date: /home/buenr/CS488/install/custom_interfaces/share/custom_interfaces/cmake/rosidl_cmake-extras.cmake\n'}
[0.587455] (custom_interfaces) StdoutLine: {'line': b'-- Up-to-date: /home/buenr/CS488/install/custom_interfaces/share/custom_interfaces/cmake/ament_cmake_export_dependencies-extras.cmake\n'}
[0.587680] (custom_interfaces) StdoutLine: {'line': b'-- Up-to-date: /home/buenr/CS488/install/custom_interfaces/share/custom_interfaces/cmake/ament_cmake_export_include_directories-extras.cmake\n'}
[0.587849] (custom_interfaces) StdoutLine: {'line': b'-- Up-to-date: /home/buenr/CS488/install/custom_interfaces/share/custom_interfaces/cmake/ament_cmake_export_libraries-extras.cmake\n'}
[0.588056] (custom_interfaces) StdoutLine: {'line': b'-- Up-to-date: /home/buenr/CS488/install/custom_interfaces/share/custom_interfaces/cmake/ament_cmake_export_targets-extras.cmake\n'}
[0.588365] (custom_interfaces) StdoutLine: {'line': b'-- Up-to-date: /home/buenr/CS488/install/custom_interfaces/share/custom_interfaces/cmake/rosidl_cmake_export_typesupport_targets-extras.cmake\n'}
[0.588547] (custom_interfaces) StdoutLine: {'line': b'-- Up-to-date: /home/buenr/CS488/install/custom_interfaces/share/custom_interfaces/cmake/rosidl_cmake_export_typesupport_libraries-extras.cmake\n'}
[0.588740] (custom_interfaces) StdoutLine: {'line': b'-- Up-to-date: /home/buenr/CS488/install/custom_interfaces/share/custom_interfaces/cmake/custom_interfacesConfig.cmake\n'}
[0.588953] (custom_interfaces) StdoutLine: {'line': b'-- Up-to-date: /home/buenr/CS488/install/custom_interfaces/share/custom_interfaces/cmake/custom_interfacesConfig-version.cmake\n'}
[0.589135] (custom_interfaces) StdoutLine: {'line': b'-- Up-to-date: /home/buenr/CS488/install/custom_interfaces/share/custom_interfaces/package.xml\n'}
[0.589421] (custom_interfaces) CommandEnded: {'returncode': 0}
[0.605185] (-) TimerEvent: {}
[0.665154] (custom_interfaces) JobEnded: {'identifier': 'custom_interfaces', 'rc': 0}
[0.666103] (lab3_pkg) JobStarted: {'identifier': 'lab3_pkg'}
[0.671818] (lab5_pkg) JobStarted: {'identifier': 'lab5_pkg'}
[0.705267] (-) TimerEvent: {}
[0.805481] (-) TimerEvent: {}
[0.905674] (-) TimerEvent: {}
[1.005851] (-) TimerEvent: {}
[1.106073] (-) TimerEvent: {}
[1.206309] (-) TimerEvent: {}
[1.209879] (lab2_pkg) Command: {'cmd': ['/usr/bin/python3', '-W', 'ignore:setup.py install is deprecated', '-W', 'ignore:easy_install command is deprecated', 'setup.py', 'egg_info', '--egg-base', '../../build/lab2_pkg', 'build', '--build-base', '/home/buenr/CS488/build/lab2_pkg/build', 'install', '--record', '/home/buenr/CS488/build/lab2_pkg/install.log', '--single-version-externally-managed', 'install_data'], 'cwd': '/home/buenr/CS488/src/lab2_pkg', 'env': {'USER': 'buenr', 'GZ_SIM_RESOURCE_PATH': '/opt/ros/jazzy/share', 'GZ_CONFIG_PATH': '/opt/ros/jazzy/opt/gz_sim_vendor/share/gz:/opt/ros/jazzy/opt/sdformat_vendor/share/gz:/opt/ros/jazzy/opt/gz_gui_vendor/share/gz:/opt/ros/jazzy/opt/gz_transport_vendor/share/gz:/opt/ros/jazzy/opt/gz_rendering_vendor/share/gz:/opt/ros/jazzy/opt/gz_plugin_vendor/share/gz:/opt/ros/jazzy/opt/gz_fuel_tools_vendor/share/gz:/opt/ros/jazzy/opt/gz_msgs_vendor/share/gz:/opt/ros/jazzy/opt/gz_common_vendor/share/gz', 'XDG_SESSION_TYPE': 'wayland', 'CLUTTER_DISABLE_MIPMAPPED_TEXT': '1', 'SHLVL': '1', 'LD_LIBRARY_PATH': '/home/buenr/CS488/install/custom_interfaces/lib:/opt/ros/jazzy/opt/gz_sim_vendor/lib:/opt/ros/jazzy/opt/gz_sensors_vendor/lib:/opt/ros/jazzy/opt/gz_physics_vendor/lib:/opt/ros/jazzy/opt/sdformat_vendor/lib:/opt/ros/jazzy/opt/rviz_ogre_vendor/lib:/opt/ros/jazzy/lib/x86_64-linux-gnu:/opt/ros/jazzy/opt/gz_gui_vendor/lib:/opt/ros/jazzy/opt/gz_transport_vendor/lib:/opt/ros/jazzy/opt/gz_rendering_vendor/lib:/opt/ros/jazzy/opt/gz_plugin_vendor/lib:/opt/ros/jazzy/opt/gz_fuel_tools_vendor/lib:/opt/ros/jazzy/opt/gz_msgs_vendor/lib:/opt/ros/jazzy/opt/gz_common_vendor/lib:/opt/ros/jazzy/opt/gz_math_vendor/lib:/opt/ros/jazzy/opt/gz_utils_vendor/lib:/opt/ros/jazzy/opt/gz_tools_vendor/lib:/opt/ros/jazzy/opt/gz_ogre_next_vendor/lib:/opt/ros/jazzy/opt/gz_dartsim_vendor/lib:/opt/ros/jazzy/opt/gz_cmake_vendor/lib:/opt/ros/jazzy/lib', 'OLDPWD': '/home/buenr', 'HOME': '/home/buenr', 'DESKTOP_SESSION': 'ubuntu', 'GTK_MODULES': 'gail:atk-bridge', 'GNOME_SHELL_SESSION_MODE': 'ubuntu', 'ROS_PYTHON_VERSION': '3', 'SYSTEMD_EXEC_PID': '30152', 'DBUS_SESSION_BUS_ADDRESS': 'unix:path=/run/user/481846386/bus', 'GSM_SKIP_SSH_AGENT_WORKAROUND': 'true', 'COLORTERM': 'truecolor', 'CONDA_CHANGEPS1': 'no', 'WAYLAND_DISPLAY': 'wayland-0', 'ROS_DISTRO': 'jazzy', 'COLCON_PREFIX_PATH': '/home/buenr/CS488/install', 'LOGNAME': 'buenr', '_': '/usr/bin/colcon', 'MEMORY_PRESSURE_WATCH': '/sys/fs/cgroup/user.slice/user-481846386.slice/user@481846386.service/session.slice/org.gnome.Shell@wayland.service/memory.pressure', 'XDG_SESSION_CLASS': 'user', 'ROS_VERSION': '2', 'USERNAME': 'buenr', 'TERM': 'xterm-256color', 'PROMPT_EOL_MARK': '', 'ROS_SUPER_CLIENT': 'True', 'GNOME_DESKTOP_SESSION_ID': 'this-is-deprecated', 'PATH': '/opt/ros/jazzy/opt/gz_msgs_vendor/bin:/opt/ros/jazzy/opt/gz_tools_vendor/bin:/opt/ros/jazzy/opt/gz_ogre_next_vendor/bin:/opt/ros/jazzy/bin:/usr/local/sbin:/usr/local/bin:/usr/sbin:/usr/bin:/sbin:/bin:/usr/games:/usr/local/games:/snap/bin:/snap/bin', 'SESSION_MANAGER': 'local/csci20122:@/tmp/.ICE-unix/30099,unix/csci20122:/tmp/.ICE-unix/30099', 'GNOME_TERMINAL_SCREEN': '/org/gnome/Terminal/screen/7d6d0661_eb5b_4e50_84b1_79b4a45519ac', 'XDG_MENU_PREFIX': 'gnome-', 'GNOME_SETUP_DISPLAY': ':1', 'XDG_RUNTIME_DIR': '/run/user/481846386', 'DISPLAY': ':0', 'XDG_CURRENT_DESKTOP': 'ubuntu:GNOME', 'LANG': 'en_US.UTF-8', 'RMW_IMPLEMENTATION': 'rmw_fastrtps_cpp', 'XDG_SESSION_DESKTOP': 'ubuntu', 'GNOME_TERMINAL_SERVICE': ':1.194', 'XMODIFIERS': '@im=ibus', 'XAUTHORITY': '/run/user/481846386/.mutter-Xwaylandauth.1MMGN3', 'SSH_AUTH_SOCK': '/run/user/481846386/keyring/ssh', 'AMENT_PREFIX_PATH': '/home/buenr/CS488/install/lab_bringup:/home/buenr/CS488/install/lab5_pkg:/home/buenr/CS488/install/lab3_pkg:/home/buenr/CS488/install/lab2_pkg:/home/buenr/CS488/install/lab1_pkg:/home/buenr/CS488/install/custom_interfaces:/opt/ros/jazzy', 'ROS_DOMAIN_ID': '0', 'KRB5CCNAME': 'FILE:/tmp/krb5cc_481846386_s7E0DV', 'SHELL': '/bin/zsh', 'ROS_DISCOVERY_SERVER': '10.5.113.101:11811', 'QT_ACCESSIBILITY': '1', 'GDMSESSION': 'ubuntu', 'QT_IM_MODULE': 'ibus', 'ROS_AUTOMATIC_DISCOVERY_RANGE': 'SUBNET', 'PWD': '/home/buenr/CS488/build/lab2_pkg', 'XDG_DATA_DIRS': '/usr/local/share/:/usr/share/:/var/lib/snapd/desktop', 'VIRTUAL_ENV_DISABLE_PROMPT': '12', 'PYTHONPATH': '/home/buenr/CS488/build/lab2_pkg/prefix_override:/usr/lib/python3/dist-packages/colcon_core/task/python/colcon_distutils_commands:/home/buenr/CS488/install/lab2_pkg/lib/python3.12/site-packages:/home/buenr/CS488/install/lab5_pkg/lib/python3.12/site-packages:/home/buenr/CS488/install/lab3_pkg/lib/python3.12/site-packages:/home/buenr/CS488/install/lab2_pkg/lib/python3.12/site-packages:/home/buenr/CS488/install/lab1_pkg/lib/python3.12/site-packages:/home/buenr/CS488/install/custom_interfaces/lib/python3.12/site-packages:/opt/ros/jazzy/lib/python3.12/site-packages', 'COLCON': '1', 'VTE_VERSION': '7600', 'MEMORY_PRESSURE_WRITE': 'c29tZSAyMDAwMDAgMjAwMDAwMAA=', 'CMAKE_PREFIX_PATH': '/home/buenr/CS488/install/lab_bringup:/home/buenr/CS488/install/custom_interfaces:/opt/ros/jazzy/opt/gz_sim_vendor:/opt/ros/jazzy/opt/gz_sensors_vendor:/opt/ros/jazzy/opt/gz_physics_vendor:/opt/ros/jazzy/opt/sdformat_vendor:/opt/ros/jazzy/opt/gz_gui_vendor:/opt/ros/jazzy/opt/gz_transport_vendor:/opt/ros/jazzy/opt/gz_rendering_vendor:/opt/ros/jazzy/opt/gz_plugin_vendor:/opt/ros/jazzy/opt/gz_fuel_tools_vendor:/opt/ros/jazzy/opt/gz_msgs_vendor:/opt/ros/jazzy/opt/gz_common_vendor:/opt/ros/jazzy/opt/gz_math_vendor:/opt/ros/jazzy/opt/gz_utils_vendor:/opt/ros/jazzy/opt/gz_tools_vendor:/opt/ros/jazzy/opt/gz_ogre_next_vendor:/opt/ros/jazzy/opt/gz_dartsim_vendor:/opt/ros/jazzy/opt/gz_cmake_vendor'}, 'shell': False}
[1.230444] (lab1_pkg) Command: {'cmd': ['/usr/bin/python3', '-W', 'ignore:setup.py install is deprecated', '-W', 'ignore:easy_install command is deprecated', 'setup.py', 'egg_info', '--egg-base', '../../build/lab1_pkg', 'build', '--build-base', '/home/buenr/CS488/build/lab1_pkg/build', 'install', '--record', '/home/buenr/CS488/build/lab1_pkg/install.log', '--single-version-externally-managed', 'install_data'], 'cwd': '/home/buenr/CS488/src/lab1_pkg', 'env': {'USER': 'buenr', 'GZ_SIM_RESOURCE_PATH': '/opt/ros/jazzy/share', 'GZ_CONFIG_PATH': '/opt/ros/jazzy/opt/gz_sim_vendor/share/gz:/opt/ros/jazzy/opt/sdformat_vendor/share/gz:/opt/ros/jazzy/opt/gz_gui_vendor/share/gz:/opt/ros/jazzy/opt/gz_transport_vendor/share/gz:/opt/ros/jazzy/opt/gz_rendering_vendor/share/gz:/opt/ros/jazzy/opt/gz_plugin_vendor/share/gz:/opt/ros/jazzy/opt/gz_fuel_tools_vendor/share/gz:/opt/ros/jazzy/opt/gz_msgs_vendor/share/gz:/opt/ros/jazzy/opt/gz_common_vendor/share/gz', 'XDG_SESSION_TYPE': 'wayland', 'CLUTTER_DISABLE_MIPMAPPED_TEXT': '1', 'SHLVL': '1', 'LD_LIBRARY_PATH': '/home/buenr/CS488/install/custom_interfaces/lib:/opt/ros/jazzy/opt/gz_sim_vendor/lib:/opt/ros/jazzy/opt/gz_sensors_vendor/lib:/opt/ros/jazzy/opt/gz_physics_vendor/lib:/opt/ros/jazzy/opt/sdformat_vendor/lib:/opt/ros/jazzy/opt/rviz_ogre_vendor/lib:/opt/ros/jazzy/lib/x86_64-linux-gnu:/opt/ros/jazzy/opt/gz_gui_vendor/lib:/opt/ros/jazzy/opt/gz_transport_vendor/lib:/opt/ros/jazzy/opt/gz_rendering_vendor/lib:/opt/ros/jazzy/opt/gz_plugin_vendor/lib:/opt/ros/jazzy/opt/gz_fuel_tools_vendor/lib:/opt/ros/jazzy/opt/gz_msgs_vendor/lib:/opt/ros/jazzy/opt/gz_common_vendor/lib:/opt/ros/jazzy/opt/gz_math_vendor/lib:/opt/ros/jazzy/opt/gz_utils_vendor/lib:/opt/ros/jazzy/opt/gz_tools_vendor/lib:/opt/ros/jazzy/opt/gz_ogre_next_vendor/lib:/opt/ros/jazzy/opt/gz_dartsim_vendor/lib:/opt/ros/jazzy/opt/gz_cmake_vendor/lib:/opt/ros/jazzy/lib', 'OLDPWD': '/home/buenr', 'HOME': '/home/buenr', 'DESKTOP_SESSION': 'ubuntu', 'GTK_MODULES': 'gail:atk-bridge', 'GNOME_SHELL_SESSION_MODE': 'ubuntu', 'ROS_PYTHON_VERSION': '3', 'SYSTEMD_EXEC_PID': '30152', 'DBUS_SESSION_BUS_ADDRESS': 'unix:path=/run/user/481846386/bus', 'GSM_SKIP_SSH_AGENT_WORKAROUND': 'true', 'COLORTERM': 'truecolor', 'CONDA_CHANGEPS1': 'no', 'WAYLAND_DISPLAY': 'wayland-0', 'ROS_DISTRO': 'jazzy', 'COLCON_PREFIX_PATH': '/home/buenr/CS488/install', 'LOGNAME': 'buenr', '_': '/usr/bin/colcon', 'MEMORY_PRESSURE_WATCH': '/sys/fs/cgroup/user.slice/user-481846386.slice/user@481846386.service/session.slice/org.gnome.Shell@wayland.service/memory.pressure', 'XDG_SESSION_CLASS': 'user', 'ROS_VERSION': '2', 'USERNAME': 'buenr', 'TERM': 'xterm-256color', 'PROMPT_EOL_MARK': '', 'ROS_SUPER_CLIENT': 'True', 'GNOME_DESKTOP_SESSION_ID': 'this-is-deprecated', 'PATH': '/opt/ros/jazzy/opt/gz_msgs_vendor/bin:/opt/ros/jazzy/opt/gz_tools_vendor/bin:/opt/ros/jazzy/opt/gz_ogre_next_vendor/bin:/opt/ros/jazzy/bin:/usr/local/sbin:/usr/local/bin:/usr/sbin:/usr/bin:/sbin:/bin:/usr/games:/usr/local/games:/snap/bin:/snap/bin', 'SESSION_MANAGER': 'local/csci20122:@/tmp/.ICE-unix/30099,unix/csci20122:/tmp/.ICE-unix/30099', 'GNOME_TERMINAL_SCREEN': '/org/gnome/Terminal/screen/7d6d0661_eb5b_4e50_84b1_79b4a45519ac', 'XDG_MENU_PREFIX': 'gnome-', 'GNOME_SETUP_DISPLAY': ':1', 'XDG_RUNTIME_DIR': '/run/user/481846386', 'DISPLAY': ':0', 'XDG_CURRENT_DESKTOP': 'ubuntu:GNOME', 'LANG': 'en_US.UTF-8', 'RMW_IMPLEMENTATION': 'rmw_fastrtps_cpp', 'XDG_SESSION_DESKTOP': 'ubuntu', 'GNOME_TERMINAL_SERVICE': ':1.194', 'XMODIFIERS': '@im=ibus', 'XAUTHORITY': '/run/user/481846386/.mutter-Xwaylandauth.1MMGN3', 'SSH_AUTH_SOCK': '/run/user/481846386/keyring/ssh', 'AMENT_PREFIX_PATH': '/home/buenr/CS488/install/lab_bringup:/home/buenr/CS488/install/lab5_pkg:/home/buenr/CS488/install/lab3_pkg:/home/buenr/CS488/install/lab2_pkg:/home/buenr/CS488/install/lab1_pkg:/home/buenr/CS488/install/custom_interfaces:/opt/ros/jazzy', 'ROS_DOMAIN_ID': '0', 'KRB5CCNAME': 'FILE:/tmp/krb5cc_481846386_s7E0DV', 'SHELL': '/bin/zsh', 'ROS_DISCOVERY_SERVER': '10.5.113.101:11811', 'QT_ACCESSIBILITY': '1', 'GDMSESSION': 'ubuntu', 'QT_IM_MODULE': 'ibus', 'ROS_AUTOMATIC_DISCOVERY_RANGE': 'SUBNET', 'PWD': '/home/buenr/CS488/build/lab1_pkg', 'XDG_DATA_DIRS': '/usr/local/share/:/usr/share/:/var/lib/snapd/desktop', 'VIRTUAL_ENV_DISABLE_PROMPT': '12', 'PYTHONPATH': '/home/buenr/CS488/build/lab1_pkg/prefix_override:/usr/lib/python3/dist-packages/colcon_core/task/python/colcon_distutils_commands:/home/buenr/CS488/install/lab1_pkg/lib/python3.12/site-packages:/home/buenr/CS488/install/lab5_pkg/lib/python3.12/site-packages:/home/buenr/CS488/install/lab3_pkg/lib/python3.12/site-packages:/home/buenr/CS488/install/lab2_pkg/lib/python3.12/site-packages:/home/buenr/CS488/install/lab1_pkg/lib/python3.12/site-packages:/home/buenr/CS488/install/custom_interfaces/lib/python3.12/site-packages:/opt/ros/jazzy/lib/python3.12/site-packages', 'COLCON': '1', 'VTE_VERSION': '7600', 'MEMORY_PRESSURE_WRITE': 'c29tZSAyMDAwMDAgMjAwMDAwMAA=', 'CMAKE_PREFIX_PATH': '/home/buenr/CS488/install/lab_bringup:/home/buenr/CS488/install/custom_interfaces:/opt/ros/jazzy/opt/gz_sim_vendor:/opt/ros/jazzy/opt/gz_sensors_vendor:/opt/ros/jazzy/opt/gz_physics_vendor:/opt/ros/jazzy/opt/sdformat_vendor:/opt/ros/jazzy/opt/gz_gui_vendor:/opt/ros/jazzy/opt/gz_transport_vendor:/opt/ros/jazzy/opt/gz_rendering_vendor:/opt/ros/jazzy/opt/gz_plugin_vendor:/opt/ros/jazzy/opt/gz_fuel_tools_vendor:/opt/ros/jazzy/opt/gz_msgs_vendor:/opt/ros/jazzy/opt/gz_common_vendor:/opt/ros/jazzy/opt/gz_math_vendor:/opt/ros/jazzy/opt/gz_utils_vendor:/opt/ros/jazzy/opt/gz_tools_vendor:/opt/ros/jazzy/opt/gz_ogre_next_vendor:/opt/ros/jazzy/opt/gz_dartsim_vendor:/opt/ros/jazzy/opt/gz_cmake_vendor'}, 'shell': False}
[1.306384] (-) TimerEvent: {}
[1.406585] (-) TimerEvent: {}
[1.497605] (lab2_pkg) StdoutLine: {'line': b'running egg_info\n'}
[1.506647] (-) TimerEvent: {}
[1.521543] (lab2_pkg) StdoutLine: {'line': b'writing ../../build/lab2_pkg/lab2_pkg.egg-info/PKG-INFO\n'}
[1.521784] (lab2_pkg) StdoutLine: {'line': b'writing dependency_links to ../../build/lab2_pkg/lab2_pkg.egg-info/dependency_links.txt\n'}
[1.522011] (lab2_pkg) StdoutLine: {'line': b'writing entry points to ../../build/lab2_pkg/lab2_pkg.egg-info/entry_points.txt\n'}
[1.522209] (lab2_pkg) StdoutLine: {'line': b'writing requirements to ../../build/lab2_pkg/lab2_pkg.egg-info/requires.txt\n'}
[1.522365] (lab2_pkg) StdoutLine: {'line': b'writing top-level names to ../../build/lab2_pkg/lab2_pkg.egg-info/top_level.txt\n'}
[1.524768] (lab1_pkg) StdoutLine: {'line': b'running egg_info\n'}
[1.546419] (lab2_pkg) StdoutLine: {'line': b"reading manifest file '../../build/lab2_pkg/lab2_pkg.egg-info/SOURCES.txt'\n"}
[1.547077] (lab2_pkg) StdoutLine: {'line': b"writing manifest file '../../build/lab2_pkg/lab2_pkg.egg-info/SOURCES.txt'\n"}
[1.547234] (lab2_pkg) StdoutLine: {'line': b'running build\n'}
[1.547375] (lab2_pkg) StdoutLine: {'line': b'running install\n'}
[1.548833] (lab1_pkg) StdoutLine: {'line': b'writing ../../build/lab1_pkg/lab1_pkg.egg-info/PKG-INFO\n'}
[1.549016] (lab1_pkg) StdoutLine: {'line': b'writing dependency_links to ../../build/lab1_pkg/lab1_pkg.egg-info/dependency_links.txt\n'}
[1.549223] (lab1_pkg) StdoutLine: {'line': b'writing entry points to ../../build/lab1_pkg/lab1_pkg.egg-info/entry_points.txt\n'}
[1.549357] (lab1_pkg) StdoutLine: {'line': b'writing requirements to ../../build/lab1_pkg/lab1_pkg.egg-info/requires.txt\n'}
[1.549485] (lab1_pkg) StdoutLine: {'line': b'writing top-level names to ../../build/lab1_pkg/lab1_pkg.egg-info/top_level.txt\n'}
[1.552761] (lab2_pkg) StdoutLine: {'line': b'running install_data\n'}
[1.552884] (lab2_pkg) StdoutLine: {'line': b'running install_egg_info\n'}
[1.598721] (lab1_pkg) StdoutLine: {'line': b"reading manifest file '../../build/lab1_pkg/lab1_pkg.egg-info/SOURCES.txt'\n"}
[1.599278] (lab1_pkg) StdoutLine: {'line': b"writing manifest file '../../build/lab1_pkg/lab1_pkg.egg-info/SOURCES.txt'\n"}
[1.599431] (lab1_pkg) StdoutLine: {'line': b'running build\n'}
[1.599569] (lab1_pkg) StdoutLine: {'line': b'running build_py\n'}
[1.599735] (lab1_pkg) StdoutLine: {'line': b'running install\n'}
[1.604671] (lab1_pkg) StdoutLine: {'line': b'running install_lib\n'}
[1.605779] (lab2_pkg) StdoutLine: {'line': b"removing '/home/buenr/CS488/install/lab2_pkg/lib/python3.12/site-packages/lab2_pkg-0.0.0-py3.12.egg-info' (and everything under it)\n"}
[1.606114] (lab2_pkg) StdoutLine: {'line': b'Copying ../../build/lab2_pkg/lab2_pkg.egg-info to /home/buenr/CS488/install/lab2_pkg/lib/python3.12/site-packages/lab2_pkg-0.0.0-py3.12.egg-info\n'}
[1.606713] (-) TimerEvent: {}
[1.608698] (lab2_pkg) StdoutLine: {'line': b'running install_scripts\n'}
[1.641226] (lab1_pkg) StdoutLine: {'line': b'running install_data\n'}
[1.641392] (lab1_pkg) StdoutLine: {'line': b'running install_egg_info\n'}
[1.673607] (lab1_pkg) StdoutLine: {'line': b"removing '/home/buenr/CS488/install/lab1_pkg/lib/python3.12/site-packages/lab1_pkg-0.0.0-py3.12.egg-info' (and everything under it)\n"}
[1.673816] (lab1_pkg) StdoutLine: {'line': b'Copying ../../build/lab1_pkg/lab1_pkg.egg-info to /home/buenr/CS488/install/lab1_pkg/lib/python3.12/site-packages/lab1_pkg-0.0.0-py3.12.egg-info\n'}
[1.676847] (lab1_pkg) StdoutLine: {'line': b'running install_scripts\n'}
[1.706793] (-) TimerEvent: {}
[1.760390] (lab2_pkg) StdoutLine: {'line': b'Installing SCOD script to /home/buenr/CS488/install/lab2_pkg/lib/lab2_pkg\n'}
[1.760663] (lab2_pkg) StdoutLine: {'line': b"writing list of installed files to '/home/buenr/CS488/build/lab2_pkg/install.log'\n"}
[1.786305] (lab2_pkg) CommandEnded: {'returncode': 0}
[1.791956] (lab2_pkg) JobEnded: {'identifier': 'lab2_pkg', 'rc': 0}
[1.793505] (lab3_pkg) Command: {'cmd': ['/usr/bin/python3', '-W', 'ignore:setup.py install is deprecated', '-W', 'ignore:easy_install command is deprecated', 'setup.py', 'egg_info', '--egg-base', '../../build/lab3_pkg', 'build', '--build-base', '/home/buenr/CS488/build/lab3_pkg/build', 'install', '--record', '/home/buenr/CS488/build/lab3_pkg/install.log', '--single-version-externally-managed', 'install_data'], 'cwd': '/home/buenr/CS488/src/lab3_pkg', 'env': {'USER': 'buenr', 'GZ_SIM_RESOURCE_PATH': '/opt/ros/jazzy/share', 'GZ_CONFIG_PATH': '/opt/ros/jazzy/opt/gz_sim_vendor/share/gz:/opt/ros/jazzy/opt/sdformat_vendor/share/gz:/opt/ros/jazzy/opt/gz_gui_vendor/share/gz:/opt/ros/jazzy/opt/gz_transport_vendor/share/gz:/opt/ros/jazzy/opt/gz_rendering_vendor/share/gz:/opt/ros/jazzy/opt/gz_plugin_vendor/share/gz:/opt/ros/jazzy/opt/gz_fuel_tools_vendor/share/gz:/opt/ros/jazzy/opt/gz_msgs_vendor/share/gz:/opt/ros/jazzy/opt/gz_common_vendor/share/gz', 'XDG_SESSION_TYPE': 'wayland', 'CLUTTER_DISABLE_MIPMAPPED_TEXT': '1', 'SHLVL': '1', 'LD_LIBRARY_PATH': '/home/buenr/CS488/install/custom_interfaces/lib:/opt/ros/jazzy/opt/gz_sim_vendor/lib:/opt/ros/jazzy/opt/gz_sensors_vendor/lib:/opt/ros/jazzy/opt/gz_physics_vendor/lib:/opt/ros/jazzy/opt/sdformat_vendor/lib:/opt/ros/jazzy/opt/rviz_ogre_vendor/lib:/opt/ros/jazzy/lib/x86_64-linux-gnu:/opt/ros/jazzy/opt/gz_gui_vendor/lib:/opt/ros/jazzy/opt/gz_transport_vendor/lib:/opt/ros/jazzy/opt/gz_rendering_vendor/lib:/opt/ros/jazzy/opt/gz_plugin_vendor/lib:/opt/ros/jazzy/opt/gz_fuel_tools_vendor/lib:/opt/ros/jazzy/opt/gz_msgs_vendor/lib:/opt/ros/jazzy/opt/gz_common_vendor/lib:/opt/ros/jazzy/opt/gz_math_vendor/lib:/opt/ros/jazzy/opt/gz_utils_vendor/lib:/opt/ros/jazzy/opt/gz_tools_vendor/lib:/opt/ros/jazzy/opt/gz_ogre_next_vendor/lib:/opt/ros/jazzy/opt/gz_dartsim_vendor/lib:/opt/ros/jazzy/opt/gz_cmake_vendor/lib:/opt/ros/jazzy/lib', 'OLDPWD': '/home/buenr', 'HOME': '/home/buenr', 'DESKTOP_SESSION': 'ubuntu', 'GTK_MODULES': 'gail:atk-bridge', 'GNOME_SHELL_SESSION_MODE': 'ubuntu', 'ROS_PYTHON_VERSION': '3', 'SYSTEMD_EXEC_PID': '30152', 'DBUS_SESSION_BUS_ADDRESS': 'unix:path=/run/user/481846386/bus', 'GSM_SKIP_SSH_AGENT_WORKAROUND': 'true', 'COLORTERM': 'truecolor', 'CONDA_CHANGEPS1': 'no', 'WAYLAND_DISPLAY': 'wayland-0', 'ROS_DISTRO': 'jazzy', 'COLCON_PREFIX_PATH': '/home/buenr/CS488/install', 'LOGNAME': 'buenr', '_': '/usr/bin/colcon', 'MEMORY_PRESSURE_WATCH': '/sys/fs/cgroup/user.slice/user-481846386.slice/user@481846386.service/session.slice/org.gnome.Shell@wayland.service/memory.pressure', 'XDG_SESSION_CLASS': 'user', 'ROS_VERSION': '2', 'USERNAME': 'buenr', 'TERM': 'xterm-256color', 'PROMPT_EOL_MARK': '', 'ROS_SUPER_CLIENT': 'True', 'GNOME_DESKTOP_SESSION_ID': 'this-is-deprecated', 'PATH': '/opt/ros/jazzy/opt/gz_msgs_vendor/bin:/opt/ros/jazzy/opt/gz_tools_vendor/bin:/opt/ros/jazzy/opt/gz_ogre_next_vendor/bin:/opt/ros/jazzy/bin:/usr/local/sbin:/usr/local/bin:/usr/sbin:/usr/bin:/sbin:/bin:/usr/games:/usr/local/games:/snap/bin:/snap/bin', 'SESSION_MANAGER': 'local/csci20122:@/tmp/.ICE-unix/30099,unix/csci20122:/tmp/.ICE-unix/30099', 'GNOME_TERMINAL_SCREEN': '/org/gnome/Terminal/screen/7d6d0661_eb5b_4e50_84b1_79b4a45519ac', 'XDG_MENU_PREFIX': 'gnome-', 'GNOME_SETUP_DISPLAY': ':1', 'XDG_RUNTIME_DIR': '/run/user/481846386', 'DISPLAY': ':0', 'XDG_CURRENT_DESKTOP': 'ubuntu:GNOME', 'LANG': 'en_US.UTF-8', 'RMW_IMPLEMENTATION': 'rmw_fastrtps_cpp', 'XDG_SESSION_DESKTOP': 'ubuntu', 'GNOME_TERMINAL_SERVICE': ':1.194', 'XMODIFIERS': '@im=ibus', 'XAUTHORITY': '/run/user/481846386/.mutter-Xwaylandauth.1MMGN3', 'SSH_AUTH_SOCK': '/run/user/481846386/keyring/ssh', 'AMENT_PREFIX_PATH': '/home/buenr/CS488/install/lab_bringup:/home/buenr/CS488/install/lab5_pkg:/home/buenr/CS488/install/lab3_pkg:/home/buenr/CS488/install/lab2_pkg:/home/buenr/CS488/install/lab1_pkg:/home/buenr/CS488/install/custom_interfaces:/opt/ros/jazzy', 'ROS_DOMAIN_ID': '0', 'KRB5CCNAME': 'FILE:/tmp/krb5cc_481846386_s7E0DV', 'SHELL': '/bin/zsh', 'ROS_DISCOVERY_SERVER': '10.5.113.101:11811', 'QT_ACCESSIBILITY': '1', 'GDMSESSION': 'ubuntu', 'QT_IM_MODULE': 'ibus', 'ROS_AUTOMATIC_DISCOVERY_RANGE': 'SUBNET', 'PWD': '/home/buenr/CS488/build/lab3_pkg', 'XDG_DATA_DIRS': '/usr/local/share/:/usr/share/:/var/lib/snapd/desktop', 'VIRTUAL_ENV_DISABLE_PROMPT': '12', 'PYTHONPATH': '/home/buenr/CS488/build/lab3_pkg/prefix_override:/usr/lib/python3/dist-packages/colcon_core/task/python/colcon_distutils_commands:/home/buenr/CS488/install/lab3_pkg/lib/python3.12/site-packages:/home/buenr/CS488/install/custom_interfaces/lib/python3.12/site-packages:/home/buenr/CS488/install/lab5_pkg/lib/python3.12/site-packages:/home/buenr/CS488/install/lab3_pkg/lib/python3.12/site-packages:/home/buenr/CS488/install/lab2_pkg/lib/python3.12/site-packages:/home/buenr/CS488/install/lab1_pkg/lib/python3.12/site-packages:/opt/ros/jazzy/lib/python3.12/site-packages', 'COLCON': '1', 'VTE_VERSION': '7600', 'MEMORY_PRESSURE_WRITE': 'c29tZSAyMDAwMDAgMjAwMDAwMAA=', 'CMAKE_PREFIX_PATH': '/home/buenr/CS488/install/custom_interfaces:/home/buenr/CS488/install/lab_bringup:/opt/ros/jazzy/opt/gz_sim_vendor:/opt/ros/jazzy/opt/gz_sensors_vendor:/opt/ros/jazzy/opt/gz_physics_vendor:/opt/ros/jazzy/opt/sdformat_vendor:/opt/ros/jazzy/opt/gz_gui_vendor:/opt/ros/jazzy/opt/gz_transport_vendor:/opt/ros/jazzy/opt/gz_rendering_vendor:/opt/ros/jazzy/opt/gz_plugin_vendor:/opt/ros/jazzy/opt/gz_fuel_tools_vendor:/opt/ros/jazzy/opt/gz_msgs_vendor:/opt/ros/jazzy/opt/gz_common_vendor:/opt/ros/jazzy/opt/gz_math_vendor:/opt/ros/jazzy/opt/gz_utils_vendor:/opt/ros/jazzy/opt/gz_tools_vendor:/opt/ros/jazzy/opt/gz_ogre_next_vendor:/opt/ros/jazzy/opt/gz_dartsim_vendor:/opt/ros/jazzy/opt/gz_cmake_vendor'}, 'shell': False}
[1.806875] (-) TimerEvent: {}
[1.824677] (lab5_pkg) Command: {'cmd': ['/usr/bin/python3', '-W', 'ignore:setup.py install is deprecated', '-W', 'ignore:easy_install command is deprecated', 'setup.py', 'egg_info', '--egg-base', '../../build/lab5_pkg', 'build', '--build-base', '/home/buenr/CS488/build/lab5_pkg/build', 'install', '--record', '/home/buenr/CS488/build/lab5_pkg/install.log', '--single-version-externally-managed', 'install_data'], 'cwd': '/home/buenr/CS488/src/lab5_pkg', 'env': {'USER': 'buenr', 'GZ_SIM_RESOURCE_PATH': '/opt/ros/jazzy/share', 'GZ_CONFIG_PATH': '/opt/ros/jazzy/opt/gz_sim_vendor/share/gz:/opt/ros/jazzy/opt/sdformat_vendor/share/gz:/opt/ros/jazzy/opt/gz_gui_vendor/share/gz:/opt/ros/jazzy/opt/gz_transport_vendor/share/gz:/opt/ros/jazzy/opt/gz_rendering_vendor/share/gz:/opt/ros/jazzy/opt/gz_plugin_vendor/share/gz:/opt/ros/jazzy/opt/gz_fuel_tools_vendor/share/gz:/opt/ros/jazzy/opt/gz_msgs_vendor/share/gz:/opt/ros/jazzy/opt/gz_common_vendor/share/gz', 'XDG_SESSION_TYPE': 'wayland', 'CLUTTER_DISABLE_MIPMAPPED_TEXT': '1', 'SHLVL': '1', 'LD_LIBRARY_PATH': '/home/buenr/CS488/install/custom_interfaces/lib:/opt/ros/jazzy/opt/gz_sim_vendor/lib:/opt/ros/jazzy/opt/gz_sensors_vendor/lib:/opt/ros/jazzy/opt/gz_physics_vendor/lib:/opt/ros/jazzy/opt/sdformat_vendor/lib:/opt/ros/jazzy/opt/rviz_ogre_vendor/lib:/opt/ros/jazzy/lib/x86_64-linux-gnu:/opt/ros/jazzy/opt/gz_gui_vendor/lib:/opt/ros/jazzy/opt/gz_transport_vendor/lib:/opt/ros/jazzy/opt/gz_rendering_vendor/lib:/opt/ros/jazzy/opt/gz_plugin_vendor/lib:/opt/ros/jazzy/opt/gz_fuel_tools_vendor/lib:/opt/ros/jazzy/opt/gz_msgs_vendor/lib:/opt/ros/jazzy/opt/gz_common_vendor/lib:/opt/ros/jazzy/opt/gz_math_vendor/lib:/opt/ros/jazzy/opt/gz_utils_vendor/lib:/opt/ros/jazzy/opt/gz_tools_vendor/lib:/opt/ros/jazzy/opt/gz_ogre_next_vendor/lib:/opt/ros/jazzy/opt/gz_dartsim_vendor/lib:/opt/ros/jazzy/opt/gz_cmake_vendor/lib:/opt/ros/jazzy/lib', 'OLDPWD': '/home/buenr', 'HOME': '/home/buenr', 'DESKTOP_SESSION': 'ubuntu', 'GTK_MODULES': 'gail:atk-bridge', 'GNOME_SHELL_SESSION_MODE': 'ubuntu', 'ROS_PYTHON_VERSION': '3', 'SYSTEMD_EXEC_PID': '30152', 'DBUS_SESSION_BUS_ADDRESS': 'unix:path=/run/user/481846386/bus', 'GSM_SKIP_SSH_AGENT_WORKAROUND': 'true', 'COLORTERM': 'truecolor', 'CONDA_CHANGEPS1': 'no', 'WAYLAND_DISPLAY': 'wayland-0', 'ROS_DISTRO': 'jazzy', 'COLCON_PREFIX_PATH': '/home/buenr/CS488/install', 'LOGNAME': 'buenr', '_': '/usr/bin/colcon', 'MEMORY_PRESSURE_WATCH': '/sys/fs/cgroup/user.slice/user-481846386.slice/user@481846386.service/session.slice/org.gnome.Shell@wayland.service/memory.pressure', 'XDG_SESSION_CLASS': 'user', 'ROS_VERSION': '2', 'USERNAME': 'buenr', 'TERM': 'xterm-256color', 'PROMPT_EOL_MARK': '', 'ROS_SUPER_CLIENT': 'True', 'GNOME_DESKTOP_SESSION_ID': 'this-is-deprecated', 'PATH': '/opt/ros/jazzy/opt/gz_msgs_vendor/bin:/opt/ros/jazzy/opt/gz_tools_vendor/bin:/opt/ros/jazzy/opt/gz_ogre_next_vendor/bin:/opt/ros/jazzy/bin:/usr/local/sbin:/usr/local/bin:/usr/sbin:/usr/bin:/sbin:/bin:/usr/games:/usr/local/games:/snap/bin:/snap/bin', 'SESSION_MANAGER': 'local/csci20122:@/tmp/.ICE-unix/30099,unix/csci20122:/tmp/.ICE-unix/30099', 'GNOME_TERMINAL_SCREEN': '/org/gnome/Terminal/screen/7d6d0661_eb5b_4e50_84b1_79b4a45519ac', 'XDG_MENU_PREFIX': 'gnome-', 'GNOME_SETUP_DISPLAY': ':1', 'XDG_RUNTIME_DIR': '/run/user/481846386', 'DISPLAY': ':0', 'XDG_CURRENT_DESKTOP': 'ubuntu:GNOME', 'LANG': 'en_US.UTF-8', 'RMW_IMPLEMENTATION': 'rmw_fastrtps_cpp', 'XDG_SESSION_DESKTOP': 'ubuntu', 'GNOME_TERMINAL_SERVICE': ':1.194', 'XMODIFIERS': '@im=ibus', 'XAUTHORITY': '/run/user/481846386/.mutter-Xwaylandauth.1MMGN3', 'SSH_AUTH_SOCK': '/run/user/481846386/keyring/ssh', 'AMENT_PREFIX_PATH': '/home/buenr/CS488/install/lab_bringup:/home/buenr/CS488/install/lab5_pkg:/home/buenr/CS488/install/lab3_pkg:/home/buenr/CS488/install/lab2_pkg:/home/buenr/CS488/install/lab1_pkg:/home/buenr/CS488/install/custom_interfaces:/opt/ros/jazzy', 'ROS_DOMAIN_ID': '0', 'KRB5CCNAME': 'FILE:/tmp/krb5cc_481846386_s7E0DV', 'SHELL': '/bin/zsh', 'ROS_DISCOVERY_SERVER': '10.5.113.101:11811', 'QT_ACCESSIBILITY': '1', 'GDMSESSION': 'ubuntu', 'QT_IM_MODULE': 'ibus', 'ROS_AUTOMATIC_DISCOVERY_RANGE': 'SUBNET', 'PWD': '/home/buenr/CS488/build/lab5_pkg', 'XDG_DATA_DIRS': '/usr/local/share/:/usr/share/:/var/lib/snapd/desktop', 'VIRTUAL_ENV_DISABLE_PROMPT': '12', 'PYTHONPATH': '/home/buenr/CS488/build/lab5_pkg/prefix_override:/usr/lib/python3/dist-packages/colcon_core/task/python/colcon_distutils_commands:/home/buenr/CS488/install/lab5_pkg/lib/python3.12/site-packages:/home/buenr/CS488/install/custom_interfaces/lib/python3.12/site-packages:/home/buenr/CS488/install/lab5_pkg/lib/python3.12/site-packages:/home/buenr/CS488/install/lab3_pkg/lib/python3.12/site-packages:/home/buenr/CS488/install/lab2_pkg/lib/python3.12/site-packages:/home/buenr/CS488/install/lab1_pkg/lib/python3.12/site-packages:/opt/ros/jazzy/lib/python3.12/site-packages', 'COLCON': '1', 'VTE_VERSION': '7600', 'MEMORY_PRESSURE_WRITE': 'c29tZSAyMDAwMDAgMjAwMDAwMAA=', 'CMAKE_PREFIX_PATH': '/home/buenr/CS488/install/custom_interfaces:/home/buenr/CS488/install/lab_bringup:/opt/ros/jazzy/opt/gz_sim_vendor:/opt/ros/jazzy/opt/gz_sensors_vendor:/opt/ros/jazzy/opt/gz_physics_vendor:/opt/ros/jazzy/opt/sdformat_vendor:/opt/ros/jazzy/opt/gz_gui_vendor:/opt/ros/jazzy/opt/gz_transport_vendor:/opt/ros/jazzy/opt/gz_rendering_vendor:/opt/ros/jazzy/opt/gz_plugin_vendor:/opt/ros/jazzy/opt/gz_fuel_tools_vendor:/opt/ros/jazzy/opt/gz_msgs_vendor:/opt/ros/jazzy/opt/gz_common_vendor:/opt/ros/jazzy/opt/gz_math_vendor:/opt/ros/jazzy/opt/gz_utils_vendor:/opt/ros/jazzy/opt/gz_tools_vendor:/opt/ros/jazzy/opt/gz_ogre_next_vendor:/opt/ros/jazzy/opt/gz_dartsim_vendor:/opt/ros/jazzy/opt/gz_cmake_vendor'}, 'shell': False}
[1.838438] (lab1_pkg) StdoutLine: {'line': b'Installing speed_behavior_node script to /home/buenr/CS488/install/lab1_pkg/lib/lab1_pkg\n'}
[1.838749] (lab1_pkg) StdoutLine: {'line': b"writing list of installed files to '/home/buenr/CS488/build/lab1_pkg/install.log'\n"}
[1.860053] (lab1_pkg) CommandEnded: {'returncode': 0}
[1.866607] (lab1_pkg) JobEnded: {'identifier': 'lab1_pkg', 'rc': 0}
[1.906957] (-) TimerEvent: {}
[2.007167] (-) TimerEvent: {}
[2.094433] (lab3_pkg) StdoutLine: {'line': b'running egg_info\n'}
[2.107236] (-) TimerEvent: {}
[2.112453] (lab5_pkg) StdoutLine: {'line': b'running egg_info\n'}
[2.120449] (lab3_pkg) StdoutLine: {'line': b'writing ../../build/lab3_pkg/lab3_pkg.egg-info/PKG-INFO\n'}
[2.120732] (lab3_pkg) StdoutLine: {'line': b'writing dependency_links to ../../build/lab3_pkg/lab3_pkg.egg-info/dependency_links.txt\n'}
[2.120993] (lab3_pkg) StdoutLine: {'line': b'writing entry points to ../../build/lab3_pkg/lab3_pkg.egg-info/entry_points.txt\n'}
[2.121129] (lab3_pkg) StdoutLine: {'line': b'writing requirements to ../../build/lab3_pkg/lab3_pkg.egg-info/requires.txt\n'}
[2.121259] (lab3_pkg) StdoutLine: {'line': b'writing top-level names to ../../build/lab3_pkg/lab3_pkg.egg-info/top_level.txt\n'}
[2.138100] (lab5_pkg) StdoutLine: {'line': b'writing ../../build/lab5_pkg/lab5_pkg.egg-info/PKG-INFO\n'}
[2.138354] (lab5_pkg) StdoutLine: {'line': b'writing dependency_links to ../../build/lab5_pkg/lab5_pkg.egg-info/dependency_links.txt\n'}
[2.138534] (lab5_pkg) StdoutLine: {'line': b'writing entry points to ../../build/lab5_pkg/lab5_pkg.egg-info/entry_points.txt\n'}
[2.138707] (lab5_pkg) StdoutLine: {'line': b'writing requirements to ../../build/lab5_pkg/lab5_pkg.egg-info/requires.txt\n'}
[2.138826] (lab5_pkg) StdoutLine: {'line': b'writing top-level names to ../../build/lab5_pkg/lab5_pkg.egg-info/top_level.txt\n'}
[2.170964] (lab3_pkg) StdoutLine: {'line': b"reading manifest file '../../build/lab3_pkg/lab3_pkg.egg-info/SOURCES.txt'\n"}
[2.171532] (lab3_pkg) StdoutLine: {'line': b"writing manifest file '../../build/lab3_pkg/lab3_pkg.egg-info/SOURCES.txt'\n"}
[2.171668] (lab3_pkg) StdoutLine: {'line': b'running build\n'}
[2.171750] (lab3_pkg) StdoutLine: {'line': b'running build_py\n'}
[2.171936] (lab3_pkg) StdoutLine: {'line': b'running install\n'}
[2.176913] (lab3_pkg) StdoutLine: {'line': b'running install_lib\n'}
[2.187826] (lab5_pkg) StdoutLine: {'line': b"reading manifest file '../../build/lab5_pkg/lab5_pkg.egg-info/SOURCES.txt'\n"}
[2.188409] (lab5_pkg) StdoutLine: {'line': b"writing manifest file '../../build/lab5_pkg/lab5_pkg.egg-info/SOURCES.txt'\n"}
[2.188588] (lab5_pkg) StdoutLine: {'line': b'running build\n'}
[2.188688] (lab5_pkg) StdoutLine: {'line': b'running build_py\n'}
[2.188916] (lab5_pkg) StdoutLine: {'line': b'running install\n'}
[2.193968] (lab5_pkg) StdoutLine: {'line': b'running install_lib\n'}
[2.201500] (lab3_pkg) StdoutLine: {'line': b'running install_data\n'}
[2.201632] (lab3_pkg) StdoutLine: {'line': b'running install_egg_info\n'}
[2.207330] (-) TimerEvent: {}
[2.219437] (lab5_pkg) StdoutLine: {'line': b'running install_data\n'}
[2.219577] (lab5_pkg) StdoutLine: {'line': b'running install_egg_info\n'}
[2.226607] (lab3_pkg) StdoutLine: {'line': b"removing '/home/buenr/CS488/install/lab3_pkg/lib/python3.12/site-packages/lab3_pkg-0.0.0-py3.12.egg-info' (and everything under it)\n"}
[2.226845] (lab3_pkg) StdoutLine: {'line': b'Copying ../../build/lab3_pkg/lab3_pkg.egg-info to /home/buenr/CS488/install/lab3_pkg/lib/python3.12/site-packages/lab3_pkg-0.0.0-py3.12.egg-info\n'}
[2.228156] (lab3_pkg) StdoutLine: {'line': b'running install_scripts\n'}
[2.245175] (lab5_pkg) StdoutLine: {'line': b"removing '/home/buenr/CS488/install/lab5_pkg/lib/python3.12/site-packages/lab5_pkg-0.0.0-py3.12.egg-info' (and everything under it)\n"}
[2.245355] (lab5_pkg) StdoutLine: {'line': b'Copying ../../build/lab5_pkg/lab5_pkg.egg-info to /home/buenr/CS488/install/lab5_pkg/lib/python3.12/site-packages/lab5_pkg-0.0.0-py3.12.egg-info\n'}
[2.249071] (lab5_pkg) StdoutLine: {'line': b'running install_scripts\n'}
[2.307440] (-) TimerEvent: {}
[2.380424] (lab3_pkg) StdoutLine: {'line': b'Installing SCOD_server script to /home/buenr/CS488/install/lab3_pkg/lib/lab3_pkg\n'}
[2.380624] (lab3_pkg) StdoutLine: {'line': b'Installing set_cap_client_node script to /home/buenr/CS488/install/lab3_pkg/lib/lab3_pkg\n'}
[2.380867] (lab3_pkg) StdoutLine: {'line': b"writing list of installed files to '/home/buenr/CS488/build/lab3_pkg/install.log'\n"}
[2.398696] (lab5_pkg) StdoutLine: {'line': b'Installing go_to_goal_client script to /home/buenr/CS488/install/lab5_pkg/lib/lab5_pkg\n'}
[2.398895] (lab5_pkg) StdoutLine: {'line': b'Installing go_to_goal_server script to /home/buenr/CS488/install/lab5_pkg/lib/lab5_pkg\n'}
[2.399332] (lab5_pkg) StdoutLine: {'line': b"writing list of installed files to '/home/buenr/CS488/build/lab5_pkg/install.log'\n"}
[2.400204] (lab3_pkg) CommandEnded: {'returncode': 0}
[2.405778] (lab3_pkg) JobEnded: {'identifier': 'lab3_pkg', 'rc': 0}
[2.406935] (lab_bringup) JobStarted: {'identifier': 'lab_bringup'}
[2.407774] (-) TimerEvent: {}
[2.418789] (lab_bringup) JobProgress: {'identifier': 'lab_bringup', 'progress': 'cmake'}
[2.419409] (lab_bringup) JobProgress: {'identifier': 'lab_bringup', 'progress': 'build'}
[2.419595] (lab_bringup) Command: {'cmd': ['/usr/bin/cmake', '--build', '/home/buenr/CS488/build/lab_bringup', '--', '-j16', '-l16'], 'cwd': '/home/buenr/CS488/build/lab_bringup', 'env': OrderedDict({'USER': 'buenr', 'GZ_SIM_RESOURCE_PATH': '/opt/ros/jazzy/share', 'GZ_CONFIG_PATH': '/opt/ros/jazzy/opt/gz_sim_vendor/share/gz:/opt/ros/jazzy/opt/sdformat_vendor/share/gz:/opt/ros/jazzy/opt/gz_gui_vendor/share/gz:/opt/ros/jazzy/opt/gz_transport_vendor/share/gz:/opt/ros/jazzy/opt/gz_rendering_vendor/share/gz:/opt/ros/jazzy/opt/gz_plugin_vendor/share/gz:/opt/ros/jazzy/opt/gz_fuel_tools_vendor/share/gz:/opt/ros/jazzy/opt/gz_msgs_vendor/share/gz:/opt/ros/jazzy/opt/gz_common_vendor/share/gz', 'XDG_SESSION_TYPE': 'wayland', 'CLUTTER_DISABLE_MIPMAPPED_TEXT': '1', 'SHLVL': '1', 'LD_LIBRARY_PATH': '/home/buenr/CS488/install/custom_interfaces/lib:/opt/ros/jazzy/opt/gz_sim_vendor/lib:/opt/ros/jazzy/opt/gz_sensors_vendor/lib:/opt/ros/jazzy/opt/gz_physics_vendor/lib:/opt/ros/jazzy/opt/sdformat_vendor/lib:/opt/ros/jazzy/opt/rviz_ogre_vendor/lib:/opt/ros/jazzy/lib/x86_64-linux-gnu:/opt/ros/jazzy/opt/gz_gui_vendor/lib:/opt/ros/jazzy/opt/gz_transport_vendor/lib:/opt/ros/jazzy/opt/gz_rendering_vendor/lib:/opt/ros/jazzy/opt/gz_plugin_vendor/lib:/opt/ros/jazzy/opt/gz_fuel_tools_vendor/lib:/opt/ros/jazzy/opt/gz_msgs_vendor/lib:/opt/ros/jazzy/opt/gz_common_vendor/lib:/opt/ros/jazzy/opt/gz_math_vendor/lib:/opt/ros/jazzy/opt/gz_utils_vendor/lib:/opt/ros/jazzy/opt/gz_tools_vendor/lib:/opt/ros/jazzy/opt/gz_ogre_next_vendor/lib:/opt/ros/jazzy/opt/gz_dartsim_vendor/lib:/opt/ros/jazzy/opt/gz_cmake_vendor/lib:/opt/ros/jazzy/lib', 'OLDPWD': '/home/buenr', 'HOME': '/home/buenr', 'DESKTOP_SESSION': 'ubuntu', 'GTK_MODULES': 'gail:atk-bridge', 'GNOME_SHELL_SESSION_MODE': 'ubuntu', 'ROS_PYTHON_VERSION': '3', 'SYSTEMD_EXEC_PID': '30152', 'DBUS_SESSION_BUS_ADDRESS': 'unix:path=/run/user/481846386/bus', 'GSM_SKIP_SSH_AGENT_WORKAROUND': 'true', 'COLORTERM': 'truecolor', 'CONDA_CHANGEPS1': 'no', 'WAYLAND_DISPLAY': 'wayland-0', 'ROS_DISTRO': 'jazzy', 'COLCON_PREFIX_PATH': '/home/buenr/CS488/install', 'LOGNAME': 'buenr', '_': '/usr/bin/colcon', 'MEMORY_PRESSURE_WATCH': '/sys/fs/cgroup/user.slice/user-481846386.slice/user@481846386.service/session.slice/org.gnome.Shell@wayland.service/memory.pressure', 'XDG_SESSION_CLASS': 'user', 'ROS_VERSION': '2', 'USERNAME': 'buenr', 'TERM': 'xterm-256color', 'PROMPT_EOL_MARK': '', 'ROS_SUPER_CLIENT': 'True', 'GNOME_DESKTOP_SESSION_ID': 'this-is-deprecated', 'PATH': '/opt/ros/jazzy/opt/gz_msgs_vendor/bin:/opt/ros/jazzy/opt/gz_tools_vendor/bin:/opt/ros/jazzy/opt/gz_ogre_next_vendor/bin:/opt/ros/jazzy/bin:/usr/local/sbin:/usr/local/bin:/usr/sbin:/usr/bin:/sbin:/bin:/usr/games:/usr/local/games:/snap/bin:/snap/bin', 'SESSION_MANAGER': 'local/csci20122:@/tmp/.ICE-unix/30099,unix/csci20122:/tmp/.ICE-unix/30099', 'GNOME_TERMINAL_SCREEN': '/org/gnome/Terminal/screen/7d6d0661_eb5b_4e50_84b1_79b4a45519ac', 'XDG_MENU_PREFIX': 'gnome-', 'GNOME_SETUP_DISPLAY': ':1', 'XDG_RUNTIME_DIR': '/run/user/481846386', 'DISPLAY': ':0', 'XDG_CURRENT_DESKTOP': 'ubuntu:GNOME', 'LANG': 'en_US.UTF-8', 'RMW_IMPLEMENTATION': 'rmw_fastrtps_cpp', 'XDG_SESSION_DESKTOP': 'ubuntu', 'GNOME_TERMINAL_SERVICE': ':1.194', 'XMODIFIERS': '@im=ibus', 'XAUTHORITY': '/run/user/481846386/.mutter-Xwaylandauth.1MMGN3', 'SSH_AUTH_SOCK': '/run/user/481846386/keyring/ssh', 'AMENT_PREFIX_PATH': '/home/buenr/CS488/install/lab3_pkg:/home/buenr/CS488/install/lab_bringup:/home/buenr/CS488/install/lab5_pkg:/home/buenr/CS488/install/lab2_pkg:/home/buenr/CS488/install/lab1_pkg:/home/buenr/CS488/install/custom_interfaces:/opt/ros/jazzy', 'ROS_DOMAIN_ID': '0', 'KRB5CCNAME': 'FILE:/tmp/krb5cc_481846386_s7E0DV', 'SHELL': '/bin/zsh', 'ROS_DISCOVERY_SERVER': '10.5.113.101:11811', 'QT_ACCESSIBILITY': '1', 'GDMSESSION': 'ubuntu', 'QT_IM_MODULE': 'ibus', 'ROS_AUTOMATIC_DISCOVERY_RANGE': 'SUBNET', 'PWD': '/home/buenr/CS488/build/lab_bringup', 'XDG_DATA_DIRS': '/usr/local/share/:/usr/share/:/var/lib/snapd/desktop', 'VIRTUAL_ENV_DISABLE_PROMPT': '12', 'PYTHONPATH': '/home/buenr/CS488/install/lab3_pkg/lib/python3.12/site-packages:/home/buenr/CS488/install/custom_interfaces/lib/python3.12/site-packages:/home/buenr/CS488/install/lab5_pkg/lib/python3.12/site-packages:/home/buenr/CS488/install/lab2_pkg/lib/python3.12/site-packages:/home/buenr/CS488/install/lab1_pkg/lib/python3.12/site-packages:/opt/ros/jazzy/lib/python3.12/site-packages', 'COLCON': '1', 'VTE_VERSION': '7600', 'MEMORY_PRESSURE_WRITE': 'c29tZSAyMDAwMDAgMjAwMDAwMAA=', 'CMAKE_PREFIX_PATH': '/home/buenr/CS488/install/custom_interfaces:/home/buenr/CS488/install/lab_bringup:/opt/ros/jazzy/opt/gz_sim_vendor:/opt/ros/jazzy/opt/gz_sensors_vendor:/opt/ros/jazzy/opt/gz_physics_vendor:/opt/ros/jazzy/opt/sdformat_vendor:/opt/ros/jazzy/opt/gz_gui_vendor:/opt/ros/jazzy/opt/gz_transport_vendor:/opt/ros/jazzy/opt/gz_rendering_vendor:/opt/ros/jazzy/opt/gz_plugin_vendor:/opt/ros/jazzy/opt/gz_fuel_tools_vendor:/opt/ros/jazzy/opt/gz_msgs_vendor:/opt/ros/jazzy/opt/gz_common_vendor:/opt/ros/jazzy/opt/gz_math_vendor:/opt/ros/jazzy/opt/gz_utils_vendor:/opt/ros/jazzy/opt/gz_tools_vendor:/opt/ros/jazzy/opt/gz_ogre_next_vendor:/opt/ros/jazzy/opt/gz_dartsim_vendor:/opt/ros/jazzy/opt/gz_cmake_vendor:/home/buenr/CS488/install/lab5_pkg:/home/buenr/CS488/install/lab3_pkg:/home/buenr/CS488/install/lab2_pkg:/home/buenr/CS488/install/lab1_pkg:/opt/ros/jazzy'}), 'shell': False}
[2.432591] (lab5_pkg) CommandEnded: {'returncode': 0}
[2.438242] (lab5_pkg) JobEnded: {'identifier': 'lab5_pkg', 'rc': 0}
[2.458232] (lab_bringup) CommandEnded: {'returncode': 0}
[2.458743] (lab_bringup) JobProgress: {'identifier': 'lab_bringup', 'progress': 'install'}
[2.459017] (lab_bringup) Command: {'cmd': ['/usr/bin/cmake', '--install', '/home/buenr/CS488/build/lab_bringup'], 'cwd': '/home/buenr/CS488/build/lab_bringup', 'env': OrderedDict({'USER': 'buenr', 'GZ_SIM_RESOURCE_PATH': '/opt/ros/jazzy/share', 'GZ_CONFIG_PATH': '/opt/ros/jazzy/opt/gz_sim_vendor/share/gz:/opt/ros/jazzy/opt/sdformat_vendor/share/gz:/opt/ros/jazzy/opt/gz_gui_vendor/share/gz:/opt/ros/jazzy/opt/gz_transport_vendor/share/gz:/opt/ros/jazzy/opt/gz_rendering_vendor/share/gz:/opt/ros/jazzy/opt/gz_plugin_vendor/share/gz:/opt/ros/jazzy/opt/gz_fuel_tools_vendor/share/gz:/opt/ros/jazzy/opt/gz_msgs_vendor/share/gz:/opt/ros/jazzy/opt/gz_common_vendor/share/gz', 'XDG_SESSION_TYPE': 'wayland', 'CLUTTER_DISABLE_MIPMAPPED_TEXT': '1', 'SHLVL': '1', 'LD_LIBRARY_PATH': '/home/buenr/CS488/install/custom_interfaces/lib:/opt/ros/jazzy/opt/gz_sim_vendor/lib:/opt/ros/jazzy/opt/gz_sensors_vendor/lib:/opt/ros/jazzy/opt/gz_physics_vendor/lib:/opt/ros/jazzy/opt/sdformat_vendor/lib:/opt/ros/jazzy/opt/rviz_ogre_vendor/lib:/opt/ros/jazzy/lib/x86_64-linux-gnu:/opt/ros/jazzy/opt/gz_gui_vendor/lib:/opt/ros/jazzy/opt/gz_transport_vendor/lib:/opt/ros/jazzy/opt/gz_rendering_vendor/lib:/opt/ros/jazzy/opt/gz_plugin_vendor/lib:/opt/ros/jazzy/opt/gz_fuel_tools_vendor/lib:/opt/ros/jazzy/opt/gz_msgs_vendor/lib:/opt/ros/jazzy/opt/gz_common_vendor/lib:/opt/ros/jazzy/opt/gz_math_vendor/lib:/opt/ros/jazzy/opt/gz_utils_vendor/lib:/opt/ros/jazzy/opt/gz_tools_vendor/lib:/opt/ros/jazzy/opt/gz_ogre_next_vendor/lib:/opt/ros/jazzy/opt/gz_dartsim_vendor/lib:/opt/ros/jazzy/opt/gz_cmake_vendor/lib:/opt/ros/jazzy/lib', 'OLDPWD': '/home/buenr', 'HOME': '/home/buenr', 'DESKTOP_SESSION': 'ubuntu', 'GTK_MODULES': 'gail:atk-bridge', 'GNOME_SHELL_SESSION_MODE': 'ubuntu', 'ROS_PYTHON_VERSION': '3', 'SYSTEMD_EXEC_PID': '30152', 'DBUS_SESSION_BUS_ADDRESS': 'unix:path=/run/user/481846386/bus', 'GSM_SKIP_SSH_AGENT_WORKAROUND': 'true', 'COLORTERM': 'truecolor', 'CONDA_CHANGEPS1': 'no', 'WAYLAND_DISPLAY': 'wayland-0', 'ROS_DISTRO': 'jazzy', 'COLCON_PREFIX_PATH': '/home/buenr/CS488/install', 'LOGNAME': 'buenr', '_': '/usr/bin/colcon', 'MEMORY_PRESSURE_WATCH': '/sys/fs/cgroup/user.slice/user-481846386.slice/user@481846386.service/session.slice/org.gnome.Shell@wayland.service/memory.pressure', 'XDG_SESSION_CLASS': 'user', 'ROS_VERSION': '2', 'USERNAME': 'buenr', 'TERM': 'xterm-256color', 'PROMPT_EOL_MARK': '', 'ROS_SUPER_CLIENT': 'True', 'GNOME_DESKTOP_SESSION_ID': 'this-is-deprecated', 'PATH': '/opt/ros/jazzy/opt/gz_msgs_vendor/bin:/opt/ros/jazzy/opt/gz_tools_vendor/bin:/opt/ros/jazzy/opt/gz_ogre_next_vendor/bin:/opt/ros/jazzy/bin:/usr/local/sbin:/usr/local/bin:/usr/sbin:/usr/bin:/sbin:/bin:/usr/games:/usr/local/games:/snap/bin:/snap/bin', 'SESSION_MANAGER': 'local/csci20122:@/tmp/.ICE-unix/30099,unix/csci20122:/tmp/.ICE-unix/30099', 'GNOME_TERMINAL_SCREEN': '/org/gnome/Terminal/screen/7d6d0661_eb5b_4e50_84b1_79b4a45519ac', 'XDG_MENU_PREFIX': 'gnome-', 'GNOME_SETUP_DISPLAY': ':1', 'XDG_RUNTIME_DIR': '/run/user/481846386', 'DISPLAY': ':0', 'XDG_CURRENT_DESKTOP': 'ubuntu:GNOME', 'LANG': 'en_US.UTF-8', 'RMW_IMPLEMENTATION': 'rmw_fastrtps_cpp', 'XDG_SESSION_DESKTOP': 'ubuntu', 'GNOME_TERMINAL_SERVICE': ':1.194', 'XMODIFIERS': '@im=ibus', 'XAUTHORITY': '/run/user/481846386/.mutter-Xwaylandauth.1MMGN3', 'SSH_AUTH_SOCK': '/run/user/481846386/keyring/ssh', 'AMENT_PREFIX_PATH': '/home/buenr/CS488/install/lab3_pkg:/home/buenr/CS488/install/lab_bringup:/home/buenr/CS488/install/lab5_pkg:/home/buenr/CS488/install/lab2_pkg:/home/buenr/CS488/install/lab1_pkg:/home/buenr/CS488/install/custom_interfaces:/opt/ros/jazzy', 'ROS_DOMAIN_ID': '0', 'KRB5CCNAME': 'FILE:/tmp/krb5cc_481846386_s7E0DV', 'SHELL': '/bin/zsh', 'ROS_DISCOVERY_SERVER': '10.5.113.101:11811', 'QT_ACCESSIBILITY': '1', 'GDMSESSION': 'ubuntu', 'QT_IM_MODULE': 'ibus', 'ROS_AUTOMATIC_DISCOVERY_RANGE': 'SUBNET', 'PWD': '/home/buenr/CS488/build/lab_bringup', 'XDG_DATA_DIRS': '/usr/local/share/:/usr/share/:/var/lib/snapd/desktop', 'VIRTUAL_ENV_DISABLE_PROMPT': '12', 'PYTHONPATH': '/home/buenr/CS488/install/lab3_pkg/lib/python3.12/site-packages:/home/buenr/CS488/install/custom_interfaces/lib/python3.12/site-packages:/home/buenr/CS488/install/lab5_pkg/lib/python3.12/site-packages:/home/buenr/CS488/install/lab2_pkg/lib/python3.12/site-packages:/home/buenr/CS488/install/lab1_pkg/lib/python3.12/site-packages:/opt/ros/jazzy/lib/python3.12/site-packages', 'COLCON': '1', 'VTE_VERSION': '7600', 'MEMORY_PRESSURE_WRITE': 'c29tZSAyMDAwMDAgMjAwMDAwMAA=', 'CMAKE_PREFIX_PATH': '/home/buenr/CS488/install/custom_interfaces:/home/buenr/CS488/install/lab_bringup:/opt/ros/jazzy/opt/gz_sim_vendor:/opt/ros/jazzy/opt/gz_sensors_vendor:/opt/ros/jazzy/opt/gz_physics_vendor:/opt/ros/jazzy/opt/sdformat_vendor:/opt/ros/jazzy/opt/gz_gui_vendor:/opt/ros/jazzy/opt/gz_transport_vendor:/opt/ros/jazzy/opt/gz_rendering_vendor:/opt/ros/jazzy/opt/gz_plugin_vendor:/opt/ros/jazzy/opt/gz_fuel_tools_vendor:/opt/ros/jazzy/opt/gz_msgs_vendor:/opt/ros/jazzy/opt/gz_common_vendor:/opt/ros/jazzy/opt/gz_math_vendor:/opt/ros/jazzy/opt/gz_utils_vendor:/opt/ros/jazzy/opt/gz_tools_vendor:/opt/ros/jazzy/opt/gz_ogre_next_vendor:/opt/ros/jazzy/opt/gz_dartsim_vendor:/opt/ros/jazzy/opt/gz_cmake_vendor:/home/buenr/CS488/install/lab5_pkg:/home/buenr/CS488/install/lab3_pkg:/home/buenr/CS488/install/lab2_pkg:/home/buenr/CS488/install/lab1_pkg:/opt/ros/jazzy'}), 'shell': False}
[2.466508] (lab_bringup) StdoutLine: {'line': b'-- Install configuration: ""\n'}
[2.466704] (lab_bringup) StdoutLine: {'line': b'-- Up-to-date: /home/buenr/CS488/install/lab_bringup/share/lab_bringup//launch\n'}
[2.466863] (lab_bringup) StdoutLine: {'line': b'-- Up-to-date: /home/buenr/CS488/install/lab_bringup/share/lab_bringup//launch/lab4.launch.xml\n'}
[2.467003] (lab_bringup) StdoutLine: {'line': b'-- Up-to-date: /home/buenr/CS488/install/lab_bringup/share/lab_bringup//launch/lab3.launch.xml\n'}
[2.467147] (lab_bringup) StdoutLine: {'line': b'-- Up-to-date: /home/buenr/CS488/install/lab_bringup/share/ament_index/resource_index/package_run_dependencies/lab_bringup\n'}
[2.467234] (lab_bringup) StdoutLine: {'line': b'-- Up-to-date: /home/buenr/CS488/install/lab_bringup/share/ament_index/resource_index/parent_prefix_path/lab_bringup\n'}
[2.467306] (lab_bringup) StdoutLine: {'line': b'-- Up-to-date: /home/buenr/CS488/install/lab_bringup/share/lab_bringup/environment/ament_prefix_path.sh\n'}
[2.467375] (lab_bringup) StdoutLine: {'line': b'-- Up-to-date: /home/buenr/CS488/install/lab_bringup/share/lab_bringup/environment/ament_prefix_path.dsv\n'}
[2.467443] (lab_bringup) StdoutLine: {'line': b'-- Up-to-date: /home/buenr/CS488/install/lab_bringup/share/lab_bringup/environment/path.sh\n'}
[2.467511] (lab_bringup) StdoutLine: {'line': b'-- Up-to-date: /home/buenr/CS488/install/lab_bringup/share/lab_bringup/environment/path.dsv\n'}
[2.467587] (lab_bringup) StdoutLine: {'line': b'-- Up-to-date: /home/buenr/CS488/install/lab_bringup/share/lab_bringup/local_setup.bash\n'}
[2.467654] (lab_bringup) StdoutLine: {'line': b'-- Up-to-date: /home/buenr/CS488/install/lab_bringup/share/lab_bringup/local_setup.sh\n'}
[2.467723] (lab_bringup) StdoutLine: {'line': b'-- Up-to-date: /home/buenr/CS488/install/lab_bringup/share/lab_bringup/local_setup.zsh\n'}
[2.467791] (lab_bringup) StdoutLine: {'line': b'-- Up-to-date: /home/buenr/CS488/install/lab_bringup/share/lab_bringup/local_setup.dsv\n'}
[2.467886] (lab_bringup) StdoutLine: {'line': b'-- Up-to-date: /home/buenr/CS488/install/lab_bringup/share/lab_bringup/package.dsv\n'}
[2.468062] (lab_bringup) StdoutLine: {'line': b'-- Up-to-date: /home/buenr/CS488/install/lab_bringup/share/ament_index/resource_index/packages/lab_bringup\n'}
[2.468606] (lab_bringup) StdoutLine: {'line': b'-- Up-to-date: /home/buenr/CS488/install/lab_bringup/share/lab_bringup/cmake/lab_bringupConfig.cmake\n'}
[2.468787] (lab_bringup) StdoutLine: {'line': b'-- Up-to-date: /home/buenr/CS488/install/lab_bringup/share/lab_bringup/cmake/lab_bringupConfig-version.cmake\n'}
[2.468892] (lab_bringup) StdoutLine: {'line': b'-- Up-to-date: /home/buenr/CS488/install/lab_bringup/share/lab_bringup/package.xml\n'}
[2.469035] (lab_bringup) CommandEnded: {'returncode': 0}
[2.507844] (-) TimerEvent: {}
[2.509111] (lab_bringup) JobEnded: {'identifier': 'lab_bringup', 'rc': 0}
[2.509992] (-) EventReactorShutdown: {}
