[1.162s] Invoking command in '/home/nhu.nguyen/turtlebot4_ws/src/lab2_pkg': PYTHONPATH=/home/nhu.nguyen/turtlebot4_ws/build/lab2_pkg/prefix_override:/usr/lib/python3/dist-packages/colcon_core/task/python/colcon_distutils_commands:/home/nhu.nguyen/turtlebot4_ws/install/lab2_pkg/lib/python3.12/site-packages:${PYTHONPATH} /usr/bin/python3 -W ignore:setup.py install is deprecated -W ignore:easy_install command is deprecated setup.py egg_info --egg-base ../../build/lab2_pkg build --build-base /home/nhu.nguyen/turtlebot4_ws/build/lab2_pkg/build install --record /home/nhu.nguyen/turtlebot4_ws/build/lab2_pkg/install.log --single-version-externally-managed install_data
[1.448s] running egg_info
[1.473s] writing ../../build/lab2_pkg/lab2_pkg.egg-info/PKG-INFO
[1.473s] writing dependency_links to ../../build/lab2_pkg/lab2_pkg.egg-info/dependency_links.txt
[1.473s] writing entry points to ../../build/lab2_pkg/lab2_pkg.egg-info/entry_points.txt
[1.474s] writing requirements to ../../build/lab2_pkg/lab2_pkg.egg-info/requires.txt
[1.474s] writing top-level names to ../../build/lab2_pkg/lab2_pkg.egg-info/top_level.txt
[1.526s] reading manifest file '../../build/lab2_pkg/lab2_pkg.egg-info/SOURCES.txt'
[1.526s] writing manifest file '../../build/lab2_pkg/lab2_pkg.egg-info/SOURCES.txt'
[1.526s] running build
[1.526s] running build_py
[1.527s] running install
[1.532s] running install_lib
[1.558s] running install_data
[1.558s] running install_egg_info
[1.585s] removing '/home/nhu.nguyen/turtlebot4_ws/install/lab2_pkg/lib/python3.12/site-packages/lab2_pkg-0.0.0-py3.12.egg-info' (and everything under it)
[1.585s] Copying ../../build/lab2_pkg/lab2_pkg.egg-info to /home/nhu.nguyen/turtlebot4_ws/install/lab2_pkg/lib/python3.12/site-packages/lab2_pkg-0.0.0-py3.12.egg-info
[1.587s] running install_scripts
[1.749s] Installing SCOD script to /home/nhu.nguyen/turtlebot4_ws/install/lab2_pkg/lib/lab2_pkg
[1.749s] writing list of installed files to '/home/nhu.nguyen/turtlebot4_ws/build/lab2_pkg/install.log'
[1.775s] Invoked command in '/home/nhu.nguyen/turtlebot4_ws/src/lab2_pkg' returned '0': PYTHONPATH=/home/nhu.nguyen/turtlebot4_ws/build/lab2_pkg/prefix_override:/usr/lib/python3/dist-packages/colcon_core/task/python/colcon_distutils_commands:/home/nhu.nguyen/turtlebot4_ws/install/lab2_pkg/lib/python3.12/site-packages:${PYTHONPATH} /usr/bin/python3 -W ignore:setup.py install is deprecated -W ignore:easy_install command is deprecated setup.py egg_info --egg-base ../../build/lab2_pkg build --build-base /home/nhu.nguyen/turtlebot4_ws/build/lab2_pkg/build install --record /home/nhu.nguyen/turtlebot4_ws/build/lab2_pkg/install.log --single-version-externally-managed install_data
