[2.544s] Invoking command in '/home/gbonham/turtlebot4_ws/src/lab1_pkg': PYTHONPATH=/home/gbonham/turtlebot4_ws/build/lab1_pkg/prefix_override:/usr/lib/python3/dist-packages/colcon_core/task/python/colcon_distutils_commands:/home/gbonham/turtlebot4_ws/install/lab1_pkg/lib/python3.12/site-packages:${PYTHONPATH} /usr/bin/python3 -W ignore:setup.py install is deprecated -W ignore:easy_install command is deprecated setup.py egg_info --egg-base ../../build/lab1_pkg build --build-base /home/gbonham/turtlebot4_ws/build/lab1_pkg/build install --record /home/gbonham/turtlebot4_ws/build/lab1_pkg/install.log --single-version-externally-managed install_data
[2.836s] running egg_info
[2.860s] writing ../../build/lab1_pkg/lab1_pkg.egg-info/PKG-INFO
[2.860s] writing dependency_links to ../../build/lab1_pkg/lab1_pkg.egg-info/dependency_links.txt
[2.860s] writing entry points to ../../build/lab1_pkg/lab1_pkg.egg-info/entry_points.txt
[2.861s] writing requirements to ../../build/lab1_pkg/lab1_pkg.egg-info/requires.txt
[2.861s] writing top-level names to ../../build/lab1_pkg/lab1_pkg.egg-info/top_level.txt
[2.913s] reading manifest file '../../build/lab1_pkg/lab1_pkg.egg-info/SOURCES.txt'
[2.913s] writing manifest file '../../build/lab1_pkg/lab1_pkg.egg-info/SOURCES.txt'
[2.914s] running build
[2.914s] running build_py
[2.914s] running install
[2.919s] running install_lib
[2.945s] running install_data
[2.945s] running install_egg_info
[2.970s] removing '/home/gbonham/turtlebot4_ws/install/lab1_pkg/lib/python3.12/site-packages/lab1_pkg-0.0.0-py3.12.egg-info' (and everything under it)
[2.971s] Copying ../../build/lab1_pkg/lab1_pkg.egg-info to /home/gbonham/turtlebot4_ws/install/lab1_pkg/lib/python3.12/site-packages/lab1_pkg-0.0.0-py3.12.egg-info
[2.972s] running install_scripts
[3.126s] Installing speed_behavior_node script to /home/gbonham/turtlebot4_ws/install/lab1_pkg/lib/lab1_pkg
[3.126s] writing list of installed files to '/home/gbonham/turtlebot4_ws/build/lab1_pkg/install.log'
[3.156s] Invoked command in '/home/gbonham/turtlebot4_ws/src/lab1_pkg' returned '0': PYTHONPATH=/home/gbonham/turtlebot4_ws/build/lab1_pkg/prefix_override:/usr/lib/python3/dist-packages/colcon_core/task/python/colcon_distutils_commands:/home/gbonham/turtlebot4_ws/install/lab1_pkg/lib/python3.12/site-packages:${PYTHONPATH} /usr/bin/python3 -W ignore:setup.py install is deprecated -W ignore:easy_install command is deprecated setup.py egg_info --egg-base ../../build/lab1_pkg build --build-base /home/gbonham/turtlebot4_ws/build/lab1_pkg/build install --record /home/gbonham/turtlebot4_ws/build/lab1_pkg/install.log --single-version-externally-managed install_data
