[0.100s] DEBUG:colcon:Command line arguments: ['/usr/bin/colcon', 'build']
[0.100s] DEBUG:colcon:Parsed command line arguments: Namespace(log_base=None, log_level=None, verb_name='build', build_base='build', install_base='install', merge_install=False, symlink_install=False, test_result_base=None, continue_on_error=False, executor='parallel', parallel_workers=16, event_handlers=None, ignore_user_meta=False, metas=['./colcon.meta'], base_paths=['.'], packages_ignore=None, packages_ignore_regex=None, paths=None, packages_up_to=None, packages_up_to_regex=None, packages_above=None, packages_above_and_dependencies=None, packages_above_depth=None, packages_select_by_dep=None, packages_skip_by_dep=None, packages_skip_up_to=None, packages_select_build_failed=False, packages_skip_build_finished=False, packages_select_test_failures=False, packages_skip_test_passed=False, packages_select=None, packages_skip=None, packages_select_regex=None, packages_skip_regex=None, packages_start=None, packages_end=None, allow_overriding=[], cmake_args=None, cmake_target=None, cmake_target_skip_unavailable=False, cmake_clean_cache=False, cmake_clean_first=False, cmake_force_configure=False, ament_cmake_args=None, catkin_cmake_args=None, catkin_skip_building_tests=False, mixin_files=None, mixin=None, verb_parser=<colcon_mixin.mixin.mixin_argument.MixinArgumentDecorator object at 0x76be73e9e630>, verb_extension=<colcon_core.verb.build.BuildVerb object at 0x76be73fc6ab0>, main=<bound method BuildVerb.main of <colcon_core.verb.build.BuildVerb object at 0x76be73fc6ab0>>, mixin_verb=('build',))
[0.133s] Level 1:colcon.colcon_core.package_discovery:discover_packages(colcon_meta) check parameters
[0.133s] Level 1:colcon.colcon_core.package_discovery:discover_packages(recursive) check parameters
[0.133s] Level 1:colcon.colcon_core.package_discovery:discover_packages(ignore) check parameters
[0.133s] Level 1:colcon.colcon_core.package_discovery:discover_packages(path) check parameters
[0.133s] Level 1:colcon.colcon_core.package_discovery:discover_packages(colcon_meta) discover
[0.133s] Level 1:colcon.colcon_core.package_discovery:discover_packages(recursive) discover
[0.133s] INFO:colcon.colcon_core.package_discovery:Crawling recursively for packages in '/home/buenr/CS488'
[0.134s] Level 1:colcon.colcon_core.package_identification:_identify(.) by extensions ['ignore', 'ignore_ament_install']
[0.134s] Level 1:colcon.colcon_core.package_identification:_identify(.) by extension 'ignore'
[0.134s] Level 1:colcon.colcon_core.package_identification:_identify(.) by extension 'ignore_ament_install'
[0.134s] Level 1:colcon.colcon_core.package_identification:_identify(.) by extensions ['colcon_pkg']
[0.134s] Level 1:colcon.colcon_core.package_identification:_identify(.) by extension 'colcon_pkg'
[0.134s] Level 1:colcon.colcon_core.package_identification:_identify(.) by extensions ['colcon_meta']
[0.134s] Level 1:colcon.colcon_core.package_identification:_identify(.) by extension 'colcon_meta'
[0.134s] Level 1:colcon.colcon_core.package_identification:_identify(.) by extensions ['ros']
[0.134s] Level 1:colcon.colcon_core.package_identification:_identify(.) by extension 'ros'
[0.154s] Level 1:colcon.colcon_core.package_identification:_identify(.) by extensions ['cmake', 'python']
[0.154s] Level 1:colcon.colcon_core.package_identification:_identify(.) by extension 'cmake'
[0.154s] Level 1:colcon.colcon_core.package_identification:_identify(.) by extension 'python'
[0.154s] Level 1:colcon.colcon_core.package_identification:_identify(.) by extensions ['python_setup_py']
[0.154s] Level 1:colcon.colcon_core.package_identification:_identify(.) by extension 'python_setup_py'
[0.154s] Level 1:colcon.colcon_core.package_identification:_identify(build) by extensions ['ignore', 'ignore_ament_install']
[0.154s] Level 1:colcon.colcon_core.package_identification:_identify(build) by extension 'ignore'
[0.155s] Level 1:colcon.colcon_core.package_identification:_identify(build) ignored
[0.155s] Level 1:colcon.colcon_core.package_identification:_identify(install) by extensions ['ignore', 'ignore_ament_install']
[0.155s] Level 1:colcon.colcon_core.package_identification:_identify(install) by extension 'ignore'
[0.155s] Level 1:colcon.colcon_core.package_identification:_identify(install) ignored
[0.155s] Level 1:colcon.colcon_core.package_identification:_identify(log) by extensions ['ignore', 'ignore_ament_install']
[0.155s] Level 1:colcon.colcon_core.package_identification:_identify(log) by extension 'ignore'
[0.155s] Level 1:colcon.colcon_core.package_identification:_identify(log) ignored
[0.155s] Level 1:colcon.colcon_core.package_identification:_identify(src) by extensions ['ignore', 'ignore_ament_install']
[0.155s] Level 1:colcon.colcon_core.package_identification:_identify(src) by extension 'ignore'
[0.155s] Level 1:colcon.colcon_core.package_identification:_identify(src) by extension 'ignore_ament_install'
[0.155s] Level 1:colcon.colcon_core.package_identification:_identify(src) by extensions ['colcon_pkg']
[0.155s] Level 1:colcon.colcon_core.package_identification:_identify(src) by extension 'colcon_pkg'
[0.155s] Level 1:colcon.colcon_core.package_identification:_identify(src) by extensions ['colcon_meta']
[0.155s] Level 1:colcon.colcon_core.package_identification:_identify(src) by extension 'colcon_meta'
[0.156s] Level 1:colcon.colcon_core.package_identification:_identify(src) by extensions ['ros']
[0.156s] Level 1:colcon.colcon_core.package_identification:_identify(src) by extension 'ros'
[0.156s] Level 1:colcon.colcon_core.package_identification:_identify(src) by extensions ['cmake', 'python']
[0.156s] Level 1:colcon.colcon_core.package_identification:_identify(src) by extension 'cmake'
[0.156s] Level 1:colcon.colcon_core.package_identification:_identify(src) by extension 'python'
[0.156s] Level 1:colcon.colcon_core.package_identification:_identify(src) by extensions ['python_setup_py']
[0.156s] Level 1:colcon.colcon_core.package_identification:_identify(src) by extension 'python_setup_py'
[0.156s] Level 1:colcon.colcon_core.package_identification:_identify(src/custom_interfaces) by extensions ['ignore', 'ignore_ament_install']
[0.156s] Level 1:colcon.colcon_core.package_identification:_identify(src/custom_interfaces) by extension 'ignore'
[0.156s] Level 1:colcon.colcon_core.package_identification:_identify(src/custom_interfaces) by extension 'ignore_ament_install'
[0.156s] Level 1:colcon.colcon_core.package_identification:_identify(src/custom_interfaces) by extensions ['colcon_pkg']
[0.156s] Level 1:colcon.colcon_core.package_identification:_identify(src/custom_interfaces) by extension 'colcon_pkg'
[0.156s] Level 1:colcon.colcon_core.package_identification:_identify(src/custom_interfaces) by extensions ['colcon_meta']
[0.156s] Level 1:colcon.colcon_core.package_identification:_identify(src/custom_interfaces) by extension 'colcon_meta'
[0.156s] Level 1:colcon.colcon_core.package_identification:_identify(src/custom_interfaces) by extensions ['ros']
[0.156s] Level 1:colcon.colcon_core.package_identification:_identify(src/custom_interfaces) by extension 'ros'
[0.158s] DEBUG:colcon.colcon_core.package_identification:Package 'src/custom_interfaces' with type 'ros.ament_cmake' and name 'custom_interfaces'
[0.158s] Level 1:colcon.colcon_core.package_identification:_identify(src/lab1_pkg) by extensions ['ignore', 'ignore_ament_install']
[0.158s] Level 1:colcon.colcon_core.package_identification:_identify(src/lab1_pkg) by extension 'ignore'
[0.158s] Level 1:colcon.colcon_core.package_identification:_identify(src/lab1_pkg) by extension 'ignore_ament_install'
[0.158s] Level 1:colcon.colcon_core.package_identification:_identify(src/lab1_pkg) by extensions ['colcon_pkg']
[0.158s] Level 1:colcon.colcon_core.package_identification:_identify(src/lab1_pkg) by extension 'colcon_pkg'
[0.159s] Level 1:colcon.colcon_core.package_identification:_identify(src/lab1_pkg) by extensions ['colcon_meta']
[0.159s] Level 1:colcon.colcon_core.package_identification:_identify(src/lab1_pkg) by extension 'colcon_meta'
[0.159s] Level 1:colcon.colcon_core.package_identification:_identify(src/lab1_pkg) by extensions ['ros']
[0.159s] Level 1:colcon.colcon_core.package_identification:_identify(src/lab1_pkg) by extension 'ros'
[0.159s] DEBUG:colcon.colcon_core.package_identification:Package 'src/lab1_pkg' with type 'ros.ament_python' and name 'lab1_pkg'
[0.159s] Level 1:colcon.colcon_core.package_identification:_identify(src/lab2_pkg) by extensions ['ignore', 'ignore_ament_install']
[0.159s] Level 1:colcon.colcon_core.package_identification:_identify(src/lab2_pkg) by extension 'ignore'
[0.159s] Level 1:colcon.colcon_core.package_identification:_identify(src/lab2_pkg) by extension 'ignore_ament_install'
[0.160s] Level 1:colcon.colcon_core.package_identification:_identify(src/lab2_pkg) by extensions ['colcon_pkg']
[0.160s] Level 1:colcon.colcon_core.package_identification:_identify(src/lab2_pkg) by extension 'colcon_pkg'
[0.160s] Level 1:colcon.colcon_core.package_identification:_identify(src/lab2_pkg) by extensions ['colcon_meta']
[0.160s] Level 1:colcon.colcon_core.package_identification:_identify(src/lab2_pkg) by extension 'colcon_meta'
[0.160s] Level 1:colcon.colcon_core.package_identification:_identify(src/lab2_pkg) by extensions ['ros']
[0.160s] Level 1:colcon.colcon_core.package_identification:_identify(src/lab2_pkg) by extension 'ros'
[0.160s] DEBUG:colcon.colcon_core.package_identification:Package 'src/lab2_pkg' with type 'ros.ament_python' and name 'lab2_pkg'
[0.160s] Level 1:colcon.colcon_core.package_identification:_identify(src/lab3_pkg) by extensions ['ignore', 'ignore_ament_install']
[0.160s] Level 1:colcon.colcon_core.package_identification:_identify(src/lab3_pkg) by extension 'ignore'
[0.160s] Level 1:colcon.colcon_core.package_identification:_identify(src/lab3_pkg) by extension 'ignore_ament_install'
[0.160s] Level 1:colcon.colcon_core.package_identification:_identify(src/lab3_pkg) by extensions ['colcon_pkg']
[0.160s] Level 1:colcon.colcon_core.package_identification:_identify(src/lab3_pkg) by extension 'colcon_pkg'
[0.161s] Level 1:colcon.colcon_core.package_identification:_identify(src/lab3_pkg) by extensions ['colcon_meta']
[0.161s] Level 1:colcon.colcon_core.package_identification:_identify(src/lab3_pkg) by extension 'colcon_meta'
[0.161s] Level 1:colcon.colcon_core.package_identification:_identify(src/lab3_pkg) by extensions ['ros']
[0.161s] Level 1:colcon.colcon_core.package_identification:_identify(src/lab3_pkg) by extension 'ros'
[0.161s] DEBUG:colcon.colcon_core.package_identification:Package 'src/lab3_pkg' with type 'ros.ament_python' and name 'lab3_pkg'
[0.161s] Level 1:colcon.colcon_core.package_identification:_identify(src/lab4_pkg) by extensions ['ignore', 'ignore_ament_install']
[0.161s] Level 1:colcon.colcon_core.package_identification:_identify(src/lab4_pkg) by extension 'ignore'
[0.161s] Level 1:colcon.colcon_core.package_identification:_identify(src/lab4_pkg) by extension 'ignore_ament_install'
[0.162s] Level 1:colcon.colcon_core.package_identification:_identify(src/lab4_pkg) by extensions ['colcon_pkg']
[0.162s] Level 1:colcon.colcon_core.package_identification:_identify(src/lab4_pkg) by extension 'colcon_pkg'
[0.162s] Level 1:colcon.colcon_core.package_identification:_identify(src/lab4_pkg) by extensions ['colcon_meta']
[0.162s] Level 1:colcon.colcon_core.package_identification:_identify(src/lab4_pkg) by extension 'colcon_meta'
[0.162s] Level 1:colcon.colcon_core.package_identification:_identify(src/lab4_pkg) by extensions ['ros']
[0.162s] Level 1:colcon.colcon_core.package_identification:_identify(src/lab4_pkg) by extension 'ros'
[0.162s] Level 1:colcon.colcon_core.package_identification:_identify(src/lab4_pkg) by extensions ['cmake', 'python']
[0.162s] Level 1:colcon.colcon_core.package_identification:_identify(src/lab4_pkg) by extension 'cmake'
[0.162s] Level 1:colcon.colcon_core.package_identification:_identify(src/lab4_pkg) by extension 'python'
[0.162s] Level 1:colcon.colcon_core.package_identification:_identify(src/lab4_pkg) by extensions ['python_setup_py']
[0.162s] Level 1:colcon.colcon_core.package_identification:_identify(src/lab4_pkg) by extension 'python_setup_py'
[0.162s] Level 1:colcon.colcon_core.package_identification:_identify(src/lab5_pkg) by extensions ['ignore', 'ignore_ament_install']
[0.162s] Level 1:colcon.colcon_core.package_identification:_identify(src/lab5_pkg) by extension 'ignore'
[0.162s] Level 1:colcon.colcon_core.package_identification:_identify(src/lab5_pkg) by extension 'ignore_ament_install'
[0.162s] Level 1:colcon.colcon_core.package_identification:_identify(src/lab5_pkg) by extensions ['colcon_pkg']
[0.162s] Level 1:colcon.colcon_core.package_identification:_identify(src/lab5_pkg) by extension 'colcon_pkg'
[0.162s] Level 1:colcon.colcon_core.package_identification:_identify(src/lab5_pkg) by extensions ['colcon_meta']
[0.162s] Level 1:colcon.colcon_core.package_identification:_identify(src/lab5_pkg) by extension 'colcon_meta'
[0.162s] Level 1:colcon.colcon_core.package_identification:_identify(src/lab5_pkg) by extensions ['ros']
[0.162s] Level 1:colcon.colcon_core.package_identification:_identify(src/lab5_pkg) by extension 'ros'
[0.163s] DEBUG:colcon.colcon_core.package_identification:Package 'src/lab5_pkg' with type 'ros.ament_python' and name 'lab5_pkg'
[0.163s] Level 1:colcon.colcon_core.package_identification:_identify(src/lab_bringup) by extensions ['ignore', 'ignore_ament_install']
[0.163s] Level 1:colcon.colcon_core.package_identification:_identify(src/lab_bringup) by extension 'ignore'
[0.163s] Level 1:colcon.colcon_core.package_identification:_identify(src/lab_bringup) by extension 'ignore_ament_install'
[0.163s] Level 1:colcon.colcon_core.package_identification:_identify(src/lab_bringup) by extensions ['colcon_pkg']
[0.163s] Level 1:colcon.colcon_core.package_identification:_identify(src/lab_bringup) by extension 'colcon_pkg'
[0.163s] Level 1:colcon.colcon_core.package_identification:_identify(src/lab_bringup) by extensions ['colcon_meta']
[0.163s] Level 1:colcon.colcon_core.package_identification:_identify(src/lab_bringup) by extension 'colcon_meta'
[0.163s] Level 1:colcon.colcon_core.package_identification:_identify(src/lab_bringup) by extensions ['ros']
[0.163s] Level 1:colcon.colcon_core.package_identification:_identify(src/lab_bringup) by extension 'ros'
[0.164s] DEBUG:colcon.colcon_core.package_identification:Package 'src/lab_bringup' with type 'ros.ament_cmake' and name 'lab_bringup'
[0.164s] Level 1:colcon.colcon_core.package_discovery:discover_packages(recursive) using defaults
[0.164s] Level 1:colcon.colcon_core.package_discovery:discover_packages(ignore) discover
[0.164s] Level 1:colcon.colcon_core.package_discovery:discover_packages(ignore) using defaults
[0.164s] Level 1:colcon.colcon_core.package_discovery:discover_packages(path) discover
[0.164s] Level 1:colcon.colcon_core.package_discovery:discover_packages(path) using defaults
[0.179s] Level 1:colcon.colcon_core.package_discovery:discover_packages(prefix_path) check parameters
[0.179s] Level 1:colcon.colcon_core.package_discovery:discover_packages(prefix_path) discover
[0.179s] WARNING:colcon.colcon_ros.prefix_path.ament:The path '/home/buenr/CS488/install/lab_bringup' in the environment variable AMENT_PREFIX_PATH doesn't exist
[0.179s] WARNING:colcon.colcon_ros.prefix_path.ament:The path '/home/buenr/CS488/install/lab5_pkg' in the environment variable AMENT_PREFIX_PATH doesn't exist
[0.179s] WARNING:colcon.colcon_ros.prefix_path.ament:The path '/home/buenr/CS488/install/lab3_pkg' in the environment variable AMENT_PREFIX_PATH doesn't exist
[0.180s] WARNING:colcon.colcon_ros.prefix_path.ament:The path '/home/buenr/CS488/install/lab2_pkg' in the environment variable AMENT_PREFIX_PATH doesn't exist
[0.180s] WARNING:colcon.colcon_ros.prefix_path.ament:The path '/home/buenr/CS488/install/lab1_pkg' in the environment variable AMENT_PREFIX_PATH doesn't exist
[0.180s] WARNING:colcon.colcon_ros.prefix_path.ament:The path '/home/buenr/CS488/install/custom_interfaces' in the environment variable AMENT_PREFIX_PATH doesn't exist
[0.180s] WARNING:colcon.colcon_ros.prefix_path.catkin:The path '/home/buenr/CS488/install/lab_bringup' in the environment variable CMAKE_PREFIX_PATH doesn't exist
[0.180s] WARNING:colcon.colcon_ros.prefix_path.catkin:The path '/home/buenr/CS488/install/custom_interfaces' in the environment variable CMAKE_PREFIX_PATH doesn't exist
[0.180s] DEBUG:colcon.colcon_installed_package_information.package_discovery:Found 0 installed packages in /home/buenr/CS488/install
[0.182s] DEBUG:colcon.colcon_installed_package_information.package_discovery:Found 439 installed packages in /opt/ros/jazzy
[0.183s] Level 1:colcon.colcon_core.package_discovery:discover_packages(prefix_path) using defaults
[0.236s] Level 5:colcon.colcon_core.verb:set package 'custom_interfaces' build argument 'cmake_args' from command line to 'None'
[0.236s] Level 5:colcon.colcon_core.verb:set package 'custom_interfaces' build argument 'cmake_target' from command line to 'None'
[0.236s] Level 5:colcon.colcon_core.verb:set package 'custom_interfaces' build argument 'cmake_target_skip_unavailable' from command line to 'False'
[0.236s] Level 5:colcon.colcon_core.verb:set package 'custom_interfaces' build argument 'cmake_clean_cache' from command line to 'False'
[0.236s] Level 5:colcon.colcon_core.verb:set package 'custom_interfaces' build argument 'cmake_clean_first' from command line to 'False'
[0.236s] Level 5:colcon.colcon_core.verb:set package 'custom_interfaces' build argument 'cmake_force_configure' from command line to 'False'
[0.236s] Level 5:colcon.colcon_core.verb:set package 'custom_interfaces' build argument 'ament_cmake_args' from command line to 'None'
[0.236s] Level 5:colcon.colcon_core.verb:set package 'custom_interfaces' build argument 'catkin_cmake_args' from command line to 'None'
[0.236s] Level 5:colcon.colcon_core.verb:set package 'custom_interfaces' build argument 'catkin_skip_building_tests' from command line to 'False'
[0.236s] DEBUG:colcon.colcon_core.verb:Building package 'custom_interfaces' with the following arguments: {'ament_cmake_args': None, 'build_base': '/home/buenr/CS488/build/custom_interfaces', 'catkin_cmake_args': None, 'catkin_skip_building_tests': False, 'cmake_args': None, 'cmake_clean_cache': False, 'cmake_clean_first': False, 'cmake_force_configure': False, 'cmake_target': None, 'cmake_target_skip_unavailable': False, 'install_base': '/home/buenr/CS488/install/custom_interfaces', 'merge_install': False, 'path': '/home/buenr/CS488/src/custom_interfaces', 'symlink_install': False, 'test_result_base': None}
[0.236s] Level 5:colcon.colcon_core.verb:set package 'lab1_pkg' build argument 'cmake_args' from command line to 'None'
[0.236s] Level 5:colcon.colcon_core.verb:set package 'lab1_pkg' build argument 'cmake_target' from command line to 'None'
[0.237s] Level 5:colcon.colcon_core.verb:set package 'lab1_pkg' build argument 'cmake_target_skip_unavailable' from command line to 'False'
[0.237s] Level 5:colcon.colcon_core.verb:set package 'lab1_pkg' build argument 'cmake_clean_cache' from command line to 'False'
[0.237s] Level 5:colcon.colcon_core.verb:set package 'lab1_pkg' build argument 'cmake_clean_first' from command line to 'False'
[0.237s] Level 5:colcon.colcon_core.verb:set package 'lab1_pkg' build argument 'cmake_force_configure' from command line to 'False'
[0.237s] Level 5:colcon.colcon_core.verb:set package 'lab1_pkg' build argument 'ament_cmake_args' from command line to 'None'
[0.237s] Level 5:colcon.colcon_core.verb:set package 'lab1_pkg' build argument 'catkin_cmake_args' from command line to 'None'
[0.237s] Level 5:colcon.colcon_core.verb:set package 'lab1_pkg' build argument 'catkin_skip_building_tests' from command line to 'False'
[0.237s] DEBUG:colcon.colcon_core.verb:Building package 'lab1_pkg' with the following arguments: {'ament_cmake_args': None, 'build_base': '/home/buenr/CS488/build/lab1_pkg', 'catkin_cmake_args': None, 'catkin_skip_building_tests': False, 'cmake_args': None, 'cmake_clean_cache': False, 'cmake_clean_first': False, 'cmake_force_configure': False, 'cmake_target': None, 'cmake_target_skip_unavailable': False, 'install_base': '/home/buenr/CS488/install/lab1_pkg', 'merge_install': False, 'path': '/home/buenr/CS488/src/lab1_pkg', 'symlink_install': False, 'test_result_base': None}
[0.237s] Level 5:colcon.colcon_core.verb:set package 'lab2_pkg' build argument 'cmake_args' from command line to 'None'
[0.237s] Level 5:colcon.colcon_core.verb:set package 'lab2_pkg' build argument 'cmake_target' from command line to 'None'
[0.237s] Level 5:colcon.colcon_core.verb:set package 'lab2_pkg' build argument 'cmake_target_skip_unavailable' from command line to 'False'
[0.237s] Level 5:colcon.colcon_core.verb:set package 'lab2_pkg' build argument 'cmake_clean_cache' from command line to 'False'
[0.237s] Level 5:colcon.colcon_core.verb:set package 'lab2_pkg' build argument 'cmake_clean_first' from command line to 'False'
[0.237s] Level 5:colcon.colcon_core.verb:set package 'lab2_pkg' build argument 'cmake_force_configure' from command line to 'False'
[0.237s] Level 5:colcon.colcon_core.verb:set package 'lab2_pkg' build argument 'ament_cmake_args' from command line to 'None'
[0.237s] Level 5:colcon.colcon_core.verb:set package 'lab2_pkg' build argument 'catkin_cmake_args' from command line to 'None'
[0.237s] Level 5:colcon.colcon_core.verb:set package 'lab2_pkg' build argument 'catkin_skip_building_tests' from command line to 'False'
[0.237s] DEBUG:colcon.colcon_core.verb:Building package 'lab2_pkg' with the following arguments: {'ament_cmake_args': None, 'build_base': '/home/buenr/CS488/build/lab2_pkg', 'catkin_cmake_args': None, 'catkin_skip_building_tests': False, 'cmake_args': None, 'cmake_clean_cache': False, 'cmake_clean_first': False, 'cmake_force_configure': False, 'cmake_target': None, 'cmake_target_skip_unavailable': False, 'install_base': '/home/buenr/CS488/install/lab2_pkg', 'merge_install': False, 'path': '/home/buenr/CS488/src/lab2_pkg', 'symlink_install': False, 'test_result_base': None}
[0.237s] Level 5:colcon.colcon_core.verb:set package 'lab3_pkg' build argument 'cmake_args' from command line to 'None'
[0.237s] Level 5:colcon.colcon_core.verb:set package 'lab3_pkg' build argument 'cmake_target' from command line to 'None'
[0.237s] Level 5:colcon.colcon_core.verb:set package 'lab3_pkg' build argument 'cmake_target_skip_unavailable' from command line to 'False'
[0.238s] Level 5:colcon.colcon_core.verb:set package 'lab3_pkg' build argument 'cmake_clean_cache' from command line to 'False'
[0.238s] Level 5:colcon.colcon_core.verb:set package 'lab3_pkg' build argument 'cmake_clean_first' from command line to 'False'
[0.238s] Level 5:colcon.colcon_core.verb:set package 'lab3_pkg' build argument 'cmake_force_configure' from command line to 'False'
[0.238s] Level 5:colcon.colcon_core.verb:set package 'lab3_pkg' build argument 'ament_cmake_args' from command line to 'None'
[0.238s] Level 5:colcon.colcon_core.verb:set package 'lab3_pkg' build argument 'catkin_cmake_args' from command line to 'None'
[0.238s] Level 5:colcon.colcon_core.verb:set package 'lab3_pkg' build argument 'catkin_skip_building_tests' from command line to 'False'
[0.238s] DEBUG:colcon.colcon_core.verb:Building package 'lab3_pkg' with the following arguments: {'ament_cmake_args': None, 'build_base': '/home/buenr/CS488/build/lab3_pkg', 'catkin_cmake_args': None, 'catkin_skip_building_tests': False, 'cmake_args': None, 'cmake_clean_cache': False, 'cmake_clean_first': False, 'cmake_force_configure': False, 'cmake_target': None, 'cmake_target_skip_unavailable': False, 'install_base': '/home/buenr/CS488/install/lab3_pkg', 'merge_install': False, 'path': '/home/buenr/CS488/src/lab3_pkg', 'symlink_install': False, 'test_result_base': None}
[0.238s] Level 5:colcon.colcon_core.verb:set package 'lab5_pkg' build argument 'cmake_args' from command line to 'None'
[0.238s] Level 5:colcon.colcon_core.verb:set package 'lab5_pkg' build argument 'cmake_target' from command line to 'None'
[0.238s] Level 5:colcon.colcon_core.verb:set package 'lab5_pkg' build argument 'cmake_target_skip_unavailable' from command line to 'False'
[0.238s] Level 5:colcon.colcon_core.verb:set package 'lab5_pkg' build argument 'cmake_clean_cache' from command line to 'False'
[0.238s] Level 5:colcon.colcon_core.verb:set package 'lab5_pkg' build argument 'cmake_clean_first' from command line to 'False'
[0.238s] Level 5:colcon.colcon_core.verb:set package 'lab5_pkg' build argument 'cmake_force_configure' from command line to 'False'
[0.238s] Level 5:colcon.colcon_core.verb:set package 'lab5_pkg' build argument 'ament_cmake_args' from command line to 'None'
[0.238s] Level 5:colcon.colcon_core.verb:set package 'lab5_pkg' build argument 'catkin_cmake_args' from command line to 'None'
[0.238s] Level 5:colcon.colcon_core.verb:set package 'lab5_pkg' build argument 'catkin_skip_building_tests' from command line to 'False'
[0.238s] DEBUG:colcon.colcon_core.verb:Building package 'lab5_pkg' with the following arguments: {'ament_cmake_args': None, 'build_base': '/home/buenr/CS488/build/lab5_pkg', 'catkin_cmake_args': None, 'catkin_skip_building_tests': False, 'cmake_args': None, 'cmake_clean_cache': False, 'cmake_clean_first': False, 'cmake_force_configure': False, 'cmake_target': None, 'cmake_target_skip_unavailable': False, 'install_base': '/home/buenr/CS488/install/lab5_pkg', 'merge_install': False, 'path': '/home/buenr/CS488/src/lab5_pkg', 'symlink_install': False, 'test_result_base': None}
[0.238s] Level 5:colcon.colcon_core.verb:set package 'lab_bringup' build argument 'cmake_args' from command line to 'None'
[0.238s] Level 5:colcon.colcon_core.verb:set package 'lab_bringup' build argument 'cmake_target' from command line to 'None'
[0.238s] Level 5:colcon.colcon_core.verb:set package 'lab_bringup' build argument 'cmake_target_skip_unavailable' from command line to 'False'
[0.238s] Level 5:colcon.colcon_core.verb:set package 'lab_bringup' build argument 'cmake_clean_cache' from command line to 'False'
[0.238s] Level 5:colcon.colcon_core.verb:set package 'lab_bringup' build argument 'cmake_clean_first' from command line to 'False'
[0.238s] Level 5:colcon.colcon_core.verb:set package 'lab_bringup' build argument 'cmake_force_configure' from command line to 'False'
[0.238s] Level 5:colcon.colcon_core.verb:set package 'lab_bringup' build argument 'ament_cmake_args' from command line to 'None'
[0.239s] Level 5:colcon.colcon_core.verb:set package 'lab_bringup' build argument 'catkin_cmake_args' from command line to 'None'
[0.239s] Level 5:colcon.colcon_core.verb:set package 'lab_bringup' build argument 'catkin_skip_building_tests' from command line to 'False'
[0.239s] DEBUG:colcon.colcon_core.verb:Building package 'lab_bringup' with the following arguments: {'ament_cmake_args': None, 'build_base': '/home/buenr/CS488/build/lab_bringup', 'catkin_cmake_args': None, 'catkin_skip_building_tests': False, 'cmake_args': None, 'cmake_clean_cache': False, 'cmake_clean_first': False, 'cmake_force_configure': False, 'cmake_target': None, 'cmake_target_skip_unavailable': False, 'install_base': '/home/buenr/CS488/install/lab_bringup', 'merge_install': False, 'path': '/home/buenr/CS488/src/lab_bringup', 'symlink_install': False, 'test_result_base': None}
[0.239s] INFO:colcon.colcon_core.executor:Executing jobs using 'parallel' executor
[0.239s] DEBUG:colcon.colcon_parallel_executor.executor.parallel:run_until_complete
[0.239s] INFO:colcon.colcon_ros.task.ament_cmake.build:Building ROS package in '/home/buenr/CS488/src/custom_interfaces' with build type 'ament_cmake'
[0.240s] INFO:colcon.colcon_cmake.task.cmake.build:Building CMake package in '/home/buenr/CS488/src/custom_interfaces'
[0.241s] INFO:colcon.colcon_core.plugin_system:Skipping extension 'colcon_core.shell.bat': Not used on non-Windows systems
[0.241s] INFO:colcon.colcon_core.shell:Skip shell extension 'powershell' for command environment: Not usable outside of PowerShell
[0.242s] DEBUG:colcon.colcon_core.shell:Skip shell extension 'dsv' for command environment
[0.245s] INFO:colcon.colcon_ros.task.ament_python.build:Building ROS package in '/home/buenr/CS488/src/lab1_pkg' with build type 'ament_python'
[0.245s] Level 1:colcon.colcon_core.shell:create_environment_hook('lab1_pkg', 'ament_prefix_path')
[0.245s] INFO:colcon.colcon_core.shell:Creating environment hook '/home/buenr/CS488/install/lab1_pkg/share/lab1_pkg/hook/ament_prefix_path.ps1'
[0.246s] INFO:colcon.colcon_core.shell:Creating environment descriptor '/home/buenr/CS488/install/lab1_pkg/share/lab1_pkg/hook/ament_prefix_path.dsv'
[0.246s] INFO:colcon.colcon_core.shell:Creating environment hook '/home/buenr/CS488/install/lab1_pkg/share/lab1_pkg/hook/ament_prefix_path.sh'
[0.247s] INFO:colcon.colcon_core.shell:Skip shell extension 'powershell' for command environment: Not usable outside of PowerShell
[0.247s] DEBUG:colcon.colcon_core.shell:Skip shell extension 'dsv' for command environment
[0.252s] INFO:colcon.colcon_ros.task.ament_python.build:Building ROS package in '/home/buenr/CS488/src/lab2_pkg' with build type 'ament_python'
[0.252s] Level 1:colcon.colcon_core.shell:create_environment_hook('lab2_pkg', 'ament_prefix_path')
[0.252s] INFO:colcon.colcon_core.shell:Creating environment hook '/home/buenr/CS488/install/lab2_pkg/share/lab2_pkg/hook/ament_prefix_path.ps1'
[0.252s] INFO:colcon.colcon_core.shell:Creating environment descriptor '/home/buenr/CS488/install/lab2_pkg/share/lab2_pkg/hook/ament_prefix_path.dsv'
[0.253s] INFO:colcon.colcon_core.shell:Creating environment hook '/home/buenr/CS488/install/lab2_pkg/share/lab2_pkg/hook/ament_prefix_path.sh'
[0.253s] INFO:colcon.colcon_core.shell:Skip shell extension 'powershell' for command environment: Not usable outside of PowerShell
[0.253s] DEBUG:colcon.colcon_core.shell:Skip shell extension 'dsv' for command environment
[0.260s] DEBUG:colcon.colcon_core.event_handler.log_command:Invoking command in '/home/buenr/CS488/build/custom_interfaces': CMAKE_PREFIX_PATH=${CMAKE_PREFIX_PATH}:/home/buenr/CS488/install/lab5_pkg:/home/buenr/CS488/install/lab3_pkg:/home/buenr/CS488/install/lab2_pkg:/home/buenr/CS488/install/lab1_pkg:/opt/ros/jazzy /usr/bin/cmake /home/buenr/CS488/src/custom_interfaces -DCMAKE_INSTALL_PREFIX=/home/buenr/CS488/install/custom_interfaces
[0.470s] INFO:colcon.colcon_core.task.python.build:Building Python package in '/home/buenr/CS488/src/lab1_pkg'
[0.471s] INFO:colcon.colcon_core.shell:Skip shell extension 'powershell' for command environment: Not usable outside of PowerShell
[0.471s] DEBUG:colcon.colcon_core.shell:Skip shell extension 'dsv' for command environment
[0.683s] INFO:colcon.colcon_core.task.python.build:Building Python package in '/home/buenr/CS488/src/lab2_pkg'
[0.683s] INFO:colcon.colcon_core.shell:Skip shell extension 'powershell' for command environment: Not usable outside of PowerShell
[0.683s] DEBUG:colcon.colcon_core.shell:Skip shell extension 'dsv' for command environment
[2.724s] DEBUG:colcon.colcon_core.event_handler.log_command:Invoking command in '/home/buenr/CS488/src/lab2_pkg': PYTHONPATH=/home/buenr/CS488/build/lab2_pkg/prefix_override:/usr/lib/python3/dist-packages/colcon_core/task/python/colcon_distutils_commands:/home/buenr/CS488/install/lab2_pkg/lib/python3.12/site-packages:${PYTHONPATH} /usr/bin/python3 -W ignore:setup.py install is deprecated -W ignore:easy_install command is deprecated setup.py egg_info --egg-base ../../build/lab2_pkg build --build-base /home/buenr/CS488/build/lab2_pkg/build install --record /home/buenr/CS488/build/lab2_pkg/install.log --single-version-externally-managed install_data
[2.727s] DEBUG:colcon.colcon_core.event_handler.log_command:Invoking command in '/home/buenr/CS488/src/lab1_pkg': PYTHONPATH=/home/buenr/CS488/build/lab1_pkg/prefix_override:/usr/lib/python3/dist-packages/colcon_core/task/python/colcon_distutils_commands:/home/buenr/CS488/install/lab1_pkg/lib/python3.12/site-packages:${PYTHONPATH} /usr/bin/python3 -W ignore:setup.py install is deprecated -W ignore:easy_install command is deprecated setup.py egg_info --egg-base ../../build/lab1_pkg build --build-base /home/buenr/CS488/build/lab1_pkg/build install --record /home/buenr/CS488/build/lab1_pkg/install.log --single-version-externally-managed install_data
[3.319s] DEBUG:colcon.colcon_core.event_handler.log_command:Invoked command in '/home/buenr/CS488/src/lab2_pkg' returned '0': PYTHONPATH=/home/buenr/CS488/build/lab2_pkg/prefix_override:/usr/lib/python3/dist-packages/colcon_core/task/python/colcon_distutils_commands:/home/buenr/CS488/install/lab2_pkg/lib/python3.12/site-packages:${PYTHONPATH} /usr/bin/python3 -W ignore:setup.py install is deprecated -W ignore:easy_install command is deprecated setup.py egg_info --egg-base ../../build/lab2_pkg build --build-base /home/buenr/CS488/build/lab2_pkg/build install --record /home/buenr/CS488/build/lab2_pkg/install.log --single-version-externally-managed install_data
[3.322s] Level 1:colcon.colcon_core.environment:checking '/home/buenr/CS488/install/lab2_pkg' for CMake module files
[3.322s] Level 1:colcon.colcon_core.environment:checking '/home/buenr/CS488/install/lab2_pkg' for CMake config files
[3.323s] Level 1:colcon.colcon_core.environment:checking '/home/buenr/CS488/install/lab2_pkg/lib'
[3.323s] Level 1:colcon.colcon_core.environment:checking '/home/buenr/CS488/install/lab2_pkg/bin'
[3.323s] Level 1:colcon.colcon_core.environment:checking '/home/buenr/CS488/install/lab2_pkg/lib/pkgconfig/lab2_pkg.pc'
[3.323s] Level 1:colcon.colcon_core.environment:checking '/home/buenr/CS488/install/lab2_pkg/lib/python3.12/site-packages'
[3.323s] Level 1:colcon.colcon_core.shell:create_environment_hook('lab2_pkg', 'pythonpath')
[3.323s] INFO:colcon.colcon_core.shell:Creating environment hook '/home/buenr/CS488/install/lab2_pkg/share/lab2_pkg/hook/pythonpath.ps1'
[3.324s] INFO:colcon.colcon_core.shell:Creating environment descriptor '/home/buenr/CS488/install/lab2_pkg/share/lab2_pkg/hook/pythonpath.dsv'
[3.324s] INFO:colcon.colcon_core.shell:Creating environment hook '/home/buenr/CS488/install/lab2_pkg/share/lab2_pkg/hook/pythonpath.sh'
[3.325s] Level 1:colcon.colcon_core.environment:checking '/home/buenr/CS488/install/lab2_pkg/bin'
[3.325s] Level 1:colcon.colcon_core.environment:create_environment_scripts_only(lab2_pkg)
[3.325s] INFO:colcon.colcon_core.shell:Creating package script '/home/buenr/CS488/install/lab2_pkg/share/lab2_pkg/package.ps1'
[3.326s] INFO:colcon.colcon_core.shell:Creating package descriptor '/home/buenr/CS488/install/lab2_pkg/share/lab2_pkg/package.dsv'
[3.340s] INFO:colcon.colcon_core.shell:Creating package script '/home/buenr/CS488/install/lab2_pkg/share/lab2_pkg/package.sh'
[3.340s] INFO:colcon.colcon_core.shell:Creating package script '/home/buenr/CS488/install/lab2_pkg/share/lab2_pkg/package.bash'
[3.341s] INFO:colcon.colcon_core.shell:Creating package script '/home/buenr/CS488/install/lab2_pkg/share/lab2_pkg/package.zsh'
[3.341s] Level 1:colcon.colcon_core.environment:create_file_with_runtime_dependencies(/home/buenr/CS488/install/lab2_pkg/share/colcon-core/packages/lab2_pkg)
[3.354s] Level 1:colcon.colcon_core.environment:checking '/home/buenr/CS488/install/lab1_pkg' for CMake module files
[3.354s] DEBUG:colcon.colcon_core.event_handler.log_command:Invoked command in '/home/buenr/CS488/src/lab1_pkg' returned '0': PYTHONPATH=/home/buenr/CS488/build/lab1_pkg/prefix_override:/usr/lib/python3/dist-packages/colcon_core/task/python/colcon_distutils_commands:/home/buenr/CS488/install/lab1_pkg/lib/python3.12/site-packages:${PYTHONPATH} /usr/bin/python3 -W ignore:setup.py install is deprecated -W ignore:easy_install command is deprecated setup.py egg_info --egg-base ../../build/lab1_pkg build --build-base /home/buenr/CS488/build/lab1_pkg/build install --record /home/buenr/CS488/build/lab1_pkg/install.log --single-version-externally-managed install_data
[3.355s] Level 1:colcon.colcon_core.environment:checking '/home/buenr/CS488/install/lab1_pkg' for CMake config files
[3.355s] Level 1:colcon.colcon_core.environment:checking '/home/buenr/CS488/install/lab1_pkg/lib'
[3.355s] Level 1:colcon.colcon_core.environment:checking '/home/buenr/CS488/install/lab1_pkg/bin'
[3.355s] Level 1:colcon.colcon_core.environment:checking '/home/buenr/CS488/install/lab1_pkg/lib/pkgconfig/lab1_pkg.pc'
[3.355s] Level 1:colcon.colcon_core.environment:checking '/home/buenr/CS488/install/lab1_pkg/lib/python3.12/site-packages'
[3.355s] Level 1:colcon.colcon_core.shell:create_environment_hook('lab1_pkg', 'pythonpath')
[3.355s] INFO:colcon.colcon_core.shell:Creating environment hook '/home/buenr/CS488/install/lab1_pkg/share/lab1_pkg/hook/pythonpath.ps1'
[3.356s] INFO:colcon.colcon_core.shell:Creating environment descriptor '/home/buenr/CS488/install/lab1_pkg/share/lab1_pkg/hook/pythonpath.dsv'
[3.356s] INFO:colcon.colcon_core.shell:Creating environment hook '/home/buenr/CS488/install/lab1_pkg/share/lab1_pkg/hook/pythonpath.sh'
[3.357s] Level 1:colcon.colcon_core.environment:checking '/home/buenr/CS488/install/lab1_pkg/bin'
[3.357s] Level 1:colcon.colcon_core.environment:create_environment_scripts_only(lab1_pkg)
[3.357s] INFO:colcon.colcon_core.shell:Creating package script '/home/buenr/CS488/install/lab1_pkg/share/lab1_pkg/package.ps1'
[3.358s] INFO:colcon.colcon_core.shell:Creating package descriptor '/home/buenr/CS488/install/lab1_pkg/share/lab1_pkg/package.dsv'
[3.358s] INFO:colcon.colcon_core.shell:Creating package script '/home/buenr/CS488/install/lab1_pkg/share/lab1_pkg/package.sh'
[3.358s] INFO:colcon.colcon_core.shell:Creating package script '/home/buenr/CS488/install/lab1_pkg/share/lab1_pkg/package.bash'
[3.359s] INFO:colcon.colcon_core.shell:Creating package script '/home/buenr/CS488/install/lab1_pkg/share/lab1_pkg/package.zsh'
[3.359s] Level 1:colcon.colcon_core.environment:create_file_with_runtime_dependencies(/home/buenr/CS488/install/lab1_pkg/share/colcon-core/packages/lab1_pkg)
[5.142s] DEBUG:colcon.colcon_core.event_handler.log_command:Invoked command in '/home/buenr/CS488/build/custom_interfaces' returned '0': CMAKE_PREFIX_PATH=${CMAKE_PREFIX_PATH}:/home/buenr/CS488/install/lab5_pkg:/home/buenr/CS488/install/lab3_pkg:/home/buenr/CS488/install/lab2_pkg:/home/buenr/CS488/install/lab1_pkg:/opt/ros/jazzy /usr/bin/cmake /home/buenr/CS488/src/custom_interfaces -DCMAKE_INSTALL_PREFIX=/home/buenr/CS488/install/custom_interfaces
[5.143s] DEBUG:colcon.colcon_core.event_handler.log_command:Invoking command in '/home/buenr/CS488/build/custom_interfaces': CMAKE_PREFIX_PATH=${CMAKE_PREFIX_PATH}:/home/buenr/CS488/install/lab5_pkg:/home/buenr/CS488/install/lab3_pkg:/home/buenr/CS488/install/lab2_pkg:/home/buenr/CS488/install/lab1_pkg:/opt/ros/jazzy /usr/bin/cmake --build /home/buenr/CS488/build/custom_interfaces -- -j16 -l16
[9.085s] DEBUG:colcon.colcon_core.event_handler.log_command:Invoked command in '/home/buenr/CS488/build/custom_interfaces' returned '0': CMAKE_PREFIX_PATH=${CMAKE_PREFIX_PATH}:/home/buenr/CS488/install/lab5_pkg:/home/buenr/CS488/install/lab3_pkg:/home/buenr/CS488/install/lab2_pkg:/home/buenr/CS488/install/lab1_pkg:/opt/ros/jazzy /usr/bin/cmake --build /home/buenr/CS488/build/custom_interfaces -- -j16 -l16
[9.096s] DEBUG:colcon.colcon_core.event_handler.log_command:Invoking command in '/home/buenr/CS488/build/custom_interfaces': CMAKE_PREFIX_PATH=${CMAKE_PREFIX_PATH}:/home/buenr/CS488/install/lab5_pkg:/home/buenr/CS488/install/lab3_pkg:/home/buenr/CS488/install/lab2_pkg:/home/buenr/CS488/install/lab1_pkg:/opt/ros/jazzy /usr/bin/cmake --install /home/buenr/CS488/build/custom_interfaces
[9.292s] Level 1:colcon.colcon_core.environment:create_environment_scripts_only(custom_interfaces)
[9.292s] Level 1:colcon.colcon_core.environment:checking '/home/buenr/CS488/install/custom_interfaces' for CMake module files
[9.292s] DEBUG:colcon.colcon_core.event_handler.log_command:Invoked command in '/home/buenr/CS488/build/custom_interfaces' returned '0': CMAKE_PREFIX_PATH=${CMAKE_PREFIX_PATH}:/home/buenr/CS488/install/lab5_pkg:/home/buenr/CS488/install/lab3_pkg:/home/buenr/CS488/install/lab2_pkg:/home/buenr/CS488/install/lab1_pkg:/opt/ros/jazzy /usr/bin/cmake --install /home/buenr/CS488/build/custom_interfaces
[9.293s] Level 1:colcon.colcon_core.environment:checking '/home/buenr/CS488/install/custom_interfaces' for CMake config files
[9.293s] Level 1:colcon.colcon_core.shell:create_environment_hook('custom_interfaces', 'cmake_prefix_path')
[9.293s] INFO:colcon.colcon_core.shell:Creating environment hook '/home/buenr/CS488/install/custom_interfaces/share/custom_interfaces/hook/cmake_prefix_path.ps1'
[9.294s] INFO:colcon.colcon_core.shell:Creating environment descriptor '/home/buenr/CS488/install/custom_interfaces/share/custom_interfaces/hook/cmake_prefix_path.dsv'
[9.294s] INFO:colcon.colcon_core.shell:Creating environment hook '/home/buenr/CS488/install/custom_interfaces/share/custom_interfaces/hook/cmake_prefix_path.sh'
[9.295s] Level 1:colcon.colcon_core.environment:checking '/home/buenr/CS488/install/custom_interfaces/lib'
[9.295s] Level 1:colcon.colcon_core.shell:create_environment_hook('custom_interfaces', 'ld_library_path_lib')
[9.295s] INFO:colcon.colcon_core.shell:Creating environment hook '/home/buenr/CS488/install/custom_interfaces/share/custom_interfaces/hook/ld_library_path_lib.ps1'
[9.295s] INFO:colcon.colcon_core.shell:Creating environment descriptor '/home/buenr/CS488/install/custom_interfaces/share/custom_interfaces/hook/ld_library_path_lib.dsv'
[9.295s] INFO:colcon.colcon_core.shell:Creating environment hook '/home/buenr/CS488/install/custom_interfaces/share/custom_interfaces/hook/ld_library_path_lib.sh'
[9.296s] Level 1:colcon.colcon_core.environment:checking '/home/buenr/CS488/install/custom_interfaces/bin'
[9.296s] Level 1:colcon.colcon_core.environment:checking '/home/buenr/CS488/install/custom_interfaces/lib/pkgconfig/custom_interfaces.pc'
[9.296s] Level 1:colcon.colcon_core.environment:checking '/home/buenr/CS488/install/custom_interfaces/lib/python3.12/site-packages'
[9.296s] Level 1:colcon.colcon_core.shell:create_environment_hook('custom_interfaces', 'pythonpath')
[9.296s] INFO:colcon.colcon_core.shell:Creating environment hook '/home/buenr/CS488/install/custom_interfaces/share/custom_interfaces/hook/pythonpath.ps1'
[9.297s] INFO:colcon.colcon_core.shell:Creating environment descriptor '/home/buenr/CS488/install/custom_interfaces/share/custom_interfaces/hook/pythonpath.dsv'
[9.297s] INFO:colcon.colcon_core.shell:Creating environment hook '/home/buenr/CS488/install/custom_interfaces/share/custom_interfaces/hook/pythonpath.sh'
[9.298s] Level 1:colcon.colcon_core.environment:checking '/home/buenr/CS488/install/custom_interfaces/bin'
[9.298s] INFO:colcon.colcon_core.shell:Creating package script '/home/buenr/CS488/install/custom_interfaces/share/custom_interfaces/package.ps1'
[9.298s] INFO:colcon.colcon_core.shell:Creating package descriptor '/home/buenr/CS488/install/custom_interfaces/share/custom_interfaces/package.dsv'
[9.299s] INFO:colcon.colcon_core.shell:Creating package script '/home/buenr/CS488/install/custom_interfaces/share/custom_interfaces/package.sh'
[9.299s] INFO:colcon.colcon_core.shell:Creating package script '/home/buenr/CS488/install/custom_interfaces/share/custom_interfaces/package.bash'
[9.299s] INFO:colcon.colcon_core.shell:Creating package script '/home/buenr/CS488/install/custom_interfaces/share/custom_interfaces/package.zsh'
[9.300s] Level 1:colcon.colcon_core.environment:create_file_with_runtime_dependencies(/home/buenr/CS488/install/custom_interfaces/share/colcon-core/packages/custom_interfaces)
[9.301s] Level 1:colcon.colcon_core.environment:create_environment_scripts_only(custom_interfaces)
[9.301s] Level 1:colcon.colcon_core.environment:checking '/home/buenr/CS488/install/custom_interfaces' for CMake module files
[9.301s] Level 1:colcon.colcon_core.environment:checking '/home/buenr/CS488/install/custom_interfaces' for CMake config files
[9.302s] Level 1:colcon.colcon_core.shell:create_environment_hook('custom_interfaces', 'cmake_prefix_path')
[9.302s] INFO:colcon.colcon_core.shell:Creating environment hook '/home/buenr/CS488/install/custom_interfaces/share/custom_interfaces/hook/cmake_prefix_path.ps1'
[9.302s] INFO:colcon.colcon_core.shell:Creating environment descriptor '/home/buenr/CS488/install/custom_interfaces/share/custom_interfaces/hook/cmake_prefix_path.dsv'
[9.303s] INFO:colcon.colcon_core.shell:Creating environment hook '/home/buenr/CS488/install/custom_interfaces/share/custom_interfaces/hook/cmake_prefix_path.sh'
[9.303s] Level 1:colcon.colcon_core.environment:checking '/home/buenr/CS488/install/custom_interfaces/lib'
[9.303s] Level 1:colcon.colcon_core.shell:create_environment_hook('custom_interfaces', 'ld_library_path_lib')
[9.303s] INFO:colcon.colcon_core.shell:Creating environment hook '/home/buenr/CS488/install/custom_interfaces/share/custom_interfaces/hook/ld_library_path_lib.ps1'
[9.304s] INFO:colcon.colcon_core.shell:Creating environment descriptor '/home/buenr/CS488/install/custom_interfaces/share/custom_interfaces/hook/ld_library_path_lib.dsv'
[9.304s] INFO:colcon.colcon_core.shell:Creating environment hook '/home/buenr/CS488/install/custom_interfaces/share/custom_interfaces/hook/ld_library_path_lib.sh'
[9.304s] Level 1:colcon.colcon_core.environment:checking '/home/buenr/CS488/install/custom_interfaces/bin'
[9.305s] Level 1:colcon.colcon_core.environment:checking '/home/buenr/CS488/install/custom_interfaces/lib/pkgconfig/custom_interfaces.pc'
[9.305s] Level 1:colcon.colcon_core.environment:checking '/home/buenr/CS488/install/custom_interfaces/lib/python3.12/site-packages'
[9.305s] Level 1:colcon.colcon_core.shell:create_environment_hook('custom_interfaces', 'pythonpath')
[9.305s] INFO:colcon.colcon_core.shell:Creating environment hook '/home/buenr/CS488/install/custom_interfaces/share/custom_interfaces/hook/pythonpath.ps1'
[9.305s] INFO:colcon.colcon_core.shell:Creating environment descriptor '/home/buenr/CS488/install/custom_interfaces/share/custom_interfaces/hook/pythonpath.dsv'
[9.306s] INFO:colcon.colcon_core.shell:Creating environment hook '/home/buenr/CS488/install/custom_interfaces/share/custom_interfaces/hook/pythonpath.sh'
[9.306s] Level 1:colcon.colcon_core.environment:checking '/home/buenr/CS488/install/custom_interfaces/bin'
[9.306s] INFO:colcon.colcon_core.shell:Creating package script '/home/buenr/CS488/install/custom_interfaces/share/custom_interfaces/package.ps1'
[9.351s] INFO:colcon.colcon_core.shell:Creating package descriptor '/home/buenr/CS488/install/custom_interfaces/share/custom_interfaces/package.dsv'
[9.352s] INFO:colcon.colcon_core.shell:Creating package script '/home/buenr/CS488/install/custom_interfaces/share/custom_interfaces/package.sh'
[9.353s] INFO:colcon.colcon_core.shell:Creating package script '/home/buenr/CS488/install/custom_interfaces/share/custom_interfaces/package.bash'
[9.353s] INFO:colcon.colcon_core.shell:Creating package script '/home/buenr/CS488/install/custom_interfaces/share/custom_interfaces/package.zsh'
[9.354s] Level 1:colcon.colcon_core.environment:create_file_with_runtime_dependencies(/home/buenr/CS488/install/custom_interfaces/share/colcon-core/packages/custom_interfaces)
[9.354s] INFO:colcon.colcon_ros.task.ament_python.build:Building ROS package in '/home/buenr/CS488/src/lab3_pkg' with build type 'ament_python'
[9.354s] Level 1:colcon.colcon_core.shell:create_environment_hook('lab3_pkg', 'ament_prefix_path')
[9.354s] INFO:colcon.colcon_core.shell:Creating environment hook '/home/buenr/CS488/install/lab3_pkg/share/lab3_pkg/hook/ament_prefix_path.ps1'
[9.355s] INFO:colcon.colcon_core.shell:Creating environment descriptor '/home/buenr/CS488/install/lab3_pkg/share/lab3_pkg/hook/ament_prefix_path.dsv'
[9.356s] INFO:colcon.colcon_core.shell:Creating environment hook '/home/buenr/CS488/install/lab3_pkg/share/lab3_pkg/hook/ament_prefix_path.sh'
[9.357s] INFO:colcon.colcon_core.shell:Skip shell extension 'powershell' for command environment: Not usable outside of PowerShell
[9.357s] DEBUG:colcon.colcon_core.shell:Skip shell extension 'dsv' for command environment
[9.361s] INFO:colcon.colcon_ros.task.ament_python.build:Building ROS package in '/home/buenr/CS488/src/lab5_pkg' with build type 'ament_python'
[9.361s] Level 1:colcon.colcon_core.shell:create_environment_hook('lab5_pkg', 'ament_prefix_path')
[9.361s] INFO:colcon.colcon_core.shell:Creating environment hook '/home/buenr/CS488/install/lab5_pkg/share/lab5_pkg/hook/ament_prefix_path.ps1'
[9.362s] INFO:colcon.colcon_core.shell:Creating environment descriptor '/home/buenr/CS488/install/lab5_pkg/share/lab5_pkg/hook/ament_prefix_path.dsv'
[9.362s] INFO:colcon.colcon_core.shell:Creating environment hook '/home/buenr/CS488/install/lab5_pkg/share/lab5_pkg/hook/ament_prefix_path.sh'
[9.363s] INFO:colcon.colcon_core.shell:Skip shell extension 'powershell' for command environment: Not usable outside of PowerShell
[9.363s] DEBUG:colcon.colcon_core.shell:Skip shell extension 'dsv' for command environment
[9.569s] INFO:colcon.colcon_core.task.python.build:Building Python package in '/home/buenr/CS488/src/lab3_pkg'
[9.569s] INFO:colcon.colcon_core.shell:Skip shell extension 'powershell' for command environment: Not usable outside of PowerShell
[9.569s] DEBUG:colcon.colcon_core.shell:Skip shell extension 'dsv' for command environment
[9.820s] INFO:colcon.colcon_core.task.python.build:Building Python package in '/home/buenr/CS488/src/lab5_pkg'
[9.820s] INFO:colcon.colcon_core.shell:Skip shell extension 'powershell' for command environment: Not usable outside of PowerShell
[9.820s] DEBUG:colcon.colcon_core.shell:Skip shell extension 'dsv' for command environment
[10.684s] DEBUG:colcon.colcon_core.event_handler.log_command:Invoking command in '/home/buenr/CS488/src/lab3_pkg': CMAKE_PREFIX_PATH=/home/buenr/CS488/install/custom_interfaces:/home/buenr/CS488/install/lab_bringup:/opt/ros/jazzy/opt/gz_sim_vendor:/opt/ros/jazzy/opt/gz_sensors_vendor:/opt/ros/jazzy/opt/gz_physics_vendor:/opt/ros/jazzy/opt/sdformat_vendor:/opt/ros/jazzy/opt/gz_gui_vendor:/opt/ros/jazzy/opt/gz_transport_vendor:/opt/ros/jazzy/opt/gz_rendering_vendor:/opt/ros/jazzy/opt/gz_plugin_vendor:/opt/ros/jazzy/opt/gz_fuel_tools_vendor:/opt/ros/jazzy/opt/gz_msgs_vendor:/opt/ros/jazzy/opt/gz_common_vendor:/opt/ros/jazzy/opt/gz_math_vendor:/opt/ros/jazzy/opt/gz_utils_vendor:/opt/ros/jazzy/opt/gz_tools_vendor:/opt/ros/jazzy/opt/gz_ogre_next_vendor:/opt/ros/jazzy/opt/gz_dartsim_vendor:/opt/ros/jazzy/opt/gz_cmake_vendor PYTHONPATH=/home/buenr/CS488/build/lab3_pkg/prefix_override:/usr/lib/python3/dist-packages/colcon_core/task/python/colcon_distutils_commands:/home/buenr/CS488/install/lab3_pkg/lib/python3.12/site-packages:/home/buenr/CS488/install/custom_interfaces/lib/python3.12/site-packages:/home/buenr/CS488/install/lab5_pkg/lib/python3.12/site-packages:/home/buenr/CS488/install/lab3_pkg/lib/python3.12/site-packages:/home/buenr/CS488/install/lab2_pkg/lib/python3.12/site-packages:/home/buenr/CS488/install/lab1_pkg/lib/python3.12/site-packages:/opt/ros/jazzy/lib/python3.12/site-packages /usr/bin/python3 -W ignore:setup.py install is deprecated -W ignore:easy_install command is deprecated setup.py egg_info --egg-base ../../build/lab3_pkg build --build-base /home/buenr/CS488/build/lab3_pkg/build install --record /home/buenr/CS488/build/lab3_pkg/install.log --single-version-externally-managed install_data
[10.708s] DEBUG:colcon.colcon_core.event_handler.log_command:Invoking command in '/home/buenr/CS488/src/lab5_pkg': CMAKE_PREFIX_PATH=/home/buenr/CS488/install/custom_interfaces:/home/buenr/CS488/install/lab_bringup:/opt/ros/jazzy/opt/gz_sim_vendor:/opt/ros/jazzy/opt/gz_sensors_vendor:/opt/ros/jazzy/opt/gz_physics_vendor:/opt/ros/jazzy/opt/sdformat_vendor:/opt/ros/jazzy/opt/gz_gui_vendor:/opt/ros/jazzy/opt/gz_transport_vendor:/opt/ros/jazzy/opt/gz_rendering_vendor:/opt/ros/jazzy/opt/gz_plugin_vendor:/opt/ros/jazzy/opt/gz_fuel_tools_vendor:/opt/ros/jazzy/opt/gz_msgs_vendor:/opt/ros/jazzy/opt/gz_common_vendor:/opt/ros/jazzy/opt/gz_math_vendor:/opt/ros/jazzy/opt/gz_utils_vendor:/opt/ros/jazzy/opt/gz_tools_vendor:/opt/ros/jazzy/opt/gz_ogre_next_vendor:/opt/ros/jazzy/opt/gz_dartsim_vendor:/opt/ros/jazzy/opt/gz_cmake_vendor PYTHONPATH=/home/buenr/CS488/build/lab5_pkg/prefix_override:/usr/lib/python3/dist-packages/colcon_core/task/python/colcon_distutils_commands:/home/buenr/CS488/install/lab5_pkg/lib/python3.12/site-packages:/home/buenr/CS488/install/custom_interfaces/lib/python3.12/site-packages:/home/buenr/CS488/install/lab5_pkg/lib/python3.12/site-packages:/home/buenr/CS488/install/lab3_pkg/lib/python3.12/site-packages:/home/buenr/CS488/install/lab2_pkg/lib/python3.12/site-packages:/home/buenr/CS488/install/lab1_pkg/lib/python3.12/site-packages:/opt/ros/jazzy/lib/python3.12/site-packages /usr/bin/python3 -W ignore:setup.py install is deprecated -W ignore:easy_install command is deprecated setup.py egg_info --egg-base ../../build/lab5_pkg build --build-base /home/buenr/CS488/build/lab5_pkg/build install --record /home/buenr/CS488/build/lab5_pkg/install.log --single-version-externally-managed install_data
[11.284s] Level 1:colcon.colcon_core.environment:checking '/home/buenr/CS488/install/lab3_pkg' for CMake module files
[11.284s] DEBUG:colcon.colcon_core.event_handler.log_command:Invoked command in '/home/buenr/CS488/src/lab3_pkg' returned '0': CMAKE_PREFIX_PATH=/home/buenr/CS488/install/custom_interfaces:/home/buenr/CS488/install/lab_bringup:/opt/ros/jazzy/opt/gz_sim_vendor:/opt/ros/jazzy/opt/gz_sensors_vendor:/opt/ros/jazzy/opt/gz_physics_vendor:/opt/ros/jazzy/opt/sdformat_vendor:/opt/ros/jazzy/opt/gz_gui_vendor:/opt/ros/jazzy/opt/gz_transport_vendor:/opt/ros/jazzy/opt/gz_rendering_vendor:/opt/ros/jazzy/opt/gz_plugin_vendor:/opt/ros/jazzy/opt/gz_fuel_tools_vendor:/opt/ros/jazzy/opt/gz_msgs_vendor:/opt/ros/jazzy/opt/gz_common_vendor:/opt/ros/jazzy/opt/gz_math_vendor:/opt/ros/jazzy/opt/gz_utils_vendor:/opt/ros/jazzy/opt/gz_tools_vendor:/opt/ros/jazzy/opt/gz_ogre_next_vendor:/opt/ros/jazzy/opt/gz_dartsim_vendor:/opt/ros/jazzy/opt/gz_cmake_vendor PYTHONPATH=/home/buenr/CS488/build/lab3_pkg/prefix_override:/usr/lib/python3/dist-packages/colcon_core/task/python/colcon_distutils_commands:/home/buenr/CS488/install/lab3_pkg/lib/python3.12/site-packages:/home/buenr/CS488/install/custom_interfaces/lib/python3.12/site-packages:/home/buenr/CS488/install/lab5_pkg/lib/python3.12/site-packages:/home/buenr/CS488/install/lab3_pkg/lib/python3.12/site-packages:/home/buenr/CS488/install/lab2_pkg/lib/python3.12/site-packages:/home/buenr/CS488/install/lab1_pkg/lib/python3.12/site-packages:/opt/ros/jazzy/lib/python3.12/site-packages /usr/bin/python3 -W ignore:setup.py install is deprecated -W ignore:easy_install command is deprecated setup.py egg_info --egg-base ../../build/lab3_pkg build --build-base /home/buenr/CS488/build/lab3_pkg/build install --record /home/buenr/CS488/build/lab3_pkg/install.log --single-version-externally-managed install_data
[11.284s] Level 1:colcon.colcon_core.environment:checking '/home/buenr/CS488/install/lab3_pkg' for CMake config files
[11.285s] Level 1:colcon.colcon_core.environment:checking '/home/buenr/CS488/install/lab3_pkg/lib'
[11.285s] Level 1:colcon.colcon_core.environment:checking '/home/buenr/CS488/install/lab3_pkg/bin'
[11.285s] Level 1:colcon.colcon_core.environment:checking '/home/buenr/CS488/install/lab3_pkg/lib/pkgconfig/lab3_pkg.pc'
[11.285s] Level 1:colcon.colcon_core.environment:checking '/home/buenr/CS488/install/lab3_pkg/lib/python3.12/site-packages'
[11.285s] Level 1:colcon.colcon_core.shell:create_environment_hook('lab3_pkg', 'pythonpath')
[11.285s] INFO:colcon.colcon_core.shell:Creating environment hook '/home/buenr/CS488/install/lab3_pkg/share/lab3_pkg/hook/pythonpath.ps1'
[11.286s] INFO:colcon.colcon_core.shell:Creating environment descriptor '/home/buenr/CS488/install/lab3_pkg/share/lab3_pkg/hook/pythonpath.dsv'
[11.286s] INFO:colcon.colcon_core.shell:Creating environment hook '/home/buenr/CS488/install/lab3_pkg/share/lab3_pkg/hook/pythonpath.sh'
[11.287s] Level 1:colcon.colcon_core.environment:checking '/home/buenr/CS488/install/lab3_pkg/bin'
[11.287s] Level 1:colcon.colcon_core.environment:create_environment_scripts_only(lab3_pkg)
[11.287s] INFO:colcon.colcon_core.shell:Creating package script '/home/buenr/CS488/install/lab3_pkg/share/lab3_pkg/package.ps1'
[11.287s] INFO:colcon.colcon_core.shell:Creating package descriptor '/home/buenr/CS488/install/lab3_pkg/share/lab3_pkg/package.dsv'
[11.288s] INFO:colcon.colcon_core.shell:Creating package script '/home/buenr/CS488/install/lab3_pkg/share/lab3_pkg/package.sh'
[11.288s] INFO:colcon.colcon_core.shell:Creating package script '/home/buenr/CS488/install/lab3_pkg/share/lab3_pkg/package.bash'
[11.289s] INFO:colcon.colcon_core.shell:Creating package script '/home/buenr/CS488/install/lab3_pkg/share/lab3_pkg/package.zsh'
[11.289s] Level 1:colcon.colcon_core.environment:create_file_with_runtime_dependencies(/home/buenr/CS488/install/lab3_pkg/share/colcon-core/packages/lab3_pkg)
[11.289s] INFO:colcon.colcon_ros.task.ament_cmake.build:Building ROS package in '/home/buenr/CS488/src/lab_bringup' with build type 'ament_cmake'
[11.290s] INFO:colcon.colcon_cmake.task.cmake.build:Building CMake package in '/home/buenr/CS488/src/lab_bringup'
[11.290s] INFO:colcon.colcon_core.shell:Skip shell extension 'powershell' for command environment: Not usable outside of PowerShell
[11.290s] DEBUG:colcon.colcon_core.shell:Skip shell extension 'dsv' for command environment
[11.306s] DEBUG:colcon.colcon_core.event_handler.log_command:Invoking command in '/home/buenr/CS488/build/lab_bringup': AMENT_PREFIX_PATH=/home/buenr/CS488/install/lab3_pkg:/home/buenr/CS488/install/lab_bringup:/home/buenr/CS488/install/lab5_pkg:/home/buenr/CS488/install/lab2_pkg:/home/buenr/CS488/install/lab1_pkg:/home/buenr/CS488/install/custom_interfaces:/opt/ros/jazzy CMAKE_PREFIX_PATH=/home/buenr/CS488/install/custom_interfaces:/home/buenr/CS488/install/lab_bringup:/opt/ros/jazzy/opt/gz_sim_vendor:/opt/ros/jazzy/opt/gz_sensors_vendor:/opt/ros/jazzy/opt/gz_physics_vendor:/opt/ros/jazzy/opt/sdformat_vendor:/opt/ros/jazzy/opt/gz_gui_vendor:/opt/ros/jazzy/opt/gz_transport_vendor:/opt/ros/jazzy/opt/gz_rendering_vendor:/opt/ros/jazzy/opt/gz_plugin_vendor:/opt/ros/jazzy/opt/gz_fuel_tools_vendor:/opt/ros/jazzy/opt/gz_msgs_vendor:/opt/ros/jazzy/opt/gz_common_vendor:/opt/ros/jazzy/opt/gz_math_vendor:/opt/ros/jazzy/opt/gz_utils_vendor:/opt/ros/jazzy/opt/gz_tools_vendor:/opt/ros/jazzy/opt/gz_ogre_next_vendor:/opt/ros/jazzy/opt/gz_dartsim_vendor:/opt/ros/jazzy/opt/gz_cmake_vendor:/home/buenr/CS488/install/lab5_pkg:/home/buenr/CS488/install/lab3_pkg:/home/buenr/CS488/install/lab2_pkg:/home/buenr/CS488/install/lab1_pkg:/opt/ros/jazzy PYTHONPATH=/home/buenr/CS488/install/lab3_pkg/lib/python3.12/site-packages:/home/buenr/CS488/install/custom_interfaces/lib/python3.12/site-packages:/home/buenr/CS488/install/lab5_pkg/lib/python3.12/site-packages:/home/buenr/CS488/install/lab2_pkg/lib/python3.12/site-packages:/home/buenr/CS488/install/lab1_pkg/lib/python3.12/site-packages:/opt/ros/jazzy/lib/python3.12/site-packages /usr/bin/cmake /home/buenr/CS488/src/lab_bringup -DCMAKE_INSTALL_PREFIX=/home/buenr/CS488/install/lab_bringup
[11.350s] Level 1:colcon.colcon_core.environment:checking '/home/buenr/CS488/install/lab5_pkg' for CMake module files
[11.351s] DEBUG:colcon.colcon_core.event_handler.log_command:Invoked command in '/home/buenr/CS488/src/lab5_pkg' returned '0': CMAKE_PREFIX_PATH=/home/buenr/CS488/install/custom_interfaces:/home/buenr/CS488/install/lab_bringup:/opt/ros/jazzy/opt/gz_sim_vendor:/opt/ros/jazzy/opt/gz_sensors_vendor:/opt/ros/jazzy/opt/gz_physics_vendor:/opt/ros/jazzy/opt/sdformat_vendor:/opt/ros/jazzy/opt/gz_gui_vendor:/opt/ros/jazzy/opt/gz_transport_vendor:/opt/ros/jazzy/opt/gz_rendering_vendor:/opt/ros/jazzy/opt/gz_plugin_vendor:/opt/ros/jazzy/opt/gz_fuel_tools_vendor:/opt/ros/jazzy/opt/gz_msgs_vendor:/opt/ros/jazzy/opt/gz_common_vendor:/opt/ros/jazzy/opt/gz_math_vendor:/opt/ros/jazzy/opt/gz_utils_vendor:/opt/ros/jazzy/opt/gz_tools_vendor:/opt/ros/jazzy/opt/gz_ogre_next_vendor:/opt/ros/jazzy/opt/gz_dartsim_vendor:/opt/ros/jazzy/opt/gz_cmake_vendor PYTHONPATH=/home/buenr/CS488/build/lab5_pkg/prefix_override:/usr/lib/python3/dist-packages/colcon_core/task/python/colcon_distutils_commands:/home/buenr/CS488/install/lab5_pkg/lib/python3.12/site-packages:/home/buenr/CS488/install/custom_interfaces/lib/python3.12/site-packages:/home/buenr/CS488/install/lab5_pkg/lib/python3.12/site-packages:/home/buenr/CS488/install/lab3_pkg/lib/python3.12/site-packages:/home/buenr/CS488/install/lab2_pkg/lib/python3.12/site-packages:/home/buenr/CS488/install/lab1_pkg/lib/python3.12/site-packages:/opt/ros/jazzy/lib/python3.12/site-packages /usr/bin/python3 -W ignore:setup.py install is deprecated -W ignore:easy_install command is deprecated setup.py egg_info --egg-base ../../build/lab5_pkg build --build-base /home/buenr/CS488/build/lab5_pkg/build install --record /home/buenr/CS488/build/lab5_pkg/install.log --single-version-externally-managed install_data
[11.351s] Level 1:colcon.colcon_core.environment:checking '/home/buenr/CS488/install/lab5_pkg' for CMake config files
[11.351s] Level 1:colcon.colcon_core.environment:checking '/home/buenr/CS488/install/lab5_pkg/lib'
[11.351s] Level 1:colcon.colcon_core.environment:checking '/home/buenr/CS488/install/lab5_pkg/bin'
[11.352s] Level 1:colcon.colcon_core.environment:checking '/home/buenr/CS488/install/lab5_pkg/lib/pkgconfig/lab5_pkg.pc'
[11.352s] Level 1:colcon.colcon_core.environment:checking '/home/buenr/CS488/install/lab5_pkg/lib/python3.12/site-packages'
[11.352s] Level 1:colcon.colcon_core.shell:create_environment_hook('lab5_pkg', 'pythonpath')
[11.352s] INFO:colcon.colcon_core.shell:Creating environment hook '/home/buenr/CS488/install/lab5_pkg/share/lab5_pkg/hook/pythonpath.ps1'
[11.352s] INFO:colcon.colcon_core.shell:Creating environment descriptor '/home/buenr/CS488/install/lab5_pkg/share/lab5_pkg/hook/pythonpath.dsv'
[11.353s] INFO:colcon.colcon_core.shell:Creating environment hook '/home/buenr/CS488/install/lab5_pkg/share/lab5_pkg/hook/pythonpath.sh'
[11.353s] Level 1:colcon.colcon_core.environment:checking '/home/buenr/CS488/install/lab5_pkg/bin'
[11.353s] Level 1:colcon.colcon_core.environment:create_environment_scripts_only(lab5_pkg)
[11.353s] INFO:colcon.colcon_core.shell:Creating package script '/home/buenr/CS488/install/lab5_pkg/share/lab5_pkg/package.ps1'
[11.354s] INFO:colcon.colcon_core.shell:Creating package descriptor '/home/buenr/CS488/install/lab5_pkg/share/lab5_pkg/package.dsv'
[11.354s] INFO:colcon.colcon_core.shell:Creating package script '/home/buenr/CS488/install/lab5_pkg/share/lab5_pkg/package.sh'
[11.355s] INFO:colcon.colcon_core.shell:Creating package script '/home/buenr/CS488/install/lab5_pkg/share/lab5_pkg/package.bash'
[11.355s] INFO:colcon.colcon_core.shell:Creating package script '/home/buenr/CS488/install/lab5_pkg/share/lab5_pkg/package.zsh'
[11.355s] Level 1:colcon.colcon_core.environment:create_file_with_runtime_dependencies(/home/buenr/CS488/install/lab5_pkg/share/colcon-core/packages/lab5_pkg)
[12.232s] DEBUG:colcon.colcon_core.event_handler.log_command:Invoked command in '/home/buenr/CS488/build/lab_bringup' returned '0': AMENT_PREFIX_PATH=/home/buenr/CS488/install/lab3_pkg:/home/buenr/CS488/install/lab_bringup:/home/buenr/CS488/install/lab5_pkg:/home/buenr/CS488/install/lab2_pkg:/home/buenr/CS488/install/lab1_pkg:/home/buenr/CS488/install/custom_interfaces:/opt/ros/jazzy CMAKE_PREFIX_PATH=/home/buenr/CS488/install/custom_interfaces:/home/buenr/CS488/install/lab_bringup:/opt/ros/jazzy/opt/gz_sim_vendor:/opt/ros/jazzy/opt/gz_sensors_vendor:/opt/ros/jazzy/opt/gz_physics_vendor:/opt/ros/jazzy/opt/sdformat_vendor:/opt/ros/jazzy/opt/gz_gui_vendor:/opt/ros/jazzy/opt/gz_transport_vendor:/opt/ros/jazzy/opt/gz_rendering_vendor:/opt/ros/jazzy/opt/gz_plugin_vendor:/opt/ros/jazzy/opt/gz_fuel_tools_vendor:/opt/ros/jazzy/opt/gz_msgs_vendor:/opt/ros/jazzy/opt/gz_common_vendor:/opt/ros/jazzy/opt/gz_math_vendor:/opt/ros/jazzy/opt/gz_utils_vendor:/opt/ros/jazzy/opt/gz_tools_vendor:/opt/ros/jazzy/opt/gz_ogre_next_vendor:/opt/ros/jazzy/opt/gz_dartsim_vendor:/opt/ros/jazzy/opt/gz_cmake_vendor:/home/buenr/CS488/install/lab5_pkg:/home/buenr/CS488/install/lab3_pkg:/home/buenr/CS488/install/lab2_pkg:/home/buenr/CS488/install/lab1_pkg:/opt/ros/jazzy PYTHONPATH=/home/buenr/CS488/install/lab3_pkg/lib/python3.12/site-packages:/home/buenr/CS488/install/custom_interfaces/lib/python3.12/site-packages:/home/buenr/CS488/install/lab5_pkg/lib/python3.12/site-packages:/home/buenr/CS488/install/lab2_pkg/lib/python3.12/site-packages:/home/buenr/CS488/install/lab1_pkg/lib/python3.12/site-packages:/opt/ros/jazzy/lib/python3.12/site-packages /usr/bin/cmake /home/buenr/CS488/src/lab_bringup -DCMAKE_INSTALL_PREFIX=/home/buenr/CS488/install/lab_bringup
[12.233s] DEBUG:colcon.colcon_core.event_handler.log_command:Invoking command in '/home/buenr/CS488/build/lab_bringup': AMENT_PREFIX_PATH=/home/buenr/CS488/install/lab3_pkg:/home/buenr/CS488/install/lab_bringup:/home/buenr/CS488/install/lab5_pkg:/home/buenr/CS488/install/lab2_pkg:/home/buenr/CS488/install/lab1_pkg:/home/buenr/CS488/install/custom_interfaces:/opt/ros/jazzy CMAKE_PREFIX_PATH=/home/buenr/CS488/install/custom_interfaces:/home/buenr/CS488/install/lab_bringup:/opt/ros/jazzy/opt/gz_sim_vendor:/opt/ros/jazzy/opt/gz_sensors_vendor:/opt/ros/jazzy/opt/gz_physics_vendor:/opt/ros/jazzy/opt/sdformat_vendor:/opt/ros/jazzy/opt/gz_gui_vendor:/opt/ros/jazzy/opt/gz_transport_vendor:/opt/ros/jazzy/opt/gz_rendering_vendor:/opt/ros/jazzy/opt/gz_plugin_vendor:/opt/ros/jazzy/opt/gz_fuel_tools_vendor:/opt/ros/jazzy/opt/gz_msgs_vendor:/opt/ros/jazzy/opt/gz_common_vendor:/opt/ros/jazzy/opt/gz_math_vendor:/opt/ros/jazzy/opt/gz_utils_vendor:/opt/ros/jazzy/opt/gz_tools_vendor:/opt/ros/jazzy/opt/gz_ogre_next_vendor:/opt/ros/jazzy/opt/gz_dartsim_vendor:/opt/ros/jazzy/opt/gz_cmake_vendor:/home/buenr/CS488/install/lab5_pkg:/home/buenr/CS488/install/lab3_pkg:/home/buenr/CS488/install/lab2_pkg:/home/buenr/CS488/install/lab1_pkg:/opt/ros/jazzy PYTHONPATH=/home/buenr/CS488/install/lab3_pkg/lib/python3.12/site-packages:/home/buenr/CS488/install/custom_interfaces/lib/python3.12/site-packages:/home/buenr/CS488/install/lab5_pkg/lib/python3.12/site-packages:/home/buenr/CS488/install/lab2_pkg/lib/python3.12/site-packages:/home/buenr/CS488/install/lab1_pkg/lib/python3.12/site-packages:/opt/ros/jazzy/lib/python3.12/site-packages /usr/bin/cmake --build /home/buenr/CS488/build/lab_bringup -- -j16 -l16
[12.273s] DEBUG:colcon.colcon_core.event_handler.log_command:Invoked command in '/home/buenr/CS488/build/lab_bringup' returned '0': AMENT_PREFIX_PATH=/home/buenr/CS488/install/lab3_pkg:/home/buenr/CS488/install/lab_bringup:/home/buenr/CS488/install/lab5_pkg:/home/buenr/CS488/install/lab2_pkg:/home/buenr/CS488/install/lab1_pkg:/home/buenr/CS488/install/custom_interfaces:/opt/ros/jazzy CMAKE_PREFIX_PATH=/home/buenr/CS488/install/custom_interfaces:/home/buenr/CS488/install/lab_bringup:/opt/ros/jazzy/opt/gz_sim_vendor:/opt/ros/jazzy/opt/gz_sensors_vendor:/opt/ros/jazzy/opt/gz_physics_vendor:/opt/ros/jazzy/opt/sdformat_vendor:/opt/ros/jazzy/opt/gz_gui_vendor:/opt/ros/jazzy/opt/gz_transport_vendor:/opt/ros/jazzy/opt/gz_rendering_vendor:/opt/ros/jazzy/opt/gz_plugin_vendor:/opt/ros/jazzy/opt/gz_fuel_tools_vendor:/opt/ros/jazzy/opt/gz_msgs_vendor:/opt/ros/jazzy/opt/gz_common_vendor:/opt/ros/jazzy/opt/gz_math_vendor:/opt/ros/jazzy/opt/gz_utils_vendor:/opt/ros/jazzy/opt/gz_tools_vendor:/opt/ros/jazzy/opt/gz_ogre_next_vendor:/opt/ros/jazzy/opt/gz_dartsim_vendor:/opt/ros/jazzy/opt/gz_cmake_vendor:/home/buenr/CS488/install/lab5_pkg:/home/buenr/CS488/install/lab3_pkg:/home/buenr/CS488/install/lab2_pkg:/home/buenr/CS488/install/lab1_pkg:/opt/ros/jazzy PYTHONPATH=/home/buenr/CS488/install/lab3_pkg/lib/python3.12/site-packages:/home/buenr/CS488/install/custom_interfaces/lib/python3.12/site-packages:/home/buenr/CS488/install/lab5_pkg/lib/python3.12/site-packages:/home/buenr/CS488/install/lab2_pkg/lib/python3.12/site-packages:/home/buenr/CS488/install/lab1_pkg/lib/python3.12/site-packages:/opt/ros/jazzy/lib/python3.12/site-packages /usr/bin/cmake --build /home/buenr/CS488/build/lab_bringup -- -j16 -l16
[12.277s] DEBUG:colcon.colcon_core.event_handler.log_command:Invoking command in '/home/buenr/CS488/build/lab_bringup': AMENT_PREFIX_PATH=/home/buenr/CS488/install/lab3_pkg:/home/buenr/CS488/install/lab_bringup:/home/buenr/CS488/install/lab5_pkg:/home/buenr/CS488/install/lab2_pkg:/home/buenr/CS488/install/lab1_pkg:/home/buenr/CS488/install/custom_interfaces:/opt/ros/jazzy CMAKE_PREFIX_PATH=/home/buenr/CS488/install/custom_interfaces:/home/buenr/CS488/install/lab_bringup:/opt/ros/jazzy/opt/gz_sim_vendor:/opt/ros/jazzy/opt/gz_sensors_vendor:/opt/ros/jazzy/opt/gz_physics_vendor:/opt/ros/jazzy/opt/sdformat_vendor:/opt/ros/jazzy/opt/gz_gui_vendor:/opt/ros/jazzy/opt/gz_transport_vendor:/opt/ros/jazzy/opt/gz_rendering_vendor:/opt/ros/jazzy/opt/gz_plugin_vendor:/opt/ros/jazzy/opt/gz_fuel_tools_vendor:/opt/ros/jazzy/opt/gz_msgs_vendor:/opt/ros/jazzy/opt/gz_common_vendor:/opt/ros/jazzy/opt/gz_math_vendor:/opt/ros/jazzy/opt/gz_utils_vendor:/opt/ros/jazzy/opt/gz_tools_vendor:/opt/ros/jazzy/opt/gz_ogre_next_vendor:/opt/ros/jazzy/opt/gz_dartsim_vendor:/opt/ros/jazzy/opt/gz_cmake_vendor:/home/buenr/CS488/install/lab5_pkg:/home/buenr/CS488/install/lab3_pkg:/home/buenr/CS488/install/lab2_pkg:/home/buenr/CS488/install/lab1_pkg:/opt/ros/jazzy PYTHONPATH=/home/buenr/CS488/install/lab3_pkg/lib/python3.12/site-packages:/home/buenr/CS488/install/custom_interfaces/lib/python3.12/site-packages:/home/buenr/CS488/install/lab5_pkg/lib/python3.12/site-packages:/home/buenr/CS488/install/lab2_pkg/lib/python3.12/site-packages:/home/buenr/CS488/install/lab1_pkg/lib/python3.12/site-packages:/opt/ros/jazzy/lib/python3.12/site-packages /usr/bin/cmake --install /home/buenr/CS488/build/lab_bringup
[12.299s] Level 1:colcon.colcon_core.environment:create_environment_scripts_only(lab_bringup)
[12.299s] Level 1:colcon.colcon_core.environment:checking '/home/buenr/CS488/install/lab_bringup' for CMake module files
[12.300s] DEBUG:colcon.colcon_core.event_handler.log_command:Invoked command in '/home/buenr/CS488/build/lab_bringup' returned '0': AMENT_PREFIX_PATH=/home/buenr/CS488/install/lab3_pkg:/home/buenr/CS488/install/lab_bringup:/home/buenr/CS488/install/lab5_pkg:/home/buenr/CS488/install/lab2_pkg:/home/buenr/CS488/install/lab1_pkg:/home/buenr/CS488/install/custom_interfaces:/opt/ros/jazzy CMAKE_PREFIX_PATH=/home/buenr/CS488/install/custom_interfaces:/home/buenr/CS488/install/lab_bringup:/opt/ros/jazzy/opt/gz_sim_vendor:/opt/ros/jazzy/opt/gz_sensors_vendor:/opt/ros/jazzy/opt/gz_physics_vendor:/opt/ros/jazzy/opt/sdformat_vendor:/opt/ros/jazzy/opt/gz_gui_vendor:/opt/ros/jazzy/opt/gz_transport_vendor:/opt/ros/jazzy/opt/gz_rendering_vendor:/opt/ros/jazzy/opt/gz_plugin_vendor:/opt/ros/jazzy/opt/gz_fuel_tools_vendor:/opt/ros/jazzy/opt/gz_msgs_vendor:/opt/ros/jazzy/opt/gz_common_vendor:/opt/ros/jazzy/opt/gz_math_vendor:/opt/ros/jazzy/opt/gz_utils_vendor:/opt/ros/jazzy/opt/gz_tools_vendor:/opt/ros/jazzy/opt/gz_ogre_next_vendor:/opt/ros/jazzy/opt/gz_dartsim_vendor:/opt/ros/jazzy/opt/gz_cmake_vendor:/home/buenr/CS488/install/lab5_pkg:/home/buenr/CS488/install/lab3_pkg:/home/buenr/CS488/install/lab2_pkg:/home/buenr/CS488/install/lab1_pkg:/opt/ros/jazzy PYTHONPATH=/home/buenr/CS488/install/lab3_pkg/lib/python3.12/site-packages:/home/buenr/CS488/install/custom_interfaces/lib/python3.12/site-packages:/home/buenr/CS488/install/lab5_pkg/lib/python3.12/site-packages:/home/buenr/CS488/install/lab2_pkg/lib/python3.12/site-packages:/home/buenr/CS488/install/lab1_pkg/lib/python3.12/site-packages:/opt/ros/jazzy/lib/python3.12/site-packages /usr/bin/cmake --install /home/buenr/CS488/build/lab_bringup
[12.300s] Level 1:colcon.colcon_core.environment:checking '/home/buenr/CS488/install/lab_bringup' for CMake config files
[12.300s] Level 1:colcon.colcon_core.shell:create_environment_hook('lab_bringup', 'cmake_prefix_path')
[12.300s] INFO:colcon.colcon_core.shell:Creating environment hook '/home/buenr/CS488/install/lab_bringup/share/lab_bringup/hook/cmake_prefix_path.ps1'
[12.301s] INFO:colcon.colcon_core.shell:Creating environment descriptor '/home/buenr/CS488/install/lab_bringup/share/lab_bringup/hook/cmake_prefix_path.dsv'
[12.301s] INFO:colcon.colcon_core.shell:Creating environment hook '/home/buenr/CS488/install/lab_bringup/share/lab_bringup/hook/cmake_prefix_path.sh'
[12.302s] Level 1:colcon.colcon_core.environment:checking '/home/buenr/CS488/install/lab_bringup/bin'
[12.302s] Level 1:colcon.colcon_core.environment:checking '/home/buenr/CS488/install/lab_bringup/lib/pkgconfig/lab_bringup.pc'
[12.302s] Level 1:colcon.colcon_core.environment:checking '/home/buenr/CS488/install/lab_bringup/lib/python3.12/site-packages'
[12.302s] Level 1:colcon.colcon_core.environment:checking '/home/buenr/CS488/install/lab_bringup/bin'
[12.302s] INFO:colcon.colcon_core.shell:Creating package script '/home/buenr/CS488/install/lab_bringup/share/lab_bringup/package.ps1'
[12.303s] INFO:colcon.colcon_core.shell:Creating package descriptor '/home/buenr/CS488/install/lab_bringup/share/lab_bringup/package.dsv'
[12.303s] INFO:colcon.colcon_core.shell:Creating package script '/home/buenr/CS488/install/lab_bringup/share/lab_bringup/package.sh'
[12.303s] INFO:colcon.colcon_core.shell:Creating package script '/home/buenr/CS488/install/lab_bringup/share/lab_bringup/package.bash'
[12.304s] INFO:colcon.colcon_core.shell:Creating package script '/home/buenr/CS488/install/lab_bringup/share/lab_bringup/package.zsh'
[12.304s] Level 1:colcon.colcon_core.environment:create_file_with_runtime_dependencies(/home/buenr/CS488/install/lab_bringup/share/colcon-core/packages/lab_bringup)
[12.305s] Level 1:colcon.colcon_core.environment:create_environment_scripts_only(lab_bringup)
[12.305s] Level 1:colcon.colcon_core.environment:checking '/home/buenr/CS488/install/lab_bringup' for CMake module files
[12.305s] Level 1:colcon.colcon_core.environment:checking '/home/buenr/CS488/install/lab_bringup' for CMake config files
[12.305s] Level 1:colcon.colcon_core.shell:create_environment_hook('lab_bringup', 'cmake_prefix_path')
[12.305s] INFO:colcon.colcon_core.shell:Creating environment hook '/home/buenr/CS488/install/lab_bringup/share/lab_bringup/hook/cmake_prefix_path.ps1'
[12.306s] INFO:colcon.colcon_core.shell:Creating environment descriptor '/home/buenr/CS488/install/lab_bringup/share/lab_bringup/hook/cmake_prefix_path.dsv'
[12.306s] INFO:colcon.colcon_core.shell:Creating environment hook '/home/buenr/CS488/install/lab_bringup/share/lab_bringup/hook/cmake_prefix_path.sh'
[12.307s] Level 1:colcon.colcon_core.environment:checking '/home/buenr/CS488/install/lab_bringup/bin'
[12.307s] Level 1:colcon.colcon_core.environment:checking '/home/buenr/CS488/install/lab_bringup/lib/pkgconfig/lab_bringup.pc'
[12.307s] Level 1:colcon.colcon_core.environment:checking '/home/buenr/CS488/install/lab_bringup/lib/python3.12/site-packages'
[12.307s] Level 1:colcon.colcon_core.environment:checking '/home/buenr/CS488/install/lab_bringup/bin'
[12.308s] INFO:colcon.colcon_core.shell:Creating package script '/home/buenr/CS488/install/lab_bringup/share/lab_bringup/package.ps1'
[12.354s] INFO:colcon.colcon_core.shell:Creating package descriptor '/home/buenr/CS488/install/lab_bringup/share/lab_bringup/package.dsv'
[12.355s] INFO:colcon.colcon_core.shell:Creating package script '/home/buenr/CS488/install/lab_bringup/share/lab_bringup/package.sh'
[12.355s] INFO:colcon.colcon_core.shell:Creating package script '/home/buenr/CS488/install/lab_bringup/share/lab_bringup/package.bash'
[12.356s] INFO:colcon.colcon_core.shell:Creating package script '/home/buenr/CS488/install/lab_bringup/share/lab_bringup/package.zsh'
[12.356s] Level 1:colcon.colcon_core.environment:create_file_with_runtime_dependencies(/home/buenr/CS488/install/lab_bringup/share/colcon-core/packages/lab_bringup)
[12.356s] DEBUG:colcon.colcon_parallel_executor.executor.parallel:closing loop
[12.357s] DEBUG:colcon.colcon_parallel_executor.executor.parallel:loop closed
[12.357s] DEBUG:colcon.colcon_parallel_executor.executor.parallel:run_until_complete finished with '0'
[12.357s] DEBUG:colcon.colcon_core.event_reactor:joining thread
[12.363s] INFO:colcon.colcon_core.plugin_system:Skipping extension 'colcon_notification.desktop_notification.terminal_notifier': Not used on non-Darwin systems
[12.363s] INFO:colcon.colcon_core.plugin_system:Skipping extension 'colcon_notification.desktop_notification.win32': Not used on non-Windows systems
[12.363s] INFO:colcon.colcon_notification.desktop_notification:Sending desktop notification using 'notify2'
[12.373s] DEBUG:colcon.colcon_core.event_reactor:joined thread
[12.373s] INFO:colcon.colcon_core.shell:Creating prefix script '/home/buenr/CS488/install/local_setup.ps1'
[12.374s] INFO:colcon.colcon_core.shell:Creating prefix util module '/home/buenr/CS488/install/_local_setup_util_ps1.py'
[12.375s] INFO:colcon.colcon_core.shell:Creating prefix chain script '/home/buenr/CS488/install/setup.ps1'
[12.377s] INFO:colcon.colcon_core.shell:Creating prefix script '/home/buenr/CS488/install/local_setup.sh'
[12.378s] INFO:colcon.colcon_core.shell:Creating prefix util module '/home/buenr/CS488/install/_local_setup_util_sh.py'
[12.379s] INFO:colcon.colcon_core.shell:Creating prefix chain script '/home/buenr/CS488/install/setup.sh'
[12.380s] INFO:colcon.colcon_core.shell:Creating prefix script '/home/buenr/CS488/install/local_setup.bash'
[12.381s] INFO:colcon.colcon_core.shell:Creating prefix chain script '/home/buenr/CS488/install/setup.bash'
[12.383s] INFO:colcon.colcon_core.shell:Creating prefix script '/home/buenr/CS488/install/local_setup.zsh'
[12.383s] INFO:colcon.colcon_core.shell:Creating prefix chain script '/home/buenr/CS488/install/setup.zsh'
