[0.845s] Invoking command in '/home/nhu.nguyen/turtlebot4_ws/src/lab3_pkg': AMENT_PREFIX_PATH=/home/nhu.nguyen/turtlebot4_ws/install/custom_interfaces:${AMENT_PREFIX_PATH} CMAKE_PREFIX_PATH=/home/nhu.nguyen/turtlebot4_ws/install/custom_interfaces:${CMAKE_PREFIX_PATH} LD_LIBRARY_PATH=/home/nhu.nguyen/turtlebot4_ws/install/custom_interfaces/lib:${LD_LIBRARY_PATH} PYTHONPATH=/home/nhu.nguyen/turtlebot4_ws/build/lab3_pkg/prefix_override:/usr/lib/python3/dist-packages/colcon_core/task/python/colcon_distutils_commands:/home/nhu.nguyen/turtlebot4_ws/install/lab3_pkg/lib/python3.12/site-packages:/home/nhu.nguyen/turtlebot4_ws/install/custom_interfaces/lib/python3.12/site-packages:${PYTHONPATH} /usr/bin/python3 -W ignore:setup.py install is deprecated -W ignore:easy_install command is deprecated setup.py egg_info --egg-base ../../build/lab3_pkg build --build-base /home/nhu.nguyen/turtlebot4_ws/build/lab3_pkg/build install --record /home/nhu.nguyen/turtlebot4_ws/build/lab3_pkg/install.log --single-version-externally-managed install_data
[1.129s] running egg_info
[1.152s] writing ../../build/lab3_pkg/lab3_pkg.egg-info/PKG-INFO
[1.152s] writing dependency_links to ../../build/lab3_pkg/lab3_pkg.egg-info/dependency_links.txt
[1.153s] writing entry points to ../../build/lab3_pkg/lab3_pkg.egg-info/entry_points.txt
[1.153s] writing requirements to ../../build/lab3_pkg/lab3_pkg.egg-info/requires.txt
[1.153s] writing top-level names to ../../build/lab3_pkg/lab3_pkg.egg-info/top_level.txt
[1.201s] reading manifest file '../../build/lab3_pkg/lab3_pkg.egg-info/SOURCES.txt'
[1.202s] writing manifest file '../../build/lab3_pkg/lab3_pkg.egg-info/SOURCES.txt'
[1.202s] running build
[1.202s] running build_py
[1.203s] running install
[1.208s] running install_lib
[1.233s] running install_data
[1.233s] running install_egg_info
[1.259s] removing '/home/nhu.nguyen/turtlebot4_ws/install/lab3_pkg/lib/python3.12/site-packages/lab3_pkg-0.0.0-py3.12.egg-info' (and everything under it)
[1.259s] Copying ../../build/lab3_pkg/lab3_pkg.egg-info to /home/nhu.nguyen/turtlebot4_ws/install/lab3_pkg/lib/python3.12/site-packages/lab3_pkg-0.0.0-py3.12.egg-info
[1.260s] running install_scripts
[1.410s] Installing SCOD_server script to /home/nhu.nguyen/turtlebot4_ws/install/lab3_pkg/lib/lab3_pkg
[1.410s] Installing set_cap_client_node script to /home/nhu.nguyen/turtlebot4_ws/install/lab3_pkg/lib/lab3_pkg
[1.410s] writing list of installed files to '/home/nhu.nguyen/turtlebot4_ws/build/lab3_pkg/install.log'
[1.428s] Invoked command in '/home/nhu.nguyen/turtlebot4_ws/src/lab3_pkg' returned '0': AMENT_PREFIX_PATH=/home/nhu.nguyen/turtlebot4_ws/install/custom_interfaces:${AMENT_PREFIX_PATH} CMAKE_PREFIX_PATH=/home/nhu.nguyen/turtlebot4_ws/install/custom_interfaces:${CMAKE_PREFIX_PATH} LD_LIBRARY_PATH=/home/nhu.nguyen/turtlebot4_ws/install/custom_interfaces/lib:${LD_LIBRARY_PATH} PYTHONPATH=/home/nhu.nguyen/turtlebot4_ws/build/lab3_pkg/prefix_override:/usr/lib/python3/dist-packages/colcon_core/task/python/colcon_distutils_commands:/home/nhu.nguyen/turtlebot4_ws/install/lab3_pkg/lib/python3.12/site-packages:/home/nhu.nguyen/turtlebot4_ws/install/custom_interfaces/lib/python3.12/site-packages:${PYTHONPATH} /usr/bin/python3 -W ignore:setup.py install is deprecated -W ignore:easy_install command is deprecated setup.py egg_info --egg-base ../../build/lab3_pkg build --build-base /home/nhu.nguyen/turtlebot4_ws/build/lab3_pkg/build install --record /home/nhu.nguyen/turtlebot4_ws/build/lab3_pkg/install.log --single-version-externally-managed install_data
