running egg_info
creating ../../build/lab3_pkg/lab3_pkg.egg-info
writing ../../build/lab3_pkg/lab3_pkg.egg-info/PKG-INFO
writing dependency_links to ../../build/lab3_pkg/lab3_pkg.egg-info/dependency_links.txt
writing entry points to ../../build/lab3_pkg/lab3_pkg.egg-info/entry_points.txt
writing requirements to ../../build/lab3_pkg/lab3_pkg.egg-info/requires.txt
writing top-level names to ../../build/lab3_pkg/lab3_pkg.egg-info/top_level.txt
writing manifest file '../../build/lab3_pkg/lab3_pkg.egg-info/SOURCES.txt'
reading manifest file '../../build/lab3_pkg/lab3_pkg.egg-info/SOURCES.txt'
writing manifest file '../../build/lab3_pkg/lab3_pkg.egg-info/SOURCES.txt'
running build
running build_py
creating /home/gbonham/turtlebot4_ws/build/lab3_pkg/build
creating /home/gbonham/turtlebot4_ws/build/lab3_pkg/build/lib
creating /home/gbonham/turtlebot4_ws/build/lab3_pkg/build/lib/lab3_pkg
copying lab3_pkg/set_cap_client.py -> /home/gbonham/turtlebot4_ws/build/lab3_pkg/build/lib/lab3_pkg
copying lab3_pkg/lab3_server.py -> /home/gbonham/turtlebot4_ws/build/lab3_pkg/build/lib/lab3_pkg
copying lab3_pkg/__init__.py -> /home/gbonham/turtlebot4_ws/build/lab3_pkg/build/lib/lab3_pkg
running install
running install_lib
creating /home/gbonham/turtlebot4_ws/install/lab3_pkg/lib/python3.12/site-packages/lab3_pkg
copying /home/gbonham/turtlebot4_ws/build/lab3_pkg/build/lib/lab3_pkg/set_cap_client.py -> /home/gbonham/turtlebot4_ws/install/lab3_pkg/lib/python3.12/site-packages/lab3_pkg
copying /home/gbonham/turtlebot4_ws/build/lab3_pkg/build/lib/lab3_pkg/lab3_server.py -> /home/gbonham/turtlebot4_ws/install/lab3_pkg/lib/python3.12/site-packages/lab3_pkg
copying /home/gbonham/turtlebot4_ws/build/lab3_pkg/build/lib/lab3_pkg/__init__.py -> /home/gbonham/turtlebot4_ws/install/lab3_pkg/lib/python3.12/site-packages/lab3_pkg
byte-compiling /home/gbonham/turtlebot4_ws/install/lab3_pkg/lib/python3.12/site-packages/lab3_pkg/set_cap_client.py to set_cap_client.cpython-312.pyc
byte-compiling /home/gbonham/turtlebot4_ws/install/lab3_pkg/lib/python3.12/site-packages/lab3_pkg/lab3_server.py to lab3_server.cpython-312.pyc
byte-compiling /home/gbonham/turtlebot4_ws/install/lab3_pkg/lib/python3.12/site-packages/lab3_pkg/__init__.py to __init__.cpython-312.pyc
running install_data
creating /home/gbonham/turtlebot4_ws/install/lab3_pkg/share/ament_index
creating /home/gbonham/turtlebot4_ws/install/lab3_pkg/share/ament_index/resource_index
creating /home/gbonham/turtlebot4_ws/install/lab3_pkg/share/ament_index/resource_index/packages
copying resource/lab3_pkg -> /home/gbonham/turtlebot4_ws/install/lab3_pkg/share/ament_index/resource_index/packages
copying package.xml -> /home/gbonham/turtlebot4_ws/install/lab3_pkg/share/lab3_pkg
running install_egg_info
Copying ../../build/lab3_pkg/lab3_pkg.egg-info to /home/gbonham/turtlebot4_ws/install/lab3_pkg/lib/python3.12/site-packages/lab3_pkg-0.0.0-py3.12.egg-info
running install_scripts
Installing SCOD_server script to /home/gbonham/turtlebot4_ws/install/lab3_pkg/lib/lab3_pkg
Installing set_cap_client_node script to /home/gbonham/turtlebot4_ws/install/lab3_pkg/lib/lab3_pkg
writing list of installed files to '/home/gbonham/turtlebot4_ws/build/lab3_pkg/install.log'
