[0.090s] DEBUG:colcon:Command line arguments: ['/usr/bin/colcon', 'build']
[0.090s] DEBUG:colcon:Parsed command line arguments: Namespace(log_base=None, log_level=None, verb_name='build', build_base='build', install_base='install', merge_install=False, symlink_install=False, test_result_base=None, continue_on_error=False, executor='parallel', parallel_workers=16, event_handlers=None, ignore_user_meta=False, metas=['./colcon.meta'], base_paths=['.'], packages_ignore=None, packages_ignore_regex=None, paths=None, packages_up_to=None, packages_up_to_regex=None, packages_above=None, packages_above_and_dependencies=None, packages_above_depth=None, packages_select_by_dep=None, packages_skip_by_dep=None, packages_skip_up_to=None, packages_select_build_failed=False, packages_skip_build_finished=False, packages_select_test_failures=False, packages_skip_test_passed=False, packages_select=None, packages_skip=None, packages_select_regex=None, packages_skip_regex=None, packages_start=None, packages_end=None, allow_overriding=[], cmake_args=None, cmake_target=None, cmake_target_skip_unavailable=False, cmake_clean_cache=False, cmake_clean_first=False, cmake_force_configure=False, ament_cmake_args=None, catkin_cmake_args=None, catkin_skip_building_tests=False, mixin_files=None, mixin=None, verb_parser=<colcon_mixin.mixin.mixin_argument.MixinArgumentDecorator object at 0x777dd8b6c620>, verb_extension=<colcon_core.verb.build.BuildVerb object at 0x777dd8b6c290>, main=<bound method BuildVerb.main of <colcon_core.verb.build.BuildVerb object at 0x777dd8b6c290>>, mixin_verb=('build',))
[0.124s] Level 1:colcon.colcon_core.package_discovery:discover_packages(colcon_meta) check parameters
[0.124s] Level 1:colcon.colcon_core.package_discovery:discover_packages(recursive) check parameters
[0.124s] Level 1:colcon.colcon_core.package_discovery:discover_packages(ignore) check parameters
[0.124s] Level 1:colcon.colcon_core.package_discovery:discover_packages(path) check parameters
[0.124s] Level 1:colcon.colcon_core.package_discovery:discover_packages(colcon_meta) discover
[0.124s] Level 1:colcon.colcon_core.package_discovery:discover_packages(recursive) discover
[0.124s] INFO:colcon.colcon_core.package_discovery:Crawling recursively for packages in '/home/gbonham/turtlebot4_ws'
[0.124s] Level 1:colcon.colcon_core.package_identification:_identify(.) by extensions ['ignore', 'ignore_ament_install']
[0.124s] Level 1:colcon.colcon_core.package_identification:_identify(.) by extension 'ignore'
[0.124s] Level 1:colcon.colcon_core.package_identification:_identify(.) by extension 'ignore_ament_install'
[0.125s] Level 1:colcon.colcon_core.package_identification:_identify(.) by extensions ['colcon_pkg']
[0.125s] Level 1:colcon.colcon_core.package_identification:_identify(.) by extension 'colcon_pkg'
[0.125s] Level 1:colcon.colcon_core.package_identification:_identify(.) by extensions ['colcon_meta']
[0.125s] Level 1:colcon.colcon_core.package_identification:_identify(.) by extension 'colcon_meta'
[0.125s] Level 1:colcon.colcon_core.package_identification:_identify(.) by extensions ['ros']
[0.125s] Level 1:colcon.colcon_core.package_identification:_identify(.) by extension 'ros'
[0.144s] Level 1:colcon.colcon_core.package_identification:_identify(.) by extensions ['cmake', 'python']
[0.144s] Level 1:colcon.colcon_core.package_identification:_identify(.) by extension 'cmake'
[0.144s] Level 1:colcon.colcon_core.package_identification:_identify(.) by extension 'python'
[0.144s] Level 1:colcon.colcon_core.package_identification:_identify(.) by extensions ['python_setup_py']
[0.144s] Level 1:colcon.colcon_core.package_identification:_identify(.) by extension 'python_setup_py'
[0.145s] Level 1:colcon.colcon_core.package_identification:_identify(build) by extensions ['ignore', 'ignore_ament_install']
[0.145s] Level 1:colcon.colcon_core.package_identification:_identify(build) by extension 'ignore'
[0.145s] Level 1:colcon.colcon_core.package_identification:_identify(build) ignored
[0.145s] Level 1:colcon.colcon_core.package_identification:_identify(install) by extensions ['ignore', 'ignore_ament_install']
[0.145s] Level 1:colcon.colcon_core.package_identification:_identify(install) by extension 'ignore'
[0.145s] Level 1:colcon.colcon_core.package_identification:_identify(install) ignored
[0.145s] Level 1:colcon.colcon_core.package_identification:_identify(log) by extensions ['ignore', 'ignore_ament_install']
[0.145s] Level 1:colcon.colcon_core.package_identification:_identify(log) by extension 'ignore'
[0.145s] Level 1:colcon.colcon_core.package_identification:_identify(log) ignored
[0.145s] Level 1:colcon.colcon_core.package_identification:_identify(src) by extensions ['ignore', 'ignore_ament_install']
[0.145s] Level 1:colcon.colcon_core.package_identification:_identify(src) by extension 'ignore'
[0.145s] Level 1:colcon.colcon_core.package_identification:_identify(src) by extension 'ignore_ament_install'
[0.146s] Level 1:colcon.colcon_core.package_identification:_identify(src) by extensions ['colcon_pkg']
[0.146s] Level 1:colcon.colcon_core.package_identification:_identify(src) by extension 'colcon_pkg'
[0.146s] Level 1:colcon.colcon_core.package_identification:_identify(src) by extensions ['colcon_meta']
[0.146s] Level 1:colcon.colcon_core.package_identification:_identify(src) by extension 'colcon_meta'
[0.146s] Level 1:colcon.colcon_core.package_identification:_identify(src) by extensions ['ros']
[0.146s] Level 1:colcon.colcon_core.package_identification:_identify(src) by extension 'ros'
[0.146s] Level 1:colcon.colcon_core.package_identification:_identify(src) by extensions ['cmake', 'python']
[0.146s] Level 1:colcon.colcon_core.package_identification:_identify(src) by extension 'cmake'
[0.146s] Level 1:colcon.colcon_core.package_identification:_identify(src) by extension 'python'
[0.146s] Level 1:colcon.colcon_core.package_identification:_identify(src) by extensions ['python_setup_py']
[0.146s] Level 1:colcon.colcon_core.package_identification:_identify(src) by extension 'python_setup_py'
[0.146s] Level 1:colcon.colcon_core.package_identification:_identify(src/custom_interfaces) by extensions ['ignore', 'ignore_ament_install']
[0.146s] Level 1:colcon.colcon_core.package_identification:_identify(src/custom_interfaces) by extension 'ignore'
[0.146s] Level 1:colcon.colcon_core.package_identification:_identify(src/custom_interfaces) by extension 'ignore_ament_install'
[0.146s] Level 1:colcon.colcon_core.package_identification:_identify(src/custom_interfaces) by extensions ['colcon_pkg']
[0.146s] Level 1:colcon.colcon_core.package_identification:_identify(src/custom_interfaces) by extension 'colcon_pkg'
[0.146s] Level 1:colcon.colcon_core.package_identification:_identify(src/custom_interfaces) by extensions ['colcon_meta']
[0.146s] Level 1:colcon.colcon_core.package_identification:_identify(src/custom_interfaces) by extension 'colcon_meta'
[0.147s] Level 1:colcon.colcon_core.package_identification:_identify(src/custom_interfaces) by extensions ['ros']
[0.147s] Level 1:colcon.colcon_core.package_identification:_identify(src/custom_interfaces) by extension 'ros'
[0.149s] DEBUG:colcon.colcon_core.package_identification:Package 'src/custom_interfaces' with type 'ros.ament_cmake' and name 'custom_interfaces'
[0.149s] Level 1:colcon.colcon_core.package_identification:_identify(src/final) by extensions ['ignore', 'ignore_ament_install']
[0.149s] Level 1:colcon.colcon_core.package_identification:_identify(src/final) by extension 'ignore'
[0.149s] Level 1:colcon.colcon_core.package_identification:_identify(src/final) by extension 'ignore_ament_install'
[0.149s] Level 1:colcon.colcon_core.package_identification:_identify(src/final) by extensions ['colcon_pkg']
[0.149s] Level 1:colcon.colcon_core.package_identification:_identify(src/final) by extension 'colcon_pkg'
[0.149s] Level 1:colcon.colcon_core.package_identification:_identify(src/final) by extensions ['colcon_meta']
[0.149s] Level 1:colcon.colcon_core.package_identification:_identify(src/final) by extension 'colcon_meta'
[0.149s] Level 1:colcon.colcon_core.package_identification:_identify(src/final) by extensions ['ros']
[0.149s] Level 1:colcon.colcon_core.package_identification:_identify(src/final) by extension 'ros'
[0.150s] DEBUG:colcon.colcon_core.package_identification:Package 'src/final' with type 'ros.ament_python' and name 'final'
[0.150s] Level 1:colcon.colcon_core.package_identification:_identify(src/final_bringup) by extensions ['ignore', 'ignore_ament_install']
[0.150s] Level 1:colcon.colcon_core.package_identification:_identify(src/final_bringup) by extension 'ignore'
[0.150s] Level 1:colcon.colcon_core.package_identification:_identify(src/final_bringup) by extension 'ignore_ament_install'
[0.150s] Level 1:colcon.colcon_core.package_identification:_identify(src/final_bringup) by extensions ['colcon_pkg']
[0.150s] Level 1:colcon.colcon_core.package_identification:_identify(src/final_bringup) by extension 'colcon_pkg'
[0.150s] Level 1:colcon.colcon_core.package_identification:_identify(src/final_bringup) by extensions ['colcon_meta']
[0.150s] Level 1:colcon.colcon_core.package_identification:_identify(src/final_bringup) by extension 'colcon_meta'
[0.150s] Level 1:colcon.colcon_core.package_identification:_identify(src/final_bringup) by extensions ['ros']
[0.151s] Level 1:colcon.colcon_core.package_identification:_identify(src/final_bringup) by extension 'ros'
[0.151s] DEBUG:colcon.colcon_core.package_identification:Package 'src/final_bringup' with type 'ros.ament_cmake' and name 'final_bringup'
[0.151s] Level 1:colcon.colcon_core.package_identification:_identify(src/lab1_pkg) by extensions ['ignore', 'ignore_ament_install']
[0.151s] Level 1:colcon.colcon_core.package_identification:_identify(src/lab1_pkg) by extension 'ignore'
[0.151s] Level 1:colcon.colcon_core.package_identification:_identify(src/lab1_pkg) by extension 'ignore_ament_install'
[0.151s] Level 1:colcon.colcon_core.package_identification:_identify(src/lab1_pkg) by extensions ['colcon_pkg']
[0.151s] Level 1:colcon.colcon_core.package_identification:_identify(src/lab1_pkg) by extension 'colcon_pkg'
[0.151s] Level 1:colcon.colcon_core.package_identification:_identify(src/lab1_pkg) by extensions ['colcon_meta']
[0.151s] Level 1:colcon.colcon_core.package_identification:_identify(src/lab1_pkg) by extension 'colcon_meta'
[0.151s] Level 1:colcon.colcon_core.package_identification:_identify(src/lab1_pkg) by extensions ['ros']
[0.151s] Level 1:colcon.colcon_core.package_identification:_identify(src/lab1_pkg) by extension 'ros'
[0.152s] DEBUG:colcon.colcon_core.package_identification:Package 'src/lab1_pkg' with type 'ros.ament_python' and name 'lab1_pkg'
[0.152s] Level 1:colcon.colcon_core.package_identification:_identify(src/lab2_pkg) by extensions ['ignore', 'ignore_ament_install']
[0.152s] Level 1:colcon.colcon_core.package_identification:_identify(src/lab2_pkg) by extension 'ignore'
[0.152s] Level 1:colcon.colcon_core.package_identification:_identify(src/lab2_pkg) by extension 'ignore_ament_install'
[0.152s] Level 1:colcon.colcon_core.package_identification:_identify(src/lab2_pkg) by extensions ['colcon_pkg']
[0.152s] Level 1:colcon.colcon_core.package_identification:_identify(src/lab2_pkg) by extension 'colcon_pkg'
[0.152s] Level 1:colcon.colcon_core.package_identification:_identify(src/lab2_pkg) by extensions ['colcon_meta']
[0.152s] Level 1:colcon.colcon_core.package_identification:_identify(src/lab2_pkg) by extension 'colcon_meta'
[0.153s] Level 1:colcon.colcon_core.package_identification:_identify(src/lab2_pkg) by extensions ['ros']
[0.153s] Level 1:colcon.colcon_core.package_identification:_identify(src/lab2_pkg) by extension 'ros'
[0.153s] DEBUG:colcon.colcon_core.package_identification:Package 'src/lab2_pkg' with type 'ros.ament_python' and name 'lab2_pkg'
[0.153s] Level 1:colcon.colcon_core.package_identification:_identify(src/lab3_pkg) by extensions ['ignore', 'ignore_ament_install']
[0.153s] Level 1:colcon.colcon_core.package_identification:_identify(src/lab3_pkg) by extension 'ignore'
[0.153s] Level 1:colcon.colcon_core.package_identification:_identify(src/lab3_pkg) by extension 'ignore_ament_install'
[0.153s] Level 1:colcon.colcon_core.package_identification:_identify(src/lab3_pkg) by extensions ['colcon_pkg']
[0.153s] Level 1:colcon.colcon_core.package_identification:_identify(src/lab3_pkg) by extension 'colcon_pkg'
[0.153s] Level 1:colcon.colcon_core.package_identification:_identify(src/lab3_pkg) by extensions ['colcon_meta']
[0.153s] Level 1:colcon.colcon_core.package_identification:_identify(src/lab3_pkg) by extension 'colcon_meta'
[0.154s] Level 1:colcon.colcon_core.package_identification:_identify(src/lab3_pkg) by extensions ['ros']
[0.154s] Level 1:colcon.colcon_core.package_identification:_identify(src/lab3_pkg) by extension 'ros'
[0.154s] DEBUG:colcon.colcon_core.package_identification:Package 'src/lab3_pkg' with type 'ros.ament_python' and name 'lab3_pkg'
[0.154s] Level 1:colcon.colcon_core.package_identification:_identify(src/lab4_pkg) by extensions ['ignore', 'ignore_ament_install']
[0.154s] Level 1:colcon.colcon_core.package_identification:_identify(src/lab4_pkg) by extension 'ignore'
[0.154s] Level 1:colcon.colcon_core.package_identification:_identify(src/lab4_pkg) by extension 'ignore_ament_install'
[0.154s] Level 1:colcon.colcon_core.package_identification:_identify(src/lab4_pkg) by extensions ['colcon_pkg']
[0.154s] Level 1:colcon.colcon_core.package_identification:_identify(src/lab4_pkg) by extension 'colcon_pkg'
[0.154s] Level 1:colcon.colcon_core.package_identification:_identify(src/lab4_pkg) by extensions ['colcon_meta']
[0.155s] Level 1:colcon.colcon_core.package_identification:_identify(src/lab4_pkg) by extension 'colcon_meta'
[0.155s] Level 1:colcon.colcon_core.package_identification:_identify(src/lab4_pkg) by extensions ['ros']
[0.155s] Level 1:colcon.colcon_core.package_identification:_identify(src/lab4_pkg) by extension 'ros'
[0.155s] Level 1:colcon.colcon_core.package_identification:_identify(src/lab4_pkg) by extensions ['cmake', 'python']
[0.155s] Level 1:colcon.colcon_core.package_identification:_identify(src/lab4_pkg) by extension 'cmake'
[0.155s] Level 1:colcon.colcon_core.package_identification:_identify(src/lab4_pkg) by extension 'python'
[0.155s] Level 1:colcon.colcon_core.package_identification:_identify(src/lab4_pkg) by extensions ['python_setup_py']
[0.155s] Level 1:colcon.colcon_core.package_identification:_identify(src/lab4_pkg) by extension 'python_setup_py'
[0.155s] Level 1:colcon.colcon_core.package_identification:_identify(src/lab5_pkg) by extensions ['ignore', 'ignore_ament_install']
[0.155s] Level 1:colcon.colcon_core.package_identification:_identify(src/lab5_pkg) by extension 'ignore'
[0.155s] Level 1:colcon.colcon_core.package_identification:_identify(src/lab5_pkg) by extension 'ignore_ament_install'
[0.155s] Level 1:colcon.colcon_core.package_identification:_identify(src/lab5_pkg) by extensions ['colcon_pkg']
[0.155s] Level 1:colcon.colcon_core.package_identification:_identify(src/lab5_pkg) by extension 'colcon_pkg'
[0.155s] Level 1:colcon.colcon_core.package_identification:_identify(src/lab5_pkg) by extensions ['colcon_meta']
[0.155s] Level 1:colcon.colcon_core.package_identification:_identify(src/lab5_pkg) by extension 'colcon_meta'
[0.155s] Level 1:colcon.colcon_core.package_identification:_identify(src/lab5_pkg) by extensions ['ros']
[0.155s] Level 1:colcon.colcon_core.package_identification:_identify(src/lab5_pkg) by extension 'ros'
[0.156s] DEBUG:colcon.colcon_core.package_identification:Package 'src/lab5_pkg' with type 'ros.ament_python' and name 'lab5_pkg'
[0.156s] Level 1:colcon.colcon_core.package_identification:_identify(src/lab_bringup) by extensions ['ignore', 'ignore_ament_install']
[0.156s] Level 1:colcon.colcon_core.package_identification:_identify(src/lab_bringup) by extension 'ignore'
[0.156s] Level 1:colcon.colcon_core.package_identification:_identify(src/lab_bringup) by extension 'ignore_ament_install'
[0.156s] Level 1:colcon.colcon_core.package_identification:_identify(src/lab_bringup) by extensions ['colcon_pkg']
[0.156s] Level 1:colcon.colcon_core.package_identification:_identify(src/lab_bringup) by extension 'colcon_pkg'
[0.156s] Level 1:colcon.colcon_core.package_identification:_identify(src/lab_bringup) by extensions ['colcon_meta']
[0.156s] Level 1:colcon.colcon_core.package_identification:_identify(src/lab_bringup) by extension 'colcon_meta'
[0.156s] Level 1:colcon.colcon_core.package_identification:_identify(src/lab_bringup) by extensions ['ros']
[0.156s] Level 1:colcon.colcon_core.package_identification:_identify(src/lab_bringup) by extension 'ros'
[0.157s] DEBUG:colcon.colcon_core.package_identification:Package 'src/lab_bringup' with type 'ros.ament_cmake' and name 'lab_bringup'
[0.157s] Level 1:colcon.colcon_core.package_discovery:discover_packages(recursive) using defaults
[0.157s] Level 1:colcon.colcon_core.package_discovery:discover_packages(ignore) discover
[0.157s] Level 1:colcon.colcon_core.package_discovery:discover_packages(ignore) using defaults
[0.157s] Level 1:colcon.colcon_core.package_discovery:discover_packages(path) discover
[0.157s] Level 1:colcon.colcon_core.package_discovery:discover_packages(path) using defaults
[0.172s] Level 1:colcon.colcon_core.package_discovery:discover_packages(prefix_path) check parameters
[0.172s] Level 1:colcon.colcon_core.package_discovery:discover_packages(prefix_path) discover
[0.173s] Level 1:colcon.colcon_core.package_discovery:discover_packages(prefix_path) using defaults
[0.174s] Level 5:colcon.colcon_core.verb:set package 'custom_interfaces' build argument 'cmake_args' from command line to 'None'
[0.174s] Level 5:colcon.colcon_core.verb:set package 'custom_interfaces' build argument 'cmake_target' from command line to 'None'
[0.174s] Level 5:colcon.colcon_core.verb:set package 'custom_interfaces' build argument 'cmake_target_skip_unavailable' from command line to 'False'
[0.174s] Level 5:colcon.colcon_core.verb:set package 'custom_interfaces' build argument 'cmake_clean_cache' from command line to 'False'
[0.174s] Level 5:colcon.colcon_core.verb:set package 'custom_interfaces' build argument 'cmake_clean_first' from command line to 'False'
[0.174s] Level 5:colcon.colcon_core.verb:set package 'custom_interfaces' build argument 'cmake_force_configure' from command line to 'False'
[0.174s] Level 5:colcon.colcon_core.verb:set package 'custom_interfaces' build argument 'ament_cmake_args' from command line to 'None'
[0.174s] Level 5:colcon.colcon_core.verb:set package 'custom_interfaces' build argument 'catkin_cmake_args' from command line to 'None'
[0.174s] Level 5:colcon.colcon_core.verb:set package 'custom_interfaces' build argument 'catkin_skip_building_tests' from command line to 'False'
[0.174s] DEBUG:colcon.colcon_core.verb:Building package 'custom_interfaces' with the following arguments: {'ament_cmake_args': None, 'build_base': '/home/gbonham/turtlebot4_ws/build/custom_interfaces', 'catkin_cmake_args': None, 'catkin_skip_building_tests': False, 'cmake_args': None, 'cmake_clean_cache': False, 'cmake_clean_first': False, 'cmake_force_configure': False, 'cmake_target': None, 'cmake_target_skip_unavailable': False, 'install_base': '/home/gbonham/turtlebot4_ws/install/custom_interfaces', 'merge_install': False, 'path': '/home/gbonham/turtlebot4_ws/src/custom_interfaces', 'symlink_install': False, 'test_result_base': None}
[0.175s] Level 5:colcon.colcon_core.verb:set package 'lab1_pkg' build argument 'cmake_args' from command line to 'None'
[0.175s] Level 5:colcon.colcon_core.verb:set package 'lab1_pkg' build argument 'cmake_target' from command line to 'None'
[0.175s] Level 5:colcon.colcon_core.verb:set package 'lab1_pkg' build argument 'cmake_target_skip_unavailable' from command line to 'False'
[0.175s] Level 5:colcon.colcon_core.verb:set package 'lab1_pkg' build argument 'cmake_clean_cache' from command line to 'False'
[0.175s] Level 5:colcon.colcon_core.verb:set package 'lab1_pkg' build argument 'cmake_clean_first' from command line to 'False'
[0.175s] Level 5:colcon.colcon_core.verb:set package 'lab1_pkg' build argument 'cmake_force_configure' from command line to 'False'
[0.175s] Level 5:colcon.colcon_core.verb:set package 'lab1_pkg' build argument 'ament_cmake_args' from command line to 'None'
[0.175s] Level 5:colcon.colcon_core.verb:set package 'lab1_pkg' build argument 'catkin_cmake_args' from command line to 'None'
[0.175s] Level 5:colcon.colcon_core.verb:set package 'lab1_pkg' build argument 'catkin_skip_building_tests' from command line to 'False'
[0.175s] DEBUG:colcon.colcon_core.verb:Building package 'lab1_pkg' with the following arguments: {'ament_cmake_args': None, 'build_base': '/home/gbonham/turtlebot4_ws/build/lab1_pkg', 'catkin_cmake_args': None, 'catkin_skip_building_tests': False, 'cmake_args': None, 'cmake_clean_cache': False, 'cmake_clean_first': False, 'cmake_force_configure': False, 'cmake_target': None, 'cmake_target_skip_unavailable': False, 'install_base': '/home/gbonham/turtlebot4_ws/install/lab1_pkg', 'merge_install': False, 'path': '/home/gbonham/turtlebot4_ws/src/lab1_pkg', 'symlink_install': False, 'test_result_base': None}
[0.175s] Level 5:colcon.colcon_core.verb:set package 'lab2_pkg' build argument 'cmake_args' from command line to 'None'
[0.175s] Level 5:colcon.colcon_core.verb:set package 'lab2_pkg' build argument 'cmake_target' from command line to 'None'
[0.175s] Level 5:colcon.colcon_core.verb:set package 'lab2_pkg' build argument 'cmake_target_skip_unavailable' from command line to 'False'
[0.175s] Level 5:colcon.colcon_core.verb:set package 'lab2_pkg' build argument 'cmake_clean_cache' from command line to 'False'
[0.175s] Level 5:colcon.colcon_core.verb:set package 'lab2_pkg' build argument 'cmake_clean_first' from command line to 'False'
[0.175s] Level 5:colcon.colcon_core.verb:set package 'lab2_pkg' build argument 'cmake_force_configure' from command line to 'False'
[0.175s] Level 5:colcon.colcon_core.verb:set package 'lab2_pkg' build argument 'ament_cmake_args' from command line to 'None'
[0.175s] Level 5:colcon.colcon_core.verb:set package 'lab2_pkg' build argument 'catkin_cmake_args' from command line to 'None'
[0.175s] Level 5:colcon.colcon_core.verb:set package 'lab2_pkg' build argument 'catkin_skip_building_tests' from command line to 'False'
[0.175s] DEBUG:colcon.colcon_core.verb:Building package 'lab2_pkg' with the following arguments: {'ament_cmake_args': None, 'build_base': '/home/gbonham/turtlebot4_ws/build/lab2_pkg', 'catkin_cmake_args': None, 'catkin_skip_building_tests': False, 'cmake_args': None, 'cmake_clean_cache': False, 'cmake_clean_first': False, 'cmake_force_configure': False, 'cmake_target': None, 'cmake_target_skip_unavailable': False, 'install_base': '/home/gbonham/turtlebot4_ws/install/lab2_pkg', 'merge_install': False, 'path': '/home/gbonham/turtlebot4_ws/src/lab2_pkg', 'symlink_install': False, 'test_result_base': None}
[0.176s] Level 5:colcon.colcon_core.verb:set package 'final' build argument 'cmake_args' from command line to 'None'
[0.176s] Level 5:colcon.colcon_core.verb:set package 'final' build argument 'cmake_target' from command line to 'None'
[0.176s] Level 5:colcon.colcon_core.verb:set package 'final' build argument 'cmake_target_skip_unavailable' from command line to 'False'
[0.176s] Level 5:colcon.colcon_core.verb:set package 'final' build argument 'cmake_clean_cache' from command line to 'False'
[0.176s] Level 5:colcon.colcon_core.verb:set package 'final' build argument 'cmake_clean_first' from command line to 'False'
[0.176s] Level 5:colcon.colcon_core.verb:set package 'final' build argument 'cmake_force_configure' from command line to 'False'
[0.176s] Level 5:colcon.colcon_core.verb:set package 'final' build argument 'ament_cmake_args' from command line to 'None'
[0.176s] Level 5:colcon.colcon_core.verb:set package 'final' build argument 'catkin_cmake_args' from command line to 'None'
[0.176s] Level 5:colcon.colcon_core.verb:set package 'final' build argument 'catkin_skip_building_tests' from command line to 'False'
[0.176s] DEBUG:colcon.colcon_core.verb:Building package 'final' with the following arguments: {'ament_cmake_args': None, 'build_base': '/home/gbonham/turtlebot4_ws/build/final', 'catkin_cmake_args': None, 'catkin_skip_building_tests': False, 'cmake_args': None, 'cmake_clean_cache': False, 'cmake_clean_first': False, 'cmake_force_configure': False, 'cmake_target': None, 'cmake_target_skip_unavailable': False, 'install_base': '/home/gbonham/turtlebot4_ws/install/final', 'merge_install': False, 'path': '/home/gbonham/turtlebot4_ws/src/final', 'symlink_install': False, 'test_result_base': None}
[0.176s] Level 5:colcon.colcon_core.verb:set package 'lab3_pkg' build argument 'cmake_args' from command line to 'None'
[0.176s] Level 5:colcon.colcon_core.verb:set package 'lab3_pkg' build argument 'cmake_target' from command line to 'None'
[0.176s] Level 5:colcon.colcon_core.verb:set package 'lab3_pkg' build argument 'cmake_target_skip_unavailable' from command line to 'False'
[0.176s] Level 5:colcon.colcon_core.verb:set package 'lab3_pkg' build argument 'cmake_clean_cache' from command line to 'False'
[0.176s] Level 5:colcon.colcon_core.verb:set package 'lab3_pkg' build argument 'cmake_clean_first' from command line to 'False'
[0.176s] Level 5:colcon.colcon_core.verb:set package 'lab3_pkg' build argument 'cmake_force_configure' from command line to 'False'
[0.176s] Level 5:colcon.colcon_core.verb:set package 'lab3_pkg' build argument 'ament_cmake_args' from command line to 'None'
[0.176s] Level 5:colcon.colcon_core.verb:set package 'lab3_pkg' build argument 'catkin_cmake_args' from command line to 'None'
[0.176s] Level 5:colcon.colcon_core.verb:set package 'lab3_pkg' build argument 'catkin_skip_building_tests' from command line to 'False'
[0.177s] DEBUG:colcon.colcon_core.verb:Building package 'lab3_pkg' with the following arguments: {'ament_cmake_args': None, 'build_base': '/home/gbonham/turtlebot4_ws/build/lab3_pkg', 'catkin_cmake_args': None, 'catkin_skip_building_tests': False, 'cmake_args': None, 'cmake_clean_cache': False, 'cmake_clean_first': False, 'cmake_force_configure': False, 'cmake_target': None, 'cmake_target_skip_unavailable': False, 'install_base': '/home/gbonham/turtlebot4_ws/install/lab3_pkg', 'merge_install': False, 'path': '/home/gbonham/turtlebot4_ws/src/lab3_pkg', 'symlink_install': False, 'test_result_base': None}
[0.177s] Level 5:colcon.colcon_core.verb:set package 'lab5_pkg' build argument 'cmake_args' from command line to 'None'
[0.177s] Level 5:colcon.colcon_core.verb:set package 'lab5_pkg' build argument 'cmake_target' from command line to 'None'
[0.177s] Level 5:colcon.colcon_core.verb:set package 'lab5_pkg' build argument 'cmake_target_skip_unavailable' from command line to 'False'
[0.177s] Level 5:colcon.colcon_core.verb:set package 'lab5_pkg' build argument 'cmake_clean_cache' from command line to 'False'
[0.177s] Level 5:colcon.colcon_core.verb:set package 'lab5_pkg' build argument 'cmake_clean_first' from command line to 'False'
[0.177s] Level 5:colcon.colcon_core.verb:set package 'lab5_pkg' build argument 'cmake_force_configure' from command line to 'False'
[0.177s] Level 5:colcon.colcon_core.verb:set package 'lab5_pkg' build argument 'ament_cmake_args' from command line to 'None'
[0.177s] Level 5:colcon.colcon_core.verb:set package 'lab5_pkg' build argument 'catkin_cmake_args' from command line to 'None'
[0.177s] Level 5:colcon.colcon_core.verb:set package 'lab5_pkg' build argument 'catkin_skip_building_tests' from command line to 'False'
[0.177s] DEBUG:colcon.colcon_core.verb:Building package 'lab5_pkg' with the following arguments: {'ament_cmake_args': None, 'build_base': '/home/gbonham/turtlebot4_ws/build/lab5_pkg', 'catkin_cmake_args': None, 'catkin_skip_building_tests': False, 'cmake_args': None, 'cmake_clean_cache': False, 'cmake_clean_first': False, 'cmake_force_configure': False, 'cmake_target': None, 'cmake_target_skip_unavailable': False, 'install_base': '/home/gbonham/turtlebot4_ws/install/lab5_pkg', 'merge_install': False, 'path': '/home/gbonham/turtlebot4_ws/src/lab5_pkg', 'symlink_install': False, 'test_result_base': None}
[0.177s] Level 5:colcon.colcon_core.verb:set package 'final_bringup' build argument 'cmake_args' from command line to 'None'
[0.177s] Level 5:colcon.colcon_core.verb:set package 'final_bringup' build argument 'cmake_target' from command line to 'None'
[0.177s] Level 5:colcon.colcon_core.verb:set package 'final_bringup' build argument 'cmake_target_skip_unavailable' from command line to 'False'
[0.177s] Level 5:colcon.colcon_core.verb:set package 'final_bringup' build argument 'cmake_clean_cache' from command line to 'False'
[0.177s] Level 5:colcon.colcon_core.verb:set package 'final_bringup' build argument 'cmake_clean_first' from command line to 'False'
[0.177s] Level 5:colcon.colcon_core.verb:set package 'final_bringup' build argument 'cmake_force_configure' from command line to 'False'
[0.177s] Level 5:colcon.colcon_core.verb:set package 'final_bringup' build argument 'ament_cmake_args' from command line to 'None'
[0.177s] Level 5:colcon.colcon_core.verb:set package 'final_bringup' build argument 'catkin_cmake_args' from command line to 'None'
[0.178s] Level 5:colcon.colcon_core.verb:set package 'final_bringup' build argument 'catkin_skip_building_tests' from command line to 'False'
[0.178s] DEBUG:colcon.colcon_core.verb:Building package 'final_bringup' with the following arguments: {'ament_cmake_args': None, 'build_base': '/home/gbonham/turtlebot4_ws/build/final_bringup', 'catkin_cmake_args': None, 'catkin_skip_building_tests': False, 'cmake_args': None, 'cmake_clean_cache': False, 'cmake_clean_first': False, 'cmake_force_configure': False, 'cmake_target': None, 'cmake_target_skip_unavailable': False, 'install_base': '/home/gbonham/turtlebot4_ws/install/final_bringup', 'merge_install': False, 'path': '/home/gbonham/turtlebot4_ws/src/final_bringup', 'symlink_install': False, 'test_result_base': None}
[0.178s] Level 5:colcon.colcon_core.verb:set package 'lab_bringup' build argument 'cmake_args' from command line to 'None'
[0.178s] Level 5:colcon.colcon_core.verb:set package 'lab_bringup' build argument 'cmake_target' from command line to 'None'
[0.178s] Level 5:colcon.colcon_core.verb:set package 'lab_bringup' build argument 'cmake_target_skip_unavailable' from command line to 'False'
[0.178s] Level 5:colcon.colcon_core.verb:set package 'lab_bringup' build argument 'cmake_clean_cache' from command line to 'False'
[0.178s] Level 5:colcon.colcon_core.verb:set package 'lab_bringup' build argument 'cmake_clean_first' from command line to 'False'
[0.178s] Level 5:colcon.colcon_core.verb:set package 'lab_bringup' build argument 'cmake_force_configure' from command line to 'False'
[0.178s] Level 5:colcon.colcon_core.verb:set package 'lab_bringup' build argument 'ament_cmake_args' from command line to 'None'
[0.178s] Level 5:colcon.colcon_core.verb:set package 'lab_bringup' build argument 'catkin_cmake_args' from command line to 'None'
[0.178s] Level 5:colcon.colcon_core.verb:set package 'lab_bringup' build argument 'catkin_skip_building_tests' from command line to 'False'
[0.178s] DEBUG:colcon.colcon_core.verb:Building package 'lab_bringup' with the following arguments: {'ament_cmake_args': None, 'build_base': '/home/gbonham/turtlebot4_ws/build/lab_bringup', 'catkin_cmake_args': None, 'catkin_skip_building_tests': False, 'cmake_args': None, 'cmake_clean_cache': False, 'cmake_clean_first': False, 'cmake_force_configure': False, 'cmake_target': None, 'cmake_target_skip_unavailable': False, 'install_base': '/home/gbonham/turtlebot4_ws/install/lab_bringup', 'merge_install': False, 'path': '/home/gbonham/turtlebot4_ws/src/lab_bringup', 'symlink_install': False, 'test_result_base': None}
[0.178s] INFO:colcon.colcon_core.executor:Executing jobs using 'parallel' executor
[0.179s] DEBUG:colcon.colcon_parallel_executor.executor.parallel:run_until_complete
[0.179s] INFO:colcon.colcon_ros.task.ament_cmake.build:Building ROS package in '/home/gbonham/turtlebot4_ws/src/custom_interfaces' with build type 'ament_cmake'
[0.179s] INFO:colcon.colcon_cmake.task.cmake.build:Building CMake package in '/home/gbonham/turtlebot4_ws/src/custom_interfaces'
[0.181s] INFO:colcon.colcon_core.plugin_system:Skipping extension 'colcon_core.shell.bat': Not used on non-Windows systems
[0.181s] INFO:colcon.colcon_core.shell:Skip shell extension 'powershell' for command environment: Not usable outside of PowerShell
[0.181s] DEBUG:colcon.colcon_core.shell:Skip shell extension 'dsv' for command environment
[0.182s] INFO:colcon.colcon_ros.task.ament_python.build:Building ROS package in '/home/gbonham/turtlebot4_ws/src/lab1_pkg' with build type 'ament_python'
[0.182s] Level 1:colcon.colcon_core.shell:create_environment_hook('lab1_pkg', 'ament_prefix_path')
[0.182s] INFO:colcon.colcon_core.shell:Creating environment hook '/home/gbonham/turtlebot4_ws/install/lab1_pkg/share/lab1_pkg/hook/ament_prefix_path.ps1'
[0.183s] INFO:colcon.colcon_core.shell:Creating environment descriptor '/home/gbonham/turtlebot4_ws/install/lab1_pkg/share/lab1_pkg/hook/ament_prefix_path.dsv'
[0.183s] INFO:colcon.colcon_core.shell:Creating environment hook '/home/gbonham/turtlebot4_ws/install/lab1_pkg/share/lab1_pkg/hook/ament_prefix_path.sh'
[0.184s] INFO:colcon.colcon_core.shell:Skip shell extension 'powershell' for command environment: Not usable outside of PowerShell
[0.184s] DEBUG:colcon.colcon_core.shell:Skip shell extension 'dsv' for command environment
[0.185s] INFO:colcon.colcon_ros.task.ament_python.build:Building ROS package in '/home/gbonham/turtlebot4_ws/src/lab2_pkg' with build type 'ament_python'
[0.185s] Level 1:colcon.colcon_core.shell:create_environment_hook('lab2_pkg', 'ament_prefix_path')
[0.185s] INFO:colcon.colcon_core.shell:Creating environment hook '/home/gbonham/turtlebot4_ws/install/lab2_pkg/share/lab2_pkg/hook/ament_prefix_path.ps1'
[0.186s] INFO:colcon.colcon_core.shell:Creating environment descriptor '/home/gbonham/turtlebot4_ws/install/lab2_pkg/share/lab2_pkg/hook/ament_prefix_path.dsv'
[0.186s] INFO:colcon.colcon_core.shell:Creating environment hook '/home/gbonham/turtlebot4_ws/install/lab2_pkg/share/lab2_pkg/hook/ament_prefix_path.sh'
[0.188s] INFO:colcon.colcon_core.shell:Skip shell extension 'powershell' for command environment: Not usable outside of PowerShell
[0.188s] DEBUG:colcon.colcon_core.shell:Skip shell extension 'dsv' for command environment
[0.193s] DEBUG:colcon.colcon_core.event_handler.log_command:Invoking command in '/home/gbonham/turtlebot4_ws/build/custom_interfaces': /usr/bin/cmake --build /home/gbonham/turtlebot4_ws/build/custom_interfaces -- -j16 -l16
[0.400s] INFO:colcon.colcon_core.task.python.build:Building Python package in '/home/gbonham/turtlebot4_ws/src/lab1_pkg'
[0.401s] INFO:colcon.colcon_core.shell:Skip shell extension 'powershell' for command environment: Not usable outside of PowerShell
[0.401s] DEBUG:colcon.colcon_core.shell:Skip shell extension 'dsv' for command environment
[0.582s] INFO:colcon.colcon_core.task.python.build:Building Python package in '/home/gbonham/turtlebot4_ws/src/lab2_pkg'
[0.582s] INFO:colcon.colcon_core.shell:Skip shell extension 'powershell' for command environment: Not usable outside of PowerShell
[0.582s] DEBUG:colcon.colcon_core.shell:Skip shell extension 'dsv' for command environment
[0.589s] DEBUG:colcon.colcon_core.event_handler.log_command:Invoked command in '/home/gbonham/turtlebot4_ws/build/custom_interfaces' returned '0': /usr/bin/cmake --build /home/gbonham/turtlebot4_ws/build/custom_interfaces -- -j16 -l16
[0.598s] DEBUG:colcon.colcon_core.event_handler.log_command:Invoking command in '/home/gbonham/turtlebot4_ws/build/custom_interfaces': /usr/bin/cmake --install /home/gbonham/turtlebot4_ws/build/custom_interfaces
[0.656s] Level 1:colcon.colcon_core.environment:create_environment_scripts_only(custom_interfaces)
[0.659s] Level 1:colcon.colcon_core.environment:checking '/home/gbonham/turtlebot4_ws/install/custom_interfaces' for CMake module files
[0.660s] Level 1:colcon.colcon_core.environment:checking '/home/gbonham/turtlebot4_ws/install/custom_interfaces' for CMake config files
[0.662s] DEBUG:colcon.colcon_core.event_handler.log_command:Invoked command in '/home/gbonham/turtlebot4_ws/build/custom_interfaces' returned '0': /usr/bin/cmake --install /home/gbonham/turtlebot4_ws/build/custom_interfaces
[0.662s] Level 1:colcon.colcon_core.shell:create_environment_hook('custom_interfaces', 'cmake_prefix_path')
[0.662s] INFO:colcon.colcon_core.shell:Creating environment hook '/home/gbonham/turtlebot4_ws/install/custom_interfaces/share/custom_interfaces/hook/cmake_prefix_path.ps1'
[0.663s] INFO:colcon.colcon_core.shell:Creating environment descriptor '/home/gbonham/turtlebot4_ws/install/custom_interfaces/share/custom_interfaces/hook/cmake_prefix_path.dsv'
[0.663s] INFO:colcon.colcon_core.shell:Creating environment hook '/home/gbonham/turtlebot4_ws/install/custom_interfaces/share/custom_interfaces/hook/cmake_prefix_path.sh'
[0.664s] Level 1:colcon.colcon_core.environment:checking '/home/gbonham/turtlebot4_ws/install/custom_interfaces/lib'
[0.664s] Level 1:colcon.colcon_core.shell:create_environment_hook('custom_interfaces', 'ld_library_path_lib')
[0.664s] INFO:colcon.colcon_core.shell:Creating environment hook '/home/gbonham/turtlebot4_ws/install/custom_interfaces/share/custom_interfaces/hook/ld_library_path_lib.ps1'
[0.665s] INFO:colcon.colcon_core.shell:Creating environment descriptor '/home/gbonham/turtlebot4_ws/install/custom_interfaces/share/custom_interfaces/hook/ld_library_path_lib.dsv'
[0.665s] INFO:colcon.colcon_core.shell:Creating environment hook '/home/gbonham/turtlebot4_ws/install/custom_interfaces/share/custom_interfaces/hook/ld_library_path_lib.sh'
[0.666s] Level 1:colcon.colcon_core.environment:checking '/home/gbonham/turtlebot4_ws/install/custom_interfaces/bin'
[0.666s] Level 1:colcon.colcon_core.environment:checking '/home/gbonham/turtlebot4_ws/install/custom_interfaces/lib/pkgconfig/custom_interfaces.pc'
[0.666s] Level 1:colcon.colcon_core.environment:checking '/home/gbonham/turtlebot4_ws/install/custom_interfaces/lib/python3.12/site-packages'
[0.666s] Level 1:colcon.colcon_core.shell:create_environment_hook('custom_interfaces', 'pythonpath')
[0.666s] INFO:colcon.colcon_core.shell:Creating environment hook '/home/gbonham/turtlebot4_ws/install/custom_interfaces/share/custom_interfaces/hook/pythonpath.ps1'
[0.667s] INFO:colcon.colcon_core.shell:Creating environment descriptor '/home/gbonham/turtlebot4_ws/install/custom_interfaces/share/custom_interfaces/hook/pythonpath.dsv'
[0.667s] INFO:colcon.colcon_core.shell:Creating environment hook '/home/gbonham/turtlebot4_ws/install/custom_interfaces/share/custom_interfaces/hook/pythonpath.sh'
[0.668s] Level 1:colcon.colcon_core.environment:checking '/home/gbonham/turtlebot4_ws/install/custom_interfaces/bin'
[0.668s] INFO:colcon.colcon_core.shell:Creating package script '/home/gbonham/turtlebot4_ws/install/custom_interfaces/share/custom_interfaces/package.ps1'
[0.669s] INFO:colcon.colcon_core.shell:Creating package descriptor '/home/gbonham/turtlebot4_ws/install/custom_interfaces/share/custom_interfaces/package.dsv'
[0.671s] INFO:colcon.colcon_core.shell:Creating package script '/home/gbonham/turtlebot4_ws/install/custom_interfaces/share/custom_interfaces/package.sh'
[0.672s] INFO:colcon.colcon_core.shell:Creating package script '/home/gbonham/turtlebot4_ws/install/custom_interfaces/share/custom_interfaces/package.bash'
[0.675s] INFO:colcon.colcon_core.shell:Creating package script '/home/gbonham/turtlebot4_ws/install/custom_interfaces/share/custom_interfaces/package.zsh'
[0.676s] Level 1:colcon.colcon_core.environment:create_file_with_runtime_dependencies(/home/gbonham/turtlebot4_ws/install/custom_interfaces/share/colcon-core/packages/custom_interfaces)
[0.677s] Level 1:colcon.colcon_core.environment:create_environment_scripts_only(custom_interfaces)
[0.677s] Level 1:colcon.colcon_core.environment:checking '/home/gbonham/turtlebot4_ws/install/custom_interfaces' for CMake module files
[0.678s] Level 1:colcon.colcon_core.environment:checking '/home/gbonham/turtlebot4_ws/install/custom_interfaces' for CMake config files
[0.679s] Level 1:colcon.colcon_core.shell:create_environment_hook('custom_interfaces', 'cmake_prefix_path')
[0.679s] INFO:colcon.colcon_core.shell:Creating environment hook '/home/gbonham/turtlebot4_ws/install/custom_interfaces/share/custom_interfaces/hook/cmake_prefix_path.ps1'
[0.680s] INFO:colcon.colcon_core.shell:Creating environment descriptor '/home/gbonham/turtlebot4_ws/install/custom_interfaces/share/custom_interfaces/hook/cmake_prefix_path.dsv'
[0.680s] INFO:colcon.colcon_core.shell:Creating environment hook '/home/gbonham/turtlebot4_ws/install/custom_interfaces/share/custom_interfaces/hook/cmake_prefix_path.sh'
[0.681s] Level 1:colcon.colcon_core.environment:checking '/home/gbonham/turtlebot4_ws/install/custom_interfaces/lib'
[0.681s] Level 1:colcon.colcon_core.shell:create_environment_hook('custom_interfaces', 'ld_library_path_lib')
[0.682s] INFO:colcon.colcon_core.shell:Creating environment hook '/home/gbonham/turtlebot4_ws/install/custom_interfaces/share/custom_interfaces/hook/ld_library_path_lib.ps1'
[0.682s] INFO:colcon.colcon_core.shell:Creating environment descriptor '/home/gbonham/turtlebot4_ws/install/custom_interfaces/share/custom_interfaces/hook/ld_library_path_lib.dsv'
[0.682s] INFO:colcon.colcon_core.shell:Creating environment hook '/home/gbonham/turtlebot4_ws/install/custom_interfaces/share/custom_interfaces/hook/ld_library_path_lib.sh'
[0.683s] Level 1:colcon.colcon_core.environment:checking '/home/gbonham/turtlebot4_ws/install/custom_interfaces/bin'
[0.683s] Level 1:colcon.colcon_core.environment:checking '/home/gbonham/turtlebot4_ws/install/custom_interfaces/lib/pkgconfig/custom_interfaces.pc'
[0.683s] Level 1:colcon.colcon_core.environment:checking '/home/gbonham/turtlebot4_ws/install/custom_interfaces/lib/python3.12/site-packages'
[0.684s] Level 1:colcon.colcon_core.shell:create_environment_hook('custom_interfaces', 'pythonpath')
[0.684s] INFO:colcon.colcon_core.shell:Creating environment hook '/home/gbonham/turtlebot4_ws/install/custom_interfaces/share/custom_interfaces/hook/pythonpath.ps1'
[0.687s] INFO:colcon.colcon_core.shell:Creating environment descriptor '/home/gbonham/turtlebot4_ws/install/custom_interfaces/share/custom_interfaces/hook/pythonpath.dsv'
[0.688s] INFO:colcon.colcon_core.shell:Creating environment hook '/home/gbonham/turtlebot4_ws/install/custom_interfaces/share/custom_interfaces/hook/pythonpath.sh'
[0.689s] Level 1:colcon.colcon_core.environment:checking '/home/gbonham/turtlebot4_ws/install/custom_interfaces/bin'
[0.689s] INFO:colcon.colcon_core.shell:Creating package script '/home/gbonham/turtlebot4_ws/install/custom_interfaces/share/custom_interfaces/package.ps1'
[0.723s] INFO:colcon.colcon_core.shell:Creating package descriptor '/home/gbonham/turtlebot4_ws/install/custom_interfaces/share/custom_interfaces/package.dsv'
[0.724s] INFO:colcon.colcon_core.shell:Creating package script '/home/gbonham/turtlebot4_ws/install/custom_interfaces/share/custom_interfaces/package.sh'
[0.725s] INFO:colcon.colcon_core.shell:Creating package script '/home/gbonham/turtlebot4_ws/install/custom_interfaces/share/custom_interfaces/package.bash'
[0.725s] INFO:colcon.colcon_core.shell:Creating package script '/home/gbonham/turtlebot4_ws/install/custom_interfaces/share/custom_interfaces/package.zsh'
[0.726s] Level 1:colcon.colcon_core.environment:create_file_with_runtime_dependencies(/home/gbonham/turtlebot4_ws/install/custom_interfaces/share/colcon-core/packages/custom_interfaces)
[0.726s] INFO:colcon.colcon_ros.task.ament_python.build:Building ROS package in '/home/gbonham/turtlebot4_ws/src/lab3_pkg' with build type 'ament_python'
[0.727s] Level 1:colcon.colcon_core.shell:create_environment_hook('lab3_pkg', 'ament_prefix_path')
[0.727s] INFO:colcon.colcon_core.shell:Creating environment hook '/home/gbonham/turtlebot4_ws/install/lab3_pkg/share/lab3_pkg/hook/ament_prefix_path.ps1'
[0.728s] INFO:colcon.colcon_core.shell:Creating environment descriptor '/home/gbonham/turtlebot4_ws/install/lab3_pkg/share/lab3_pkg/hook/ament_prefix_path.dsv'
[0.728s] INFO:colcon.colcon_core.shell:Creating environment hook '/home/gbonham/turtlebot4_ws/install/lab3_pkg/share/lab3_pkg/hook/ament_prefix_path.sh'
[0.729s] INFO:colcon.colcon_core.shell:Skip shell extension 'powershell' for command environment: Not usable outside of PowerShell
[0.729s] DEBUG:colcon.colcon_core.shell:Skip shell extension 'dsv' for command environment
[0.730s] INFO:colcon.colcon_ros.task.ament_python.build:Building ROS package in '/home/gbonham/turtlebot4_ws/src/final' with build type 'ament_python'
[0.730s] Level 1:colcon.colcon_core.shell:create_environment_hook('final', 'ament_prefix_path')
[0.731s] INFO:colcon.colcon_core.shell:Creating environment hook '/home/gbonham/turtlebot4_ws/install/final/share/final/hook/ament_prefix_path.ps1'
[0.734s] INFO:colcon.colcon_core.shell:Creating environment descriptor '/home/gbonham/turtlebot4_ws/install/final/share/final/hook/ament_prefix_path.dsv'
[0.735s] INFO:colcon.colcon_core.shell:Creating environment hook '/home/gbonham/turtlebot4_ws/install/final/share/final/hook/ament_prefix_path.sh'
[0.735s] INFO:colcon.colcon_core.shell:Skip shell extension 'powershell' for command environment: Not usable outside of PowerShell
[0.735s] DEBUG:colcon.colcon_core.shell:Skip shell extension 'dsv' for command environment
[0.737s] INFO:colcon.colcon_ros.task.ament_python.build:Building ROS package in '/home/gbonham/turtlebot4_ws/src/lab5_pkg' with build type 'ament_python'
[0.737s] Level 1:colcon.colcon_core.shell:create_environment_hook('lab5_pkg', 'ament_prefix_path')
[0.737s] INFO:colcon.colcon_core.shell:Creating environment hook '/home/gbonham/turtlebot4_ws/install/lab5_pkg/share/lab5_pkg/hook/ament_prefix_path.ps1'
[0.738s] INFO:colcon.colcon_core.shell:Creating environment descriptor '/home/gbonham/turtlebot4_ws/install/lab5_pkg/share/lab5_pkg/hook/ament_prefix_path.dsv'
[0.738s] INFO:colcon.colcon_core.shell:Creating environment hook '/home/gbonham/turtlebot4_ws/install/lab5_pkg/share/lab5_pkg/hook/ament_prefix_path.sh'
[0.740s] INFO:colcon.colcon_core.shell:Skip shell extension 'powershell' for command environment: Not usable outside of PowerShell
[0.740s] DEBUG:colcon.colcon_core.shell:Skip shell extension 'dsv' for command environment
[0.919s] INFO:colcon.colcon_core.task.python.build:Building Python package in '/home/gbonham/turtlebot4_ws/src/lab3_pkg'
[0.919s] INFO:colcon.colcon_core.shell:Skip shell extension 'powershell' for command environment: Not usable outside of PowerShell
[0.919s] DEBUG:colcon.colcon_core.shell:Skip shell extension 'dsv' for command environment
[1.097s] INFO:colcon.colcon_core.task.python.build:Building Python package in '/home/gbonham/turtlebot4_ws/src/final'
[1.097s] INFO:colcon.colcon_core.shell:Skip shell extension 'powershell' for command environment: Not usable outside of PowerShell
[1.097s] DEBUG:colcon.colcon_core.shell:Skip shell extension 'dsv' for command environment
[1.263s] INFO:colcon.colcon_core.task.python.build:Building Python package in '/home/gbonham/turtlebot4_ws/src/lab5_pkg'
[1.263s] INFO:colcon.colcon_core.shell:Skip shell extension 'powershell' for command environment: Not usable outside of PowerShell
[1.263s] DEBUG:colcon.colcon_core.shell:Skip shell extension 'dsv' for command environment
[1.266s] DEBUG:colcon.colcon_core.event_handler.log_command:Invoking command in '/home/gbonham/turtlebot4_ws/src/lab1_pkg': PYTHONPATH=/home/gbonham/turtlebot4_ws/build/lab1_pkg/prefix_override:/usr/lib/python3/dist-packages/colcon_core/task/python/colcon_distutils_commands:/home/gbonham/turtlebot4_ws/install/lab1_pkg/lib/python3.12/site-packages: /usr/bin/python3 -W ignore:setup.py install is deprecated -W ignore:easy_install command is deprecated setup.py egg_info --egg-base ../../build/lab1_pkg build --build-base /home/gbonham/turtlebot4_ws/build/lab1_pkg/build install --record /home/gbonham/turtlebot4_ws/build/lab1_pkg/install.log --single-version-externally-managed install_data
[1.272s] DEBUG:colcon.colcon_core.event_handler.log_command:Invoking command in '/home/gbonham/turtlebot4_ws/src/lab2_pkg': PYTHONPATH=/home/gbonham/turtlebot4_ws/build/lab2_pkg/prefix_override:/usr/lib/python3/dist-packages/colcon_core/task/python/colcon_distutils_commands:/home/gbonham/turtlebot4_ws/install/lab2_pkg/lib/python3.12/site-packages: /usr/bin/python3 -W ignore:setup.py install is deprecated -W ignore:easy_install command is deprecated setup.py egg_info --egg-base ../../build/lab2_pkg build --build-base /home/gbonham/turtlebot4_ws/build/lab2_pkg/build install --record /home/gbonham/turtlebot4_ws/build/lab2_pkg/install.log --single-version-externally-managed install_data
[1.699s] Level 1:colcon.colcon_core.environment:checking '/home/gbonham/turtlebot4_ws/install/lab2_pkg' for CMake module files
[1.699s] DEBUG:colcon.colcon_core.event_handler.log_command:Invoked command in '/home/gbonham/turtlebot4_ws/src/lab2_pkg' returned '0': PYTHONPATH=/home/gbonham/turtlebot4_ws/build/lab2_pkg/prefix_override:/usr/lib/python3/dist-packages/colcon_core/task/python/colcon_distutils_commands:/home/gbonham/turtlebot4_ws/install/lab2_pkg/lib/python3.12/site-packages: /usr/bin/python3 -W ignore:setup.py install is deprecated -W ignore:easy_install command is deprecated setup.py egg_info --egg-base ../../build/lab2_pkg build --build-base /home/gbonham/turtlebot4_ws/build/lab2_pkg/build install --record /home/gbonham/turtlebot4_ws/build/lab2_pkg/install.log --single-version-externally-managed install_data
[1.700s] Level 1:colcon.colcon_core.environment:checking '/home/gbonham/turtlebot4_ws/install/lab2_pkg' for CMake config files
[1.700s] Level 1:colcon.colcon_core.environment:checking '/home/gbonham/turtlebot4_ws/install/lab2_pkg/lib'
[1.700s] Level 1:colcon.colcon_core.environment:checking '/home/gbonham/turtlebot4_ws/install/lab2_pkg/bin'
[1.700s] Level 1:colcon.colcon_core.environment:checking '/home/gbonham/turtlebot4_ws/install/lab2_pkg/lib/pkgconfig/lab2_pkg.pc'
[1.700s] Level 1:colcon.colcon_core.environment:checking '/home/gbonham/turtlebot4_ws/install/lab2_pkg/lib/python3.12/site-packages'
[1.700s] Level 1:colcon.colcon_core.shell:create_environment_hook('lab2_pkg', 'pythonpath')
[1.701s] INFO:colcon.colcon_core.shell:Creating environment hook '/home/gbonham/turtlebot4_ws/install/lab2_pkg/share/lab2_pkg/hook/pythonpath.ps1'
[1.701s] INFO:colcon.colcon_core.shell:Creating environment descriptor '/home/gbonham/turtlebot4_ws/install/lab2_pkg/share/lab2_pkg/hook/pythonpath.dsv'
[1.701s] INFO:colcon.colcon_core.shell:Creating environment hook '/home/gbonham/turtlebot4_ws/install/lab2_pkg/share/lab2_pkg/hook/pythonpath.sh'
[1.702s] Level 1:colcon.colcon_core.environment:checking '/home/gbonham/turtlebot4_ws/install/lab2_pkg/bin'
[1.702s] Level 1:colcon.colcon_core.environment:create_environment_scripts_only(lab2_pkg)
[1.702s] INFO:colcon.colcon_core.shell:Creating package script '/home/gbonham/turtlebot4_ws/install/lab2_pkg/share/lab2_pkg/package.ps1'
[1.703s] INFO:colcon.colcon_core.shell:Creating package descriptor '/home/gbonham/turtlebot4_ws/install/lab2_pkg/share/lab2_pkg/package.dsv'
[1.703s] INFO:colcon.colcon_core.shell:Creating package script '/home/gbonham/turtlebot4_ws/install/lab2_pkg/share/lab2_pkg/package.sh'
[1.704s] INFO:colcon.colcon_core.shell:Creating package script '/home/gbonham/turtlebot4_ws/install/lab2_pkg/share/lab2_pkg/package.bash'
[1.704s] INFO:colcon.colcon_core.shell:Creating package script '/home/gbonham/turtlebot4_ws/install/lab2_pkg/share/lab2_pkg/package.zsh'
[1.704s] Level 1:colcon.colcon_core.environment:create_file_with_runtime_dependencies(/home/gbonham/turtlebot4_ws/install/lab2_pkg/share/colcon-core/packages/lab2_pkg)
[1.750s] Level 1:colcon.colcon_core.environment:checking '/home/gbonham/turtlebot4_ws/install/lab1_pkg' for CMake module files
[1.751s] DEBUG:colcon.colcon_core.event_handler.log_command:Invoked command in '/home/gbonham/turtlebot4_ws/src/lab1_pkg' returned '0': PYTHONPATH=/home/gbonham/turtlebot4_ws/build/lab1_pkg/prefix_override:/usr/lib/python3/dist-packages/colcon_core/task/python/colcon_distutils_commands:/home/gbonham/turtlebot4_ws/install/lab1_pkg/lib/python3.12/site-packages: /usr/bin/python3 -W ignore:setup.py install is deprecated -W ignore:easy_install command is deprecated setup.py egg_info --egg-base ../../build/lab1_pkg build --build-base /home/gbonham/turtlebot4_ws/build/lab1_pkg/build install --record /home/gbonham/turtlebot4_ws/build/lab1_pkg/install.log --single-version-externally-managed install_data
[1.751s] Level 1:colcon.colcon_core.environment:checking '/home/gbonham/turtlebot4_ws/install/lab1_pkg' for CMake config files
[1.752s] Level 1:colcon.colcon_core.environment:checking '/home/gbonham/turtlebot4_ws/install/lab1_pkg/lib'
[1.752s] Level 1:colcon.colcon_core.environment:checking '/home/gbonham/turtlebot4_ws/install/lab1_pkg/bin'
[1.752s] Level 1:colcon.colcon_core.environment:checking '/home/gbonham/turtlebot4_ws/install/lab1_pkg/lib/pkgconfig/lab1_pkg.pc'
[1.752s] Level 1:colcon.colcon_core.environment:checking '/home/gbonham/turtlebot4_ws/install/lab1_pkg/lib/python3.12/site-packages'
[1.752s] Level 1:colcon.colcon_core.shell:create_environment_hook('lab1_pkg', 'pythonpath')
[1.753s] INFO:colcon.colcon_core.shell:Creating environment hook '/home/gbonham/turtlebot4_ws/install/lab1_pkg/share/lab1_pkg/hook/pythonpath.ps1'
[1.753s] INFO:colcon.colcon_core.shell:Creating environment descriptor '/home/gbonham/turtlebot4_ws/install/lab1_pkg/share/lab1_pkg/hook/pythonpath.dsv'
[1.754s] INFO:colcon.colcon_core.shell:Creating environment hook '/home/gbonham/turtlebot4_ws/install/lab1_pkg/share/lab1_pkg/hook/pythonpath.sh'
[1.755s] Level 1:colcon.colcon_core.environment:checking '/home/gbonham/turtlebot4_ws/install/lab1_pkg/bin'
[1.755s] Level 1:colcon.colcon_core.environment:create_environment_scripts_only(lab1_pkg)
[1.755s] INFO:colcon.colcon_core.shell:Creating package script '/home/gbonham/turtlebot4_ws/install/lab1_pkg/share/lab1_pkg/package.ps1'
[1.784s] INFO:colcon.colcon_core.shell:Creating package descriptor '/home/gbonham/turtlebot4_ws/install/lab1_pkg/share/lab1_pkg/package.dsv'
[1.785s] INFO:colcon.colcon_core.shell:Creating package script '/home/gbonham/turtlebot4_ws/install/lab1_pkg/share/lab1_pkg/package.sh'
[1.789s] INFO:colcon.colcon_core.shell:Creating package script '/home/gbonham/turtlebot4_ws/install/lab1_pkg/share/lab1_pkg/package.bash'
[1.790s] INFO:colcon.colcon_core.shell:Creating package script '/home/gbonham/turtlebot4_ws/install/lab1_pkg/share/lab1_pkg/package.zsh'
[1.795s] Level 1:colcon.colcon_core.environment:create_file_with_runtime_dependencies(/home/gbonham/turtlebot4_ws/install/lab1_pkg/share/colcon-core/packages/lab1_pkg)
[1.807s] DEBUG:colcon.colcon_core.event_handler.log_command:Invoking command in '/home/gbonham/turtlebot4_ws/src/final': AMENT_PREFIX_PATH=/home/gbonham/turtlebot4_ws/install/custom_interfaces CMAKE_PREFIX_PATH=/home/gbonham/turtlebot4_ws/install/custom_interfaces LD_LIBRARY_PATH=/home/gbonham/turtlebot4_ws/install/custom_interfaces/lib PYTHONPATH=/home/gbonham/turtlebot4_ws/build/final/prefix_override:/usr/lib/python3/dist-packages/colcon_core/task/python/colcon_distutils_commands:/home/gbonham/turtlebot4_ws/install/final/lib/python3.12/site-packages:/home/gbonham/turtlebot4_ws/install/custom_interfaces/lib/python3.12/site-packages /usr/bin/python3 -W ignore:setup.py install is deprecated -W ignore:easy_install command is deprecated setup.py egg_info --egg-base ../../build/final build --build-base /home/gbonham/turtlebot4_ws/build/final/build install --record /home/gbonham/turtlebot4_ws/build/final/install.log --single-version-externally-managed install_data
[1.816s] DEBUG:colcon.colcon_core.event_handler.log_command:Invoking command in '/home/gbonham/turtlebot4_ws/src/lab5_pkg': AMENT_PREFIX_PATH=/home/gbonham/turtlebot4_ws/install/custom_interfaces CMAKE_PREFIX_PATH=/home/gbonham/turtlebot4_ws/install/custom_interfaces LD_LIBRARY_PATH=/home/gbonham/turtlebot4_ws/install/custom_interfaces/lib PYTHONPATH=/home/gbonham/turtlebot4_ws/build/lab5_pkg/prefix_override:/usr/lib/python3/dist-packages/colcon_core/task/python/colcon_distutils_commands:/home/gbonham/turtlebot4_ws/install/lab5_pkg/lib/python3.12/site-packages:/home/gbonham/turtlebot4_ws/install/custom_interfaces/lib/python3.12/site-packages /usr/bin/python3 -W ignore:setup.py install is deprecated -W ignore:easy_install command is deprecated setup.py egg_info --egg-base ../../build/lab5_pkg build --build-base /home/gbonham/turtlebot4_ws/build/lab5_pkg/build install --record /home/gbonham/turtlebot4_ws/build/lab5_pkg/install.log --single-version-externally-managed install_data
[1.838s] DEBUG:colcon.colcon_core.event_handler.log_command:Invoking command in '/home/gbonham/turtlebot4_ws/src/lab3_pkg': AMENT_PREFIX_PATH=/home/gbonham/turtlebot4_ws/install/custom_interfaces CMAKE_PREFIX_PATH=/home/gbonham/turtlebot4_ws/install/custom_interfaces LD_LIBRARY_PATH=/home/gbonham/turtlebot4_ws/install/custom_interfaces/lib PYTHONPATH=/home/gbonham/turtlebot4_ws/build/lab3_pkg/prefix_override:/usr/lib/python3/dist-packages/colcon_core/task/python/colcon_distutils_commands:/home/gbonham/turtlebot4_ws/install/lab3_pkg/lib/python3.12/site-packages:/home/gbonham/turtlebot4_ws/install/custom_interfaces/lib/python3.12/site-packages /usr/bin/python3 -W ignore:setup.py install is deprecated -W ignore:easy_install command is deprecated setup.py egg_info --egg-base ../../build/lab3_pkg build --build-base /home/gbonham/turtlebot4_ws/build/lab3_pkg/build install --record /home/gbonham/turtlebot4_ws/build/lab3_pkg/install.log --single-version-externally-managed install_data
[2.224s] Level 1:colcon.colcon_core.environment:checking '/home/gbonham/turtlebot4_ws/install/final' for CMake module files
[2.224s] DEBUG:colcon.colcon_core.event_handler.log_command:Invoked command in '/home/gbonham/turtlebot4_ws/src/final' returned '0': AMENT_PREFIX_PATH=/home/gbonham/turtlebot4_ws/install/custom_interfaces CMAKE_PREFIX_PATH=/home/gbonham/turtlebot4_ws/install/custom_interfaces LD_LIBRARY_PATH=/home/gbonham/turtlebot4_ws/install/custom_interfaces/lib PYTHONPATH=/home/gbonham/turtlebot4_ws/build/final/prefix_override:/usr/lib/python3/dist-packages/colcon_core/task/python/colcon_distutils_commands:/home/gbonham/turtlebot4_ws/install/final/lib/python3.12/site-packages:/home/gbonham/turtlebot4_ws/install/custom_interfaces/lib/python3.12/site-packages /usr/bin/python3 -W ignore:setup.py install is deprecated -W ignore:easy_install command is deprecated setup.py egg_info --egg-base ../../build/final build --build-base /home/gbonham/turtlebot4_ws/build/final/build install --record /home/gbonham/turtlebot4_ws/build/final/install.log --single-version-externally-managed install_data
[2.225s] Level 1:colcon.colcon_core.environment:checking '/home/gbonham/turtlebot4_ws/install/final' for CMake config files
[2.225s] Level 1:colcon.colcon_core.environment:checking '/home/gbonham/turtlebot4_ws/install/final/lib'
[2.225s] Level 1:colcon.colcon_core.environment:checking '/home/gbonham/turtlebot4_ws/install/final/bin'
[2.225s] Level 1:colcon.colcon_core.environment:checking '/home/gbonham/turtlebot4_ws/install/final/lib/pkgconfig/final.pc'
[2.225s] Level 1:colcon.colcon_core.environment:checking '/home/gbonham/turtlebot4_ws/install/final/lib/python3.12/site-packages'
[2.225s] Level 1:colcon.colcon_core.shell:create_environment_hook('final', 'pythonpath')
[2.225s] INFO:colcon.colcon_core.shell:Creating environment hook '/home/gbonham/turtlebot4_ws/install/final/share/final/hook/pythonpath.ps1'
[2.226s] INFO:colcon.colcon_core.shell:Creating environment descriptor '/home/gbonham/turtlebot4_ws/install/final/share/final/hook/pythonpath.dsv'
[2.226s] INFO:colcon.colcon_core.shell:Creating environment hook '/home/gbonham/turtlebot4_ws/install/final/share/final/hook/pythonpath.sh'
[2.227s] Level 1:colcon.colcon_core.environment:checking '/home/gbonham/turtlebot4_ws/install/final/bin'
[2.227s] Level 1:colcon.colcon_core.environment:create_environment_scripts_only(final)
[2.227s] INFO:colcon.colcon_core.shell:Creating package script '/home/gbonham/turtlebot4_ws/install/final/share/final/package.ps1'
[2.228s] INFO:colcon.colcon_core.shell:Creating package descriptor '/home/gbonham/turtlebot4_ws/install/final/share/final/package.dsv'
[2.228s] INFO:colcon.colcon_core.shell:Creating package script '/home/gbonham/turtlebot4_ws/install/final/share/final/package.sh'
[2.229s] INFO:colcon.colcon_core.shell:Creating package script '/home/gbonham/turtlebot4_ws/install/final/share/final/package.bash'
[2.229s] INFO:colcon.colcon_core.shell:Creating package script '/home/gbonham/turtlebot4_ws/install/final/share/final/package.zsh'
[2.229s] Level 1:colcon.colcon_core.environment:create_file_with_runtime_dependencies(/home/gbonham/turtlebot4_ws/install/final/share/colcon-core/packages/final)
[2.271s] Level 1:colcon.colcon_core.environment:checking '/home/gbonham/turtlebot4_ws/install/lab5_pkg' for CMake module files
[2.272s] DEBUG:colcon.colcon_core.event_handler.log_command:Invoked command in '/home/gbonham/turtlebot4_ws/src/lab5_pkg' returned '0': AMENT_PREFIX_PATH=/home/gbonham/turtlebot4_ws/install/custom_interfaces CMAKE_PREFIX_PATH=/home/gbonham/turtlebot4_ws/install/custom_interfaces LD_LIBRARY_PATH=/home/gbonham/turtlebot4_ws/install/custom_interfaces/lib PYTHONPATH=/home/gbonham/turtlebot4_ws/build/lab5_pkg/prefix_override:/usr/lib/python3/dist-packages/colcon_core/task/python/colcon_distutils_commands:/home/gbonham/turtlebot4_ws/install/lab5_pkg/lib/python3.12/site-packages:/home/gbonham/turtlebot4_ws/install/custom_interfaces/lib/python3.12/site-packages /usr/bin/python3 -W ignore:setup.py install is deprecated -W ignore:easy_install command is deprecated setup.py egg_info --egg-base ../../build/lab5_pkg build --build-base /home/gbonham/turtlebot4_ws/build/lab5_pkg/build install --record /home/gbonham/turtlebot4_ws/build/lab5_pkg/install.log --single-version-externally-managed install_data
[2.272s] Level 1:colcon.colcon_core.environment:checking '/home/gbonham/turtlebot4_ws/install/lab5_pkg' for CMake config files
[2.273s] Level 1:colcon.colcon_core.environment:checking '/home/gbonham/turtlebot4_ws/install/lab5_pkg/lib'
[2.273s] Level 1:colcon.colcon_core.environment:checking '/home/gbonham/turtlebot4_ws/install/lab5_pkg/bin'
[2.273s] Level 1:colcon.colcon_core.environment:checking '/home/gbonham/turtlebot4_ws/install/lab5_pkg/lib/pkgconfig/lab5_pkg.pc'
[2.273s] Level 1:colcon.colcon_core.environment:checking '/home/gbonham/turtlebot4_ws/install/lab5_pkg/lib/python3.12/site-packages'
[2.273s] Level 1:colcon.colcon_core.shell:create_environment_hook('lab5_pkg', 'pythonpath')
[2.273s] INFO:colcon.colcon_core.shell:Creating environment hook '/home/gbonham/turtlebot4_ws/install/lab5_pkg/share/lab5_pkg/hook/pythonpath.ps1'
[2.274s] INFO:colcon.colcon_core.shell:Creating environment descriptor '/home/gbonham/turtlebot4_ws/install/lab5_pkg/share/lab5_pkg/hook/pythonpath.dsv'
[2.274s] INFO:colcon.colcon_core.shell:Creating environment hook '/home/gbonham/turtlebot4_ws/install/lab5_pkg/share/lab5_pkg/hook/pythonpath.sh'
[2.275s] Level 1:colcon.colcon_core.environment:checking '/home/gbonham/turtlebot4_ws/install/lab5_pkg/bin'
[2.275s] Level 1:colcon.colcon_core.environment:create_environment_scripts_only(lab5_pkg)
[2.276s] INFO:colcon.colcon_core.shell:Creating package script '/home/gbonham/turtlebot4_ws/install/lab5_pkg/share/lab5_pkg/package.ps1'
[2.277s] INFO:colcon.colcon_core.shell:Creating package descriptor '/home/gbonham/turtlebot4_ws/install/lab5_pkg/share/lab5_pkg/package.dsv'
[2.277s] INFO:colcon.colcon_core.shell:Creating package script '/home/gbonham/turtlebot4_ws/install/lab5_pkg/share/lab5_pkg/package.sh'
[2.278s] INFO:colcon.colcon_core.shell:Creating package script '/home/gbonham/turtlebot4_ws/install/lab5_pkg/share/lab5_pkg/package.bash'
[2.278s] INFO:colcon.colcon_core.shell:Creating package script '/home/gbonham/turtlebot4_ws/install/lab5_pkg/share/lab5_pkg/package.zsh'
[2.279s] Level 1:colcon.colcon_core.environment:create_file_with_runtime_dependencies(/home/gbonham/turtlebot4_ws/install/lab5_pkg/share/colcon-core/packages/lab5_pkg)
[2.280s] Level 1:colcon.colcon_core.environment:checking '/home/gbonham/turtlebot4_ws/install/lab3_pkg' for CMake module files
[2.281s] DEBUG:colcon.colcon_core.event_handler.log_command:Invoked command in '/home/gbonham/turtlebot4_ws/src/lab3_pkg' returned '0': AMENT_PREFIX_PATH=/home/gbonham/turtlebot4_ws/install/custom_interfaces CMAKE_PREFIX_PATH=/home/gbonham/turtlebot4_ws/install/custom_interfaces LD_LIBRARY_PATH=/home/gbonham/turtlebot4_ws/install/custom_interfaces/lib PYTHONPATH=/home/gbonham/turtlebot4_ws/build/lab3_pkg/prefix_override:/usr/lib/python3/dist-packages/colcon_core/task/python/colcon_distutils_commands:/home/gbonham/turtlebot4_ws/install/lab3_pkg/lib/python3.12/site-packages:/home/gbonham/turtlebot4_ws/install/custom_interfaces/lib/python3.12/site-packages /usr/bin/python3 -W ignore:setup.py install is deprecated -W ignore:easy_install command is deprecated setup.py egg_info --egg-base ../../build/lab3_pkg build --build-base /home/gbonham/turtlebot4_ws/build/lab3_pkg/build install --record /home/gbonham/turtlebot4_ws/build/lab3_pkg/install.log --single-version-externally-managed install_data
[2.282s] Level 1:colcon.colcon_core.environment:checking '/home/gbonham/turtlebot4_ws/install/lab3_pkg' for CMake config files
[2.283s] Level 1:colcon.colcon_core.environment:checking '/home/gbonham/turtlebot4_ws/install/lab3_pkg/lib'
[2.283s] Level 1:colcon.colcon_core.environment:checking '/home/gbonham/turtlebot4_ws/install/lab3_pkg/bin'
[2.283s] Level 1:colcon.colcon_core.environment:checking '/home/gbonham/turtlebot4_ws/install/lab3_pkg/lib/pkgconfig/lab3_pkg.pc'
[2.283s] Level 1:colcon.colcon_core.environment:checking '/home/gbonham/turtlebot4_ws/install/lab3_pkg/lib/python3.12/site-packages'
[2.283s] Level 1:colcon.colcon_core.shell:create_environment_hook('lab3_pkg', 'pythonpath')
[2.283s] INFO:colcon.colcon_core.shell:Creating environment hook '/home/gbonham/turtlebot4_ws/install/lab3_pkg/share/lab3_pkg/hook/pythonpath.ps1'
[2.287s] INFO:colcon.colcon_core.shell:Creating environment descriptor '/home/gbonham/turtlebot4_ws/install/lab3_pkg/share/lab3_pkg/hook/pythonpath.dsv'
[2.287s] INFO:colcon.colcon_core.shell:Creating environment hook '/home/gbonham/turtlebot4_ws/install/lab3_pkg/share/lab3_pkg/hook/pythonpath.sh'
[2.288s] Level 1:colcon.colcon_core.environment:checking '/home/gbonham/turtlebot4_ws/install/lab3_pkg/bin'
[2.288s] Level 1:colcon.colcon_core.environment:create_environment_scripts_only(lab3_pkg)
[2.288s] INFO:colcon.colcon_core.shell:Creating package script '/home/gbonham/turtlebot4_ws/install/lab3_pkg/share/lab3_pkg/package.ps1'
[2.289s] INFO:colcon.colcon_core.shell:Creating package descriptor '/home/gbonham/turtlebot4_ws/install/lab3_pkg/share/lab3_pkg/package.dsv'
[2.289s] INFO:colcon.colcon_core.shell:Creating package script '/home/gbonham/turtlebot4_ws/install/lab3_pkg/share/lab3_pkg/package.sh'
[2.290s] INFO:colcon.colcon_core.shell:Creating package script '/home/gbonham/turtlebot4_ws/install/lab3_pkg/share/lab3_pkg/package.bash'
[2.290s] INFO:colcon.colcon_core.shell:Creating package script '/home/gbonham/turtlebot4_ws/install/lab3_pkg/share/lab3_pkg/package.zsh'
[2.291s] Level 1:colcon.colcon_core.environment:create_file_with_runtime_dependencies(/home/gbonham/turtlebot4_ws/install/lab3_pkg/share/colcon-core/packages/lab3_pkg)
[2.292s] INFO:colcon.colcon_ros.task.ament_cmake.build:Building ROS package in '/home/gbonham/turtlebot4_ws/src/final_bringup' with build type 'ament_cmake'
[2.292s] INFO:colcon.colcon_cmake.task.cmake.build:Building CMake package in '/home/gbonham/turtlebot4_ws/src/final_bringup'
[2.293s] INFO:colcon.colcon_core.shell:Skip shell extension 'powershell' for command environment: Not usable outside of PowerShell
[2.293s] DEBUG:colcon.colcon_core.shell:Skip shell extension 'dsv' for command environment
[2.297s] INFO:colcon.colcon_ros.task.ament_cmake.build:Building ROS package in '/home/gbonham/turtlebot4_ws/src/lab_bringup' with build type 'ament_cmake'
[2.297s] INFO:colcon.colcon_cmake.task.cmake.build:Building CMake package in '/home/gbonham/turtlebot4_ws/src/lab_bringup'
[2.298s] INFO:colcon.colcon_core.shell:Skip shell extension 'powershell' for command environment: Not usable outside of PowerShell
[2.298s] DEBUG:colcon.colcon_core.shell:Skip shell extension 'dsv' for command environment
[2.307s] DEBUG:colcon.colcon_core.event_handler.log_command:Invoking command in '/home/gbonham/turtlebot4_ws/build/final_bringup': AMENT_PREFIX_PATH=/home/gbonham/turtlebot4_ws/install/lab3_pkg:/home/gbonham/turtlebot4_ws/install/final:/home/gbonham/turtlebot4_ws/install/custom_interfaces CMAKE_PREFIX_PATH=/home/gbonham/turtlebot4_ws/install/custom_interfaces LD_LIBRARY_PATH=/home/gbonham/turtlebot4_ws/install/custom_interfaces/lib PYTHONPATH=/home/gbonham/turtlebot4_ws/install/lab3_pkg/lib/python3.12/site-packages:/home/gbonham/turtlebot4_ws/install/final/lib/python3.12/site-packages:/home/gbonham/turtlebot4_ws/install/custom_interfaces/lib/python3.12/site-packages /usr/bin/cmake --build /home/gbonham/turtlebot4_ws/build/final_bringup -- -j16 -l16
[2.312s] DEBUG:colcon.colcon_core.event_handler.log_command:Invoking command in '/home/gbonham/turtlebot4_ws/build/lab_bringup': AMENT_PREFIX_PATH=/home/gbonham/turtlebot4_ws/install/lab3_pkg:/home/gbonham/turtlebot4_ws/install/custom_interfaces CMAKE_PREFIX_PATH=/home/gbonham/turtlebot4_ws/install/custom_interfaces LD_LIBRARY_PATH=/home/gbonham/turtlebot4_ws/install/custom_interfaces/lib PYTHONPATH=/home/gbonham/turtlebot4_ws/install/lab3_pkg/lib/python3.12/site-packages:/home/gbonham/turtlebot4_ws/install/custom_interfaces/lib/python3.12/site-packages /usr/bin/cmake --build /home/gbonham/turtlebot4_ws/build/lab_bringup -- -j16 -l16
[2.341s] DEBUG:colcon.colcon_core.event_handler.log_command:Invoked command in '/home/gbonham/turtlebot4_ws/build/final_bringup' returned '0': AMENT_PREFIX_PATH=/home/gbonham/turtlebot4_ws/install/lab3_pkg:/home/gbonham/turtlebot4_ws/install/final:/home/gbonham/turtlebot4_ws/install/custom_interfaces CMAKE_PREFIX_PATH=/home/gbonham/turtlebot4_ws/install/custom_interfaces LD_LIBRARY_PATH=/home/gbonham/turtlebot4_ws/install/custom_interfaces/lib PYTHONPATH=/home/gbonham/turtlebot4_ws/install/lab3_pkg/lib/python3.12/site-packages:/home/gbonham/turtlebot4_ws/install/final/lib/python3.12/site-packages:/home/gbonham/turtlebot4_ws/install/custom_interfaces/lib/python3.12/site-packages /usr/bin/cmake --build /home/gbonham/turtlebot4_ws/build/final_bringup -- -j16 -l16
[2.342s] DEBUG:colcon.colcon_core.event_handler.log_command:Invoking command in '/home/gbonham/turtlebot4_ws/build/final_bringup': AMENT_PREFIX_PATH=/home/gbonham/turtlebot4_ws/install/lab3_pkg:/home/gbonham/turtlebot4_ws/install/final:/home/gbonham/turtlebot4_ws/install/custom_interfaces CMAKE_PREFIX_PATH=/home/gbonham/turtlebot4_ws/install/custom_interfaces LD_LIBRARY_PATH=/home/gbonham/turtlebot4_ws/install/custom_interfaces/lib PYTHONPATH=/home/gbonham/turtlebot4_ws/install/lab3_pkg/lib/python3.12/site-packages:/home/gbonham/turtlebot4_ws/install/final/lib/python3.12/site-packages:/home/gbonham/turtlebot4_ws/install/custom_interfaces/lib/python3.12/site-packages /usr/bin/cmake --install /home/gbonham/turtlebot4_ws/build/final_bringup
[2.344s] DEBUG:colcon.colcon_core.event_handler.log_command:Invoked command in '/home/gbonham/turtlebot4_ws/build/lab_bringup' returned '0': AMENT_PREFIX_PATH=/home/gbonham/turtlebot4_ws/install/lab3_pkg:/home/gbonham/turtlebot4_ws/install/custom_interfaces CMAKE_PREFIX_PATH=/home/gbonham/turtlebot4_ws/install/custom_interfaces LD_LIBRARY_PATH=/home/gbonham/turtlebot4_ws/install/custom_interfaces/lib PYTHONPATH=/home/gbonham/turtlebot4_ws/install/lab3_pkg/lib/python3.12/site-packages:/home/gbonham/turtlebot4_ws/install/custom_interfaces/lib/python3.12/site-packages /usr/bin/cmake --build /home/gbonham/turtlebot4_ws/build/lab_bringup -- -j16 -l16
[2.345s] DEBUG:colcon.colcon_core.event_handler.log_command:Invoking command in '/home/gbonham/turtlebot4_ws/build/lab_bringup': AMENT_PREFIX_PATH=/home/gbonham/turtlebot4_ws/install/lab3_pkg:/home/gbonham/turtlebot4_ws/install/custom_interfaces CMAKE_PREFIX_PATH=/home/gbonham/turtlebot4_ws/install/custom_interfaces LD_LIBRARY_PATH=/home/gbonham/turtlebot4_ws/install/custom_interfaces/lib PYTHONPATH=/home/gbonham/turtlebot4_ws/install/lab3_pkg/lib/python3.12/site-packages:/home/gbonham/turtlebot4_ws/install/custom_interfaces/lib/python3.12/site-packages /usr/bin/cmake --install /home/gbonham/turtlebot4_ws/build/lab_bringup
[2.351s] Level 1:colcon.colcon_core.environment:create_environment_scripts_only(final_bringup)
[2.351s] Level 1:colcon.colcon_core.environment:checking '/home/gbonham/turtlebot4_ws/install/final_bringup' for CMake module files
[2.352s] DEBUG:colcon.colcon_core.event_handler.log_command:Invoked command in '/home/gbonham/turtlebot4_ws/build/final_bringup' returned '0': AMENT_PREFIX_PATH=/home/gbonham/turtlebot4_ws/install/lab3_pkg:/home/gbonham/turtlebot4_ws/install/final:/home/gbonham/turtlebot4_ws/install/custom_interfaces CMAKE_PREFIX_PATH=/home/gbonham/turtlebot4_ws/install/custom_interfaces LD_LIBRARY_PATH=/home/gbonham/turtlebot4_ws/install/custom_interfaces/lib PYTHONPATH=/home/gbonham/turtlebot4_ws/install/lab3_pkg/lib/python3.12/site-packages:/home/gbonham/turtlebot4_ws/install/final/lib/python3.12/site-packages:/home/gbonham/turtlebot4_ws/install/custom_interfaces/lib/python3.12/site-packages /usr/bin/cmake --install /home/gbonham/turtlebot4_ws/build/final_bringup
[2.352s] Level 1:colcon.colcon_core.environment:checking '/home/gbonham/turtlebot4_ws/install/final_bringup' for CMake config files
[2.352s] Level 1:colcon.colcon_core.shell:create_environment_hook('final_bringup', 'cmake_prefix_path')
[2.353s] INFO:colcon.colcon_core.shell:Creating environment hook '/home/gbonham/turtlebot4_ws/install/final_bringup/share/final_bringup/hook/cmake_prefix_path.ps1'
[2.353s] INFO:colcon.colcon_core.shell:Creating environment descriptor '/home/gbonham/turtlebot4_ws/install/final_bringup/share/final_bringup/hook/cmake_prefix_path.dsv'
[2.354s] INFO:colcon.colcon_core.shell:Creating environment hook '/home/gbonham/turtlebot4_ws/install/final_bringup/share/final_bringup/hook/cmake_prefix_path.sh'
[2.355s] Level 1:colcon.colcon_core.environment:checking '/home/gbonham/turtlebot4_ws/install/final_bringup/bin'
[2.356s] Level 1:colcon.colcon_core.environment:checking '/home/gbonham/turtlebot4_ws/install/final_bringup/lib/pkgconfig/final_bringup.pc'
[2.356s] Level 1:colcon.colcon_core.environment:checking '/home/gbonham/turtlebot4_ws/install/final_bringup/lib/python3.12/site-packages'
[2.356s] Level 1:colcon.colcon_core.environment:checking '/home/gbonham/turtlebot4_ws/install/final_bringup/bin'
[2.356s] INFO:colcon.colcon_core.shell:Creating package script '/home/gbonham/turtlebot4_ws/install/final_bringup/share/final_bringup/package.ps1'
[2.357s] INFO:colcon.colcon_core.shell:Creating package descriptor '/home/gbonham/turtlebot4_ws/install/final_bringup/share/final_bringup/package.dsv'
[2.358s] INFO:colcon.colcon_core.shell:Creating package script '/home/gbonham/turtlebot4_ws/install/final_bringup/share/final_bringup/package.sh'
[2.358s] INFO:colcon.colcon_core.shell:Creating package script '/home/gbonham/turtlebot4_ws/install/final_bringup/share/final_bringup/package.bash'
[2.359s] INFO:colcon.colcon_core.shell:Creating package script '/home/gbonham/turtlebot4_ws/install/final_bringup/share/final_bringup/package.zsh'
[2.359s] Level 1:colcon.colcon_core.environment:create_file_with_runtime_dependencies(/home/gbonham/turtlebot4_ws/install/final_bringup/share/colcon-core/packages/final_bringup)
[2.360s] Level 1:colcon.colcon_core.environment:create_environment_scripts_only(final_bringup)
[2.360s] Level 1:colcon.colcon_core.environment:checking '/home/gbonham/turtlebot4_ws/install/final_bringup' for CMake module files
[2.360s] Level 1:colcon.colcon_core.environment:checking '/home/gbonham/turtlebot4_ws/install/final_bringup' for CMake config files
[2.360s] Level 1:colcon.colcon_core.shell:create_environment_hook('final_bringup', 'cmake_prefix_path')
[2.360s] INFO:colcon.colcon_core.shell:Creating environment hook '/home/gbonham/turtlebot4_ws/install/final_bringup/share/final_bringup/hook/cmake_prefix_path.ps1'
[2.361s] INFO:colcon.colcon_core.shell:Creating environment descriptor '/home/gbonham/turtlebot4_ws/install/final_bringup/share/final_bringup/hook/cmake_prefix_path.dsv'
[2.361s] INFO:colcon.colcon_core.shell:Creating environment hook '/home/gbonham/turtlebot4_ws/install/final_bringup/share/final_bringup/hook/cmake_prefix_path.sh'
[2.362s] Level 1:colcon.colcon_core.environment:checking '/home/gbonham/turtlebot4_ws/install/final_bringup/bin'
[2.362s] Level 1:colcon.colcon_core.environment:checking '/home/gbonham/turtlebot4_ws/install/final_bringup/lib/pkgconfig/final_bringup.pc'
[2.362s] Level 1:colcon.colcon_core.environment:checking '/home/gbonham/turtlebot4_ws/install/final_bringup/lib/python3.12/site-packages'
[2.362s] Level 1:colcon.colcon_core.environment:checking '/home/gbonham/turtlebot4_ws/install/final_bringup/bin'
[2.362s] INFO:colcon.colcon_core.shell:Creating package script '/home/gbonham/turtlebot4_ws/install/final_bringup/share/final_bringup/package.ps1'
[2.406s] INFO:colcon.colcon_core.shell:Creating package descriptor '/home/gbonham/turtlebot4_ws/install/final_bringup/share/final_bringup/package.dsv'
[2.406s] INFO:colcon.colcon_core.shell:Creating package script '/home/gbonham/turtlebot4_ws/install/final_bringup/share/final_bringup/package.sh'
[2.407s] INFO:colcon.colcon_core.shell:Creating package script '/home/gbonham/turtlebot4_ws/install/final_bringup/share/final_bringup/package.bash'
[2.408s] INFO:colcon.colcon_core.shell:Creating package script '/home/gbonham/turtlebot4_ws/install/final_bringup/share/final_bringup/package.zsh'
[2.408s] Level 1:colcon.colcon_core.environment:create_file_with_runtime_dependencies(/home/gbonham/turtlebot4_ws/install/final_bringup/share/colcon-core/packages/final_bringup)
[2.409s] Level 1:colcon.colcon_core.environment:create_environment_scripts_only(lab_bringup)
[2.410s] Level 1:colcon.colcon_core.environment:checking '/home/gbonham/turtlebot4_ws/install/lab_bringup' for CMake module files
[2.411s] DEBUG:colcon.colcon_core.event_handler.log_command:Invoked command in '/home/gbonham/turtlebot4_ws/build/lab_bringup' returned '0': AMENT_PREFIX_PATH=/home/gbonham/turtlebot4_ws/install/lab3_pkg:/home/gbonham/turtlebot4_ws/install/custom_interfaces CMAKE_PREFIX_PATH=/home/gbonham/turtlebot4_ws/install/custom_interfaces LD_LIBRARY_PATH=/home/gbonham/turtlebot4_ws/install/custom_interfaces/lib PYTHONPATH=/home/gbonham/turtlebot4_ws/install/lab3_pkg/lib/python3.12/site-packages:/home/gbonham/turtlebot4_ws/install/custom_interfaces/lib/python3.12/site-packages /usr/bin/cmake --install /home/gbonham/turtlebot4_ws/build/lab_bringup
[2.411s] Level 1:colcon.colcon_core.environment:checking '/home/gbonham/turtlebot4_ws/install/lab_bringup' for CMake config files
[2.411s] Level 1:colcon.colcon_core.shell:create_environment_hook('lab_bringup', 'cmake_prefix_path')
[2.412s] INFO:colcon.colcon_core.shell:Creating environment hook '/home/gbonham/turtlebot4_ws/install/lab_bringup/share/lab_bringup/hook/cmake_prefix_path.ps1'
[2.415s] INFO:colcon.colcon_core.shell:Creating environment descriptor '/home/gbonham/turtlebot4_ws/install/lab_bringup/share/lab_bringup/hook/cmake_prefix_path.dsv'
[2.415s] INFO:colcon.colcon_core.shell:Creating environment hook '/home/gbonham/turtlebot4_ws/install/lab_bringup/share/lab_bringup/hook/cmake_prefix_path.sh'
[2.416s] Level 1:colcon.colcon_core.environment:checking '/home/gbonham/turtlebot4_ws/install/lab_bringup/bin'
[2.416s] Level 1:colcon.colcon_core.environment:checking '/home/gbonham/turtlebot4_ws/install/lab_bringup/lib/pkgconfig/lab_bringup.pc'
[2.416s] Level 1:colcon.colcon_core.environment:checking '/home/gbonham/turtlebot4_ws/install/lab_bringup/lib/python3.12/site-packages'
[2.416s] Level 1:colcon.colcon_core.environment:checking '/home/gbonham/turtlebot4_ws/install/lab_bringup/bin'
[2.417s] INFO:colcon.colcon_core.shell:Creating package script '/home/gbonham/turtlebot4_ws/install/lab_bringup/share/lab_bringup/package.ps1'
[2.417s] INFO:colcon.colcon_core.shell:Creating package descriptor '/home/gbonham/turtlebot4_ws/install/lab_bringup/share/lab_bringup/package.dsv'
[2.417s] INFO:colcon.colcon_core.shell:Creating package script '/home/gbonham/turtlebot4_ws/install/lab_bringup/share/lab_bringup/package.sh'
[2.418s] INFO:colcon.colcon_core.shell:Creating package script '/home/gbonham/turtlebot4_ws/install/lab_bringup/share/lab_bringup/package.bash'
[2.418s] INFO:colcon.colcon_core.shell:Creating package script '/home/gbonham/turtlebot4_ws/install/lab_bringup/share/lab_bringup/package.zsh'
[2.419s] Level 1:colcon.colcon_core.environment:create_file_with_runtime_dependencies(/home/gbonham/turtlebot4_ws/install/lab_bringup/share/colcon-core/packages/lab_bringup)
[2.419s] Level 1:colcon.colcon_core.environment:create_environment_scripts_only(lab_bringup)
[2.420s] Level 1:colcon.colcon_core.environment:checking '/home/gbonham/turtlebot4_ws/install/lab_bringup' for CMake module files
[2.420s] Level 1:colcon.colcon_core.environment:checking '/home/gbonham/turtlebot4_ws/install/lab_bringup' for CMake config files
[2.420s] Level 1:colcon.colcon_core.shell:create_environment_hook('lab_bringup', 'cmake_prefix_path')
[2.420s] INFO:colcon.colcon_core.shell:Creating environment hook '/home/gbonham/turtlebot4_ws/install/lab_bringup/share/lab_bringup/hook/cmake_prefix_path.ps1'
[2.421s] INFO:colcon.colcon_core.shell:Creating environment descriptor '/home/gbonham/turtlebot4_ws/install/lab_bringup/share/lab_bringup/hook/cmake_prefix_path.dsv'
[2.421s] INFO:colcon.colcon_core.shell:Creating environment hook '/home/gbonham/turtlebot4_ws/install/lab_bringup/share/lab_bringup/hook/cmake_prefix_path.sh'
[2.422s] Level 1:colcon.colcon_core.environment:checking '/home/gbonham/turtlebot4_ws/install/lab_bringup/bin'
[2.422s] Level 1:colcon.colcon_core.environment:checking '/home/gbonham/turtlebot4_ws/install/lab_bringup/lib/pkgconfig/lab_bringup.pc'
[2.422s] Level 1:colcon.colcon_core.environment:checking '/home/gbonham/turtlebot4_ws/install/lab_bringup/lib/python3.12/site-packages'
[2.423s] Level 1:colcon.colcon_core.environment:checking '/home/gbonham/turtlebot4_ws/install/lab_bringup/bin'
[2.423s] INFO:colcon.colcon_core.shell:Creating package script '/home/gbonham/turtlebot4_ws/install/lab_bringup/share/lab_bringup/package.ps1'
[2.467s] INFO:colcon.colcon_core.shell:Creating package descriptor '/home/gbonham/turtlebot4_ws/install/lab_bringup/share/lab_bringup/package.dsv'
[2.468s] INFO:colcon.colcon_core.shell:Creating package script '/home/gbonham/turtlebot4_ws/install/lab_bringup/share/lab_bringup/package.sh'
[2.468s] INFO:colcon.colcon_core.shell:Creating package script '/home/gbonham/turtlebot4_ws/install/lab_bringup/share/lab_bringup/package.bash'
[2.469s] INFO:colcon.colcon_core.shell:Creating package script '/home/gbonham/turtlebot4_ws/install/lab_bringup/share/lab_bringup/package.zsh'
[2.470s] Level 1:colcon.colcon_core.environment:create_file_with_runtime_dependencies(/home/gbonham/turtlebot4_ws/install/lab_bringup/share/colcon-core/packages/lab_bringup)
[2.470s] DEBUG:colcon.colcon_parallel_executor.executor.parallel:closing loop
[2.470s] DEBUG:colcon.colcon_parallel_executor.executor.parallel:loop closed
[2.470s] DEBUG:colcon.colcon_parallel_executor.executor.parallel:run_until_complete finished with '0'
[2.470s] DEBUG:colcon.colcon_core.event_reactor:joining thread
[2.476s] INFO:colcon.colcon_core.plugin_system:Skipping extension 'colcon_notification.desktop_notification.terminal_notifier': Not used on non-Darwin systems
[2.476s] INFO:colcon.colcon_core.plugin_system:Skipping extension 'colcon_notification.desktop_notification.win32': Not used on non-Windows systems
[2.476s] INFO:colcon.colcon_notification.desktop_notification:Sending desktop notification using 'notify2'
[2.485s] DEBUG:colcon.colcon_core.event_reactor:joined thread
[2.485s] INFO:colcon.colcon_core.shell:Creating prefix script '/home/gbonham/turtlebot4_ws/install/local_setup.ps1'
[2.486s] INFO:colcon.colcon_core.shell:Creating prefix util module '/home/gbonham/turtlebot4_ws/install/_local_setup_util_ps1.py'
[2.487s] INFO:colcon.colcon_core.shell:Creating prefix chain script '/home/gbonham/turtlebot4_ws/install/setup.ps1'
[2.488s] INFO:colcon.colcon_core.shell:Creating prefix script '/home/gbonham/turtlebot4_ws/install/local_setup.sh'
[2.488s] INFO:colcon.colcon_core.shell:Creating prefix util module '/home/gbonham/turtlebot4_ws/install/_local_setup_util_sh.py'
[2.489s] INFO:colcon.colcon_core.shell:Creating prefix chain script '/home/gbonham/turtlebot4_ws/install/setup.sh'
[2.490s] INFO:colcon.colcon_core.shell:Creating prefix script '/home/gbonham/turtlebot4_ws/install/local_setup.bash'
[2.490s] INFO:colcon.colcon_core.shell:Creating prefix chain script '/home/gbonham/turtlebot4_ws/install/setup.bash'
[2.491s] INFO:colcon.colcon_core.shell:Creating prefix script '/home/gbonham/turtlebot4_ws/install/local_setup.zsh'
[2.493s] INFO:colcon.colcon_core.shell:Creating prefix chain script '/home/gbonham/turtlebot4_ws/install/setup.zsh'
